C:\Program Files\dotnet\sdk\10.0.201\MSBuild.dll --nologo --property:NuGetInteractive=false --verbosity:m --verbosity:diag -consoleloggerparameters:Summary -maxcpucount -restore:false -tlp:default=auto WinFormsApp1.Desktop\WinFormsApp1.Desktop.csproj
生成启动时间为 2026/4/1 13:40:40。
开始生成时的环境:
DOTNET_CLI_UI_LANGUAGE = zh-CN
DOTNET_ThreadPool_UnfairSemaphoreSpinLimit = 0
DOTNET_MULTILEVEL_LOOKUP = 0
DOTNET_gcConcurrent = 0
MSBUILDFAILONDRIVEENUMERATINGWILDCARD = 1
MSBuildExtensionsPath = C:\Program Files\dotnet\sdk\10.0.201\
COMPLUS_FusionEnableForcedFullClosureWalk = 1
MSBuildLoadMicrosoftTargetsReadOnly = true
MSBUILDUSESERVER = 0
DOTNET_GCNoAffinitize = 1
DOTNET_TC_CallCountThreshold = 1000
DOTNET_HOST_PATH = C:\Program Files\dotnet\dotnet.exe
DOTNET_CLI_TELEMETRY_OPTOUT = 1
MSBuildSDKsPath = C:\Program Files\dotnet\sdk\10.0.201\Sdks
DOTNET_GCHeapCount = 2
DOTNET_CLI_HOME = F:\C#\WinFormsApp1.WpfRefactor\.dotnet
COMPlus_ThreadPool_UsePortableThreadPool = 0

13:40:40.511     0>未使用终端记录器，因为正在将输出重定向到文件。
                   进程 = "C:\Program Files\dotnet\dotnet.exe"
                   MSBuild 可执行文件路径 = "C:\Program Files\dotnet\sdk\10.0.201\MSBuild.dll"
                   命令行参数 = "C:\Program Files\dotnet\sdk\10.0.201\MSBuild.dll -maxcpucount --verbosity:m -tlp:default=auto --property:NuGetInteractive=false --verbosity:diag --nologo -restore:false WinFormsApp1.Desktop\WinFormsApp1.Desktop.csproj -consoleloggerparameters:Summary"
                   当前目录 = "F:\C#\WinFormsApp1.WpfRefactor"
                   MSBuild 版本 = "18.3.0-release-26153-122+4d3023de6"
                   基于 Windows 注册表项 LongPathsEnabled，LongPaths 功能为 已禁用。
                   在 Evaluation 期间加载的程序集: System.Runtime.Loader, Version=10.0.0.0, Culture=neutral, PublicKeyToken=b03f5f7f11d50a3a (位置: C:\Program Files\dotnet\shared\Microsoft.NETCore.App\10.0.5\System.Runtime.Loader.dll，MVID: 757771d2-8243-405e-8630-5ac8b55395da，AssemblyLoadContext: Default)
                   在 Evaluation 期间加载的程序集: System.Diagnostics.FileVersionInfo, Version=10.0.0.0, Culture=neutral, PublicKeyToken=b03f5f7f11d50a3a (位置: C:\Program Files\dotnet\shared\Microsoft.NETCore.App\10.0.5\System.Diagnostics.FileVersionInfo.dll，MVID: 20067d55-82da-43f2-9f07-a780cbb31659，AssemblyLoadContext: Default)
                   SDK“Microsoft.NET.Sdk”已由“DefaultSdkResolver”解析程序成功解析为位置“C:\Program Files\dotnet\sdk\10.0.201\Sdks\Microsoft.NET.Sdk\Sdk”和版本“”。
                   在 Evaluation 期间加载的程序集: System.Xml.XDocument, Version=10.0.0.0, Culture=neutral, PublicKeyToken=b03f5f7f11d50a3a (位置: C:\Program Files\dotnet\shared\Microsoft.NETCore.App\10.0.5\System.Xml.XDocument.dll，MVID: bd5c2bb8-6afd-4fac-ba08-4110057ed3c7，AssemblyLoadContext: Default)
                   在 Evaluation 期间加载的程序集: System.Private.Xml.Linq, Version=10.0.0.0, Culture=neutral, PublicKeyToken=cc7b13ffcd2ddd51 (位置: C:\Program Files\dotnet\shared\Microsoft.NETCore.App\10.0.5\System.Private.Xml.Linq.dll，MVID: 81503da2-fc13-480b-864d-7e3bad558d58，AssemblyLoadContext: Default)
                   C:\Program Files\dotnet\sdk\10.0.201\Sdks\Microsoft.NET.Sdk\Sdk\Sdk.props(49,11): message : 值为“C:\Program Files\dotnet\sdk\10.0.201\”的属性“MSBuildExtensionsPath”从环境中展开。
                   C:\Program Files\dotnet\sdk\10.0.201\Current\Microsoft.Common.props(60,5): message : 在 C:\Program Files\dotnet\sdk\10.0.201\Current\Microsoft.Common.props (60,5) 处重新分配属性: $(MSBuildProjectExtensionsPath)=“F:\C#\WinFormsApp1.WpfRefactor\WinFormsApp1.Desktop\obj\”(先前值:“obj\”)
                   在 Evaluation 期间加载的程序集: System.Threading.Tasks.Parallel, Version=10.0.0.0, Culture=neutral, PublicKeyToken=b03f5f7f11d50a3a (位置: C:\Program Files\dotnet\shared\Microsoft.NETCore.App\10.0.5\System.Threading.Tasks.Parallel.dll，MVID: 5bd459e2-2741-47c1-827e-e155dad5f942，AssemblyLoadContext: Default)
                   F:\C#\WinFormsApp1.WpfRefactor\WinFormsApp1.Desktop\obj\WinFormsApp1.Desktop.csproj.nuget.g.props(7,5): message : 值为“C:\Users\jim liu”的属性“USERPROFILE”从环境中展开。
                   C:\Program Files\dotnet\sdk\10.0.201\Current\Microsoft.Common.props(84,119): message : 值为“C:\Users\jim liu\AppData\Local\Microsoft\MSBuild”的属性“MSBuildUserExtensionsPath”从环境中展开。
                   C:\Program Files\dotnet\sdk\10.0.201\Sdks\Microsoft.NET.Sdk\targets\Microsoft.NET.Sdk.props(90,5): message : 在 C:\Program Files\dotnet\sdk\10.0.201\Sdks\Microsoft.NET.Sdk\targets\Microsoft.NET.Sdk.props (90,5) 处重新分配属性: $(AssemblySearchPaths)=“{CandidateAssemblyFiles};{HintPathFromItem}”(先前值:“{CandidateAssemblyFiles}”)
                   C:\Program Files\dotnet\sdk\10.0.201\Sdks\Microsoft.NET.Sdk\targets\Microsoft.NET.Sdk.props(91,5): message : 在 C:\Program Files\dotnet\sdk\10.0.201\Sdks\Microsoft.NET.Sdk\targets\Microsoft.NET.Sdk.props (91,5) 处重新分配属性: $(AssemblySearchPaths)=“{CandidateAssemblyFiles};{HintPathFromItem};{TargetFrameworkDirectory}”(先前值:“{CandidateAssemblyFiles};{HintPathFromItem}”)
                   C:\Program Files\dotnet\sdk\10.0.201\Sdks\Microsoft.NET.Sdk\targets\Microsoft.NET.Sdk.props(92,5): message : 在 C:\Program Files\dotnet\sdk\10.0.201\Sdks\Microsoft.NET.Sdk\targets\Microsoft.NET.Sdk.props (92,5) 处重新分配属性: $(AssemblySearchPaths)=“{CandidateAssemblyFiles};{HintPathFromItem};{TargetFrameworkDirectory};{RawFileName}”(先前值:“{CandidateAssemblyFiles};{HintPathFromItem};{TargetFrameworkDirectory}”)
                   在 Evaluation 期间加载的程序集: System.Net.Primitives, Version=10.0.0.0, Culture=neutral, PublicKeyToken=b03f5f7f11d50a3a (位置: C:\Program Files\dotnet\shared\Microsoft.NETCore.App\10.0.5\System.Net.Primitives.dll，MVID: 084f658b-9774-409d-848b-c58b9f5806a6，AssemblyLoadContext: Default)
                   在 Evaluation 期间加载的程序集: System.Net.Http, Version=10.0.0.0, Culture=neutral, PublicKeyToken=b03f5f7f11d50a3a (位置: C:\Program Files\dotnet\shared\Microsoft.NETCore.App\10.0.5\System.Net.Http.dll，MVID: 60e8ef68-bc83-49d2-a54b-0619f4d3121f，AssemblyLoadContext: Default)
                   F:\C#\WinFormsApp1.WpfRefactor\WinFormsApp1.Desktop\WinFormsApp1.Desktop.csproj(4,5): message : 在 F:\C#\WinFormsApp1.WpfRefactor\WinFormsApp1.Desktop\WinFormsApp1.Desktop.csproj (4,5) 处重新分配属性: $(OutputType)=“WinExe”(先前值:“Library”)
                   F:\C#\WinFormsApp1.WpfRefactor\WinFormsApp1.Desktop\WinFormsApp1.Desktop.csproj(9,5): message : 在 F:\C#\WinFormsApp1.WpfRefactor\WinFormsApp1.Desktop\WinFormsApp1.Desktop.csproj (9,5) 处重新分配属性: $(NoWarn)=“1701;1702;NU1510”(先前值:“1701;1702”)
                   在 Evaluation 期间加载的程序集: System.Diagnostics.DiagnosticSource, Version=10.0.0.0, Culture=neutral, PublicKeyToken=cc7b13ffcd2ddd51 (位置: C:\Program Files\dotnet\shared\Microsoft.NETCore.App\10.0.5\System.Diagnostics.DiagnosticSource.dll，MVID: bde7cdd8-5569-49b9-a3b0-a44c089bb7df，AssemblyLoadContext: Default)
                   在 Evaluation 期间加载的程序集: System.Net.Security, Version=10.0.0.0, Culture=neutral, PublicKeyToken=b03f5f7f11d50a3a (位置: C:\Program Files\dotnet\shared\Microsoft.NETCore.App\10.0.5\System.Net.Security.dll，MVID: d08d4ad3-287f-4037-ada3-a48af5a551b1，AssemblyLoadContext: Default)
                   C:\Program Files\dotnet\sdk\10.0.201\Sdks\Microsoft.NET.Sdk\targets\Microsoft.NET.Sdk.ImportPublishProfile.targets(28,5): message : 在 C:\Program Files\dotnet\sdk\10.0.201\Sdks\Microsoft.NET.Sdk\targets\Microsoft.NET.Sdk.ImportPublishProfile.targets (28,5) 处重新分配属性: $(PublishProfileImported)=“false”(先前值:“true”)
                   在 Evaluation 期间加载的程序集: NuGet.Packaging, Version=7.3.0.0, Culture=neutral, PublicKeyToken=31bf3856ad364e35 (位置: C:\Program Files\dotnet\sdk\10.0.201\NuGet.Packaging.dll，MVID: 40014110-2cd3-4442-9a70-d9a3269d4026，AssemblyLoadContext: Default)
                   在 Evaluation 期间加载的程序集: NuGet.Frameworks, Version=7.3.0.0, Culture=neutral, PublicKeyToken=31bf3856ad364e35 (位置: C:\Program Files\dotnet\sdk\10.0.201\NuGet.Frameworks.dll，MVID: d6a61154-f824-438f-bc4d-b42d8d809547，AssemblyLoadContext: Assembly.LoadFile(C:\Program Files\dotnet\sdk\10.0.201\NuGet.Frameworks.dll))
                   在 Evaluation 期间加载的程序集: NuGet.Protocol.resources, Version=7.3.0.0, Culture=zh-Hans, PublicKeyToken=31bf3856ad364e35 (位置: C:\Program Files\dotnet\sdk\10.0.201\zh-Hans\NuGet.Protocol.resources.dll，MVID: e1f44ca3-c8bc-4823-b917-3d667b6046e0，AssemblyLoadContext: Default)
                   C:\Program Files\dotnet\sdk\10.0.201\Sdks\Microsoft.NET.Sdk\targets\Microsoft.NET.TargetFrameworkInference.targets(80,5): message : 在 C:\Program Files\dotnet\sdk\10.0.201\Sdks\Microsoft.NET.Sdk\targets\Microsoft.NET.TargetFrameworkInference.targets (80,5) 处重新分配属性: $(TargetPlatformVersion)=“0.0”(先前值:“0.0.0.0”)
                   C:\Program Files\dotnet\sdk\10.0.201\Sdks\Microsoft.NET.Sdk\targets\Microsoft.NET.TargetFrameworkInference.targets(81,5): message : 在 C:\Program Files\dotnet\sdk\10.0.201\Sdks\Microsoft.NET.Sdk\targets\Microsoft.NET.TargetFrameworkInference.targets (81,5) 处重新分配属性: $(TargetPlatformVersion)=“”(先前值:“0.0”)
                   C:\Program Files\dotnet\sdk\10.0.201\Sdks\Microsoft.NET.Sdk\targets\Microsoft.NET.TargetFrameworkInference.targets(84,5): message : 在 C:\Program Files\dotnet\sdk\10.0.201\Sdks\Microsoft.NET.Sdk\targets\Microsoft.NET.TargetFrameworkInference.targets (84,5) 处重新分配属性: $(TargetPlatformIdentifier)=“Windows”(先前值:“windows”)
                   在 Evaluation 期间加载的程序集: System.Threading.ThreadPool, Version=10.0.0.0, Culture=neutral, PublicKeyToken=b03f5f7f11d50a3a (位置: C:\Program Files\dotnet\shared\Microsoft.NETCore.App\10.0.5\System.Threading.ThreadPool.dll，MVID: 2fd1f98a-321b-4d11-9119-f3b9818d27b3，AssemblyLoadContext: Default)
                   C:\Program Files\dotnet\sdk\10.0.201\Sdks\Microsoft.NET.Sdk\targets\Microsoft.NET.DefaultOutputPaths.targets(127,5): message : 在 C:\Program Files\dotnet\sdk\10.0.201\Sdks\Microsoft.NET.Sdk\targets\Microsoft.NET.DefaultOutputPaths.targets (127,5) 处重新分配属性: $(DefaultItemExcludes)=“;bin\Debug\/**;obj\Debug\/**”(先前值:“;bin\Debug\/**”)
                   C:\Program Files\dotnet\sdk\10.0.201\Sdks\Microsoft.NET.Sdk\targets\Microsoft.NET.DefaultOutputPaths.targets(142,5): message : 在 C:\Program Files\dotnet\sdk\10.0.201\Sdks\Microsoft.NET.Sdk\targets\Microsoft.NET.DefaultOutputPaths.targets (142,5) 处重新分配属性: $(OutputPath)=“bin\Debug\net10.0-windows\”(先前值:“bin\Debug\”)
                   C:\Program Files\dotnet\sdk\10.0.201\Sdks\Microsoft.NET.Sdk\targets\Microsoft.NET.DefaultOutputPaths.targets(147,5): message : 在 C:\Program Files\dotnet\sdk\10.0.201\Sdks\Microsoft.NET.Sdk\targets\Microsoft.NET.DefaultOutputPaths.targets (147,5) 处重新分配属性: $(IntermediateOutputPath)=“obj\Debug\net10.0-windows\”(先前值:“obj\Debug\”)
                   C:\Program Files\dotnet\sdk\10.0.201\Sdks\Microsoft.NET.Sdk\targets\Microsoft.NET.Sdk.BeforeCommon.targets(379,5): message : 在 C:\Program Files\dotnet\sdk\10.0.201\Sdks\Microsoft.NET.Sdk\targets\Microsoft.NET.Sdk.BeforeCommon.targets (379,5) 处重新分配属性: $(RoslynTargetsPath)=“C:\Program Files\dotnet\sdk\10.0.201\Sdks\Microsoft.NET.Sdk\targets\..\..\..\Roslyn”(先前值:“C:\Program Files\dotnet\sdk\10.0.201\Roslyn”)
                   C:\Program Files\dotnet\sdk\10.0.201\Roslyn\Microsoft.Managed.Core.targets(6,5): message : 在 C:\Program Files\dotnet\sdk\10.0.201\Roslyn\Microsoft.Managed.Core.targets (6,5) 处重新分配属性: $(_BuildTasksDirectory)=“C:\Program Files\dotnet\sdk\10.0.201\Sdks\Microsoft.NET.Sdk\targets\..\..\..\Roslyn\”(先前值:“C:\Program Files\dotnet\sdk\10.0.201\Roslyn\”)
                   C:\Program Files\dotnet\sdk\10.0.201\Roslyn\Microsoft.CSharp.Core.targets(205,5): message : 在 C:\Program Files\dotnet\sdk\10.0.201\Roslyn\Microsoft.CSharp.Core.targets (205,5) 处重新分配属性: $(CommandLineArgsForDesignTimeEvaluation)=“-langversion:14.0 -define:TRACE”(先前值:“-langversion:14.0”)
                   C:\Program Files\dotnet\sdk\10.0.201\Microsoft.Common.CurrentVersion.targets(34,26): message : 值为“18.0”的属性“VisualStudioVersion”从环境中展开。
                   在 Evaluation 期间加载的程序集: Microsoft.Build.Utilities.Core, Version=15.1.0.0, Culture=neutral, PublicKeyToken=b03f5f7f11d50a3a (位置: C:\Program Files\dotnet\sdk\10.0.201\Microsoft.Build.Utilities.Core.dll，MVID: 37760b18-7f18-4594-9dee-494f4b15fbe6，AssemblyLoadContext: Default)
                   在 Evaluation 期间加载的程序集: System.Net.Sockets, Version=10.0.0.0, Culture=neutral, PublicKeyToken=b03f5f7f11d50a3a (位置: C:\Program Files\dotnet\shared\Microsoft.NETCore.App\10.0.5\System.Net.Sockets.dll，MVID: 96e8b77c-f6f0-4579-b31e-e5bd830b36a3，AssemblyLoadContext: Default)
                   C:\Program Files\dotnet\sdk\10.0.201\Microsoft.Common.CurrentVersion.targets(175,5): message : 在 C:\Program Files\dotnet\sdk\10.0.201\Microsoft.Common.CurrentVersion.targets (175,5) 处重新分配属性: $(_DebugSymbolsProduced)=“true”(先前值:“false”)
                   C:\Program Files\dotnet\sdk\10.0.201\Microsoft.Common.CurrentVersion.targets(185,5): message : 在 C:\Program Files\dotnet\sdk\10.0.201\Microsoft.Common.CurrentVersion.targets (185,5) 处重新分配属性: $(_DocumentationFileProduced)=“false”(先前值:“true”)
                   C:\Program Files\dotnet\sdk\10.0.201\Microsoft.Common.CurrentVersion.targets(348,16): message : 值为“D:\Program Files\Microsoft Visual Studio\2026\Community\Common7\IDE\”的属性“DevEnvDir”从环境中展开。
                   C:\Program Files\dotnet\sdk\10.0.201\Microsoft.Common.CurrentVersion.targets(392,5): message : 在 C:\Program Files\dotnet\sdk\10.0.201\Microsoft.Common.CurrentVersion.targets (392,5) 处重新分配属性: $(MSBuildCopyMarkerName)=“WinForms.864C14B9”(先前值:“WinFormsApp1.Desktop.csproj”)
                   C:\Program Files\dotnet\sdk\10.0.201\Microsoft.Common.CurrentVersion.targets(393,5): message : 在 C:\Program Files\dotnet\sdk\10.0.201\Microsoft.Common.CurrentVersion.targets (393,5) 处重新分配属性: $(MSBuildCopyMarkerName)=“WinForms.864C14B9.Up2Date”(先前值:“WinForms.864C14B9”)
                   C:\Program Files\dotnet\sdk\10.0.201\Microsoft.Common.CurrentVersion.targets(541,5): message : 在 C:\Program Files\dotnet\sdk\10.0.201\Microsoft.Common.CurrentVersion.targets (541,5) 处重新分配属性: $(ProcessorArchitecture)=“msil”(先前值:“”)
                   C:\Program Files\dotnet\sdk\10.0.201\Microsoft.Common.CurrentVersion.targets(580,5): message : 在 C:\Program Files\dotnet\sdk\10.0.201\Microsoft.Common.CurrentVersion.targets (580,5) 处重新分配属性: $(DelaySign)=“”(先前值:“false”)
                   C:\Program Files\dotnet\sdk\10.0.201\Microsoft.Common.CurrentVersion.targets(1228,19): message : 值为“C:\Windows\Microsoft.NET\Framework\”的属性“FrameworkDir”从环境中展开。
                   C:\Program Files\dotnet\sdk\10.0.201\Microsoft.Common.CurrentVersion.targets(2620,5): message : 值为“C:\Users\jim liu\AppData\Local”的属性“LOCALAPPDATA”从环境中展开。
                   C:\Program Files\dotnet\sdk\10.0.201\Microsoft.Common.CurrentVersion.targets(3948,5): message : 在 C:\Program Files\dotnet\sdk\10.0.201\Microsoft.Common.CurrentVersion.targets (3948,5) 处重新分配属性: $(_SGenGenerateSerializationAssembliesConfig)=“Auto”(先前值:“”)
                   C:\Program Files\dotnet\sdk\10.0.201\Microsoft.Common.CurrentVersion.targets(3949,5): message : 在 C:\Program Files\dotnet\sdk\10.0.201\Microsoft.Common.CurrentVersion.targets (3949,5) 处重新分配属性: $(_SGenGenerateSerializationAssembliesConfig)=“Off”(先前值:“Auto”)
                   C:\Program Files\dotnet\sdk\10.0.201\Microsoft.Common.CurrentVersion.targets(5160,5): message : 在 C:\Program Files\dotnet\sdk\10.0.201\Microsoft.Common.CurrentVersion.targets (5160,5) 处重新分配属性: $(_TargetsThatPrepareProjectReferences)=“
                   C:\Program Files\dotnet\sdk\10.0.201\Microsoft.Common.CurrentVersion.targets(5160,5): message :       AssignProjectConfiguration;
                   C:\Program Files\dotnet\sdk\10.0.201\Microsoft.Common.CurrentVersion.targets(5160,5): message :       _SplitProjectReferencesByFileExistence
                   C:\Program Files\dotnet\sdk\10.0.201\Microsoft.Common.CurrentVersion.targets(5160,5): message :     ”(先前值:“_SplitProjectReferencesByFileExistence”)
                   C:\Program Files\dotnet\sdk\10.0.201\Microsoft.Common.CurrentVersion.targets(6973,5): message : 值为“C:\Program Files\dotnet\sdk\10.0.201”的属性“MSBuildExtensionsPath32”从环境中展开。
                   在 Evaluation 期间加载的程序集: System.Threading.Overlapped, Version=10.0.0.0, Culture=neutral, PublicKeyToken=b03f5f7f11d50a3a (位置: C:\Program Files\dotnet\shared\Microsoft.NETCore.App\10.0.5\System.Threading.Overlapped.dll，MVID: 1c44937d-d3f3-4c2f-ad04-852de053e661，AssemblyLoadContext: Default)
                   在 Evaluation 期间加载的程序集: System.Net.NameResolution, Version=10.0.0.0, Culture=neutral, PublicKeyToken=b03f5f7f11d50a3a (位置: C:\Program Files\dotnet\shared\Microsoft.NETCore.App\10.0.5\System.Net.NameResolution.dll，MVID: 3028971d-8242-4a8b-ac04-9adcd9301858，AssemblyLoadContext: Default)
                   “NuGetInteractive”属性是全局属性，不能修改。
                   在 Evaluation 期间加载的程序集: System.Runtime.Intrinsics, Version=10.0.0.0, Culture=neutral, PublicKeyToken=cc7b13ffcd2ddd51 (位置: C:\Program Files\dotnet\shared\Microsoft.NETCore.App\10.0.5\System.Runtime.Intrinsics.dll，MVID: e6c36fba-d5d8-4ca2-a2eb-8f553f479f7c，AssemblyLoadContext: Default)
                   C:\Program Files\dotnet\sdk\10.0.201\Sdks\Microsoft.NET.Sdk\targets\Microsoft.PackageDependencyResolution.targets(29,5): message : 在 C:\Program Files\dotnet\sdk\10.0.201\Sdks\Microsoft.NET.Sdk\targets\Microsoft.PackageDependencyResolution.targets (29,5) 处重新分配属性: $(ProjectAssetsCacheFile)=“F:\C#\WinFormsApp1.WpfRefactor\WinFormsApp1.Desktop\obj\Debug\net10.0-windows\WinFormsApp1.Desktop.assets.cache”(先前值:“obj\Debug\net10.0-windows\WinFormsApp1.Desktop.assets.cache”)
                   C:\Program Files\dotnet\sdk\10.0.201\Sdks\Microsoft.NET.Sdk\targets\Microsoft.PackageDependencyResolution.targets(80,5): message : 在 C:\Program Files\dotnet\sdk\10.0.201\Sdks\Microsoft.NET.Sdk\targets\Microsoft.PackageDependencyResolution.targets (80,5) 处重新分配属性: $(ResolveAssemblyReferencesDependsOn)=“
                   C:\Program Files\dotnet\sdk\10.0.201\Sdks\Microsoft.NET.Sdk\targets\Microsoft.PackageDependencyResolution.targets(80,5): message :       
                   C:\Program Files\dotnet\sdk\10.0.201\Sdks\Microsoft.NET.Sdk\targets\Microsoft.PackageDependencyResolution.targets(80,5): message :       ResolveProjectReferences;
                   C:\Program Files\dotnet\sdk\10.0.201\Sdks\Microsoft.NET.Sdk\targets\Microsoft.PackageDependencyResolution.targets(80,5): message :       FindInvalidProjectReferences;
                   C:\Program Files\dotnet\sdk\10.0.201\Sdks\Microsoft.NET.Sdk\targets\Microsoft.PackageDependencyResolution.targets(80,5): message :       GetFrameworkPaths;
                   C:\Program Files\dotnet\sdk\10.0.201\Sdks\Microsoft.NET.Sdk\targets\Microsoft.PackageDependencyResolution.targets(80,5): message :       GetReferenceAssemblyPaths;
                   C:\Program Files\dotnet\sdk\10.0.201\Sdks\Microsoft.NET.Sdk\targets\Microsoft.PackageDependencyResolution.targets(80,5): message :       PrepareForBuild;
                   C:\Program Files\dotnet\sdk\10.0.201\Sdks\Microsoft.NET.Sdk\targets\Microsoft.PackageDependencyResolution.targets(80,5): message :       ResolveSDKReferences;
                   C:\Program Files\dotnet\sdk\10.0.201\Sdks\Microsoft.NET.Sdk\targets\Microsoft.PackageDependencyResolution.targets(80,5): message :       ExpandSDKReferences;
                   C:\Program Files\dotnet\sdk\10.0.201\Sdks\Microsoft.NET.Sdk\targets\Microsoft.PackageDependencyResolution.targets(80,5): message :     ;
                   C:\Program Files\dotnet\sdk\10.0.201\Sdks\Microsoft.NET.Sdk\targets\Microsoft.PackageDependencyResolution.targets(80,5): message :       ResolvePackageDependenciesForBuild;
                   C:\Program Files\dotnet\sdk\10.0.201\Sdks\Microsoft.NET.Sdk\targets\Microsoft.PackageDependencyResolution.targets(80,5): message :       _HandlePackageFileConflicts;
                   C:\Program Files\dotnet\sdk\10.0.201\Sdks\Microsoft.NET.Sdk\targets\Microsoft.PackageDependencyResolution.targets(80,5): message :     ”(先前值:“
                   C:\Program Files\dotnet\sdk\10.0.201\Sdks\Microsoft.NET.Sdk\targets\Microsoft.PackageDependencyResolution.targets(80,5): message :       ResolveProjectReferences;
                   C:\Program Files\dotnet\sdk\10.0.201\Sdks\Microsoft.NET.Sdk\targets\Microsoft.PackageDependencyResolution.targets(80,5): message :       FindInvalidProjectReferences;
                   C:\Program Files\dotnet\sdk\10.0.201\Sdks\Microsoft.NET.Sdk\targets\Microsoft.PackageDependencyResolution.targets(80,5): message :       GetFrameworkPaths;
                   C:\Program Files\dotnet\sdk\10.0.201\Sdks\Microsoft.NET.Sdk\targets\Microsoft.PackageDependencyResolution.targets(80,5): message :       GetReferenceAssemblyPaths;
                   C:\Program Files\dotnet\sdk\10.0.201\Sdks\Microsoft.NET.Sdk\targets\Microsoft.PackageDependencyResolution.targets(80,5): message :       PrepareForBuild;
                   C:\Program Files\dotnet\sdk\10.0.201\Sdks\Microsoft.NET.Sdk\targets\Microsoft.PackageDependencyResolution.targets(80,5): message :       ResolveSDKReferences;
                   C:\Program Files\dotnet\sdk\10.0.201\Sdks\Microsoft.NET.Sdk\targets\Microsoft.PackageDependencyResolution.targets(80,5): message :       ExpandSDKReferences;
                   C:\Program Files\dotnet\sdk\10.0.201\Sdks\Microsoft.NET.Sdk\targets\Microsoft.PackageDependencyResolution.targets(80,5): message :     ”)
                   C:\Program Files\dotnet\sdk\10.0.201\Sdks\Microsoft.NET.Sdk\targets\Microsoft.PackageDependencyResolution.targets(86,5): message : 在 C:\Program Files\dotnet\sdk\10.0.201\Sdks\Microsoft.NET.Sdk\targets\Microsoft.PackageDependencyResolution.targets (86,5) 处重新分配属性: $(PrepareResourcesDependsOn)=“
                   C:\Program Files\dotnet\sdk\10.0.201\Sdks\Microsoft.NET.Sdk\targets\Microsoft.PackageDependencyResolution.targets(86,5): message :       ResolvePackageDependenciesForBuild;
                   C:\Program Files\dotnet\sdk\10.0.201\Sdks\Microsoft.NET.Sdk\targets\Microsoft.PackageDependencyResolution.targets(86,5): message :       _HandlePackageFileConflicts;
                   C:\Program Files\dotnet\sdk\10.0.201\Sdks\Microsoft.NET.Sdk\targets\Microsoft.PackageDependencyResolution.targets(86,5): message :       
                   C:\Program Files\dotnet\sdk\10.0.201\Sdks\Microsoft.NET.Sdk\targets\Microsoft.PackageDependencyResolution.targets(86,5): message :       ;
                   C:\Program Files\dotnet\sdk\10.0.201\Sdks\Microsoft.NET.Sdk\targets\Microsoft.PackageDependencyResolution.targets(86,5): message :       PrepareResourceNames;
                   C:\Program Files\dotnet\sdk\10.0.201\Sdks\Microsoft.NET.Sdk\targets\Microsoft.PackageDependencyResolution.targets(86,5): message :       ResGen;
                   C:\Program Files\dotnet\sdk\10.0.201\Sdks\Microsoft.NET.Sdk\targets\Microsoft.PackageDependencyResolution.targets(86,5): message :       CompileLicxFiles
                   C:\Program Files\dotnet\sdk\10.0.201\Sdks\Microsoft.NET.Sdk\targets\Microsoft.PackageDependencyResolution.targets(86,5): message :     
                   C:\Program Files\dotnet\sdk\10.0.201\Sdks\Microsoft.NET.Sdk\targets\Microsoft.PackageDependencyResolution.targets(86,5): message :     ”(先前值:“
                   C:\Program Files\dotnet\sdk\10.0.201\Sdks\Microsoft.NET.Sdk\targets\Microsoft.PackageDependencyResolution.targets(86,5): message :       ;
                   C:\Program Files\dotnet\sdk\10.0.201\Sdks\Microsoft.NET.Sdk\targets\Microsoft.PackageDependencyResolution.targets(86,5): message :       PrepareResourceNames;
                   C:\Program Files\dotnet\sdk\10.0.201\Sdks\Microsoft.NET.Sdk\targets\Microsoft.PackageDependencyResolution.targets(86,5): message :       ResGen;
                   C:\Program Files\dotnet\sdk\10.0.201\Sdks\Microsoft.NET.Sdk\targets\Microsoft.PackageDependencyResolution.targets(86,5): message :       CompileLicxFiles
                   C:\Program Files\dotnet\sdk\10.0.201\Sdks\Microsoft.NET.Sdk\targets\Microsoft.PackageDependencyResolution.targets(86,5): message :     ”)
                   在 Evaluation 期间加载的程序集: System.Collections.NonGeneric, Version=10.0.0.0, Culture=neutral, PublicKeyToken=b03f5f7f11d50a3a (位置: C:\Program Files\dotnet\shared\Microsoft.NETCore.App\10.0.5\System.Collections.NonGeneric.dll，MVID: 3bb08922-ed14-4fa5-86fe-975e63ce3aa1，AssemblyLoadContext: Default)
                   C:\Program Files\dotnet\sdk\10.0.201\Sdks\Microsoft.NET.Sdk\targets\Microsoft.NET.Sdk.DefaultItems.targets(35,5): message : 在 C:\Program Files\dotnet\sdk\10.0.201\Sdks\Microsoft.NET.Sdk\targets\Microsoft.NET.Sdk.DefaultItems.targets (35,5) 处重新分配属性: $(DefaultItemExcludes)=“;bin\Debug\/**;obj\Debug\/**;bin\/**”(先前值:“;bin\Debug\/**;obj\Debug\/**”)
                   C:\Program Files\dotnet\sdk\10.0.201\Sdks\Microsoft.NET.Sdk\targets\Microsoft.NET.Sdk.DefaultItems.targets(37,5): message : 在 C:\Program Files\dotnet\sdk\10.0.201\Sdks\Microsoft.NET.Sdk\targets\Microsoft.NET.Sdk.DefaultItems.targets (37,5) 处重新分配属性: $(DefaultItemExcludes)=“;bin\Debug\/**;obj\Debug\/**;bin\/**;obj\/**”(先前值:“;bin\Debug\/**;obj\Debug\/**;bin\/**”)
                   C:\Program Files\dotnet\sdk\10.0.201\Sdks\Microsoft.NET.Sdk\targets\Microsoft.NET.Sdk.DefaultItems.targets(41,5): message : 在 C:\Program Files\dotnet\sdk\10.0.201\Sdks\Microsoft.NET.Sdk\targets\Microsoft.NET.Sdk.DefaultItems.targets (41,5) 处重新分配属性: $(DefaultItemExcludes)=“;bin\Debug\/**;obj\Debug\/**;bin\/**;obj\/**;bin\Debug\net10.0-windows\publish\/**”(先前值:“;bin\Debug\/**;obj\Debug\/**;bin\/**;obj\/**”)
                   C:\Program Files\dotnet\sdk\10.0.201\Sdks\Microsoft.NET.Sdk\targets\Microsoft.NET.Sdk.DefaultItems.targets(44,5): message : 在 C:\Program Files\dotnet\sdk\10.0.201\Sdks\Microsoft.NET.Sdk\targets\Microsoft.NET.Sdk.DefaultItems.targets (44,5) 处重新分配属性: $(DefaultItemExcludes)=“;bin\Debug\/**;obj\Debug\/**;bin\/**;obj\/**;bin\Debug\net10.0-windows\publish\/**;**/*.user”(先前值:“;bin\Debug\/**;obj\Debug\/**;bin\/**;obj\/**;bin\Debug\net10.0-windows\publish\/**”)
                   C:\Program Files\dotnet\sdk\10.0.201\Sdks\Microsoft.NET.Sdk\targets\Microsoft.NET.Sdk.DefaultItems.targets(45,5): message : 在 C:\Program Files\dotnet\sdk\10.0.201\Sdks\Microsoft.NET.Sdk\targets\Microsoft.NET.Sdk.DefaultItems.targets (45,5) 处重新分配属性: $(DefaultItemExcludes)=“;bin\Debug\/**;obj\Debug\/**;bin\/**;obj\/**;bin\Debug\net10.0-windows\publish\/**;**/*.user;**/*.*proj”(先前值:“;bin\Debug\/**;obj\Debug\/**;bin\/**;obj\/**;bin\Debug\net10.0-windows\publish\/**;**/*.user”)
                   C:\Program Files\dotnet\sdk\10.0.201\Sdks\Microsoft.NET.Sdk\targets\Microsoft.NET.Sdk.DefaultItems.targets(46,5): message : 在 C:\Program Files\dotnet\sdk\10.0.201\Sdks\Microsoft.NET.Sdk\targets\Microsoft.NET.Sdk.DefaultItems.targets (46,5) 处重新分配属性: $(DefaultItemExcludes)=“;bin\Debug\/**;obj\Debug\/**;bin\/**;obj\/**;bin\Debug\net10.0-windows\publish\/**;**/*.user;**/*.*proj;**/*.sln”(先前值:“;bin\Debug\/**;obj\Debug\/**;bin\/**;obj\/**;bin\Debug\net10.0-windows\publish\/**;**/*.user;**/*.*proj”)
                   C:\Program Files\dotnet\sdk\10.0.201\Sdks\Microsoft.NET.Sdk\targets\Microsoft.NET.Sdk.DefaultItems.targets(47,5): message : 在 C:\Program Files\dotnet\sdk\10.0.201\Sdks\Microsoft.NET.Sdk\targets\Microsoft.NET.Sdk.DefaultItems.targets (47,5) 处重新分配属性: $(DefaultItemExcludes)=“;bin\Debug\/**;obj\Debug\/**;bin\/**;obj\/**;bin\Debug\net10.0-windows\publish\/**;**/*.user;**/*.*proj;**/*.sln;**/*.slnx”(先前值:“;bin\Debug\/**;obj\Debug\/**;bin\/**;obj\/**;bin\Debug\net10.0-windows\publish\/**;**/*.user;**/*.*proj;**/*.sln”)
                   C:\Program Files\dotnet\sdk\10.0.201\Sdks\Microsoft.NET.Sdk\targets\Microsoft.NET.Sdk.DefaultItems.targets(48,5): message : 在 C:\Program Files\dotnet\sdk\10.0.201\Sdks\Microsoft.NET.Sdk\targets\Microsoft.NET.Sdk.DefaultItems.targets (48,5) 处重新分配属性: $(DefaultItemExcludes)=“;bin\Debug\/**;obj\Debug\/**;bin\/**;obj\/**;bin\Debug\net10.0-windows\publish\/**;**/*.user;**/*.*proj;**/*.sln;**/*.slnx;**/*.vssscc”(先前值:“;bin\Debug\/**;obj\Debug\/**;bin\/**;obj\/**;bin\Debug\net10.0-windows\publish\/**;**/*.user;**/*.*proj;**/*.sln;**/*.slnx”)
                   C:\Program Files\dotnet\sdk\10.0.201\Sdks\Microsoft.NET.Sdk\targets\Microsoft.NET.Sdk.DefaultItems.targets(49,5): message : 在 C:\Program Files\dotnet\sdk\10.0.201\Sdks\Microsoft.NET.Sdk\targets\Microsoft.NET.Sdk.DefaultItems.targets (49,5) 处重新分配属性: $(DefaultItemExcludes)=“;bin\Debug\/**;obj\Debug\/**;bin\/**;obj\/**;bin\Debug\net10.0-windows\publish\/**;**/*.user;**/*.*proj;**/*.sln;**/*.slnx;**/*.vssscc;**/.DS_Store”(先前值:“;bin\Debug\/**;obj\Debug\/**;bin\/**;obj\/**;bin\Debug\net10.0-windows\publish\/**;**/*.user;**/*.*proj;**/*.sln;**/*.slnx;**/*.vssscc”)
                   C:\Program Files\dotnet\sdk\10.0.201\Sdks\Microsoft.NET.Sdk\targets\Microsoft.NET.Sdk.FrameworkReferenceResolution.targets(14,5): message : 在 C:\Program Files\dotnet\sdk\10.0.201\Sdks\Microsoft.NET.Sdk\targets\Microsoft.NET.Sdk.FrameworkReferenceResolution.targets (14,5) 处重新分配属性: $(ResolveAssemblyReferencesDependsOn)=“
                   C:\Program Files\dotnet\sdk\10.0.201\Sdks\Microsoft.NET.Sdk\targets\Microsoft.NET.Sdk.FrameworkReferenceResolution.targets(14,5): message :       
                   C:\Program Files\dotnet\sdk\10.0.201\Sdks\Microsoft.NET.Sdk\targets\Microsoft.NET.Sdk.FrameworkReferenceResolution.targets(14,5): message :       
                   C:\Program Files\dotnet\sdk\10.0.201\Sdks\Microsoft.NET.Sdk\targets\Microsoft.NET.Sdk.FrameworkReferenceResolution.targets(14,5): message :       ResolveProjectReferences;
                   C:\Program Files\dotnet\sdk\10.0.201\Sdks\Microsoft.NET.Sdk\targets\Microsoft.NET.Sdk.FrameworkReferenceResolution.targets(14,5): message :       FindInvalidProjectReferences;
                   C:\Program Files\dotnet\sdk\10.0.201\Sdks\Microsoft.NET.Sdk\targets\Microsoft.NET.Sdk.FrameworkReferenceResolution.targets(14,5): message :       GetFrameworkPaths;
                   C:\Program Files\dotnet\sdk\10.0.201\Sdks\Microsoft.NET.Sdk\targets\Microsoft.NET.Sdk.FrameworkReferenceResolution.targets(14,5): message :       GetReferenceAssemblyPaths;
                   C:\Program Files\dotnet\sdk\10.0.201\Sdks\Microsoft.NET.Sdk\targets\Microsoft.NET.Sdk.FrameworkReferenceResolution.targets(14,5): message :       PrepareForBuild;
                   C:\Program Files\dotnet\sdk\10.0.201\Sdks\Microsoft.NET.Sdk\targets\Microsoft.NET.Sdk.FrameworkReferenceResolution.targets(14,5): message :       ResolveSDKReferences;
                   C:\Program Files\dotnet\sdk\10.0.201\Sdks\Microsoft.NET.Sdk\targets\Microsoft.NET.Sdk.FrameworkReferenceResolution.targets(14,5): message :       ExpandSDKReferences;
                   C:\Program Files\dotnet\sdk\10.0.201\Sdks\Microsoft.NET.Sdk\targets\Microsoft.NET.Sdk.FrameworkReferenceResolution.targets(14,5): message :     ;
                   C:\Program Files\dotnet\sdk\10.0.201\Sdks\Microsoft.NET.Sdk\targets\Microsoft.NET.Sdk.FrameworkReferenceResolution.targets(14,5): message :       ResolvePackageDependenciesForBuild;
                   C:\Program Files\dotnet\sdk\10.0.201\Sdks\Microsoft.NET.Sdk\targets\Microsoft.NET.Sdk.FrameworkReferenceResolution.targets(14,5): message :       _HandlePackageFileConflicts;
                   C:\Program Files\dotnet\sdk\10.0.201\Sdks\Microsoft.NET.Sdk\targets\Microsoft.NET.Sdk.FrameworkReferenceResolution.targets(14,5): message :     ;
                   C:\Program Files\dotnet\sdk\10.0.201\Sdks\Microsoft.NET.Sdk\targets\Microsoft.NET.Sdk.FrameworkReferenceResolution.targets(14,5): message :       ResolveTargetingPackAssets;
                   C:\Program Files\dotnet\sdk\10.0.201\Sdks\Microsoft.NET.Sdk\targets\Microsoft.NET.Sdk.FrameworkReferenceResolution.targets(14,5): message :     ”(先前值:“
                   C:\Program Files\dotnet\sdk\10.0.201\Sdks\Microsoft.NET.Sdk\targets\Microsoft.NET.Sdk.FrameworkReferenceResolution.targets(14,5): message :       
                   C:\Program Files\dotnet\sdk\10.0.201\Sdks\Microsoft.NET.Sdk\targets\Microsoft.NET.Sdk.FrameworkReferenceResolution.targets(14,5): message :       ResolveProjectReferences;
                   C:\Program Files\dotnet\sdk\10.0.201\Sdks\Microsoft.NET.Sdk\targets\Microsoft.NET.Sdk.FrameworkReferenceResolution.targets(14,5): message :       FindInvalidProjectReferences;
                   C:\Program Files\dotnet\sdk\10.0.201\Sdks\Microsoft.NET.Sdk\targets\Microsoft.NET.Sdk.FrameworkReferenceResolution.targets(14,5): message :       GetFrameworkPaths;
                   C:\Program Files\dotnet\sdk\10.0.201\Sdks\Microsoft.NET.Sdk\targets\Microsoft.NET.Sdk.FrameworkReferenceResolution.targets(14,5): message :       GetReferenceAssemblyPaths;
                   C:\Program Files\dotnet\sdk\10.0.201\Sdks\Microsoft.NET.Sdk\targets\Microsoft.NET.Sdk.FrameworkReferenceResolution.targets(14,5): message :       PrepareForBuild;
                   C:\Program Files\dotnet\sdk\10.0.201\Sdks\Microsoft.NET.Sdk\targets\Microsoft.NET.Sdk.FrameworkReferenceResolution.targets(14,5): message :       ResolveSDKReferences;
                   C:\Program Files\dotnet\sdk\10.0.201\Sdks\Microsoft.NET.Sdk\targets\Microsoft.NET.Sdk.FrameworkReferenceResolution.targets(14,5): message :       ExpandSDKReferences;
                   C:\Program Files\dotnet\sdk\10.0.201\Sdks\Microsoft.NET.Sdk\targets\Microsoft.NET.Sdk.FrameworkReferenceResolution.targets(14,5): message :     ;
                   C:\Program Files\dotnet\sdk\10.0.201\Sdks\Microsoft.NET.Sdk\targets\Microsoft.NET.Sdk.FrameworkReferenceResolution.targets(14,5): message :       ResolvePackageDependenciesForBuild;
                   C:\Program Files\dotnet\sdk\10.0.201\Sdks\Microsoft.NET.Sdk\targets\Microsoft.NET.Sdk.FrameworkReferenceResolution.targets(14,5): message :       _HandlePackageFileConflicts;
                   C:\Program Files\dotnet\sdk\10.0.201\Sdks\Microsoft.NET.Sdk\targets\Microsoft.NET.Sdk.FrameworkReferenceResolution.targets(14,5): message :     ”)
                   C:\Program Files\dotnet\sdk\10.0.201\Sdks\Microsoft.NET.Sdk\targets\Microsoft.NET.Sdk.targets(44,5): message : 在 C:\Program Files\dotnet\sdk\10.0.201\Sdks\Microsoft.NET.Sdk\targets\Microsoft.NET.Sdk.targets (44,5) 处重新分配属性: $(_GenerateRuntimeConfigurationPropertyInputsCache)=“F:\C#\WinFormsApp1.WpfRefactor\WinFormsApp1.Desktop\obj\Debug\net10.0-windows\WinFormsApp1.Desktop.genruntimeconfig.cache”(先前值:“obj\Debug\net10.0-windows\WinFormsApp1.Desktop.genruntimeconfig.cache”)
                   C:\Program Files\dotnet\sdk\10.0.201\Sdks\Microsoft.NET.Sdk\targets\Microsoft.NET.Sdk.targets(46,5): message : 在 C:\Program Files\dotnet\sdk\10.0.201\Sdks\Microsoft.NET.Sdk\targets\Microsoft.NET.Sdk.targets (46,5) 处重新分配属性: $(_GeneratePublishDependencyFilePropertyInputsCache)=“F:\C#\WinFormsApp1.WpfRefactor\WinFormsApp1.Desktop\obj\Debug\net10.0-windows\WinFormsApp1.Desktop.genpublishdeps.cache”(先前值:“obj\Debug\net10.0-windows\WinFormsApp1.Desktop.genpublishdeps.cache”)
                   C:\Program Files\dotnet\sdk\10.0.201\Sdks\Microsoft.NET.Sdk\targets\Microsoft.NET.Sdk.targets(48,5): message : 在 C:\Program Files\dotnet\sdk\10.0.201\Sdks\Microsoft.NET.Sdk\targets\Microsoft.NET.Sdk.targets (48,5) 处重新分配属性: $(_GenerateSingleFileBundlePropertyInputsCache)=“F:\C#\WinFormsApp1.WpfRefactor\WinFormsApp1.Desktop\obj\Debug\net10.0-windows\WinFormsApp1.Desktop.genbundle.cache”(先前值:“obj\Debug\net10.0-windows\WinFormsApp1.Desktop.genbundle.cache”)
                   C:\Program Files\dotnet\sdk\10.0.201\Sdks\Microsoft.NET.Sdk\targets\Microsoft.NET.Sdk.targets(81,5): message : 在 C:\Program Files\dotnet\sdk\10.0.201\Sdks\Microsoft.NET.Sdk\targets\Microsoft.NET.Sdk.targets (81,5) 处重新分配属性: $(GenerateRuntimeConfigDevFile)=“false”(先前值:“true”)
                   C:\Program Files\dotnet\sdk\10.0.201\Sdks\Microsoft.NET.Sdk\targets\Microsoft.NET.Sdk.targets(98,5): message : 在 C:\Program Files\dotnet\sdk\10.0.201\Sdks\Microsoft.NET.Sdk\targets\Microsoft.NET.Sdk.targets (98,5) 处重新分配属性: $(_DefaultUserProfileRuntimeStorePath)=“C:\Users\jim liu”(先前值:“”)
                   C:\Program Files\dotnet\sdk\10.0.201\Sdks\Microsoft.NET.Sdk\targets\Microsoft.NET.Sdk.targets(99,5): message : 在 C:\Program Files\dotnet\sdk\10.0.201\Sdks\Microsoft.NET.Sdk\targets\Microsoft.NET.Sdk.targets (99,5) 处重新分配属性: $(_DefaultUserProfileRuntimeStorePath)=“C:\Users\jim liu\.dotnet\store”(先前值:“C:\Users\jim liu”)
                   C:\Program Files\dotnet\sdk\10.0.201\Sdks\Microsoft.NET.Sdk\targets\Microsoft.NET.Sdk.targets(144,5): message : 在 C:\Program Files\dotnet\sdk\10.0.201\Sdks\Microsoft.NET.Sdk\targets\Microsoft.NET.Sdk.targets (144,5) 处重新分配属性: $(AvailablePlatforms)=“Any CPU,x86,x64,ARM32”(先前值:“Any CPU,x86,x64”)
                   C:\Program Files\dotnet\sdk\10.0.201\Sdks\Microsoft.NET.Sdk\targets\Microsoft.NET.Sdk.targets(148,5): message : 在 C:\Program Files\dotnet\sdk\10.0.201\Sdks\Microsoft.NET.Sdk\targets\Microsoft.NET.Sdk.targets (148,5) 处重新分配属性: $(AvailablePlatforms)=“Any CPU,x86,x64,ARM32,ARM64”(先前值:“Any CPU,x86,x64,ARM32”)
                   C:\Program Files\dotnet\sdk\10.0.201\Sdks\Microsoft.NET.Sdk\targets\Microsoft.NET.Sdk.targets(204,5): message : 在 C:\Program Files\dotnet\sdk\10.0.201\Sdks\Microsoft.NET.Sdk\targets\Microsoft.NET.Sdk.targets (204,5) 处重新分配属性: $(CoreBuildDependsOn)=“
                   C:\Program Files\dotnet\sdk\10.0.201\Sdks\Microsoft.NET.Sdk\targets\Microsoft.NET.Sdk.targets(204,5): message :       _CheckForBuildWithNoBuild;
                   C:\Program Files\dotnet\sdk\10.0.201\Sdks\Microsoft.NET.Sdk\targets\Microsoft.NET.Sdk.targets(204,5): message :       
                   C:\Program Files\dotnet\sdk\10.0.201\Sdks\Microsoft.NET.Sdk\targets\Microsoft.NET.Sdk.targets(204,5): message :       BuildOnlySettings;
                   C:\Program Files\dotnet\sdk\10.0.201\Sdks\Microsoft.NET.Sdk\targets\Microsoft.NET.Sdk.targets(204,5): message :       PrepareForBuild;
                   C:\Program Files\dotnet\sdk\10.0.201\Sdks\Microsoft.NET.Sdk\targets\Microsoft.NET.Sdk.targets(204,5): message :       PreBuildEvent;
                   C:\Program Files\dotnet\sdk\10.0.201\Sdks\Microsoft.NET.Sdk\targets\Microsoft.NET.Sdk.targets(204,5): message :       ResolveReferences;
                   C:\Program Files\dotnet\sdk\10.0.201\Sdks\Microsoft.NET.Sdk\targets\Microsoft.NET.Sdk.targets(204,5): message :       PrepareResources;
                   C:\Program Files\dotnet\sdk\10.0.201\Sdks\Microsoft.NET.Sdk\targets\Microsoft.NET.Sdk.targets(204,5): message :       ResolveKeySource;
                   C:\Program Files\dotnet\sdk\10.0.201\Sdks\Microsoft.NET.Sdk\targets\Microsoft.NET.Sdk.targets(204,5): message :       Compile;
                   C:\Program Files\dotnet\sdk\10.0.201\Sdks\Microsoft.NET.Sdk\targets\Microsoft.NET.Sdk.targets(204,5): message :       ExportWindowsMDFile;
                   C:\Program Files\dotnet\sdk\10.0.201\Sdks\Microsoft.NET.Sdk\targets\Microsoft.NET.Sdk.targets(204,5): message :       UnmanagedUnregistration;
                   C:\Program Files\dotnet\sdk\10.0.201\Sdks\Microsoft.NET.Sdk\targets\Microsoft.NET.Sdk.targets(204,5): message :       GenerateSerializationAssemblies;
                   C:\Program Files\dotnet\sdk\10.0.201\Sdks\Microsoft.NET.Sdk\targets\Microsoft.NET.Sdk.targets(204,5): message :       CreateSatelliteAssemblies;
                   C:\Program Files\dotnet\sdk\10.0.201\Sdks\Microsoft.NET.Sdk\targets\Microsoft.NET.Sdk.targets(204,5): message :       GenerateManifests;
                   C:\Program Files\dotnet\sdk\10.0.201\Sdks\Microsoft.NET.Sdk\targets\Microsoft.NET.Sdk.targets(204,5): message :       GetTargetPath;
                   C:\Program Files\dotnet\sdk\10.0.201\Sdks\Microsoft.NET.Sdk\targets\Microsoft.NET.Sdk.targets(204,5): message :       PrepareForRun;
                   C:\Program Files\dotnet\sdk\10.0.201\Sdks\Microsoft.NET.Sdk\targets\Microsoft.NET.Sdk.targets(204,5): message :       UnmanagedRegistration;
                   C:\Program Files\dotnet\sdk\10.0.201\Sdks\Microsoft.NET.Sdk\targets\Microsoft.NET.Sdk.targets(204,5): message :       IncrementalClean;
                   C:\Program Files\dotnet\sdk\10.0.201\Sdks\Microsoft.NET.Sdk\targets\Microsoft.NET.Sdk.targets(204,5): message :       PostBuildEvent
                   C:\Program Files\dotnet\sdk\10.0.201\Sdks\Microsoft.NET.Sdk\targets\Microsoft.NET.Sdk.targets(204,5): message :     ;
                   C:\Program Files\dotnet\sdk\10.0.201\Sdks\Microsoft.NET.Sdk\targets\Microsoft.NET.Sdk.targets(204,5): message :       GenerateBuildDependencyFile;
                   C:\Program Files\dotnet\sdk\10.0.201\Sdks\Microsoft.NET.Sdk\targets\Microsoft.NET.Sdk.targets(204,5): message :       GenerateBuildRuntimeConfigurationFiles
                   C:\Program Files\dotnet\sdk\10.0.201\Sdks\Microsoft.NET.Sdk\targets\Microsoft.NET.Sdk.targets(204,5): message :     ”(先前值:“
                   C:\Program Files\dotnet\sdk\10.0.201\Sdks\Microsoft.NET.Sdk\targets\Microsoft.NET.Sdk.targets(204,5): message :       BuildOnlySettings;
                   C:\Program Files\dotnet\sdk\10.0.201\Sdks\Microsoft.NET.Sdk\targets\Microsoft.NET.Sdk.targets(204,5): message :       PrepareForBuild;
                   C:\Program Files\dotnet\sdk\10.0.201\Sdks\Microsoft.NET.Sdk\targets\Microsoft.NET.Sdk.targets(204,5): message :       PreBuildEvent;
                   C:\Program Files\dotnet\sdk\10.0.201\Sdks\Microsoft.NET.Sdk\targets\Microsoft.NET.Sdk.targets(204,5): message :       ResolveReferences;
                   C:\Program Files\dotnet\sdk\10.0.201\Sdks\Microsoft.NET.Sdk\targets\Microsoft.NET.Sdk.targets(204,5): message :       PrepareResources;
                   C:\Program Files\dotnet\sdk\10.0.201\Sdks\Microsoft.NET.Sdk\targets\Microsoft.NET.Sdk.targets(204,5): message :       ResolveKeySource;
                   C:\Program Files\dotnet\sdk\10.0.201\Sdks\Microsoft.NET.Sdk\targets\Microsoft.NET.Sdk.targets(204,5): message :       Compile;
                   C:\Program Files\dotnet\sdk\10.0.201\Sdks\Microsoft.NET.Sdk\targets\Microsoft.NET.Sdk.targets(204,5): message :       ExportWindowsMDFile;
                   C:\Program Files\dotnet\sdk\10.0.201\Sdks\Microsoft.NET.Sdk\targets\Microsoft.NET.Sdk.targets(204,5): message :       UnmanagedUnregistration;
                   C:\Program Files\dotnet\sdk\10.0.201\Sdks\Microsoft.NET.Sdk\targets\Microsoft.NET.Sdk.targets(204,5): message :       GenerateSerializationAssemblies;
                   C:\Program Files\dotnet\sdk\10.0.201\Sdks\Microsoft.NET.Sdk\targets\Microsoft.NET.Sdk.targets(204,5): message :       CreateSatelliteAssemblies;
                   C:\Program Files\dotnet\sdk\10.0.201\Sdks\Microsoft.NET.Sdk\targets\Microsoft.NET.Sdk.targets(204,5): message :       GenerateManifests;
                   C:\Program Files\dotnet\sdk\10.0.201\Sdks\Microsoft.NET.Sdk\targets\Microsoft.NET.Sdk.targets(204,5): message :       GetTargetPath;
                   C:\Program Files\dotnet\sdk\10.0.201\Sdks\Microsoft.NET.Sdk\targets\Microsoft.NET.Sdk.targets(204,5): message :       PrepareForRun;
                   C:\Program Files\dotnet\sdk\10.0.201\Sdks\Microsoft.NET.Sdk\targets\Microsoft.NET.Sdk.targets(204,5): message :       UnmanagedRegistration;
                   C:\Program Files\dotnet\sdk\10.0.201\Sdks\Microsoft.NET.Sdk\targets\Microsoft.NET.Sdk.targets(204,5): message :       IncrementalClean;
                   C:\Program Files\dotnet\sdk\10.0.201\Sdks\Microsoft.NET.Sdk\targets\Microsoft.NET.Sdk.targets(204,5): message :       PostBuildEvent
                   C:\Program Files\dotnet\sdk\10.0.201\Sdks\Microsoft.NET.Sdk\targets\Microsoft.NET.Sdk.targets(204,5): message :     ”)
                   C:\Program Files\dotnet\sdk\10.0.201\Sdks\Microsoft.NET.Sdk\targets\Microsoft.NET.Sdk.targets(213,5): message : 在 C:\Program Files\dotnet\sdk\10.0.201\Sdks\Microsoft.NET.Sdk\targets\Microsoft.NET.Sdk.targets (213,5) 处重新分配属性: $(CoreCleanDependsOn)=“
                   C:\Program Files\dotnet\sdk\10.0.201\Sdks\Microsoft.NET.Sdk\targets\Microsoft.NET.Sdk.targets(213,5): message :       _SdkBeforeClean;
                   C:\Program Files\dotnet\sdk\10.0.201\Sdks\Microsoft.NET.Sdk\targets\Microsoft.NET.Sdk.targets(213,5): message :       
                   C:\Program Files\dotnet\sdk\10.0.201\Sdks\Microsoft.NET.Sdk\targets\Microsoft.NET.Sdk.targets(213,5): message :     ”(先前值:“”)
                   C:\Program Files\dotnet\sdk\10.0.201\Sdks\Microsoft.NET.Sdk\targets\Microsoft.NET.Sdk.targets(220,5): message : 在 C:\Program Files\dotnet\sdk\10.0.201\Sdks\Microsoft.NET.Sdk\targets\Microsoft.NET.Sdk.targets (220,5) 处重新分配属性: $(RebuildDependsOn)=“
                   C:\Program Files\dotnet\sdk\10.0.201\Sdks\Microsoft.NET.Sdk\targets\Microsoft.NET.Sdk.targets(220,5): message :       _SdkBeforeRebuild;
                   C:\Program Files\dotnet\sdk\10.0.201\Sdks\Microsoft.NET.Sdk\targets\Microsoft.NET.Sdk.targets(220,5): message :       
                   C:\Program Files\dotnet\sdk\10.0.201\Sdks\Microsoft.NET.Sdk\targets\Microsoft.NET.Sdk.targets(220,5): message :       BeforeRebuild;
                   C:\Program Files\dotnet\sdk\10.0.201\Sdks\Microsoft.NET.Sdk\targets\Microsoft.NET.Sdk.targets(220,5): message :       Clean;
                   C:\Program Files\dotnet\sdk\10.0.201\Sdks\Microsoft.NET.Sdk\targets\Microsoft.NET.Sdk.targets(220,5): message :       Build;
                   C:\Program Files\dotnet\sdk\10.0.201\Sdks\Microsoft.NET.Sdk\targets\Microsoft.NET.Sdk.targets(220,5): message :       AfterRebuild;
                   C:\Program Files\dotnet\sdk\10.0.201\Sdks\Microsoft.NET.Sdk\targets\Microsoft.NET.Sdk.targets(220,5): message :     
                   C:\Program Files\dotnet\sdk\10.0.201\Sdks\Microsoft.NET.Sdk\targets\Microsoft.NET.Sdk.targets(220,5): message :     ”(先前值:“
                   C:\Program Files\dotnet\sdk\10.0.201\Sdks\Microsoft.NET.Sdk\targets\Microsoft.NET.Sdk.targets(220,5): message :       BeforeRebuild;
                   C:\Program Files\dotnet\sdk\10.0.201\Sdks\Microsoft.NET.Sdk\targets\Microsoft.NET.Sdk.targets(220,5): message :       Clean;
                   C:\Program Files\dotnet\sdk\10.0.201\Sdks\Microsoft.NET.Sdk\targets\Microsoft.NET.Sdk.targets(220,5): message :       Build;
                   C:\Program Files\dotnet\sdk\10.0.201\Sdks\Microsoft.NET.Sdk\targets\Microsoft.NET.Sdk.targets(220,5): message :       AfterRebuild;
                   C:\Program Files\dotnet\sdk\10.0.201\Sdks\Microsoft.NET.Sdk\targets\Microsoft.NET.Sdk.targets(220,5): message :     ”)
                   C:\Program Files\dotnet\sdk\10.0.201\Sdks\Microsoft.NET.Sdk\targets\Microsoft.NET.Sdk.targets(799,5): message : 在 C:\Program Files\dotnet\sdk\10.0.201\Sdks\Microsoft.NET.Sdk\targets\Microsoft.NET.Sdk.targets (799,5) 处重新分配属性: $(CompileDependsOn)=“
                   C:\Program Files\dotnet\sdk\10.0.201\Sdks\Microsoft.NET.Sdk\targets\Microsoft.NET.Sdk.targets(799,5): message :       
                   C:\Program Files\dotnet\sdk\10.0.201\Sdks\Microsoft.NET.Sdk\targets\Microsoft.NET.Sdk.targets(799,5): message :       ResolveReferences;
                   C:\Program Files\dotnet\sdk\10.0.201\Sdks\Microsoft.NET.Sdk\targets\Microsoft.NET.Sdk.targets(799,5): message :       ResolveKeySource;
                   C:\Program Files\dotnet\sdk\10.0.201\Sdks\Microsoft.NET.Sdk\targets\Microsoft.NET.Sdk.targets(799,5): message :       SetWin32ManifestProperties;
                   C:\Program Files\dotnet\sdk\10.0.201\Sdks\Microsoft.NET.Sdk\targets\Microsoft.NET.Sdk.targets(799,5): message :       _SetPreferNativeArm64Win32ManifestProperties;
                   C:\Program Files\dotnet\sdk\10.0.201\Sdks\Microsoft.NET.Sdk\targets\Microsoft.NET.Sdk.targets(799,5): message :       FindReferenceAssembliesForReferences;
                   C:\Program Files\dotnet\sdk\10.0.201\Sdks\Microsoft.NET.Sdk\targets\Microsoft.NET.Sdk.targets(799,5): message :       _GenerateCompileInputs;
                   C:\Program Files\dotnet\sdk\10.0.201\Sdks\Microsoft.NET.Sdk\targets\Microsoft.NET.Sdk.targets(799,5): message :       BeforeCompile;
                   C:\Program Files\dotnet\sdk\10.0.201\Sdks\Microsoft.NET.Sdk\targets\Microsoft.NET.Sdk.targets(799,5): message :       _TimeStampBeforeCompile;
                   C:\Program Files\dotnet\sdk\10.0.201\Sdks\Microsoft.NET.Sdk\targets\Microsoft.NET.Sdk.targets(799,5): message :       _GenerateCompileDependencyCache;
                   C:\Program Files\dotnet\sdk\10.0.201\Sdks\Microsoft.NET.Sdk\targets\Microsoft.NET.Sdk.targets(799,5): message :       CoreCompile;
                   C:\Program Files\dotnet\sdk\10.0.201\Sdks\Microsoft.NET.Sdk\targets\Microsoft.NET.Sdk.targets(799,5): message :       _TimeStampAfterCompile;
                   C:\Program Files\dotnet\sdk\10.0.201\Sdks\Microsoft.NET.Sdk\targets\Microsoft.NET.Sdk.targets(799,5): message :       AfterCompile;
                   C:\Program Files\dotnet\sdk\10.0.201\Sdks\Microsoft.NET.Sdk\targets\Microsoft.NET.Sdk.targets(799,5): message :     ;
                   C:\Program Files\dotnet\sdk\10.0.201\Sdks\Microsoft.NET.Sdk\targets\Microsoft.NET.Sdk.targets(799,5): message :       _CreateAppHost;
                   C:\Program Files\dotnet\sdk\10.0.201\Sdks\Microsoft.NET.Sdk\targets\Microsoft.NET.Sdk.targets(799,5): message :       _CreateComHost;
                   C:\Program Files\dotnet\sdk\10.0.201\Sdks\Microsoft.NET.Sdk\targets\Microsoft.NET.Sdk.targets(799,5): message :       _GetIjwHostPaths;
                   C:\Program Files\dotnet\sdk\10.0.201\Sdks\Microsoft.NET.Sdk\targets\Microsoft.NET.Sdk.targets(799,5): message :     ”(先前值:“
                   C:\Program Files\dotnet\sdk\10.0.201\Sdks\Microsoft.NET.Sdk\targets\Microsoft.NET.Sdk.targets(799,5): message :       ResolveReferences;
                   C:\Program Files\dotnet\sdk\10.0.201\Sdks\Microsoft.NET.Sdk\targets\Microsoft.NET.Sdk.targets(799,5): message :       ResolveKeySource;
                   C:\Program Files\dotnet\sdk\10.0.201\Sdks\Microsoft.NET.Sdk\targets\Microsoft.NET.Sdk.targets(799,5): message :       SetWin32ManifestProperties;
                   C:\Program Files\dotnet\sdk\10.0.201\Sdks\Microsoft.NET.Sdk\targets\Microsoft.NET.Sdk.targets(799,5): message :       _SetPreferNativeArm64Win32ManifestProperties;
                   C:\Program Files\dotnet\sdk\10.0.201\Sdks\Microsoft.NET.Sdk\targets\Microsoft.NET.Sdk.targets(799,5): message :       FindReferenceAssembliesForReferences;
                   C:\Program Files\dotnet\sdk\10.0.201\Sdks\Microsoft.NET.Sdk\targets\Microsoft.NET.Sdk.targets(799,5): message :       _GenerateCompileInputs;
                   C:\Program Files\dotnet\sdk\10.0.201\Sdks\Microsoft.NET.Sdk\targets\Microsoft.NET.Sdk.targets(799,5): message :       BeforeCompile;
                   C:\Program Files\dotnet\sdk\10.0.201\Sdks\Microsoft.NET.Sdk\targets\Microsoft.NET.Sdk.targets(799,5): message :       _TimeStampBeforeCompile;
                   C:\Program Files\dotnet\sdk\10.0.201\Sdks\Microsoft.NET.Sdk\targets\Microsoft.NET.Sdk.targets(799,5): message :       _GenerateCompileDependencyCache;
                   C:\Program Files\dotnet\sdk\10.0.201\Sdks\Microsoft.NET.Sdk\targets\Microsoft.NET.Sdk.targets(799,5): message :       CoreCompile;
                   C:\Program Files\dotnet\sdk\10.0.201\Sdks\Microsoft.NET.Sdk\targets\Microsoft.NET.Sdk.targets(799,5): message :       _TimeStampAfterCompile;
                   C:\Program Files\dotnet\sdk\10.0.201\Sdks\Microsoft.NET.Sdk\targets\Microsoft.NET.Sdk.targets(799,5): message :       AfterCompile;
                   C:\Program Files\dotnet\sdk\10.0.201\Sdks\Microsoft.NET.Sdk\targets\Microsoft.NET.Sdk.targets(799,5): message :     ”)
                   C:\Program Files\dotnet\sdk\10.0.201\Sdks\Microsoft.NET.Sdk\targets\Microsoft.NET.Sdk.targets(1131,5): message : 在 C:\Program Files\dotnet\sdk\10.0.201\Sdks\Microsoft.NET.Sdk\targets\Microsoft.NET.Sdk.targets (1131,5) 处重新分配属性: $(CreateSatelliteAssembliesDependsOn)=“
                   C:\Program Files\dotnet\sdk\10.0.201\Sdks\Microsoft.NET.Sdk\targets\Microsoft.NET.Sdk.targets(1131,5): message :       
                   C:\Program Files\dotnet\sdk\10.0.201\Sdks\Microsoft.NET.Sdk\targets\Microsoft.NET.Sdk.targets(1131,5): message :       ;
                   C:\Program Files\dotnet\sdk\10.0.201\Sdks\Microsoft.NET.Sdk\targets\Microsoft.NET.Sdk.targets(1131,5): message :       _GenerateSatelliteAssemblyInputs;
                   C:\Program Files\dotnet\sdk\10.0.201\Sdks\Microsoft.NET.Sdk\targets\Microsoft.NET.Sdk.targets(1131,5): message :       ComputeIntermediateSatelliteAssemblies;
                   C:\Program Files\dotnet\sdk\10.0.201\Sdks\Microsoft.NET.Sdk\targets\Microsoft.NET.Sdk.targets(1131,5): message :       GenerateSatelliteAssemblies
                   C:\Program Files\dotnet\sdk\10.0.201\Sdks\Microsoft.NET.Sdk\targets\Microsoft.NET.Sdk.targets(1131,5): message :     ;
                   C:\Program Files\dotnet\sdk\10.0.201\Sdks\Microsoft.NET.Sdk\targets\Microsoft.NET.Sdk.targets(1131,5): message :       CoreGenerateSatelliteAssemblies
                   C:\Program Files\dotnet\sdk\10.0.201\Sdks\Microsoft.NET.Sdk\targets\Microsoft.NET.Sdk.targets(1131,5): message :     ”(先前值:“
                   C:\Program Files\dotnet\sdk\10.0.201\Sdks\Microsoft.NET.Sdk\targets\Microsoft.NET.Sdk.targets(1131,5): message :       ;
                   C:\Program Files\dotnet\sdk\10.0.201\Sdks\Microsoft.NET.Sdk\targets\Microsoft.NET.Sdk.targets(1131,5): message :       _GenerateSatelliteAssemblyInputs;
                   C:\Program Files\dotnet\sdk\10.0.201\Sdks\Microsoft.NET.Sdk\targets\Microsoft.NET.Sdk.targets(1131,5): message :       ComputeIntermediateSatelliteAssemblies;
                   C:\Program Files\dotnet\sdk\10.0.201\Sdks\Microsoft.NET.Sdk\targets\Microsoft.NET.Sdk.targets(1131,5): message :       GenerateSatelliteAssemblies
                   C:\Program Files\dotnet\sdk\10.0.201\Sdks\Microsoft.NET.Sdk\targets\Microsoft.NET.Sdk.targets(1131,5): message :     ”)
                   C:\Program Files\dotnet\sdk\10.0.201\Sdks\Microsoft.SourceLink.GitLab\build\Microsoft.SourceLink.GitLab.targets(12,5): message : 在 C:\Program Files\dotnet\sdk\10.0.201\Sdks\Microsoft.SourceLink.GitLab\build\Microsoft.SourceLink.GitLab.targets (12,5) 处重新分配属性: $(SourceLinkUrlInitializerTargets)=“;_InitializeGitHubSourceLinkUrl;_InitializeGitLabSourceLinkUrl”(先前值:“;_InitializeGitHubSourceLinkUrl”)
                   C:\Program Files\dotnet\sdk\10.0.201\Sdks\Microsoft.SourceLink.GitLab\build\Microsoft.SourceLink.GitLab.targets(13,5): message : 在 C:\Program Files\dotnet\sdk\10.0.201\Sdks\Microsoft.SourceLink.GitLab\build\Microsoft.SourceLink.GitLab.targets (13,5) 处重新分配属性: $(SourceControlManagerUrlTranslationTargets)=“;TranslateGitHubUrlsInSourceControlInformation;TranslateGitLabUrlsInSourceControlInformation”(先前值:“;TranslateGitHubUrlsInSourceControlInformation”)
                   C:\Program Files\dotnet\sdk\10.0.201\Sdks\Microsoft.SourceLink.AzureRepos.Git\build\Microsoft.SourceLink.AzureRepos.Git.targets(12,5): message : 在 C:\Program Files\dotnet\sdk\10.0.201\Sdks\Microsoft.SourceLink.AzureRepos.Git\build\Microsoft.SourceLink.AzureRepos.Git.targets (12,5) 处重新分配属性: $(SourceLinkUrlInitializerTargets)=“;_InitializeGitHubSourceLinkUrl;_InitializeGitLabSourceLinkUrl;_InitializeAzureReposGitSourceLinkUrl”(先前值:“;_InitializeGitHubSourceLinkUrl;_InitializeGitLabSourceLinkUrl”)
                   C:\Program Files\dotnet\sdk\10.0.201\Sdks\Microsoft.SourceLink.AzureRepos.Git\build\Microsoft.SourceLink.AzureRepos.Git.targets(13,5): message : 在 C:\Program Files\dotnet\sdk\10.0.201\Sdks\Microsoft.SourceLink.AzureRepos.Git\build\Microsoft.SourceLink.AzureRepos.Git.targets (13,5) 处重新分配属性: $(SourceControlManagerUrlTranslationTargets)=“;TranslateGitHubUrlsInSourceControlInformation;TranslateGitLabUrlsInSourceControlInformation;TranslateAzureReposGitUrlsInSourceControlInformation”(先前值:“;TranslateGitHubUrlsInSourceControlInformation;TranslateGitLabUrlsInSourceControlInformation”)
                   C:\Program Files\dotnet\sdk\10.0.201\Sdks\Microsoft.SourceLink.Bitbucket.Git\build\Microsoft.SourceLink.Bitbucket.Git.targets(12,5): message : 在 C:\Program Files\dotnet\sdk\10.0.201\Sdks\Microsoft.SourceLink.Bitbucket.Git\build\Microsoft.SourceLink.Bitbucket.Git.targets (12,5) 处重新分配属性: $(SourceLinkUrlInitializerTargets)=“;_InitializeGitHubSourceLinkUrl;_InitializeGitLabSourceLinkUrl;_InitializeAzureReposGitSourceLinkUrl;_InitializeBitbucketGitSourceLinkUrl”(先前值:“;_InitializeGitHubSourceLinkUrl;_InitializeGitLabSourceLinkUrl;_InitializeAzureReposGitSourceLinkUrl”)
                   C:\Program Files\dotnet\sdk\10.0.201\Sdks\Microsoft.SourceLink.Bitbucket.Git\build\Microsoft.SourceLink.Bitbucket.Git.targets(13,5): message : 在 C:\Program Files\dotnet\sdk\10.0.201\Sdks\Microsoft.SourceLink.Bitbucket.Git\build\Microsoft.SourceLink.Bitbucket.Git.targets (13,5) 处重新分配属性: $(SourceControlManagerUrlTranslationTargets)=“;TranslateGitHubUrlsInSourceControlInformation;TranslateGitLabUrlsInSourceControlInformation;TranslateAzureReposGitUrlsInSourceControlInformation;TranslateBitbucketGitUrlsInSourceControlInformation”(先前值:“;TranslateGitHubUrlsInSourceControlInformation;TranslateGitLabUrlsInSourceControlInformation;TranslateAzureReposGitUrlsInSourceControlInformation”)
                   C:\Program Files\dotnet\sdk\10.0.201\Sdks\Microsoft.NET.Sdk\targets\Microsoft.NET.DesignerSupport.targets(21,5): message : 在 C:\Program Files\dotnet\sdk\10.0.201\Sdks\Microsoft.NET.Sdk\targets\Microsoft.NET.DesignerSupport.targets (21,5) 处重新分配属性: $(DesignerRuntimeImplementationProjectOutputGroupDependsOn)=“
                   C:\Program Files\dotnet\sdk\10.0.201\Sdks\Microsoft.NET.Sdk\targets\Microsoft.NET.DesignerSupport.targets(21,5): message :       
                   C:\Program Files\dotnet\sdk\10.0.201\Sdks\Microsoft.NET.Sdk\targets\Microsoft.NET.DesignerSupport.targets(21,5): message :       ;
                   C:\Program Files\dotnet\sdk\10.0.201\Sdks\Microsoft.NET.Sdk\targets\Microsoft.NET.DesignerSupport.targets(21,5): message :       
                   C:\Program Files\dotnet\sdk\10.0.201\Sdks\Microsoft.NET.Sdk\targets\Microsoft.NET.DesignerSupport.targets(21,5): message :       ;
                   C:\Program Files\dotnet\sdk\10.0.201\Sdks\Microsoft.NET.Sdk\targets\Microsoft.NET.DesignerSupport.targets(21,5): message :       BuildOnlySettings;
                   C:\Program Files\dotnet\sdk\10.0.201\Sdks\Microsoft.NET.Sdk\targets\Microsoft.NET.DesignerSupport.targets(21,5): message :       PrepareForBuild;
                   C:\Program Files\dotnet\sdk\10.0.201\Sdks\Microsoft.NET.Sdk\targets\Microsoft.NET.DesignerSupport.targets(21,5): message :       AssignTargetPaths;
                   C:\Program Files\dotnet\sdk\10.0.201\Sdks\Microsoft.NET.Sdk\targets\Microsoft.NET.DesignerSupport.targets(21,5): message :       ResolveReferences
                   C:\Program Files\dotnet\sdk\10.0.201\Sdks\Microsoft.NET.Sdk\targets\Microsoft.NET.DesignerSupport.targets(21,5): message :     
                   C:\Program Files\dotnet\sdk\10.0.201\Sdks\Microsoft.NET.Sdk\targets\Microsoft.NET.DesignerSupport.targets(21,5): message :     ;
                   C:\Program Files\dotnet\sdk\10.0.201\Sdks\Microsoft.NET.Sdk\targets\Microsoft.NET.DesignerSupport.targets(21,5): message :       _GenerateDesignerDepsFile;
                   C:\Program Files\dotnet\sdk\10.0.201\Sdks\Microsoft.NET.Sdk\targets\Microsoft.NET.DesignerSupport.targets(21,5): message :       _GenerateDesignerRuntimeConfigFile;
                   C:\Program Files\dotnet\sdk\10.0.201\Sdks\Microsoft.NET.Sdk\targets\Microsoft.NET.DesignerSupport.targets(21,5): message :       GetCopyToOutputDirectoryItems;
                   C:\Program Files\dotnet\sdk\10.0.201\Sdks\Microsoft.NET.Sdk\targets\Microsoft.NET.DesignerSupport.targets(21,5): message :       _GatherDesignerShadowCopyFiles;
                   C:\Program Files\dotnet\sdk\10.0.201\Sdks\Microsoft.NET.Sdk\targets\Microsoft.NET.DesignerSupport.targets(21,5): message :     ”(先前值:“
                   C:\Program Files\dotnet\sdk\10.0.201\Sdks\Microsoft.NET.Sdk\targets\Microsoft.NET.DesignerSupport.targets(21,5): message :       ;
                   C:\Program Files\dotnet\sdk\10.0.201\Sdks\Microsoft.NET.Sdk\targets\Microsoft.NET.DesignerSupport.targets(21,5): message :       
                   C:\Program Files\dotnet\sdk\10.0.201\Sdks\Microsoft.NET.Sdk\targets\Microsoft.NET.DesignerSupport.targets(21,5): message :       ;
                   C:\Program Files\dotnet\sdk\10.0.201\Sdks\Microsoft.NET.Sdk\targets\Microsoft.NET.DesignerSupport.targets(21,5): message :       BuildOnlySettings;
                   C:\Program Files\dotnet\sdk\10.0.201\Sdks\Microsoft.NET.Sdk\targets\Microsoft.NET.DesignerSupport.targets(21,5): message :       PrepareForBuild;
                   C:\Program Files\dotnet\sdk\10.0.201\Sdks\Microsoft.NET.Sdk\targets\Microsoft.NET.DesignerSupport.targets(21,5): message :       AssignTargetPaths;
                   C:\Program Files\dotnet\sdk\10.0.201\Sdks\Microsoft.NET.Sdk\targets\Microsoft.NET.DesignerSupport.targets(21,5): message :       ResolveReferences
                   C:\Program Files\dotnet\sdk\10.0.201\Sdks\Microsoft.NET.Sdk\targets\Microsoft.NET.DesignerSupport.targets(21,5): message :     
                   C:\Program Files\dotnet\sdk\10.0.201\Sdks\Microsoft.NET.Sdk\targets\Microsoft.NET.DesignerSupport.targets(21,5): message :     ”)
                   C:\Program Files\dotnet\sdk\10.0.201\Sdks\Microsoft.NET.Sdk\targets\Microsoft.NET.Sdk.CSharp.targets(31,5): message : 在 C:\Program Files\dotnet\sdk\10.0.201\Sdks\Microsoft.NET.Sdk\targets\Microsoft.NET.Sdk.CSharp.targets (31,5) 处重新分配属性: $(DefineConstants)=“TRACE;DEBUG”(先前值:“TRACE”)
                   C:\Program Files\dotnet\sdk\10.0.201\Sdks\Microsoft.NET.Sdk\targets\Microsoft.NET.Sdk.CSharp.targets(45,5): message : 在 C:\Program Files\dotnet\sdk\10.0.201\Sdks\Microsoft.NET.Sdk\targets\Microsoft.NET.Sdk.CSharp.targets (45,5) 处重新分配属性: $(WarningsAsErrors)=“;NU1605;SYSLIB0011”(先前值:“;NU1605”)
                   C:\Program Files\dotnet\sdk\10.0.201\Sdks\Microsoft.NET.Sdk\targets\Microsoft.NET.Windows.targets(49,5): message : 在 C:\Program Files\dotnet\sdk\10.0.201\Sdks\Microsoft.NET.Sdk\targets\Microsoft.NET.Windows.targets (49,5) 处重新分配属性: $(TargetPlatformVersion)=“7.0”(先前值:“”)
                   C:\Program Files\dotnet\sdk\10.0.201\Sdks\Microsoft.NET.Sdk\targets\Microsoft.NET.Windows.targets(50,5): message : 在 C:\Program Files\dotnet\sdk\10.0.201\Sdks\Microsoft.NET.Sdk\targets\Microsoft.NET.Windows.targets (50,5) 处重新分配属性: $(EffectiveTargetPlatformVersion)=“7.0”(先前值:“”)
                   C:\Program Files\dotnet\sdk\10.0.201\Sdks\Microsoft.NET.Sdk\targets\Microsoft.NET.Windows.targets(60,5): message : 在 C:\Program Files\dotnet\sdk\10.0.201\Sdks\Microsoft.NET.Sdk\targets\Microsoft.NET.Windows.targets (60,5) 处重新分配属性: $(SupportedOSPlatformVersion)=“7.0”(先前值:“”)
                   C:\Program Files\dotnet\sdk\10.0.201\Sdks\Microsoft.NET.Sdk\targets\Microsoft.NET.Windows.targets(61,5): message : 在 C:\Program Files\dotnet\sdk\10.0.201\Sdks\Microsoft.NET.Sdk\targets\Microsoft.NET.Windows.targets (61,5) 处重新分配属性: $(TargetPlatformMinVersion)=“7.0”(先前值:“”)
                   C:\Program Files\dotnet\sdk\10.0.201\Sdks\Microsoft.NET.Sdk\targets\Microsoft.NET.Windows.targets(239,5): message : 在 C:\Program Files\dotnet\sdk\10.0.201\Sdks\Microsoft.NET.Sdk\targets\Microsoft.NET.Windows.targets (239,5) 处重新分配属性: $(_RunCsWinRTGeneratorPropertyInputsCachePath)=“F:\C#\WinFormsApp1.WpfRefactor\WinFormsApp1.Desktop\obj\Debug\net10.0-windows\WinFormsApp1.Desktop.cswinrtgen.cache”(先前值:“obj\Debug\net10.0-windows\WinFormsApp1.Desktop.cswinrtgen.cache”)
                   C:\Program Files\dotnet\sdk\10.0.201\Sdks\Microsoft.NET.Sdk\targets\Microsoft.NET.Sdk.targets(1497,5): message : 在 C:\Program Files\dotnet\sdk\10.0.201\Sdks\Microsoft.NET.Sdk\targets\Microsoft.NET.Sdk.targets (1497,5) 处重新分配属性: $(TargetPlatformDisplayName)=“Windows 7.0”(先前值:“Windows ”)
                   C:\Program Files\dotnet\sdk\10.0.201\Sdks\Microsoft.NET.Sdk.WindowsDesktop\targets\Microsoft.NET.Sdk.WindowsDesktop.targets(51,5): message : 在 C:\Program Files\dotnet\sdk\10.0.201\Sdks\Microsoft.NET.Sdk.WindowsDesktop\targets\Microsoft.NET.Sdk.WindowsDesktop.targets (51,5) 处重新分配属性: $(_TargetFrameworkVersionValue)=“10.0”(先前值:“0.0”)
                   C:\Program Files\dotnet\sdk\10.0.201\Sdks\Microsoft.NET.Sdk.WindowsDesktop\targets\Microsoft.WinFX.targets(61,7): message : 在 C:\Program Files\dotnet\sdk\10.0.201\Sdks\Microsoft.NET.Sdk.WindowsDesktop\targets\Microsoft.WinFX.targets (61,7) 处重新分配属性: $(PrepareResourceNamesDependsOn)=“
                   C:\Program Files\dotnet\sdk\10.0.201\Sdks\Microsoft.NET.Sdk.WindowsDesktop\targets\Microsoft.WinFX.targets(61,7): message :                     AssignWinFXEmbeddedResource;
                   C:\Program Files\dotnet\sdk\10.0.201\Sdks\Microsoft.NET.Sdk.WindowsDesktop\targets\Microsoft.WinFX.targets(61,7): message :                     
                   C:\Program Files\dotnet\sdk\10.0.201\Sdks\Microsoft.NET.Sdk.WindowsDesktop\targets\Microsoft.WinFX.targets(61,7): message :       AssignTargetPaths;
                   C:\Program Files\dotnet\sdk\10.0.201\Sdks\Microsoft.NET.Sdk.WindowsDesktop\targets\Microsoft.WinFX.targets(61,7): message :       SplitResourcesByCulture;
                   C:\Program Files\dotnet\sdk\10.0.201\Sdks\Microsoft.NET.Sdk.WindowsDesktop\targets\Microsoft.WinFX.targets(61,7): message :       CreateManifestResourceNames;
                   C:\Program Files\dotnet\sdk\10.0.201\Sdks\Microsoft.NET.Sdk.WindowsDesktop\targets\Microsoft.WinFX.targets(61,7): message :       CreateCustomManifestResourceNames
                   C:\Program Files\dotnet\sdk\10.0.201\Sdks\Microsoft.NET.Sdk.WindowsDesktop\targets\Microsoft.WinFX.targets(61,7): message :     
                   C:\Program Files\dotnet\sdk\10.0.201\Sdks\Microsoft.NET.Sdk.WindowsDesktop\targets\Microsoft.WinFX.targets(61,7): message :       ”(先前值:“
                   C:\Program Files\dotnet\sdk\10.0.201\Sdks\Microsoft.NET.Sdk.WindowsDesktop\targets\Microsoft.WinFX.targets(61,7): message :       AssignTargetPaths;
                   C:\Program Files\dotnet\sdk\10.0.201\Sdks\Microsoft.NET.Sdk.WindowsDesktop\targets\Microsoft.WinFX.targets(61,7): message :       SplitResourcesByCulture;
                   C:\Program Files\dotnet\sdk\10.0.201\Sdks\Microsoft.NET.Sdk.WindowsDesktop\targets\Microsoft.WinFX.targets(61,7): message :       CreateManifestResourceNames;
                   C:\Program Files\dotnet\sdk\10.0.201\Sdks\Microsoft.NET.Sdk.WindowsDesktop\targets\Microsoft.WinFX.targets(61,7): message :       CreateCustomManifestResourceNames
                   C:\Program Files\dotnet\sdk\10.0.201\Sdks\Microsoft.NET.Sdk.WindowsDesktop\targets\Microsoft.WinFX.targets(61,7): message :     ”)
                   C:\Program Files\dotnet\sdk\10.0.201\Sdks\Microsoft.NET.Sdk.WindowsDesktop\targets\Microsoft.WinFX.targets(69,7): message : 在 C:\Program Files\dotnet\sdk\10.0.201\Sdks\Microsoft.NET.Sdk.WindowsDesktop\targets\Microsoft.WinFX.targets (69,7) 处重新分配属性: $(PrepareResourcesDependsOn)=“
                   C:\Program Files\dotnet\sdk\10.0.201\Sdks\Microsoft.NET.Sdk.WindowsDesktop\targets\Microsoft.WinFX.targets(69,7): message :                 MarkupCompilePass1;
                   C:\Program Files\dotnet\sdk\10.0.201\Sdks\Microsoft.NET.Sdk.WindowsDesktop\targets\Microsoft.WinFX.targets(69,7): message :                 AfterMarkupCompilePass1;
                   C:\Program Files\dotnet\sdk\10.0.201\Sdks\Microsoft.NET.Sdk.WindowsDesktop\targets\Microsoft.WinFX.targets(69,7): message :                 MarkupCompilePass2ForMainAssembly;
                   C:\Program Files\dotnet\sdk\10.0.201\Sdks\Microsoft.NET.Sdk.WindowsDesktop\targets\Microsoft.WinFX.targets(69,7): message :                 FileClassification;
                   C:\Program Files\dotnet\sdk\10.0.201\Sdks\Microsoft.NET.Sdk.WindowsDesktop\targets\Microsoft.WinFX.targets(69,7): message :                 MainResourcesGeneration;
                   C:\Program Files\dotnet\sdk\10.0.201\Sdks\Microsoft.NET.Sdk.WindowsDesktop\targets\Microsoft.WinFX.targets(69,7): message :                 
                   C:\Program Files\dotnet\sdk\10.0.201\Sdks\Microsoft.NET.Sdk.WindowsDesktop\targets\Microsoft.WinFX.targets(69,7): message :       ResolvePackageDependenciesForBuild;
                   C:\Program Files\dotnet\sdk\10.0.201\Sdks\Microsoft.NET.Sdk.WindowsDesktop\targets\Microsoft.WinFX.targets(69,7): message :       _HandlePackageFileConflicts;
                   C:\Program Files\dotnet\sdk\10.0.201\Sdks\Microsoft.NET.Sdk.WindowsDesktop\targets\Microsoft.WinFX.targets(69,7): message :       
                   C:\Program Files\dotnet\sdk\10.0.201\Sdks\Microsoft.NET.Sdk.WindowsDesktop\targets\Microsoft.WinFX.targets(69,7): message :       ;
                   C:\Program Files\dotnet\sdk\10.0.201\Sdks\Microsoft.NET.Sdk.WindowsDesktop\targets\Microsoft.WinFX.targets(69,7): message :       PrepareResourceNames;
                   C:\Program Files\dotnet\sdk\10.0.201\Sdks\Microsoft.NET.Sdk.WindowsDesktop\targets\Microsoft.WinFX.targets(69,7): message :       ResGen;
                   C:\Program Files\dotnet\sdk\10.0.201\Sdks\Microsoft.NET.Sdk.WindowsDesktop\targets\Microsoft.WinFX.targets(69,7): message :       CompileLicxFiles
                   C:\Program Files\dotnet\sdk\10.0.201\Sdks\Microsoft.NET.Sdk.WindowsDesktop\targets\Microsoft.WinFX.targets(69,7): message :     
                   C:\Program Files\dotnet\sdk\10.0.201\Sdks\Microsoft.NET.Sdk.WindowsDesktop\targets\Microsoft.WinFX.targets(69,7): message :     
                   C:\Program Files\dotnet\sdk\10.0.201\Sdks\Microsoft.NET.Sdk.WindowsDesktop\targets\Microsoft.WinFX.targets(69,7): message :       ”(先前值:“
                   C:\Program Files\dotnet\sdk\10.0.201\Sdks\Microsoft.NET.Sdk.WindowsDesktop\targets\Microsoft.WinFX.targets(69,7): message :       ResolvePackageDependenciesForBuild;
                   C:\Program Files\dotnet\sdk\10.0.201\Sdks\Microsoft.NET.Sdk.WindowsDesktop\targets\Microsoft.WinFX.targets(69,7): message :       _HandlePackageFileConflicts;
                   C:\Program Files\dotnet\sdk\10.0.201\Sdks\Microsoft.NET.Sdk.WindowsDesktop\targets\Microsoft.WinFX.targets(69,7): message :       
                   C:\Program Files\dotnet\sdk\10.0.201\Sdks\Microsoft.NET.Sdk.WindowsDesktop\targets\Microsoft.WinFX.targets(69,7): message :       ;
                   C:\Program Files\dotnet\sdk\10.0.201\Sdks\Microsoft.NET.Sdk.WindowsDesktop\targets\Microsoft.WinFX.targets(69,7): message :       PrepareResourceNames;
                   C:\Program Files\dotnet\sdk\10.0.201\Sdks\Microsoft.NET.Sdk.WindowsDesktop\targets\Microsoft.WinFX.targets(69,7): message :       ResGen;
                   C:\Program Files\dotnet\sdk\10.0.201\Sdks\Microsoft.NET.Sdk.WindowsDesktop\targets\Microsoft.WinFX.targets(69,7): message :       CompileLicxFiles
                   C:\Program Files\dotnet\sdk\10.0.201\Sdks\Microsoft.NET.Sdk.WindowsDesktop\targets\Microsoft.WinFX.targets(69,7): message :     
                   C:\Program Files\dotnet\sdk\10.0.201\Sdks\Microsoft.NET.Sdk.WindowsDesktop\targets\Microsoft.WinFX.targets(69,7): message :     ”)
                   C:\Program Files\dotnet\sdk\10.0.201\Sdks\Microsoft.NET.Sdk.WindowsDesktop\targets\Microsoft.WinFX.targets(136,5): message : 在 C:\Program Files\dotnet\sdk\10.0.201\Sdks\Microsoft.NET.Sdk.WindowsDesktop\targets\Microsoft.WinFX.targets (136,5) 处重新分配属性: $(CompileDependsOn)=“
                   C:\Program Files\dotnet\sdk\10.0.201\Sdks\Microsoft.NET.Sdk.WindowsDesktop\targets\Microsoft.WinFX.targets(136,5): message :         
                   C:\Program Files\dotnet\sdk\10.0.201\Sdks\Microsoft.NET.Sdk.WindowsDesktop\targets\Microsoft.WinFX.targets(136,5): message :       
                   C:\Program Files\dotnet\sdk\10.0.201\Sdks\Microsoft.NET.Sdk.WindowsDesktop\targets\Microsoft.WinFX.targets(136,5): message :       ResolveReferences;
                   C:\Program Files\dotnet\sdk\10.0.201\Sdks\Microsoft.NET.Sdk.WindowsDesktop\targets\Microsoft.WinFX.targets(136,5): message :       ResolveKeySource;
                   C:\Program Files\dotnet\sdk\10.0.201\Sdks\Microsoft.NET.Sdk.WindowsDesktop\targets\Microsoft.WinFX.targets(136,5): message :       SetWin32ManifestProperties;
                   C:\Program Files\dotnet\sdk\10.0.201\Sdks\Microsoft.NET.Sdk.WindowsDesktop\targets\Microsoft.WinFX.targets(136,5): message :       _SetPreferNativeArm64Win32ManifestProperties;
                   C:\Program Files\dotnet\sdk\10.0.201\Sdks\Microsoft.NET.Sdk.WindowsDesktop\targets\Microsoft.WinFX.targets(136,5): message :       FindReferenceAssembliesForReferences;
                   C:\Program Files\dotnet\sdk\10.0.201\Sdks\Microsoft.NET.Sdk.WindowsDesktop\targets\Microsoft.WinFX.targets(136,5): message :       _GenerateCompileInputs;
                   C:\Program Files\dotnet\sdk\10.0.201\Sdks\Microsoft.NET.Sdk.WindowsDesktop\targets\Microsoft.WinFX.targets(136,5): message :       BeforeCompile;
                   C:\Program Files\dotnet\sdk\10.0.201\Sdks\Microsoft.NET.Sdk.WindowsDesktop\targets\Microsoft.WinFX.targets(136,5): message :       _TimeStampBeforeCompile;
                   C:\Program Files\dotnet\sdk\10.0.201\Sdks\Microsoft.NET.Sdk.WindowsDesktop\targets\Microsoft.WinFX.targets(136,5): message :       _GenerateCompileDependencyCache;
                   C:\Program Files\dotnet\sdk\10.0.201\Sdks\Microsoft.NET.Sdk.WindowsDesktop\targets\Microsoft.WinFX.targets(136,5): message :       CoreCompile;
                   C:\Program Files\dotnet\sdk\10.0.201\Sdks\Microsoft.NET.Sdk.WindowsDesktop\targets\Microsoft.WinFX.targets(136,5): message :       _TimeStampAfterCompile;
                   C:\Program Files\dotnet\sdk\10.0.201\Sdks\Microsoft.NET.Sdk.WindowsDesktop\targets\Microsoft.WinFX.targets(136,5): message :       AfterCompile;
                   C:\Program Files\dotnet\sdk\10.0.201\Sdks\Microsoft.NET.Sdk.WindowsDesktop\targets\Microsoft.WinFX.targets(136,5): message :     ;
                   C:\Program Files\dotnet\sdk\10.0.201\Sdks\Microsoft.NET.Sdk.WindowsDesktop\targets\Microsoft.WinFX.targets(136,5): message :       _CreateAppHost;
                   C:\Program Files\dotnet\sdk\10.0.201\Sdks\Microsoft.NET.Sdk.WindowsDesktop\targets\Microsoft.WinFX.targets(136,5): message :       _CreateComHost;
                   C:\Program Files\dotnet\sdk\10.0.201\Sdks\Microsoft.NET.Sdk.WindowsDesktop\targets\Microsoft.WinFX.targets(136,5): message :       _GetIjwHostPaths;
                   C:\Program Files\dotnet\sdk\10.0.201\Sdks\Microsoft.NET.Sdk.WindowsDesktop\targets\Microsoft.WinFX.targets(136,5): message :     ;
                   C:\Program Files\dotnet\sdk\10.0.201\Sdks\Microsoft.NET.Sdk.WindowsDesktop\targets\Microsoft.WinFX.targets(136,5): message :         _AfterCompileWinFXInternal
                   C:\Program Files\dotnet\sdk\10.0.201\Sdks\Microsoft.NET.Sdk.WindowsDesktop\targets\Microsoft.WinFX.targets(136,5): message :     ”(先前值:“
                   C:\Program Files\dotnet\sdk\10.0.201\Sdks\Microsoft.NET.Sdk.WindowsDesktop\targets\Microsoft.WinFX.targets(136,5): message :       
                   C:\Program Files\dotnet\sdk\10.0.201\Sdks\Microsoft.NET.Sdk.WindowsDesktop\targets\Microsoft.WinFX.targets(136,5): message :       ResolveReferences;
                   C:\Program Files\dotnet\sdk\10.0.201\Sdks\Microsoft.NET.Sdk.WindowsDesktop\targets\Microsoft.WinFX.targets(136,5): message :       ResolveKeySource;
                   C:\Program Files\dotnet\sdk\10.0.201\Sdks\Microsoft.NET.Sdk.WindowsDesktop\targets\Microsoft.WinFX.targets(136,5): message :       SetWin32ManifestProperties;
                   C:\Program Files\dotnet\sdk\10.0.201\Sdks\Microsoft.NET.Sdk.WindowsDesktop\targets\Microsoft.WinFX.targets(136,5): message :       _SetPreferNativeArm64Win32ManifestProperties;
                   C:\Program Files\dotnet\sdk\10.0.201\Sdks\Microsoft.NET.Sdk.WindowsDesktop\targets\Microsoft.WinFX.targets(136,5): message :       FindReferenceAssembliesForReferences;
                   C:\Program Files\dotnet\sdk\10.0.201\Sdks\Microsoft.NET.Sdk.WindowsDesktop\targets\Microsoft.WinFX.targets(136,5): message :       _GenerateCompileInputs;
                   C:\Program Files\dotnet\sdk\10.0.201\Sdks\Microsoft.NET.Sdk.WindowsDesktop\targets\Microsoft.WinFX.targets(136,5): message :       BeforeCompile;
                   C:\Program Files\dotnet\sdk\10.0.201\Sdks\Microsoft.NET.Sdk.WindowsDesktop\targets\Microsoft.WinFX.targets(136,5): message :       _TimeStampBeforeCompile;
                   C:\Program Files\dotnet\sdk\10.0.201\Sdks\Microsoft.NET.Sdk.WindowsDesktop\targets\Microsoft.WinFX.targets(136,5): message :       _GenerateCompileDependencyCache;
                   C:\Program Files\dotnet\sdk\10.0.201\Sdks\Microsoft.NET.Sdk.WindowsDesktop\targets\Microsoft.WinFX.targets(136,5): message :       CoreCompile;
                   C:\Program Files\dotnet\sdk\10.0.201\Sdks\Microsoft.NET.Sdk.WindowsDesktop\targets\Microsoft.WinFX.targets(136,5): message :       _TimeStampAfterCompile;
                   C:\Program Files\dotnet\sdk\10.0.201\Sdks\Microsoft.NET.Sdk.WindowsDesktop\targets\Microsoft.WinFX.targets(136,5): message :       AfterCompile;
                   C:\Program Files\dotnet\sdk\10.0.201\Sdks\Microsoft.NET.Sdk.WindowsDesktop\targets\Microsoft.WinFX.targets(136,5): message :     ;
                   C:\Program Files\dotnet\sdk\10.0.201\Sdks\Microsoft.NET.Sdk.WindowsDesktop\targets\Microsoft.WinFX.targets(136,5): message :       _CreateAppHost;
                   C:\Program Files\dotnet\sdk\10.0.201\Sdks\Microsoft.NET.Sdk.WindowsDesktop\targets\Microsoft.WinFX.targets(136,5): message :       _CreateComHost;
                   C:\Program Files\dotnet\sdk\10.0.201\Sdks\Microsoft.NET.Sdk.WindowsDesktop\targets\Microsoft.WinFX.targets(136,5): message :       _GetIjwHostPaths;
                   C:\Program Files\dotnet\sdk\10.0.201\Sdks\Microsoft.NET.Sdk.WindowsDesktop\targets\Microsoft.WinFX.targets(136,5): message :     ”)
                   C:\Program Files\dotnet\sdk\10.0.201\Sdks\Microsoft.NET.Sdk.WindowsDesktop\targets\Microsoft.WinFX.targets(803,9): message : 在 C:\Program Files\dotnet\sdk\10.0.201\Sdks\Microsoft.NET.Sdk.WindowsDesktop\targets\Microsoft.WinFX.targets (803,9) 处重新分配属性: $(PublishBuildDependsOn)=“
                   C:\Program Files\dotnet\sdk\10.0.201\Sdks\Microsoft.NET.Sdk.WindowsDesktop\targets\Microsoft.WinFX.targets(803,9): message :             BuildOnlySettings;
                   C:\Program Files\dotnet\sdk\10.0.201\Sdks\Microsoft.NET.Sdk.WindowsDesktop\targets\Microsoft.WinFX.targets(803,9): message :             PrepareForBuild;
                   C:\Program Files\dotnet\sdk\10.0.201\Sdks\Microsoft.NET.Sdk.WindowsDesktop\targets\Microsoft.WinFX.targets(803,9): message :             ResolveReferences;
                   C:\Program Files\dotnet\sdk\10.0.201\Sdks\Microsoft.NET.Sdk.WindowsDesktop\targets\Microsoft.WinFX.targets(803,9): message :             PrepareResources;
                   C:\Program Files\dotnet\sdk\10.0.201\Sdks\Microsoft.NET.Sdk.WindowsDesktop\targets\Microsoft.WinFX.targets(803,9): message :             ResolveKeySource;
                   C:\Program Files\dotnet\sdk\10.0.201\Sdks\Microsoft.NET.Sdk.WindowsDesktop\targets\Microsoft.WinFX.targets(803,9): message :             PrepareResourcesForSatelliteAssemblies;
                   C:\Program Files\dotnet\sdk\10.0.201\Sdks\Microsoft.NET.Sdk.WindowsDesktop\targets\Microsoft.WinFX.targets(803,9): message :             GenerateSerializationAssemblies;
                   C:\Program Files\dotnet\sdk\10.0.201\Sdks\Microsoft.NET.Sdk.WindowsDesktop\targets\Microsoft.WinFX.targets(803,9): message :             CreateSatelliteAssemblies;
                   C:\Program Files\dotnet\sdk\10.0.201\Sdks\Microsoft.NET.Sdk.WindowsDesktop\targets\Microsoft.WinFX.targets(803,9): message :         ”(先前值:“
                   C:\Program Files\dotnet\sdk\10.0.201\Sdks\Microsoft.NET.Sdk.WindowsDesktop\targets\Microsoft.WinFX.targets(803,9): message :       BuildOnlySettings;
                   C:\Program Files\dotnet\sdk\10.0.201\Sdks\Microsoft.NET.Sdk.WindowsDesktop\targets\Microsoft.WinFX.targets(803,9): message :       PrepareForBuild;
                   C:\Program Files\dotnet\sdk\10.0.201\Sdks\Microsoft.NET.Sdk.WindowsDesktop\targets\Microsoft.WinFX.targets(803,9): message :       ResolveReferences;
                   C:\Program Files\dotnet\sdk\10.0.201\Sdks\Microsoft.NET.Sdk.WindowsDesktop\targets\Microsoft.WinFX.targets(803,9): message :       PrepareResources;
                   C:\Program Files\dotnet\sdk\10.0.201\Sdks\Microsoft.NET.Sdk.WindowsDesktop\targets\Microsoft.WinFX.targets(803,9): message :       ResolveKeySource;
                   C:\Program Files\dotnet\sdk\10.0.201\Sdks\Microsoft.NET.Sdk.WindowsDesktop\targets\Microsoft.WinFX.targets(803,9): message :       GenerateSerializationAssemblies;
                   C:\Program Files\dotnet\sdk\10.0.201\Sdks\Microsoft.NET.Sdk.WindowsDesktop\targets\Microsoft.WinFX.targets(803,9): message :       CreateSatelliteAssemblies;
                   C:\Program Files\dotnet\sdk\10.0.201\Sdks\Microsoft.NET.Sdk.WindowsDesktop\targets\Microsoft.WinFX.targets(803,9): message :     ”)
                   C:\Program Files\dotnet\sdk\10.0.201\NuGet.Build.Tasks.Pack.targets(34,5): message : 在 C:\Program Files\dotnet\sdk\10.0.201\NuGet.Build.Tasks.Pack.targets (34,5) 处重新分配属性: $(PackageDescription)=“Package Description”(先前值:“”)
                   C:\Program Files\dotnet\sdk\10.0.201\NuGet.Build.Tasks.Pack.targets(59,5): message : 在 C:\Program Files\dotnet\sdk\10.0.201\NuGet.Build.Tasks.Pack.targets (59,5) 处重新分配属性: $(GenerateNuspecDependsOn)=“Build;_LoadPackInputItems; _GetTargetFrameworksOutput; _WalkEachTargetPerFramework; _GetPackageFiles; ”(先前值:“_LoadPackInputItems; _GetTargetFrameworksOutput; _WalkEachTargetPerFramework; _GetPackageFiles; ”)
                   C:\Program Files\dotnet\sdk\10.0.201\Sdks\Microsoft.NET.Sdk\Sdk\Sdk.targets(59,5): message : 在 C:\Program Files\dotnet\sdk\10.0.201\Sdks\Microsoft.NET.Sdk\Sdk\Sdk.targets (59,5) 处重新分配属性: $(_IsNotSetContainersTargetsDir)=“true”(先前值:“false”)
                   C:\Program Files\dotnet\sdk\10.0.201\Containers\build\Microsoft.NET.Build.Containers.targets(5,5): message : 在 C:\Program Files\dotnet\sdk\10.0.201\Containers\build\Microsoft.NET.Build.Containers.targets (5,5) 处重新分配属性: $(_IsSDKContainerAllowedVersion)=“true”(先前值:“false”)
                   C:\Program Files\dotnet\sdk\10.0.201\Containers\build\Microsoft.NET.Build.Containers.targets(15,5): message : 在 C:\Program Files\dotnet\sdk\10.0.201\Containers\build\Microsoft.NET.Build.Containers.targets (15,5) 处重新分配属性: $(_ContainerIsTargetingNet8TFM)=“true”(先前值:“false”)
                   正在使用项目“C:\Program Files\dotnet\sdk\10.0.201\Sdks\Microsoft.NET.Sdk\targets\Microsoft.NET.Sdk.FrameworkReferenceResolution.targets”中的目标“ResolveFrameworkReferences”重写项目“C:\Program Files\dotnet\sdk\10.0.201\Microsoft.Common.CurrentVersion.targets”中的目标“ResolveFrameworkReferences”。
                   正在使用项目“C:\Program Files\dotnet\sdk\10.0.201\Sdks\Microsoft.NET.Sdk\targets\Microsoft.NET.Sdk.targets”中的目标“GenerateSupportedTargetFrameworkAlias”重写项目“C:\Program Files\dotnet\sdk\10.0.201\Microsoft.Common.CurrentVersion.targets”中的目标“GenerateSupportedTargetFrameworkAlias”。
                   正在使用项目“C:\Program Files\dotnet\sdk\10.0.201\Sdks\Microsoft.NET.Sdk\targets\Microsoft.NET.DisableStandardFrameworkResolution.targets”中的目标“GetReferenceAssemblyPaths”重写项目“C:\Program Files\dotnet\sdk\10.0.201\Microsoft.Common.CurrentVersion.targets”中的目标“GetReferenceAssemblyPaths”。
                   正在使用项目“C:\Program Files\dotnet\sdk\10.0.201\Sdks\Microsoft.NET.Sdk\targets\Microsoft.NET.DisableStandardFrameworkResolution.targets”中的目标“GetFrameworkPaths”重写项目“C:\Program Files\dotnet\sdk\10.0.201\Microsoft.Common.CurrentVersion.targets”中的目标“GetFrameworkPaths”。
                   正在使用项目“C:\Program Files\dotnet\sdk\10.0.201\Sdks\Microsoft.NET.Sdk\targets\Microsoft.NET.DesignerSupport.targets”中的目标“DesignerRuntimeImplementationProjectOutputGroup”重写项目“C:\Program Files\dotnet\sdk\10.0.201\Microsoft.Common.CurrentVersion.targets”中的目标“DesignerRuntimeImplementationProjectOutputGroup”。
                   正在使用项目“C:\Program Files\dotnet\sdk\10.0.201\Sdks\Microsoft.NET.Sdk\targets\Microsoft.NET.Publish.targets”中的目标“Publish”重写项目“C:\Program Files\dotnet\sdk\10.0.201\Microsoft.Common.CurrentVersion.targets”中的目标“Publish”。
                   正在使用项目“C:\Program Files\dotnet\sdk\10.0.201\Sdks\Microsoft.NET.Sdk\targets\Microsoft.NET.Publish.targets”中的目标“ResolveReadyToRunCompilers”重写项目“C:\Program Files\dotnet\sdk\10.0.201\Sdks\Microsoft.NET.Sdk\targets\Microsoft.NET.CrossGen.targets”中的目标“ResolveReadyToRunCompilers”。
                   正在使用项目“C:\Program Files\dotnet\sdk\10.0.201\Sdks\Microsoft.NET.Sdk\targets\Microsoft.NET.Publish.targets”中的目标“GetCopyToPublishDirectoryItems”重写项目“C:\Program Files\dotnet\sdk\10.0.201\Microsoft.Common.CurrentVersion.targets”中的目标“GetCopyToPublishDirectoryItems”。
                   正在使用项目“C:\Program Files\dotnet\sdk\10.0.201\Sdks\Microsoft.NET.Sdk\targets\Microsoft.NET.Sdk.targets”中的目标“Run”重写项目“C:\Program Files\dotnet\sdk\10.0.201\Microsoft.Common.CurrentVersion.targets”中的目标“Run”。
                   正在使用项目“C:\Program Files\dotnet\sdk\10.0.201\Sdks\Microsoft.NET.Sdk.WindowsDesktop\targets\Microsoft.WinFX.targets”中的目标“SatelliteDllsProjectOutputGroup”重写项目“C:\Program Files\dotnet\sdk\10.0.201\Microsoft.Common.CurrentVersion.targets”中的目标“SatelliteDllsProjectOutputGroup”。
13:40:40.742     0>初始属性:
                   __WindowsAppSdkDefaultImageIncludes = **/*.png;**/*.bmp;**/*.jpg;**/*.dds;**/*.tif;**/*.tga;**/*.gif
                   _AfterCompileWinFXInternalDependsOn = 
                           PrepareResourcesForSatelliteAssemblies;
                           MergeLocalizationDirectives;
                           AfterCompileWinFX
                       
                   _AfterSdkPublishDependsOn = Publish
                   _ApiCompatValidatePackageSemaphoreFile = obj\Debug\net10.0-windows\Microsoft.NET.ApiCompat.ValidatePackage.semaphore
                   _BeforePublishNoBuildTargets = 
                         BuildOnlySettings;
                         _PreventProjectReferencesFromBuilding;
                         ResolveReferences;
                         PrepareResourceNames;
                         ComputeIntermediateSatelliteAssemblies;
                         ComputeEmbeddedApphostPaths;
                       
                   _BinaryFormatterObsoleteAsError = true
                   _BuildTasksAssemblyName = Microsoft.Build.Tasks.CodeAnalysis
                   _BuildTasksDirectory = C:\Program Files\dotnet\sdk\10.0.201\Sdks\Microsoft.NET.Sdk\targets\..\..\..\Roslyn\
                   _ComHostLibraryExtension = .dll
                   _CompileTargetNameForLocalType = _CompileTemporaryAssembly
                   _CompileTemporaryAssemblyDependsOn = BuildOnlySettings;ResolveKeySource;ResolveProjectReferences;CoreCompile
                   _ContainerIsSelfContained = false
                   _ContainerIsTargetingNet8TFM = true
                   _ContainersTargetsDir = C:\Program Files\dotnet\sdk\10.0.201\Sdks\Microsoft.NET.Sdk\Sdk\..\..\..\Containers\build\
                   _CorePublishTargets = 
                         PrepareForPublish;
                         ComputeAndCopyFilesToPublishDirectory;
                         ;
                         PublishItemsOutputGroup;
                       
                   _CsWinRTGeneratorInteropAssemblyFileName = WinRT.Interop.dll
                   _CsWinRTGeneratorInteropAssemblyName = WinRT.Interop
                   _CsWinRTGeneratorInteropAssemblyPath = F:\C#\WinFormsApp1.WpfRefactor\obj\Debug\net10.0-windows\WinRT.Interop.dll
                   _DebugSymbolsProduced = true
                   _DefaultArtifactsPathPropsImported = true
                   _DefaultUserProfileRuntimeStorePath = C:\Users\jim liu\.dotnet\store
                   _DeploymentApplicationManifestIdentity = WinFormsApp1.Desktop.exe
                   _DeploymentBuiltUpdateInterval = 0
                   _DeploymentBuiltUpdateIntervalUnits = Days
                   _DeploymentDeployManifestIdentity = WinFormsApp1.Desktop.application
                   _DeploymentFileMappingExtension = 
                   _DeploymentLauncherBased = true
                   _DeploymentPublishableProjectDefault = true
                   _DeploymentTargetApplicationManifestFileName = WinFormsApp1.Desktop.dll.manifest
                   _DeploymentUrl = 
                   _DesignerDepsFileName = WinFormsApp1.Desktop.designer.deps.json
                   _DesignerDepsFilePath = obj\Debug\net10.0-windows\WinFormsApp1.Desktop.designer.deps.json
                   _DesignerRuntimeConfigFileName = WinFormsApp1.Desktop.designer.runtimeconfig.json
                   _DesignerRuntimeConfigFilePath = obj\Debug\net10.0-windows\WinFormsApp1.Desktop.designer.runtimeconfig.json
                   _DirectoryBuildPropsBasePath = F:\C#\WinFormsApp1.WpfRefactor
                   _DirectoryBuildPropsFile = Directory.Build.props
                   _DirectoryBuildTargetsBasePath = 
                   _DirectoryBuildTargetsFile = Directory.Build.targets
                   _DirectoryPackagesPropsBasePath = 
                   _DirectoryPackagesPropsFile = Directory.Packages.props
                   _DocumentationFileProduced = false
                   _DotNetAppHostExecutableName = apphost.exe
                   _DotNetAppHostExecutableNameWithoutExtension = apphost
                   _DotNetComHostLibraryName = comhost.dll
                   _DotNetComHostLibraryNameWithoutExtension = comhost
                   _DotNetHostExecutableName = dotnet.exe
                   _DotNetHostFxrLibraryName = libhostfxr.so
                   _DotNetHostPolicyLibraryName = libhostpolicy.so
                   _DotNetIjwHostLibraryName = Ijwhost.dll
                   _DotNetIjwHostLibraryNameWithoutExtension = Ijwhost
                   _DotNetSingleFileHostExecutableNameWithoutExtension = singlefilehost
                   _EnableDefaultWindowsPlatform = false
                   _EnableWindowsDesktopGlobbing = true
                   _EnableWindowsDesktopNetCoreFrameworkReferences = true
                   _FirstTargetFrameworkToSupportAot = net7.0
                   _FirstTargetFrameworkToSupportSingleFile = net6.0
                   _FirstTargetFrameworkToSupportTrimming = net6.0
                   _FirstTargetFrameworkVersionToSupportAotAnalyzer = 7.0
                   _FirstTargetFrameworkVersionToSupportSingleFileAnalyzer = 6.0
                   _FirstTargetFrameworkVersionToSupportTrimAnalyzer = 6.0
                   _GenerateBindingRedirectsIntermediateAppConfig = obj\Debug\net10.0-windows\WinFormsApp1.Desktop.dll.config
                   _GeneratePublishDependencyFilePropertyInputsCache = F:\C#\WinFormsApp1.WpfRefactor\WinFormsApp1.Desktop\obj\Debug\net10.0-windows\WinFormsApp1.Desktop.genpublishdeps.cache
                   _GenerateRestoreGraphProjectEntryInputProperties = ExcludeRestorePackageImports=true
                   _GenerateRuntimeConfigurationPropertyInputsCache = F:\C#\WinFormsApp1.WpfRefactor\WinFormsApp1.Desktop\obj\Debug\net10.0-windows\WinFormsApp1.Desktop.genruntimeconfig.cache
                   _GenerateSingleFileBundlePropertyInputsCache = F:\C#\WinFormsApp1.WpfRefactor\WinFormsApp1.Desktop\obj\Debug\net10.0-windows\WinFormsApp1.Desktop.genbundle.cache
                   _GenerateSourceLinkFileBeforeTargets = CoreCompile
                   _GenerateSourceLinkFileDependsOnTargets = 
                   _GenerateSupportedRuntimeIntermediateAppConfig = obj\Debug\net10.0-windows\WinFormsApp1.Desktop.dll.withSupportedRuntime.config
                   _GetChildProjectCopyToOutputDirectoryItems = true
                   _GetChildProjectCopyToPublishDirectoryItems = true
                   _IjwHostLibraryExtension = .dll
                   _InitialBaseIntermediateOutputPath = obj\
                   _InitialMSBuildProjectExtensionsPath = F:\C#\WinFormsApp1.WpfRefactor\WinFormsApp1.Desktop\obj\
                   _IsDisjointMSBuildVersion = False
                   _IsExecutable = true
                   _IsNETCoreOrNETStandard = true
                   _IsNotSetContainersTargetsDir = true
                   _IsSDKContainerAllowedVersion = true
                   _LatestAnalysisLevel = 10.0
                   _MaxAvailableLangVersion = 14.0
                   _MaxSupportedLangVersion = 14.0
                   _MicrosoftNETSdkWindowsDesktop = true
                   _MicrosoftSourceLinkCommonAssemblyFile = C:\Program Files\dotnet\sdk\10.0.201\Sdks\Microsoft.SourceLink.Common\build\..\tools\net\Microsoft.SourceLink.Common.dll
                   _MinimumNonEolSupportedNetCoreTargetFramework = net8.0
                   _MSBuildVersionMajorMinor = 18.3
                   _NativeExecutableExtension = .exe
                   _NativeLibraryExtension = .so
                   _NativeLibraryPrefix = lib
                   _NETAnalyzersSDKAssemblyVersion = 10.0.201
                   _NETCoreSdkIsPreview = false
                   _NetFrameworkHostedCompilersVersion = 5.3.0-2.26153.122
                   _NoneAnalysisLevel = 4.0
                   _NugetFallbackFolder = C:\Program Files\dotnet\sdk\10.0.201\Sdks\Microsoft.NET.Sdk\targets\..\..\..\..\NuGetFallbackFolder
                   _NugetTargetMonikerAndRID = .NETCoreApp,Version=v10.0
                   _OriginalConfiguration = Debug
                   _OriginalPlatform = AnyCPU
                   _PlatformWithoutConfigurationInference = AnyCPU
                   _PresentationBuildTasksAssembly = C:\Program Files\dotnet\sdk\10.0.201\Sdks\Microsoft.NET.Sdk.WindowsDesktop\tools\net10.0\PresentationBuildTasks.dll
                   _PresentationBuildTasksTfm = net10.0
                   _PreviewAnalysisLevel = 11.0
                   _ProjectDefaultTargets = Build
                   _PublishNoBuildAlternativeDependsOn = 
                         BuildOnlySettings;
                         _PreventProjectReferencesFromBuilding;
                         ResolveReferences;
                         PrepareResourceNames;
                         ComputeIntermediateSatelliteAssemblies;
                         ComputeEmbeddedApphostPaths;
                       ;
                         PrepareForPublish;
                         ComputeAndCopyFilesToPublishDirectory;
                         ;
                         PublishItemsOutputGroup;
                       
                   _PublishProfileDesignerFolder = Properties
                   _PublishProfileRootFolder = F:\C#\WinFormsApp1.WpfRefactor\WinFormsApp1.Desktop\Properties\PublishProfiles\
                   _RecursiveTargetForContentCopying = GetCopyToOutputDirectoryItems
                   _RemoveUnsupportedTargetFrameworksForWindowsDesktop = true
                   _RequireMCPass2ForMainAssembly = false
                   _RequireMCPass2ForSatelliteAssemblyOnly = false
                   _ResolveProjectReferencesTargetName = ResolveProjectReferences
                   _ResolveReferenceDependencies = false
                   _ResourceNameInMainAssembly = WinFormsApp1.Desktop.g.resources
                   _RunCsWinRTGeneratorPropertyInputsCachePath = F:\C#\WinFormsApp1.WpfRefactor\WinFormsApp1.Desktop\obj\Debug\net10.0-windows\WinFormsApp1.Desktop.cswinrtgen.cache
                   _RuntimeIdentifierUsesAppHost = true
                   _SGenDllCreated = false
                   _SGenDllName = WinFormsApp1.Desktop.XmlSerializers.dll
                   _SGenGenerateSerializationAssembliesConfig = Off
                   _SourceLinkAzureReposGitAssemblyFile = C:\Program Files\dotnet\sdk\10.0.201\Sdks\Microsoft.SourceLink.AzureRepos.Git\build\..\tools\net\Microsoft.SourceLink.AzureRepos.Git.dll
                   _SourceLinkBitbucketAssemblyFile = C:\Program Files\dotnet\sdk\10.0.201\Sdks\Microsoft.SourceLink.Bitbucket.Git\build\..\tools\net\Microsoft.SourceLink.Bitbucket.Git.dll
                   _SourceLinkGitHubAssemblyFile = C:\Program Files\dotnet\sdk\10.0.201\Sdks\Microsoft.SourceLink.GitHub\build\..\tools\net\Microsoft.SourceLink.GitHub.dll
                   _SourceLinkGitLabAssemblyFile = C:\Program Files\dotnet\sdk\10.0.201\Sdks\Microsoft.SourceLink.GitLab\build\..\tools\net\Microsoft.SourceLink.GitLab.dll
                   _SourceLinkPropsImported = true
                   _SourceLinkSdkSubDir = build
                   _SupportedArchitectures = amd64 arm64
                   _SupportedPlatformList = @(SupportedPlatform, ',')
                   _TargetFrameworkDirectories = 
                   _TargetFrameworkVersionValue = 10.0
                   _TargetFrameworkVersionWithoutV = 10.0
                   _TargetLatestRuntimePatchIsDefault = true
                   _TargetPlatformVersionUsesCsWinRT3 = false
                   _TargetsThatPrepareProjectReferences = 
                         AssignProjectConfiguration;
                         _SplitProjectReferencesByFileExistence
                       
                   _UndefinedTargetFrameworkVersion = 0.0
                   _UseAttributeForTargetFrameworkInfoPropertyNames = true
                   _UsingDefaultForHasRuntimeOutput = true
                   _UsingDefaultPlatformTarget = true
                   _WindowsDesktopSdkTargetFrameworkVersionFloor = 3.0
                   _WorkloadLibraryPacksFolder = C:\Program Files\dotnet\library-packs
                   AddAdditionalExplicitAssemblyReferences = false
                   AddAppConfigToBuildOutputs = true
                   AfterMicrosoftNETSdkTargets = ;C:\Program Files\dotnet\sdk\10.0.201\Sdks\Microsoft.NET.Sdk\targets\../../Microsoft.NET.Sdk.WindowsDesktop/targets/Microsoft.NET.Sdk.WindowsDesktop.targets
                   AllowedOutputExtensionsInPackageBuildOutputFolder = .dll; .exe; .winmd; .json; .pri; .xml ;
                   AllowedOutputExtensionsInSymbolsPackageBuildOutputFolder = .pdb; .mdb; .dll; .exe; .winmd; .json; .pri; .xml ;; 
                   AllowedReferenceAssemblyFileExtensions = 
                         .winmd;
                         .dll;
                         .exe
                       
                   AllowedReferenceRelatedFileExtensions = 
                         .pdb;
                         .xml;
                         .pri;
                         .dll.config;
                         .exe.config
                       
                   AllowUnsafeBlocks = false
                   AlwaysCompileMarkupFilesInSeparateDomain = true
                   AlwaysIncludeCoreFrameworkInRuntimeConfig = true
                   AlwaysUseNumericalSuffixInItemNames = true
                   AnalysisLevel = latest
                   AppDesignerFolder = Properties
                   AppendPlatformToOutputPath = false
                   AppendRuntimeIdentifierToOutputPath = true
                   AppendTargetFrameworkToOutputPath = true
                   AssemblyFoldersConfigFile = C:\Program Files\dotnet\sdk\10.0.201\AssemblyFolders.config
                   AssemblyFoldersSuffix = AssemblyFoldersEx
                   AssemblyName = WinFormsApp1.Desktop
                   AssemblySearchPaths = {CandidateAssemblyFiles};{HintPathFromItem};{TargetFrameworkDirectory};{RawFileName}
                   AssemblyTitle = WinFormsApp1.Desktop
                   AssetTargetFallback = ;net461;net462;net47;net471;net472;net48;net481
                   AssignTargetPathsDependsOn = 
                   Authors = WinFormsApp1.Desktop
                   AutomaticallyUseReferenceAssemblyPackages = true
                   AutoUnifyAssemblyReferences = true
                   AvailablePlatforms = Any CPU,x86,x64,ARM32,ARM64
                   BaseIntermediateOutputPath = obj\
                   BaseOutputPath = bin\
                   BaseOutputPathWasSpecified = true
                   BuildCompileAction = Build
                   BuildDependsOn = 
                         BeforeBuild;
                         CoreBuild;
                         AfterBuild
                       
                   BuildGenerateSourcesAction = Build
                   BuildingProject = false
                   BuildInParallel = true
                   BuildLinkAction = Build
                   BuildOutputTargetFolder = lib
                   BuildProjectReferences = true
                   BuiltProjectOutputGroupDependenciesDependsOn = 
                         ;
                         
                         ;
                         BuildOnlySettings;
                         PrepareForBuild;
                         AssignTargetPaths;
                         ResolveReferences
                       
                       
                   BuiltProjectOutputGroupDependsOn = PrepareForBuild
                   BundledMSBuildVersion = 18.3.0
                   BundledNETCoreAppPackageVersion = 10.0.5
                   BundledNETCoreAppTargetFrameworkVersion = 10.0
                   BundledNETCorePlatformsPackageVersion = 10.0.5-servicing.26153.111
                   BundledNETStandardPackageVersion = 2.1.0
                   BundledNETStandardTargetFrameworkVersion = 2.1
                   BundledRuntimeIdentifierGraphFile = C:\Program Files\dotnet\sdk\10.0.201\RuntimeIdentifierGraph.json
                   CheckEolTargetFramework = true
                   CheckEolWorkloads = true
                   CheckForOverflowUnderflow = false
                   CleanDependsOn = 
                         BeforeClean;
                         UnmanagedUnregistration;
                         CoreClean;
                         CleanReferencedProjects;
                         CleanPublishFolder;
                         AfterClean
                       
                   CleanFile = WinFormsApp1.Desktop.csproj.FileListAbsolute.txt
                   ClickOncePublishDir = bin\Debug\net10.0-windows\publish\
                   CodeAnalysisRuleIds = CA1000;CA1001;CA1002;CA1003;CA1005;CA1008;CA1010;CA1012;CA1014;CA1016;CA1017;CA1018;CA1019;CA1021;CA1024;CA1027;CA1028;CA1030;CA1031;CA1032;CA1033;CA1034;CA1036;CA1040;CA1041;CA1043;CA1044;CA1045;CA1046;CA1047;CA1050;CA1051;CA1052;CA1054;CA1055;CA1056;CA1058;CA1060;CA1061;CA1062;CA1063;CA1064;CA1065;CA1066;CA1067;CA1068;CA1069;CA1070;CA1200;CA1303;CA1304;CA1305;CA1307;CA1308;CA1309;CA1310;CA1311;CA1401;CA1416;CA1417;CA1418;CA1419;CA1420;CA1421;CA1422;CA1501;CA1502;CA1505;CA1506;CA1507;CA1508;CA1509;CA1510;CA1511;CA1512;CA1513;CA1514;CA1515;CA1516;CA1700;CA1707;CA1708;CA1710;CA1711;CA1712;CA1713;CA1715;CA1716;CA1720;CA1721;CA1724;CA1725;CA1727;CA1802;CA1805;CA1806;CA1810;CA1812;CA1813;CA1814;CA1815;CA1816;CA1819;CA1820;CA1821;CA1822;CA1823;CA1824;CA1825;CA1826;CA1827;CA1828;CA1829;CA1830;CA1831;CA1832;CA1833;CA1834;CA1835;CA1836;CA1837;CA1838;CA1839;CA1840;CA1841;CA1842;CA1843;CA1844;CA1845;CA1846;CA1847;CA1848;CA1849;CA1850;CA1851;CA1852;CA1853;CA1854;CA1855;CA1856;CA1857;CA1858;CA1859;CA1860;CA1861;CA1862;CA1863;CA1864;CA1865;CA1866;CA1867;CA1868;CA1869;CA1870;CA1871;CA1872;CA1873;CA1874;CA1875;CA2000;CA2002;CA2007;CA2008;CA2009;CA2011;CA2012;CA2013;CA2014;CA2015;CA2016;CA2017;CA2018;CA2019;CA2020;CA2021;CA2022;CA2023;CA2024;CA2025;CA2100;CA2101;CA2119;CA2153;CA2200;CA2201;CA2207;CA2208;CA2211;CA2213;CA2214;CA2215;CA2216;CA2217;CA2218;CA2219;CA2224;CA2225;CA2226;CA2227;CA2231;CA2234;CA2235;CA2237;CA2241;CA2242;CA2243;CA2244;CA2245;CA2246;CA2247;CA2248;CA2249;CA2250;CA2251;CA2252;CA2253;CA2254;CA2255;CA2256;CA2257;CA2258;CA2259;CA2260;CA2261;CA2262;CA2263;CA2264;CA2265;CA2300;CA2301;CA2302;CA2305;CA2310;CA2311;CA2312;CA2315;CA2321;CA2322;CA2326;CA2327;CA2328;CA2329;CA2330;CA2350;CA2351;CA2352;CA2353;CA2354;CA2355;CA2356;CA2361;CA2362;CA3001;CA3002;CA3003;CA3004;CA3005;CA3006;CA3007;CA3008;CA3009;CA3010;CA3011;CA3012;CA3061;CA3075;CA3076;CA3077;CA3147;CA5350;CA5351;CA5358;CA5359;CA5360;CA5361;CA5362;CA5363;CA5364;CA5365;CA5366;CA5367;CA5368;CA5369;CA5370;CA5371;CA5372;CA5373;CA5374;CA5375;CA5376;CA5377;CA5378;CA5379;CA5380;CA5381;CA5382;CA5383;CA5384;CA5385;CA5386;CA5387;CA5388;CA5389;CA5390;CA5391;CA5392;CA5393;CA5394;CA5395;CA5396;CA5397;CA5398;CA5399;CA5400;CA5401;CA5402;CA5403;CA5404;CA5405
                   CodeAnalysisTargets = C:\Program Files\dotnet\sdk\10.0.201\Microsoft\VisualStudio\v18.0\CodeAnalysis\Microsoft.CodeAnalysis.targets
                   CommandLineArgsForDesignTimeEvaluation = -langversion:14.0 -define:TRACE
                   CommonOutputGroupsDependsOn = 
                         ;
                         BuildOnlySettings;
                         PrepareForBuild;
                         AssignTargetPaths;
                         ResolveReferences
                       
                   CommonTargetsPath = C:\Program Files\dotnet\sdk\10.0.201\Microsoft.Common.CurrentVersion.targets
                   CommonXamlResourcesDirectory = C:\Program Files\dotnet\sdk\10.0.201\\
                   Company = WinFormsApp1.Desktop
                   CompileDependsOn = 
                           
                         
                         ResolveReferences;
                         ResolveKeySource;
                         SetWin32ManifestProperties;
                         _SetPreferNativeArm64Win32ManifestProperties;
                         FindReferenceAssembliesForReferences;
                         _GenerateCompileInputs;
                         BeforeCompile;
                         _TimeStampBeforeCompile;
                         _GenerateCompileDependencyCache;
                         CoreCompile;
                         _TimeStampAfterCompile;
                         AfterCompile;
                       ;
                         _CreateAppHost;
                         _CreateComHost;
                         _GetIjwHostPaths;
                       ;
                           _AfterCompileWinFXInternal
                       
                   CompileLicxFilesDependsOn = 
                   CompilerApiVersion = roslyn5.3
                   CompilerGeneratedFilesOutputPath = 
                   COMPLUS_FusionEnableForcedFullClosureWalk = 1
                   COMPlus_ThreadPool_UsePortableThreadPool = 0
                   ComputeIntermediateSatelliteAssembliesDependsOn = 
                         CreateManifestResourceNames
                       
                   ComputeNETCoreBuildOutputFiles = true
                   ComReferenceExecuteAsTool = false
                   ComReferenceNoClassMembers = false
                   Configuration = Debug
                   ConfigurationName = Debug
                   Configurations = Debug;Release
                   ConsiderPlatformAsProcessorArchitecture = true
                   ContainerCustomTasksAssembly = C:\Program Files\dotnet\sdk\10.0.201\Containers\build\..\tasks\net10.0\Microsoft.NET.Build.Containers.dll
                   ContainerCustomTasksFolder = C:\Program Files\dotnet\sdk\10.0.201\Containers\build\..\tasks\net10.0\
                   ContainerizeFolder = C:\Program Files\dotnet\sdk\10.0.201\Containers\build\..\containerize\
                   ContainerizeFolderName = containerize
                   ContainerTaskFolderName = tasks
                   ContainerTaskFramework = net10.0
                   ContentFilesProjectOutputGroupDependsOn = PrepareForBuild;AssignTargetPaths
                   ContentPreprocessorOutputDirectory = obj\Debug\net10.0-windows\NuGet\
                   ContentTargetFolders = content;contentFiles
                   ContinueOnError = false
                   CopyBuildOutputToPublishDirectory = true
                   CopyConflictingTransitiveContent = false
                   CopyLocalLockFileAssemblies = true
                   CopyOutputSymbolsToPublishDirectory = true
                   CoreBuildDependsOn = 
                         _CheckForBuildWithNoBuild;
                         
                         BuildOnlySettings;
                         PrepareForBuild;
                         PreBuildEvent;
                         ResolveReferences;
                         PrepareResources;
                         ResolveKeySource;
                         Compile;
                         ExportWindowsMDFile;
                         UnmanagedUnregistration;
                         GenerateSerializationAssemblies;
                         CreateSatelliteAssemblies;
                         GenerateManifests;
                         GetTargetPath;
                         PrepareForRun;
                         UnmanagedRegistration;
                         IncrementalClean;
                         PostBuildEvent
                       ;
                         GenerateBuildDependencyFile;
                         GenerateBuildRuntimeConfigurationFiles
                       
                   CoreCleanDependsOn = 
                         _SdkBeforeClean;
                         
                       
                   CoreCompileDependsOn = ;_ComputeNonExistentFileProperty;ResolveCodeAnalysisRuleSet
                   CoreResGenDependsOn = FindReferenceAssembliesForReferences
                   CreateCustomManifestResourceNamesDependsOn = 
                   CreateHardLinksForCopyAdditionalFilesIfPossible = false
                   CreateManifestResourceNamesDependsOn = 
                   CreateSatelliteAssembliesDependsOn = 
                         
                         ;
                         _GenerateSatelliteAssemblyInputs;
                         ComputeIntermediateSatelliteAssemblies;
                         GenerateSatelliteAssemblies
                       ;
                         CoreGenerateSatelliteAssemblies
                       
                   CreateSymbolicLinksForCopyAdditionalFilesIfPossible = false
                   CSharpCoreTargetsPath = C:\Program Files\dotnet\sdk\10.0.201\Sdks\Microsoft.NET.Sdk\targets\..\..\..\Roslyn\Microsoft.CSharp.Core.targets
                   CSharpDesignTimeTargetsPath = C:\Program Files\dotnet\sdk\10.0.201\\Microsoft\VisualStudio\Managed\Microsoft.CSharp.DesignTime.targets
                   CSharpTargetsPath = C:\Program Files\dotnet\sdk\10.0.201\Microsoft.CSharp.CurrentVersion.targets
                   CsWinRTGenerateInteropAssembly = false
                   CsWinRTGeneratorEnableIncrementalGeneration = true
                   CsWinRTGeneratorInteropAssemblyDirectory = obj\Debug\net10.0-windows\
                   CsWinRTGeneratorLogStandardErrorAsError = true
                   CsWinRTGeneratorMaxDegreesOfParallelism = -1
                   CsWinRTGeneratorStandardErrorImportance = High
                   CsWinRTGeneratorStandardOutputImportance = High
                   CsWinRTGeneratorTreatWarningsAsErrors = false
                   CsWinRTGeneratorValidateWinRTRuntimeAssemblyVersion = true
                   CsWinRTGeneratorValidateWinRTRuntimeDllVersion2References = true
                   CsWinRTUseWindowsUIXamlProjections = false
                   CustomAfterDirectoryBuildProps = ;C:\Program Files\dotnet\sdk\10.0.201\Sdks\Microsoft.NET.Sdk\Sdk\UseArtifactsOutputPath.props
                   CustomAfterMicrosoftCommonProps = C:\Program Files\dotnet\sdk\10.0.201\\vCurrent\Custom.After.Microsoft.Common.props
                   CustomAfterMicrosoftCommonTargets = C:\Program Files\dotnet\sdk\10.0.201\\vCurrent\Custom.After.Microsoft.Common.targets
                   CustomAfterMicrosoftCSharpTargets = C:\Program Files\dotnet\sdk\10.0.201\\vCurrent\Custom.After.Microsoft.CSharp.targets
                   CustomBeforeMicrosoftCommonProps = C:\Program Files\dotnet\sdk\10.0.201\\vCurrent\Custom.Before.Microsoft.Common.props
                   CustomBeforeMicrosoftCommonTargets = C:\Program Files\dotnet\sdk\10.0.201\\vCurrent\Custom.Before.Microsoft.Common.targets
                   CustomBeforeMicrosoftCSharpTargets = C:\Program Files\dotnet\sdk\10.0.201\\vCurrent\Custom.Before.Microsoft.CSharp.targets
                   DebugSymbols = true
                   DebugSymbolsProjectOutputGroupDependenciesDependsOn = 
                         ;
                         
                         ;
                         BuildOnlySettings;
                         PrepareForBuild;
                         AssignTargetPaths;
                         ResolveReferences
                       
                       
                   DebugSymbolsProjectOutputGroupDependsOn = 
                   DebugType = portable
                   DefaultAllowedOutputExtensionsInPackageBuildOutputFolder = .dll; .exe; .winmd; .json; .pri; .xml
                   DefaultAppHostRuntimeIdentifier = win-x64
                   DefaultCopyToPublishDirectoryMetadata = true
                   DefaultExcludesInProjectFolder = ;;**/.*/**
                   DefaultImplicitPackages = Microsoft.NETCore.App;NETStandard.Library
                   DefaultItemExcludes = ;bin\Debug\/**;obj\Debug\/**;bin\/**;obj\/**;bin\Debug\net10.0-windows\publish\/**;**/*.user;**/*.*proj;**/*.sln;**/*.slnx;**/*.vssscc;**/.DS_Store
                   DefaultLanguageSourceExtension = .cs
                   DefaultProjectTypeGuid = {FAE04EC0-301F-11D3-BF4B-00C04F79EFBC}
                   DefaultXamlRuntime = Wpf
                   DefineCommonCapabilities = true
                   DefineCommonItemSchemas = true
                   DefineCommonReferenceSchemas = true
                   DefineConstants = TRACE;DEBUG
                   DelaySign = 
                   DeploymentComputeClickOnceManifestInfoDependsOn = 
                         CleanPublishFolder;
                         GetCopyToOutputDirectoryItems;
                         _DeploymentGenerateTrustInfo;
                         
                       
                   DeploymentType = Installed
                   DesignerRuntimeImplementationProjectOutputGroupDependsOn = 
                         
                         ;
                         
                         ;
                         BuildOnlySettings;
                         PrepareForBuild;
                         AssignTargetPaths;
                         ResolveReferences
                       
                       ;
                         _GenerateDesignerDepsFile;
                         _GenerateDesignerRuntimeConfigFile;
                         GetCopyToOutputDirectoryItems;
                         _GatherDesignerShadowCopyFiles;
                       
                   DesignTimeAssemblySearchPaths = {CandidateAssemblyFiles};{HintPathFromItem};{TargetFrameworkDirectory};{RawFileName}
                   DesignTimeAutoUnify = true
                   DesignTimeResolveAssemblyReferencesDependsOn = 
                         GetFrameworkPaths;
                         GetReferenceAssemblyPaths;
                         ResolveReferences
                       
                   Deterministic = true
                   DirectoryBuildPropsPath = F:\C#\WinFormsApp1.WpfRefactor\Directory.Build.props
                   DisableHandlePackageFileConflicts = true
                   DisableLogTaskParameter_ConvertToAbsolutePath_Path = true
                   DisableLogTaskParameter_FindUnderPath_OutOfPath = true
                   DisableLogTaskParameter_RemoveDuplicates_Inputs = true
                   DisableLogTaskParameterItemMetadata_ConvertToAbsolutePath_AbsolutePaths = true
                   DisableLogTaskParameterItemMetadata_Copy_CopiedFiles = true
                   DisableLogTaskParameterItemMetadata_Copy_DestinationFiles = true
                   DisableLogTaskParameterItemMetadata_Copy_SourceFiles = true
                   DisableLogTaskParameterItemMetadata_FindUnderPath_Files = true
                   DisableLogTaskParameterItemMetadata_FindUnderPath_InPath = true
                   DisableLogTaskParameterItemMetadata_GenerateResource_FilesWritten = true
                   DisableLogTaskParameterItemMetadata_Hash_ItemsToHash = true
                   DisableLogTaskParameterItemMetadata_RemoveDuplicates_Filtered = true
                   DisableLogTaskParameterItemMetadata_WriteLinesToFile_Lines = true
                   DisableStandardFrameworkResolution = true
                   DocumentationFile = 
                   DocumentationProjectOutputGroupDependenciesDependsOn = 
                         ;
                         
                         ;
                         BuildOnlySettings;
                         PrepareForBuild;
                         AssignTargetPaths;
                         ResolveReferences
                       
                       
                   DocumentationProjectOutputGroupDependsOn = 
                   DOTNET_CLI_HOME = F:\C#\WinFormsApp1.WpfRefactor\.dotnet
                   DOTNET_CLI_TELEMETRY_OPTOUT = 1
                   DOTNET_CLI_UI_LANGUAGE = zh-CN
                   DOTNET_gcConcurrent = 0
                   DOTNET_GCHeapCount = 2
                   DOTNET_GCNoAffinitize = 1
                   DOTNET_HOST_PATH = C:\Program Files\dotnet\dotnet.exe
                   DOTNET_MULTILEVEL_LOOKUP = 0
                   DOTNET_TC_CallCountThreshold = 1000
                   DOTNET_ThreadPool_UnfairSemaphoreSpinLimit = 0
                   DotNetApiCompatTaskAssembly = C:\Program Files\dotnet\sdk\10.0.201\Sdks\Microsoft.NET.Sdk\targets\..\tools\net10.0\Microsoft.DotNet.ApiCompat.Task.dll
                   DotnetCliToolTargetFramework = netcoreapp2.2
                   EffectiveAnalysisLevel = 10.0
                   EffectiveCodeAnalysisTreatWarningsAsErrors = 
                   EffectiveTargetPlatformVersion = 7.0
                   EmbeddedResourceUseDependentUponConvention = true
                   EmbeddedWin32Manifest = 
                   EmbedUntrackedSources = true
                   EmitAssetsLogMessages = true
                   EmitCompilerGeneratedFiles = false
                   EmitLegacyAssetsFileItems = false
                   EnableAppxPackageTargetsForUwpClassLibraries = true
                   EnableDefaultApplicationDefinition = true
                   EnableDefaultCompileItems = true
                   EnableDefaultEmbeddedResourceItems = true
                   EnableDefaultItems = true
                   EnableDefaultNoneItems = true
                   EnableDefaultPageItems = true
                   EnableFrameworkPathOverride = false
                   EnableNETAnalyzers = true
                   EnableSdkContainerSupport = true
                   EnableSourceControlManagerQueries = true
                   EnableSourceLink = true
                   EnableUnsafeBinaryFormatterSerialization = false
                   EnableWebSdkImplicitPackageVersions = false
                   EnforceCodeStyleInBuild = false
                   ErrorReport = prompt
                   ExpandSDKAllowedReferenceExtensions = 
                         .winmd;
                         .dll
                       
                   ExpandSDKReferencesDependsOn = 
                         ResolveSDKReferences
                       
                   FileAlignment = 512
                   FindInvalidProjectReferencesDependsOn = 
                         GetReferenceTargetPlatformMonikers
                       
                   Framework20Dir = @(_TargetFramework20DirectoryItem)
                   Framework30Dir = @(_TargetFramework30DirectoryItem)
                   Framework35Dir = @(_TargetFramework35DirectoryItem)
                   Framework40Dir = @(_TargetFramework40DirectoryItem)
                   FrameworkPathOverride = 
                   FrameworkRegistryBase = Software\Microsoft\.NETCoreApp
                   FrameworkSDKDir = @(_TargetFrameworkSDKDirectoryItem)
                   FullReferenceAssemblyNames = Full
                   GenerateAssemblyCompanyAttribute = true
                   GenerateAssemblyConfigurationAttribute = true
                   GenerateAssemblyCopyrightAttribute = true
                   GenerateAssemblyDescriptionAttribute = true
                   GenerateAssemblyFileVersionAttribute = true
                   GenerateAssemblyInfo = true
                   GenerateAssemblyInformationalVersionAttribute = true
                   GenerateAssemblyMetadataAttributes = true
                   GenerateAssemblyProductAttribute = true
                   GenerateAssemblyTitleAttribute = true
                   GenerateAssemblyTrademarkAttribute = true
                   GenerateAssemblyVersionAttribute = true
                   GenerateBindingRedirectsOutputType = true
                   GenerateClickOnceManifests = 
                   GeneratedAssemblyInfoFile = obj\Debug\net10.0-windows\WinFormsApp1.Desktop.AssemblyInfo.cs
                   GenerateDependencyFile = true
                   GeneratedFileExtension = .g.cs
                   GeneratedGlobalUsingsFile = obj\Debug\net10.0-windows\WinFormsApp1.Desktop.GlobalUsings.g.cs
                   GenerateDisableRuntimeMarshallingAttribute = true
                   GenerateDocumentationFile = false
                   GenerateFullPaths = true
                   GenerateInternalsVisibleToAttributes = true
                   GenerateManifestsDependsOn = 
                         SetWin32ManifestProperties;
                         GenerateApplicationManifest;
                         GenerateDeploymentManifest
                       
                   GenerateNeutralResourcesLanguageAttribute = true
                   GenerateNuspecDependsOn = Build;_LoadPackInputItems; _GetTargetFrameworksOutput; _WalkEachTargetPerFramework; _GetPackageFiles; 
                   GeneratePackageOnBuild = false
                   GenerateRepositoryUrlAttribute = true
                   GenerateRequiresPreviewFeaturesAttribute = true
                   GenerateResourceMSBuildArchitecture = CurrentArchitecture
                   GenerateResourceMSBuildRuntime = CurrentRuntime
                   GenerateResourceUsePreserializedResources = true
                   GenerateRuntimeConfigDevFile = false
                   GenerateRuntimeConfigurationFiles = true
                   GenerateSatelliteAssembliesForCore = true
                   GenerateSupportedOSPlatformAttribute = true
                   GenerateTargetFrameworkAttribute = true
                   GenerateTargetPlatformAttribute = true
                   GetCopyToOutputDirectoryItemsDependsOn = 
                         AssignTargetPaths;
                         
                         AssignProjectConfiguration;
                         _SplitProjectReferencesByFileExistence
                       ;
                         _GetProjectReferenceTargetFrameworkProperties;
                         _PopulateCommonStateForGetCopyToOutputDirectoryItems
                       
                   GetFrameworkPathsDependsOn = 
                   GetReferenceNearestTargetFrameworkTaskSupportsTargetPlatformParameter = true
                   GetTargetPathWithTargetPlatformMonikerDependsOn = 
                   HasRuntimeOutput = true
                   HideWarningsAndErrors = false
                   HighEntropyVA = true
                   HostInBrowser = false
                   ImplicitConfigurationDefine = DEBUG
                   ImplicitUsings = enable
                   ImportByWildcardAfterMicrosoftCommonProps = true
                   ImportByWildcardAfterMicrosoftCommonTargets = true
                   ImportByWildcardAfterMicrosoftCSharpTargets = true
                   ImportByWildcardBeforeMicrosoftCommonProps = true
                   ImportByWildcardBeforeMicrosoftCommonTargets = true
                   ImportByWildcardBeforeMicrosoftCSharpTargets = true
                   ImportDirectoryBuildProps = true
                   ImportDirectoryBuildTargets = true
                   ImportDirectoryPackagesProps = true
                   ImportFrameworkWinFXTargets = false
                   ImportNuGetBuildTasksPackTargetsFromSdk = true
                   ImportProjectExtensionProps = true
                   ImportProjectExtensionTargets = true
                   ImportUserLocationsByWildcardAfterMicrosoftCommonProps = true
                   ImportUserLocationsByWildcardAfterMicrosoftCommonTargets = true
                   ImportUserLocationsByWildcardAfterMicrosoftCSharpTargets = true
                   ImportUserLocationsByWildcardBeforeMicrosoftCommonProps = true
                   ImportUserLocationsByWildcardBeforeMicrosoftCommonTargets = true
                   ImportUserLocationsByWildcardBeforeMicrosoftCSharpTargets = true
                   ImportWindowsDesktopTargets = true
                   IncludeBuildOutput = true
                   IncludeContentInPack = true
                   IncludeFileVersionsInDependencyFile = true
                   IncludeMainProjectInDepsFile = true
                   IncludePackageReferencesDuringMarkupCompilation = true
                   IncludeProjectsNotInAssetsFileInDepsFile = true
                   IncludeSourceRevisionInInformationalVersion = true
                   IncludeSymbolsInSingleFile = false
                   InnerBuildProperty = TargetFramework
                   InnerBuildPropertyValues = TargetFrameworks
                   InterceptorsPreviewNamespaces = ;Microsoft.Extensions.Validation.Generated
                   IntermediateOutputPath = obj\Debug\net10.0-windows\
                   IsApplication = true
                   IsNetCoreAppTargetingLatestTFM = true
                   IsPackable = true
                   IsPublishable = true
                   IsRestoreTargetsFileLoaded = true
                   IsRidAgnostic = false
                   Language = C#
                   LanguageTargets = C:\Program Files\dotnet\sdk\10.0.201\Microsoft.CSharp.targets
                   LangVersion = 14.0
                   LocalizationDirectivesToLocFile = None
                   MarkPackageReferencesAsExternallyResolved = true
                   MarkupCompilePass2ForMainAssemblyDependsOn = 
                                        GenerateTemporaryTargetAssembly;
                                        MarkupCompilePass2;
                                        AfterMarkupCompilePass2;
                                        CleanupTemporaryTargetAssembly
                          
                   MaxSupportedLangVersion = 14.0
                   MaxTargetPath = 100
                   MicrosoftBuildTasksGitAssemblyFile = C:\Program Files\dotnet\sdk\10.0.201\Sdks\Microsoft.Build.Tasks.Git\build\..\tools\net\Microsoft.Build.Tasks.Git.dll
                   MicrosoftCommonPropsHasBeenImported = true
                   MicrosoftNETBuildExtensionsTargets = C:\Program Files\dotnet\sdk\10.0.201\\Microsoft\Microsoft.NET.Build.Extensions\Microsoft.NET.Build.Extensions.targets
                   MicrosoftNETBuildExtensionsTasksAssembly = C:\Program Files\dotnet\sdk\10.0.201\Microsoft\Microsoft.NET.Build.Extensions\\tools\net10.0\Microsoft.NET.Build.Extensions.Tasks.dll
                   MicrosoftNETBuildTasksAssembly = C:\Program Files\dotnet\sdk\10.0.201\Sdks\Microsoft.NET.Sdk\targets\..\tools\net10.0\Microsoft.NET.Build.Tasks.dll
                   MicrosoftNETBuildTasksDirectory = C:\Program Files\dotnet\sdk\10.0.201\Sdks\Microsoft.NET.Sdk\targets\..\tools\net10.0\
                   MicrosoftNETBuildTasksDirectoryRoot = C:\Program Files\dotnet\sdk\10.0.201\Sdks\Microsoft.NET.Sdk\targets\..\tools\
                   MicrosoftNETBuildTasksTFM = net10.0
                   MicrosoftNETFrameworkReferenceAssembliesLatestPackageVersion = 1.0.3
                   MicrosoftNETWindowsWorkloadInstalled = true
                   MinimumMSBuildVersion = 18.0.0
                   MinimumVisualStudioVersionForUnsupportedTargetFrameworkVersion = 17.16
                   MsAppxPackageTargets = C:\Program Files\dotnet\sdk\10.0.201\Microsoft\VisualStudio\v18.0\AppxPackage\Microsoft.AppXPackage.Targets
                   MSBuildAllProjects = F:\C#\WinFormsApp1.WpfRefactor\WinFormsApp1.Desktop\WinFormsApp1.Desktop.csproj;;C:\Program Files\dotnet\sdk\10.0.201\Current\Microsoft.Common.targets\ImportAfter\Microsoft.TestPlatform.ImportAfter.targets
                   MSBuildAssemblyVersion = 18.0
                   MSBuildBinPath = C:\Program Files\dotnet\sdk\10.0.201
                   MSBuildCopyContentTransitively = true
                   MSBuildCopyMarkerName = WinForms.864C14B9.Up2Date
                   MSBuildDisableFeaturesFromVersion = 999.999
                   MSBuildEnableWorkloadResolver = false
                   MSBuildExtensionsPath = C:\Program Files\dotnet\sdk\10.0.201\
                   MSBuildExtensionsPath32 = C:\Program Files\dotnet\sdk\10.0.201
                   MSBuildExtensionsPath64 = C:\Program Files\dotnet\sdk\10.0.201
                   MSBUILDFAILONDRIVEENUMERATINGWILDCARD = 1
                   MSBuildFileVersion = 18.3.0.15422
                   MSBuildLoadMicrosoftTargetsReadOnly = true
                   MSBuildNodeCount = 16
                   MSBuildProgramFiles32 = C:\Program Files (x86)
                   MSBuildProjectDefaultTargets = Build
                   MSBuildProjectDirectory = F:\C#\WinFormsApp1.WpfRefactor\WinFormsApp1.Desktop
                   MSBuildProjectDirectoryNoRoot = C#\WinFormsApp1.WpfRefactor\WinFormsApp1.Desktop
                   MSBuildProjectExtension = .csproj
                   MSBuildProjectExtensionsPath = F:\C#\WinFormsApp1.WpfRefactor\WinFormsApp1.Desktop\obj\
                   MSBuildProjectFile = WinFormsApp1.Desktop.csproj
                   MSBuildProjectFullPath = F:\C#\WinFormsApp1.WpfRefactor\WinFormsApp1.Desktop\WinFormsApp1.Desktop.csproj
                   MSBuildProjectName = WinFormsApp1.Desktop
                   MSBuildRuntimeType = Core
                   MSBuildSDKsPath = C:\Program Files\dotnet\sdk\10.0.201\Sdks
                   MSBuildSemanticVersion = 18.3.0-release-26153-122+4d3023de6
                   MSBuildStartupDirectory = F:\C#\WinFormsApp1.WpfRefactor
                   MSBuildToolsPath = C:\Program Files\dotnet\sdk\10.0.201
                   MSBuildToolsVersion = Current
                   MSBuildUserExtensionsPath = C:\Users\jim liu\AppData\Local\Microsoft\MSBuild
                   MSBUILDUSESERVER = 0
                   MSBuildUseVisualStudioDirectoryLayout = False
                   MSBuildVersion = 18.3.0
                   MSBuildWarningsAsErrors = ;NU1605
                   MSBuildWarningsAsMessages = ;1701;1702;NU1510
                   MSBuildWarningsNotAsErrors = 
                   MsTestToolsTargets = C:\Program Files\dotnet\sdk\10.0.201\Microsoft\VisualStudio\v18.0\TeamTest\Microsoft.TeamTest.targets
                   NETCoreAppMaximumVersion = 10.0
                   NetCoreRoot = C:\Program Files\dotnet\
                   NETCoreSdkBundledCliToolsProps = C:\Program Files\dotnet\sdk\10.0.201\Sdks\Microsoft.NET.Sdk\targets\..\..\..\Microsoft.NETCoreSdk.BundledCliTools.props
                   NETCoreSdkBundledMSBuildInformationProps = C:\Program Files\dotnet\sdk\10.0.201\Sdks\Microsoft.NET.Sdk\targets\..\..\..\Microsoft.NETCoreSdk.BundledMSBuildInformation.props
                   NETCoreSdkBundledVersionsProps = C:\Program Files\dotnet\sdk\10.0.201\Sdks\Microsoft.NET.Sdk\targets\..\..\..\Microsoft.NETCoreSdk.BundledVersions.props
                   NETCoreSdkPortableRuntimeIdentifier = win-x64
                   NETCoreSdkRuntimeIdentifier = win-x64
                   NETCoreSdkVersion = 10.0.201
                   NetCoreTargetingPackRoot = C:\Program Files\dotnet\packs
                   NoCompilerStandardLib = true
                   NoStdLib = true
                   NoWarn = 1701;1702;NU1510
                   NuGetAudit = true
                   NuGetAuditLevel = low
                   NuGetAuditMode = all
                   NuGetBuildTasksPackTargets = C:\Program Files\dotnet\sdk\10.0.201\Sdks\Microsoft.NET.Sdk\Sdk\..\..\..\NuGet.Build.Tasks.Pack.targets
                   NuGetInteractive = false
                   NuGetPackageFolders = C:\Users\jim liu\.nuget\packages\;d:\Program Files\Microsoft Visual Studio\Shared\NuGetPackages
                   NuGetPackageRoot = C:\Users\jim liu\.nuget\packages\
                   NuGetPackTaskAssemblyFile = NuGet.Build.Tasks.Pack.dll
                   NuGetProjectStyle = PackageReference
                   NuGetPropsFile = C:\Program Files\dotnet\sdk\10.0.201\NuGet.props
                   NuGetRestoreTargets = C:\Program Files\dotnet\sdk\10.0.201\NuGet.targets
                   NuGetTargetMoniker = .NETCoreApp,Version=v10.0
                   NuGetToolVersion = 7.0.0
                   Nullable = enable
                   NuspecOutputPath = obj\Debug\
                   Optimize = false
                   OSVersion = 5.1.2600.0
                   OutDir = bin\Debug\net10.0-windows\
                   OutputPath = bin\Debug\net10.0-windows\
                   OutputType = WinExe
                   OverwriteReadOnlyFiles = false
                   PackageDescription = Package Description
                   PackageDownloadSupported = true
                   PackageId = WinFormsApp1.Desktop
                   PackageOutputPath = bin\Debug\
                   PackageRequireLicenseAcceptance = false
                   PackageVersion = 1.0.0
                   PackDependsOn = ; _GetRestoreProjectStyle; _IntermediatePack; GenerateNuspec; 
                   PackRelease = true
                   Platform = AnyCPU
                   PlatformName = AnyCPU
                   Platforms = AnyCPU
                   PostBuildEventDependsOn = 
                   PreBuildEventDependsOn = 
                   Prefer32Bit = false
                   PreferNativeArm64 = false
                   PrepareForBuildDependsOn = ;GetFrameworkPaths;GetReferenceAssemblyPaths;AssignLinkMetadata
                   PrepareForRunDependsOn = 
                         CopyFilesToOutputDirectory
                       
                   PrepareProjectReferencesDependsOn = 
                         AssignProjectConfiguration;
                         _SplitProjectReferencesByFileExistence;
                         _GetProjectReferenceTargetFrameworkProperties;
                         _GetProjectReferencePlatformProperties
                       
                   PrepareResourceNamesDependsOn = 
                                       AssignWinFXEmbeddedResource;
                                       
                         AssignTargetPaths;
                         SplitResourcesByCulture;
                         CreateManifestResourceNames;
                         CreateCustomManifestResourceNames
                       
                         
                   PrepareResourcesDependsOn = 
                                   MarkupCompilePass1;
                                   AfterMarkupCompilePass1;
                                   MarkupCompilePass2ForMainAssembly;
                                   FileClassification;
                                   MainResourcesGeneration;
                                   
                         ResolvePackageDependenciesForBuild;
                         _HandlePackageFileConflicts;
                         
                         ;
                         PrepareResourceNames;
                         ResGen;
                         CompileLicxFiles
                       
                       
                         
                   PreserveCompilationReferences = 
                   ProcessorArchitecture = msil
                   ProcessorArchitectureAsPlatform = AnyCPU
                   ProduceReferenceAssembly = true
                   Product = WinFormsApp1.Desktop
                   ProjectAssetsCacheFile = F:\C#\WinFormsApp1.WpfRefactor\WinFormsApp1.Desktop\obj\Debug\net10.0-windows\WinFormsApp1.Desktop.assets.cache
                   ProjectAssetsFile = F:\C#\WinFormsApp1.WpfRefactor\WinFormsApp1.Desktop\obj\project.assets.json
                   ProjectDepsFileName = WinFormsApp1.Desktop.deps.json
                   ProjectDepsFilePath = F:\C#\WinFormsApp1.WpfRefactor\WinFormsApp1.Desktop\bin\Debug\net10.0-windows\WinFormsApp1.Desktop.deps.json
                   ProjectDesignTimeAssemblyResolutionSearchPaths = 
                         {CandidateAssemblyFiles};
                         ;
                         {HintPathFromItem};
                         {TargetFrameworkDirectory};
                         {Registry:Software\Microsoft\.NETCoreApp,v10.0,AssemblyFoldersEx};
                         {RawFileName};
                         F:\C#\WinFormsApp1.WpfRefactor\WinFormsApp1.Desktop\bin\Debug\net10.0-windows\
                       
                   ProjectDir = F:\C#\WinFormsApp1.WpfRefactor\WinFormsApp1.Desktop\
                   ProjectExt = .csproj
                   ProjectFileName = WinFormsApp1.Desktop.csproj
                   ProjectFlavor = Client
                   ProjectName = WinFormsApp1.Desktop
                   ProjectPath = F:\C#\WinFormsApp1.WpfRefactor\WinFormsApp1.Desktop\WinFormsApp1.Desktop.csproj
                   ProjectRuntimeConfigFileName = WinFormsApp1.Desktop.runtimeconfig.json
                   ProjectRuntimeConfigFilePath = F:\C#\WinFormsApp1.WpfRefactor\WinFormsApp1.Desktop\bin\Debug\net10.0-windows\WinFormsApp1.Desktop.runtimeconfig.json
                   PrunePackageDataRoot = C:\Program Files\dotnet\sdk\10.0.201\PrunePackageData
                   PublishableProject = true
                   PublishBuildDependsOn = 
                               BuildOnlySettings;
                               PrepareForBuild;
                               ResolveReferences;
                               PrepareResources;
                               ResolveKeySource;
                               PrepareResourcesForSatelliteAssemblies;
                               GenerateSerializationAssemblies;
                               CreateSatelliteAssemblies;
                           
                   PublishContainerDependsOn = 
                         _ContainerVerifySDKVersion;
                         ComputeContainerConfig;
                         _CheckContainersPackage;
                       
                   PublishDependsOn = 
                         SetGenerateManifests;
                         Build;
                         PublishOnly
                       
                   PublishDir = bin\Debug\net10.0-windows\publish\
                   PublishDirName = publish
                   PublishDocumentationFile = true
                   PublishDocumentationFiles = true
                   PublishItemsOutputGroupDependsOn = 
                         ;
                         ResolveReferences;
                         ComputeResolvedFilesToPublishList;
                         _ComputeFilesToBundle;
                       
                   PublishOnlyDependsOn = 
                         SetGenerateManifests;
                         PublishBuild;
                         BeforePublish;
                         GenerateManifests;
                         CopyFilesToOutputDirectory;
                         _CopyFilesToPublishFolder;
                         _DeploymentGenerateBootstrapper;
                         ResolveKeySource;
                         _DeploymentSignClickOnceDeployment;
                         AfterPublish
                       
                   PublishProfileImported = false
                   PublishReadyToRunComposite = false
                   PublishReadyToRunPerfmapFormatVersion = 1
                   PublishReadyToRunUseCrossgen2 = true
                   PublishReadyToRunUseRuntimePackOptimizationData = true
                   PublishReferencesDocumentationFiles = true
                   PublishRelease = true
                   RebuildDependsOn = 
                         _SdkBeforeRebuild;
                         
                         BeforeRebuild;
                         Clean;
                         Build;
                         AfterRebuild;
                       
                       
                   RefAssembliesFolderName = refs
                   ReferenceCopyLocalPathsOutputGroupDependsOn = 
                         ;
                         
                         ;
                         BuildOnlySettings;
                         PrepareForBuild;
                         AssignTargetPaths;
                         ResolveReferences
                       
                       
                   ReportingServicesTargets = C:\Program Files\dotnet\sdk\10.0.201\\Microsoft\VisualStudio\v18.0\ReportingServices\Microsoft.ReportingServices.targets
                   ResGenDependsOn = ResolveAssemblyReferences;SplitResourcesByCulture;BeforeResGen;CoreResGen;AfterResGen
                   ResGenExecuteAsTool = false
                   ResolveAssemblyReferenceOutputUnresolvedAssemblyConflicts = true
                   ResolveAssemblyReferencesDependsOn = 
                         
                         
                         ResolveProjectReferences;
                         FindInvalidProjectReferences;
                         GetFrameworkPaths;
                         GetReferenceAssemblyPaths;
                         PrepareForBuild;
                         ResolveSDKReferences;
                         ExpandSDKReferences;
                       ;
                         ResolvePackageDependenciesForBuild;
                         _HandlePackageFileConflicts;
                       ;
                         ResolveTargetingPackAssets;
                       
                   ResolveNuGetPackages = false
                   ResolvePackageDependenciesForBuildDependsOn = 
                         ResolveLockFileReferences;
                         ResolveLockFileAnalyzers;
                         ResolveLockFileCopyLocalFiles;
                         ResolveRuntimePackAssets;
                         RunProduceContentAssets;
                         IncludeTransitiveProjectReferences
                       
                   ResolveReferencesDependsOn = 
                         BeforeResolveReferences;
                         AssignProjectConfiguration;
                         ResolveProjectReferences;
                         FindInvalidProjectReferences;
                         ResolveNativeReferences;
                         ResolveAssemblyReferences;
                         GenerateBindingRedirects;
                         GenerateBindingRedirectsUpdateAppConfig;
                         ResolveComReferences;
                         AfterResolveReferences
                       
                   ResolveSDKReferencesDependsOn = 
                         GetInstalledSDKLocations
                       
                   RespectAlreadyAssignedItemCulture = true
                   RestoreAdditionalProjectSources = ;C:\Program Files\dotnet\library-packs
                   RestoreBuildInParallel = true
                   RestoreContinueOnError = WarnAndContinue
                   RestoreEnablePackagePruning = true
                   RestoreOutputPath = F:\C#\WinFormsApp1.WpfRefactor\WinFormsApp1.Desktop\obj\
                   RestorePackagePruningDefault = true
                   RestoreProjectStyle = PackageReference
                   RestoreRecursive = true
                   RestoreSuccess = True
                   RestoreTaskAssemblyFile = NuGet.Build.Tasks.dll
                   RestoreTool = NuGet
                   RestoreUseSkipNonexistentTargets = true
                   RootNamespace = WinFormsApp1.Desktop
                   RoslynAssembliesPath = C:\Program Files\dotnet\sdk\10.0.201\Sdks\Microsoft.NET.Sdk\targets\..\..\..\Roslyn\bincore
                   RoslynCompilerType = Core
                   RoslynCoreAssembliesPath = C:\Program Files\dotnet\sdk\10.0.201\Sdks\Microsoft.NET.Sdk\targets\..\..\..\Roslyn\bincore
                   RoslynTargetsPath = C:\Program Files\dotnet\sdk\10.0.201\Sdks\Microsoft.NET.Sdk\targets\..\..\..\Roslyn
                   RoslynTasksAssembly = C:\Program Files\dotnet\sdk\10.0.201\Sdks\Microsoft.NET.Sdk\targets\..\..\..\Roslyn\Microsoft.Build.Tasks.CodeAnalysis.dll
                   RunAfterInstall = true
                   RunArguments = 
                   RunCommand = F:\C#\WinFormsApp1.WpfRefactor\WinFormsApp1.Desktop\bin\Debug\net10.0-windows\WinFormsApp1.Desktop.exe
                   RunDependsOn = 
                   RunPackageValidationDependsOn = CollectApiCompatInputs;_GetReferencePathFromInnerProjects;
                   RuntimeIdentifierGraphPath = C:\Program Files\dotnet\sdk\10.0.201/PortableRuntimeIdentifierGraph.json
                   RunWorkingDirectory = 
                   SatelliteDllsProjectOutputGroupDependenciesDependsOn = 
                         ;
                         
                         ;
                         BuildOnlySettings;
                         PrepareForBuild;
                         AssignTargetPaths;
                         ResolveReferences
                       
                       
                   SatelliteDllsProjectOutputGroupDependsOn = ;PrepareForBuild;PrepareResourceNames
                   SdkAnalysisLevel = 10.0.200
                   SDKContainerSupportEnabled = true
                   SDKRedistOutputGroupDependsOn = ResolveSDKReferences;ExpandSDKReferences
                   SDKReferenceDirectoryRoot = C:\Users\jim liu\AppData\Local\Microsoft SDKs;C:\Program Files (x86)\Microsoft SDKs
                   SDKReferenceRegistryRoot = Software\Microsoft\Microsoft SDKs
                   SelfContained = false
                   SGenFilesOutputGroupDependenciesDependsOn = 
                         ;
                         
                         ;
                         BuildOnlySettings;
                         PrepareForBuild;
                         AssignTargetPaths;
                         ResolveReferences
                       
                       
                   SGenFilesOutputGroupDependsOn = 
                   SGenShouldGenerateSerializer = true
                   SGenUseKeep = false
                   SGenUseProxyTypes = true
                   ShouldMarkCertainSDKReferencesAsRuntimeOnly = true
                   SignAssembly = false
                   SkipCopyUnchangedFiles = true
                   SkipImportNuGetBuildTargets = true
                   SkipImportNuGetProps = true
                   SolutionDir = *Undefined*
                   SolutionExt = *Undefined*
                   SolutionFileName = *Undefined*
                   SolutionName = *Undefined*
                   SolutionPath = *Undefined*
                   SourceControlInformationFeatureSupported = true
                   SourceControlManagerUrlTranslationTargets = ;TranslateGitHubUrlsInSourceControlInformation;TranslateGitLabUrlsInSourceControlInformation;TranslateAzureReposGitUrlsInSourceControlInformation;TranslateBitbucketGitUrlsInSourceControlInformation
                   SourceFilesProjectOutputGroupDependsOn = PrepareForBuild;AssignTargetPaths
                   SourceLinkUrlInitializerTargets = ;_InitializeGitHubSourceLinkUrl;_InitializeGitLabSourceLinkUrl;_InitializeAzureReposGitSourceLinkUrl;_InitializeBitbucketGitSourceLinkUrl
                   SourceRootMappedPathsFeatureSupported = true
                   SupportedOSPlatformVersion = 7.0
                   SupportsRoslynComponentVersioning = true
                   SuppressDependenciesWhenPacking = false
                   SymbolPackageFormat = symbols.nupkg
                   TargetCulture = *
                   TargetDeployManifestFileName = WinFormsApp1.Desktop.application
                   TargetDir = F:\C#\WinFormsApp1.WpfRefactor\WinFormsApp1.Desktop\bin\Debug\net10.0-windows\
                   TargetedFrameworkDir = @(_TargetedFrameworkDirectoryItem)
                   TargetedSDKArchitecture = msil
                   TargetedSDKConfiguration = Debug
                   TargetExt = .dll
                   TargetFileName = WinFormsApp1.Desktop.dll
                   TargetFramework = net10.0-windows
                   TargetFrameworkDirectory = 
                   TargetFrameworkIdentifier = .NETCoreApp
                   TargetFrameworkMoniker = .NETCoreApp,Version=v10.0
                   TargetFrameworkMonikerAssemblyAttributesPath = obj\Debug\net10.0-windows\.NETCoreApp,Version=v10.0.AssemblyAttributes.cs
                   TargetFrameworkMonikerDisplayName = .NET 10.0
                   TargetFrameworkSDKToolsDirectory = 
                   TargetFrameworkVersion = v10.0
                   TargetLatestRuntimePatch = false
                   TargetName = WinFormsApp1.Desktop
                   TargetPath = F:\C#\WinFormsApp1.WpfRefactor\WinFormsApp1.Desktop\bin\Debug\net10.0-windows\WinFormsApp1.Desktop.dll
                   TargetPlatformDisplayName = Windows 7.0
                   TargetPlatformIdentifier = Windows
                   TargetPlatformMinVersion = 7.0
                   TargetPlatformMoniker = Windows,Version=7.0
                   TargetPlatformRegistryBase = Software\Microsoft\Microsoft SDKs\Windows
                   TargetPlatformSdkPath = 
                   TargetPlatformVersion = 7.0
                   TargetRefPath = F:\C#\WinFormsApp1.WpfRefactor\WinFormsApp1.Desktop\obj\Debug\net10.0-windows\ref\WinFormsApp1.Desktop.dll
                   TargetRuntime = Managed
                   TargetsForTfmSpecificContentInPackage = ;_PackProjectToolValidation
                   ToolDepsJsonGeneratorProject = C:\Program Files\dotnet\sdk\10.0.201\Sdks\Microsoft.NET.Sdk\targets\GenerateDeps\GenerateDeps.proj
                   TreatWarningsAsErrors = false
                   TrimDepsJsonLibrariesWithoutAssets = true
                   UnmanagedRegistrationDependsOn = 
                   UnmanagedUnregistrationDependsOn = 
                   UnsupportedTargetFrameworkVersion = 11.0
                   UseAppHost = true
                   UseCommonOutputDirectory = false
                   UseDefaultPlatformLookupTables = true
                   UseHostCompilerIfAvailable = true
                   UseMSBuildTestInfrastructure = false
                   UseOSWinMdReferences = false
                   UseRidGraph = false
                   UserProfileRuntimeStorePath = C:\Users\jim liu\.dotnet\store
                   UserRuntimeConfig = F:\C#\WinFormsApp1.WpfRefactor\WinFormsApp1.Desktop/runtimeconfig.template.json
                   UseSourcePath = true
                   UseWPF = true
                   UsingMicrosoftNETSdk = true
                   UsingNETSdkDefaults = true
                   Utf8Output = true
                   ValidateRuntimeIdentifierCompatibility = false
                   VerifyMatchingImplicitPackageVersion = true
                   Version = 1.0.0
                   VersionPrefix = 1.0.0
                   VisualBasicCoreTargetsPath = C:\Program Files\dotnet\sdk\10.0.201\Sdks\Microsoft.NET.Sdk\targets\..\..\..\Roslyn\Microsoft.VisualBasic.Core.targets
                   VSTestConsolePath = C:\Program Files\dotnet\sdk\10.0.201\vstest.console.dll
                   VSTestNoBuild = False
                   VSTestTargets = C:\Program Files\dotnet\sdk\10.0.201\\Microsoft.TestPlatform.targets
                   VSTestTaskAssemblyFile = Microsoft.TestPlatform.Build.dll
                   VsTestUseMSBuildOutput = False
                   WarningLevel = 10
                   WarningsAsErrors = ;NU1605;SYSLIB0011
                   WarnOnPackingNonPackableProject = false
                   WebReference_EnableLegacyEventingModel = false
                   WebReference_EnableProperties = true
                   WebReference_EnableSQLTypes = true
                   WMSJSProject = WJProject
                   WMSJSProjectDirectory = JavaScript
                   XamlDebuggingInformation = true
                   YieldDuringToolExecution = true

13:40:40.742     0>初始项:
                   _AllDirectoriesAbove
                       F:\
                       F:\C#
                       F:\C#\WinFormsApp1.WpfRefactor
                       F:\C#\WinFormsApp1.WpfRefactor\WinFormsApp1.Desktop
                       F:\C#\WinFormsApp1.WpfRefactor\WinFormsApp1.Desktop\Services
                       F:\C#\WinFormsApp1.WpfRefactor\WinFormsApp1.Desktop\ViewModels
                   _ApplicationManifestFinal
                       bin\Debug\net10.0-windows\WinFormsApp1.Desktop.dll.manifest
                           TargetPath = WinFormsApp1.Desktop.dll.manifest
                   _DebugSymbolsIntermediatePath
                       obj\Debug\net10.0-windows\WinFormsApp1.Desktop.pdb
                   _DebugSymbolsOutputPath
                       bin\Debug\net10.0-windows\WinFormsApp1.Desktop.pdb
                   _DeploymentManifestEntryPoint
                       obj\Debug\net10.0-windows\WinFormsApp1.Desktop.dll
                           TargetPath = WinFormsApp1.Desktop.dll
                   _EolNetCoreTargetFrameworkVersions
                       1.0
                       1.1
                       2.0
                       2.1
                       2.2
                       3.0
                       3.1
                       5.0
                       6.0
                       7.0
                   _ExcludedKnownRuntimeIdentiferPlatforms
                       rhel.6
                       rhel.6
                       rhel.6
                       rhel.6
                       rhel.6
                       rhel.6
                       rhel.6
                       rhel.6
                       rhel.6
                       rhel.6
                       rhel.6
                       rhel.6
                       rhel.6
                       rhel.6
                       rhel.6
                       rhel.6
                       rhel.6
                       tizen.4.0.0
                       tizen.4.0.0
                       tizen.4.0.0
                       tizen.4.0.0
                       tizen.4.0.0
                       tizen.4.0.0
                       tizen.4.0.0
                       tizen.4.0.0
                       tizen.4.0.0
                       tizen.4.0.0
                       tizen.4.0.0
                       tizen.4.0.0
                       tizen.4.0.0
                       tizen.4.0.0
                       tizen.4.0.0
                       tizen.4.0.0
                       tizen.4.0.0
                       tizen.4.0.0
                       tizen.4.0.0
                       tizen.4.0.0
                       tizen.4.0.0
                       tizen.4.0.0
                       tizen.4.0.0
                       tizen.4.0.0
                       tizen.4.0.0
                       tizen.4.0.0
                       tizen.4.0.0
                       tizen.4.0.0
                       tizen.4.0.0
                       tizen.4.0.0
                       tizen.4.0.0
                       tizen.4.0.0
                       tizen.4.0.0
                       tizen.4.0.0
                       tizen.4.0.0
                       tizen.4.0.0
                       tizen.4.0.0
                       tizen.4.0.0
                       tizen.4.0.0
                       tizen.5.0.0
                       tizen.5.0.0
                       tizen.5.0.0
                       tizen.5.0.0
                       tizen.5.0.0
                       tizen.5.0.0
                       tizen.5.0.0
                       tizen.5.0.0
                       tizen.5.0.0
                       tizen.5.0.0
                       tizen.5.0.0
                       tizen.5.0.0
                       tizen.5.0.0
                       tizen.5.0.0
                       tizen.5.0.0
                       tizen.5.0.0
                       tizen.5.0.0
                       tizen.5.0.0
                       tizen.5.0.0
                       tizen.5.0.0
                       tizen.5.0.0
                       tizen.5.0.0
                       tizen.5.0.0
                       tizen.5.0.0
                       tizen.5.0.0
                       tizen.5.0.0
                       tizen.5.0.0
                       tizen.5.0.0
                       tizen.5.0.0
                       tizen.5.0.0
                       tizen.5.0.0
                       tizen.5.0.0
                       tizen.5.0.0
                       tizen.5.0.0
                       tizen.5.0.0
                       tizen.5.0.0
                       tizen.5.0.0
                       tizen.5.0.0
                       tizen.5.0.0
                   _KnownRuntimeIdentiferPlatforms
                       any
                       any
                       any
                       any
                       any
                       any
                       any
                       any
                       any
                       any
                       any
                       any
                       any
                       any
                       any
                       any
                       any
                       any
                       any
                       any
                       any
                       any
                       any
                       any
                       any
                       any
                       any
                       any
                       any
                       any
                       any
                       any
                       any
                       any
                       any
                       any
                       any
                       any
                       aot
                       aot
                       aot
                       aot
                       aot
                       aot
                       aot
                       aot
                       aot
                       aot
                       aot
                       aot
                       aot
                       aot
                       aot
                       aot
                       aot
                       aot
                       aot
                       aot
                       aot
                       aot
                       aot
                       aot
                       aot
                       aot
                       aot
                       aot
                       aot
                       aot
                       aot
                       aot
                       aot
                       aot
                       aot
                       aot
                       aot
                       aot
                       freebsd
                       freebsd
                       freebsd
                       freebsd
                       freebsd
                       freebsd
                       freebsd
                       freebsd
                       freebsd
                       freebsd
                       freebsd
                       freebsd
                       freebsd
                       freebsd
                       freebsd
                       freebsd
                       freebsd
                       freebsd
                       freebsd
                       freebsd
                       freebsd
                       freebsd
                       freebsd
                       freebsd
                       freebsd
                       freebsd
                       freebsd
                       freebsd
                       freebsd
                       freebsd
                       freebsd
                       freebsd
                       freebsd
                       freebsd
                       freebsd
                       freebsd
                       freebsd
                       freebsd
                       illumos
                       illumos
                       illumos
                       illumos
                       illumos
                       illumos
                       illumos
                       illumos
                       illumos
                       illumos
                       illumos
                       illumos
                       illumos
                       illumos
                       illumos
                       illumos
                       illumos
                       illumos
                       illumos
                       illumos
                       illumos
                       illumos
                       illumos
                       illumos
                       illumos
                       illumos
                       illumos
                       illumos
                       illumos
                       illumos
                       illumos
                       illumos
                       illumos
                       illumos
                       illumos
                       illumos
                       illumos
                       illumos
                       solaris
                       solaris
                       solaris
                       solaris
                       solaris
                       solaris
                       solaris
                       solaris
                       solaris
                       solaris
                       solaris
                       solaris
                       solaris
                       solaris
                       solaris
                       solaris
                       solaris
                       solaris
                       solaris
                       solaris
                       solaris
                       solaris
                       solaris
                       solaris
                       solaris
                       solaris
                       solaris
                       solaris
                       solaris
                       solaris
                       solaris
                       solaris
                       solaris
                       solaris
                       solaris
                       solaris
                       solaris
                       solaris
                       unix
                       unix
                       unix
                       unix
                       unix
                       unix
                       unix
                       unix
                       unix
                       unix
                       unix
                       unix
                       unix
                       unix
                       unix
                       unix
                       unix
                       unix
                       unix
                       unix
                       unix
                       unix
                       unix
                       unix
                       unix
                       unix
                       unix
                       unix
                       unix
                       unix
                       unix
                       unix
                       unix
                       unix
                       unix
                       unix
                       unix
                       unix
                   _NormalizedWindowsSdkSupportedTargetPlatformVersion
                       10.0.17763.0
                           WindowsSdkPackageVersion = 10.0.17763.57
                           MinimumNETVersion = 8.0
                       10.0.17763.0
                           WindowsSdkPackageVersion = 10.0.17763.55
                           MinimumNETVersion = 6.0
                       10.0.17763.0
                           WindowsSdkPackageVersion = 10.0.17763.26
                           MinimumNETVersion = 5.0
                       10.0.17763.1
                           NormalizedSupportedTargetPlatformVersion = 10.0.17763.0
                           WindowsSdkPackageVersion = 10.0.17763.57
                           MinimumNETVersion = 10.0
                       10.0.18362.0
                           WindowsSdkPackageVersion = 10.0.18362.55
                           MinimumNETVersion = 6.0
                       10.0.18362.0
                           WindowsSdkPackageVersion = 10.0.18362.57
                           MinimumNETVersion = 8.0
                       10.0.18362.0
                           WindowsSdkPackageVersion = 10.0.18362.26
                           MinimumNETVersion = 5.0
                       10.0.18362.1
                           NormalizedSupportedTargetPlatformVersion = 10.0.18362.0
                           WindowsSdkPackageVersion = 10.0.18362.57
                           MinimumNETVersion = 10.0
                       10.0.19041.0
                           WindowsSdkPackageVersion = 10.0.19041.55
                           MinimumNETVersion = 6.0
                       10.0.19041.0
                           WindowsSdkPackageVersion = 10.0.19041.26
                           MinimumNETVersion = 5.0
                       10.0.19041.0
                           WindowsSdkPackageVersion = 10.0.19041.57
                           MinimumNETVersion = 8.0
                       10.0.19041.1
                           NormalizedSupportedTargetPlatformVersion = 10.0.19041.0
                           WindowsSdkPackageVersion = 10.0.19041.57
                           MinimumNETVersion = 10.0
                       10.0.20348.0
                           WindowsSdkPackageVersion = 10.0.20348.55
                           MinimumNETVersion = 6.0
                       10.0.20348.0
                           WindowsSdkPackageVersion = 10.0.20348.26
                           MinimumNETVersion = 5.0
                       10.0.20348.0
                           WindowsSdkPackageVersion = 10.0.20348.57
                           MinimumNETVersion = 8.0
                       10.0.20348.1
                           NormalizedSupportedTargetPlatformVersion = 10.0.20348.0
                           WindowsSdkPackageVersion = 10.0.20348.57
                           MinimumNETVersion = 10.0
                       10.0.22000.0
                           WindowsSdkPackageVersion = 10.0.22000.57
                           MinimumNETVersion = 8.0
                       10.0.22000.0
                           WindowsSdkPackageVersion = 10.0.22000.55
                           MinimumNETVersion = 6.0
                       10.0.22000.0
                           WindowsSdkPackageVersion = 10.0.22000.26
                           MinimumNETVersion = 5.0
                       10.0.22000.1
                           NormalizedSupportedTargetPlatformVersion = 10.0.22000.0
                           WindowsSdkPackageVersion = 10.0.22000.57
                           MinimumNETVersion = 10.0
                       10.0.22621.0
                           WindowsSdkPackageVersion = 10.0.22621.57
                           MinimumNETVersion = 8.0
                       10.0.22621.0
                           WindowsSdkPackageVersion = 10.0.22621.55
                           MinimumNETVersion = 6.0
                       10.0.22621.1
                           NormalizedSupportedTargetPlatformVersion = 10.0.22621.0
                           WindowsSdkPackageVersion = 10.0.22621.57
                           MinimumNETVersion = 10.0
                       10.0.26100.0
                           WindowsSdkPackageVersion = 10.0.26100.55
                           MinimumNETVersion = 6.0
                       10.0.26100.0
                           WindowsSdkPackageVersion = 10.0.26100.57
                           MinimumNETVersion = 8.0
                       10.0.26100.1
                           NormalizedSupportedTargetPlatformVersion = 10.0.26100.0
                           WindowsSdkPackageVersion = 10.0.26100.57
                           MinimumNETVersion = 10.0
                       7.0
                       8.0
                   _OutputPathItem
                       bin\Debug\net10.0-windows\
                   _ResolveComReferenceCache
                       obj\Debug\net10.0-windows\WinFormsApp1.Desktop.csproj.ResolveComReference.cache
                   _UnmanagedRegistrationCache
                       obj\WinFormsApp1.Desktop.csproj.UnmanagedRegistration.cache
                   _UnsupportedNETCoreAppTargetFramework
                       .NETCoreApp,Version=v1.0
                       .NETCoreApp,Version=v1.1
                       .NETCoreApp,Version=v2.0
                       .NETCoreApp,Version=v2.1
                       .NETCoreApp,Version=v2.2
                   _UnsupportedNETFrameworkTargetFramework
                       .NETFramework,Version=v2.0
                   _UnsupportedNETStandardTargetFramework
                       .NETStandard,Version=v1.0
                           DisplayName = .NET Standard 1.0
                           Alias = netstandard1.0
                       .NETStandard,Version=v1.1
                           DisplayName = .NET Standard 1.1
                           Alias = netstandard1.1
                       .NETStandard,Version=v1.2
                           DisplayName = .NET Standard 1.2
                           Alias = netstandard1.2
                       .NETStandard,Version=v1.3
                           DisplayName = .NET Standard 1.3
                           Alias = netstandard1.3
                       .NETStandard,Version=v1.4
                           DisplayName = .NET Standard 1.4
                           Alias = netstandard1.4
                       .NETStandard,Version=v1.5
                           DisplayName = .NET Standard 1.5
                           Alias = netstandard1.5
                       .NETStandard,Version=v1.6
                           DisplayName = .NET Standard 1.6
                           Alias = netstandard1.6
                       .NETStandard,Version=v2.0
                           DisplayName = .NET Standard 2.0
                           Alias = netstandard2.0
                       .NETStandard,Version=v2.1
                           DisplayName = .NET Standard 2.1
                           Alias = netstandard2.1
                   AdditionalProbingPath
                       C:\Users\jim liu\.dotnet\store\|arch|\|tfm|
                   AdditionalTargetFrameworkInfoProperty
                       _IsExecutable
                       _SelfContainedWasSpecified
                       IsRidAgnostic
                       SelfContained
                       ShouldBeValidatedAsExecutableReference
                   Analyzer
                       C:\Program Files\dotnet\sdk\10.0.201\Sdks\Microsoft.NET.Sdk\targets\..\analyzers\Microsoft.CodeAnalysis.CSharp.NetAnalyzers.dll
                           IsImplicitlyDefined = true
                       C:\Program Files\dotnet\sdk\10.0.201\Sdks\Microsoft.NET.Sdk\targets\..\analyzers\Microsoft.CodeAnalysis.NetAnalyzers.dll
                           IsImplicitlyDefined = true
                   AppConfigFileDestination
                       bin\Debug\net10.0-windows\WinFormsApp1.Desktop.dll.config
                   ApplicationDefinition
                       App.xaml
                           Generator = MSBuild:Compile
                           XamlRuntime = Wpf
                           SubType = Designer
                   ApplicationManifest
                       obj\Debug\net10.0-windows\WinFormsApp1.Desktop.dll.manifest
                           TargetPath = WinFormsApp1.Desktop.dll.manifest
                   BuiltProjectOutputGroupKeyOutput
                       F:\C#\WinFormsApp1.WpfRefactor\WinFormsApp1.Desktop\obj\Debug\net10.0-windows\WinFormsApp1.Desktop.dll
                           IsKeyOutput = true
                           FinalOutputPath = F:\C#\WinFormsApp1.WpfRefactor\WinFormsApp1.Desktop\bin\Debug\net10.0-windows\WinFormsApp1.Desktop.dll
                           TargetPath = WinFormsApp1.Desktop.dll
                   ClsidMap
                       obj\Debug\net10.0-windows\WinFormsApp1.Desktop.clsidmap
                   Compile
                       App.xaml.cs
                       ApplicationDetailWindow.xaml.cs
                       AssemblyInfo.cs
                       MainWindow.xaml.cs
                       Services\ApplicationAliasStore.cs
                       Services\ApplicationCardMetricPreferenceStore.cs
                       Services\ApplicationIconCache.cs
                       Services\HistoryAnalysisProvider.cs
                       Services\IconPathToImageSourceConverter.cs
                       Services\SystemOverviewProvider.cs
                       Services\WindowedOnlyRecordingStore.cs
                       ViewModels\ApplicationCardMetricOptionViewModel.cs
                       ViewModels\ApplicationCardMetricPreferences.cs
                       ViewModels\ApplicationCardViewModel.cs
                       ViewModels\ApplicationDetailViewModel.cs
                       ViewModels\DashboardViewModel.cs
                       ViewModels\DashboardViewModel.History.cs
                       ViewModels\DetailDisplayPreferences.cs
                       ViewModels\ObservableObject.cs
                       ViewModels\RelayCommand.cs
                       ViewModels\WhitelistCandidateViewModel.cs
                   CompilerVisibleProperty
                       _SupportedPlatformList
                       CsWinRTUseWindowsUIXamlProjections
                       EnableComHosting
                       EnableGeneratedComInterfaceComImportInterop
                       EnforceExtendedAnalyzerRules
                       InvariantGlobalization
                       PlatformNeutralAssembly
                       ProjectDir
                       ProjectTypeGuids
                       RootNamespace
                       TargetFramework
                       TargetFrameworkIdentifier
                       TargetFrameworkVersion
                       TargetPlatformMinVersion
                       UsingMicrosoftNETSdkWeb
                   CopyUpToDateMarker
                       F:\C#\WinFormsApp1.WpfRefactor\WinFormsApp1.Desktop\obj\Debug\net10.0-windows\WinForms.864C14B9.Up2Date
                   CreateDirectory
                       F:\C#\WinFormsApp1.WpfRefactor\WinFormsApp1.Desktop\obj\Debug\net10.0-windows\refint\
                       obj\Debug\net10.0-windows\ref
                   DebugSymbolsProjectOutputGroupOutput
                       F:\C#\WinFormsApp1.WpfRefactor\WinFormsApp1.Desktop\obj\Debug\net10.0-windows\WinFormsApp1.Desktop.pdb
                           FinalOutputPath = F:\C#\WinFormsApp1.WpfRefactor\WinFormsApp1.Desktop\bin\Debug\net10.0-windows\WinFormsApp1.Desktop.pdb
                           TargetPath = WinFormsApp1.Desktop.pdb
                   DeployManifest
                       obj\Debug\net10.0-windows\WinFormsApp1.Desktop.application
                           TargetPath = WinFormsApp1.Desktop.application
                   EmbedInBinlog
                       F:\C#\WinFormsApp1.WpfRefactor\WinFormsApp1.Desktop\obj\project.assets.json
                   FrameworkReference
                       Microsoft.NETCore.App
                           IsImplicitlyDefined = true
                           PrivateAssets = All
                           Pack = false
                       Microsoft.WindowsDesktop.App.WPF
                           IsImplicitlyDefined = true
                   GenerateRuntimeConfigurationFilesInputs
                       F:\C#\WinFormsApp1.WpfRefactor\WinFormsApp1.Desktop\obj\Debug\net10.0-windows\WinFormsApp1.Desktop.assets.cache
                       F:\C#\WinFormsApp1.WpfRefactor\WinFormsApp1.Desktop\obj\project.assets.json
                   GlobalAnalyzerConfigFiles
                       F:\.globalconfig
                       F:\C#\.globalconfig
                       F:\C#\WinFormsApp1.WpfRefactor\.globalconfig
                       F:\C#\WinFormsApp1.WpfRefactor\WinFormsApp1.Desktop\.globalconfig
                       F:\C#\WinFormsApp1.WpfRefactor\WinFormsApp1.Desktop\Services\.globalconfig
                       F:\C#\WinFormsApp1.WpfRefactor\WinFormsApp1.Desktop\ViewModels\.globalconfig
                   ImplicitPackageReferenceVersion
                       Microsoft.AspNetCore.All
                           LatestVersion = 2.1.30
                           DefaultVersion = 2.1.1
                           TargetFrameworkVersion = 2.1
                       Microsoft.AspNetCore.All
                           LatestVersion = 2.2.8
                           DefaultVersion = 2.2.0
                           TargetFrameworkVersion = 2.2
                       Microsoft.AspNetCore.App
                           LatestVersion = 2.1.30
                           DefaultVersion = 2.1.1
                           TargetFrameworkVersion = 2.1
                       Microsoft.AspNetCore.App
                           LatestVersion = 2.2.8
                           DefaultVersion = 2.2.0
                           TargetFrameworkVersion = 2.2
                       Microsoft.NETCore.App
                           LatestVersion = 1.0.16
                           DefaultVersion = 1.0.5
                           TargetFrameworkVersion = 1.0
                       Microsoft.NETCore.App
                           LatestVersion = 1.1.13
                           DefaultVersion = 1.1.2
                           TargetFrameworkVersion = 1.1
                       Microsoft.NETCore.App
                           LatestVersion = 2.0.9
                           DefaultVersion = 2.0.0
                           TargetFrameworkVersion = 2.0
                       Microsoft.NETCore.App
                           LatestVersion = 2.1.30
                           DefaultVersion = 2.1.0
                           TargetFrameworkVersion = 2.1
                       Microsoft.NETCore.App
                           LatestVersion = 2.2.8
                           DefaultVersion = 2.2.0
                           TargetFrameworkVersion = 2.2
                   IntermediateAssembly
                       obj\Debug\net10.0-windows\WinFormsApp1.Desktop.dll
                   IntermediateRefAssembly
                       obj\Debug\net10.0-windows\refint\WinFormsApp1.Desktop.dll
                   KnownAppHostPack
                       Microsoft.NETCore.App
                           ExcludedRuntimeIdentifiers = android
                           AppHostRuntimeIdentifiers = linux-arm;linux-arm64;linux-musl-arm64;linux-musl-x64;linux-x64;osx-x64;tizen.4.0.0-armel;tizen.5.0.0-armel;win-arm64;win-x64;win-x86;linux-musl-arm;osx-arm64;linux-s390x;linux-loongarch64;linux-bionic-arm;linux-bionic-arm64;linux-bionic-x64;linux-bionic-x86;linux-ppc64le;freebsd-x64;freebsd-arm64;linux-riscv64;linux-musl-riscv64;linux-musl-loongarch64
                           TargetFramework = net10.0
                           AppHostPackNamePattern = Microsoft.NETCore.App.Host.**RID**
                           AppHostPackVersion = 10.0.5
                       Microsoft.NETCore.App
                           ExcludedRuntimeIdentifiers = android
                           AppHostRuntimeIdentifiers = linux-arm;linux-arm64;linux-musl-arm64;linux-musl-x64;linux-x64;osx-x64;tizen.4.0.0-armel;tizen.5.0.0-armel;win-arm64;win-x64;win-x86;linux-musl-arm;osx-arm64;linux-s390x;linux-loongarch64;linux-bionic-arm;linux-bionic-arm64;linux-bionic-x64;linux-bionic-x86;linux-ppc64le;freebsd-x64;freebsd-arm64;linux-riscv64;linux-musl-riscv64;linux-musl-loongarch64
                           TargetFramework = net9.0
                           AppHostPackNamePattern = Microsoft.NETCore.App.Host.**RID**
                           AppHostPackVersion = 9.0.14
                       Microsoft.NETCore.App
                           ExcludedRuntimeIdentifiers = android
                           AppHostRuntimeIdentifiers = linux-arm;linux-arm64;linux-musl-arm64;linux-musl-x64;linux-x64;osx-x64;tizen.4.0.0-armel;tizen.5.0.0-armel;win-arm64;win-x64;win-x86;linux-musl-arm;osx-arm64;linux-s390x;linux-loongarch64;linux-bionic-arm;linux-bionic-arm64;linux-bionic-x64;linux-bionic-x86;linux-ppc64le;freebsd-x64;freebsd-arm64
                           TargetFramework = net8.0
                           AppHostPackNamePattern = Microsoft.NETCore.App.Host.**RID**
                           AppHostPackVersion = 8.0.25
                       Microsoft.NETCore.App
                           ExcludedRuntimeIdentifiers = android
                           AppHostRuntimeIdentifiers = linux-arm;linux-arm64;linux-musl-arm64;linux-musl-x64;linux-x64;osx-x64;tizen.4.0.0-armel;tizen.5.0.0-armel;win-arm;win-arm64;win-x64;win-x86;linux-musl-arm;osx-arm64;linux-s390x;linux-loongarch64;linux-bionic-arm;linux-bionic-arm64;linux-bionic-x64;linux-bionic-x86;linux-ppc64le
                           TargetFramework = net7.0
                           AppHostPackNamePattern = Microsoft.NETCore.App.Host.**RID**
                           AppHostPackVersion = 7.0.20
                       Microsoft.NETCore.App
                           ExcludedRuntimeIdentifiers = android
                           AppHostRuntimeIdentifiers = linux-arm;linux-arm64;linux-musl-arm64;linux-musl-x64;linux-x64;osx-x64;tizen.4.0.0-armel;tizen.5.0.0-armel;win-arm;win-arm64;win-x64;win-x86;linux-musl-arm;osx-arm64;linux-s390x;linux-loongarch64
                           TargetFramework = net6.0
                           AppHostPackNamePattern = Microsoft.NETCore.App.Host.**RID**
                           AppHostPackVersion = 6.0.36
                       Microsoft.NETCore.App
                           AppHostRuntimeIdentifiers = linux-arm;linux-arm64;linux-musl-arm64;linux-musl-x64;linux-x64;osx-x64;tizen.4.0.0-armel;tizen.5.0.0-armel;win-arm;win-arm64;win-x64;win-x86;linux-musl-arm
                           TargetFramework = net5.0
                           AppHostPackNamePattern = Microsoft.NETCore.App.Host.**RID**
                           AppHostPackVersion = 5.0.17
                       Microsoft.NETCore.App
                           AppHostRuntimeIdentifiers = linux-arm;linux-arm64;linux-musl-arm64;linux-musl-x64;linux-x64;osx-x64;tizen.4.0.0-armel;tizen.5.0.0-armel;win-arm;win-arm64;win-x64;win-x86
                           TargetFramework = netcoreapp3.1
                           AppHostPackNamePattern = Microsoft.NETCore.App.Host.**RID**
                           AppHostPackVersion = 3.1.32
                       Microsoft.NETCore.App
                           AppHostRuntimeIdentifiers = linux-arm;linux-arm64;linux-musl-arm64;linux-musl-x64;linux-x64;osx-x64;tizen.4.0.0-armel;tizen.5.0.0-armel;win-arm;win-arm64;win-x64;win-x86
                           TargetFramework = netcoreapp3.0
                           AppHostPackNamePattern = Microsoft.NETCore.App.Host.**RID**
                           AppHostPackVersion = 3.0.3
                   KnownAspNetCorePack
                       Microsoft.AspNetCore.App.Internal.Assets
                           TargetFramework = net10.0
                           AspNetCorePackVersion = 10.0.5
                   KnownCrossgen2Pack
                       Microsoft.NETCore.App.Crossgen2
                           Crossgen2RuntimeIdentifiers = linux-musl-x64;linux-x64;win-x64;linux-arm;linux-arm64;linux-musl-arm;linux-musl-arm64;osx-arm64;osx-x64;win-arm64;win-x86;freebsd-x64;freebsd-arm64;linux-riscv64;linux-musl-riscv64;linux-loongarch64;linux-musl-loongarch64
                           TargetFramework = net10.0
                           Crossgen2PackNamePattern = Microsoft.NETCore.App.Crossgen2.**RID**
                           Crossgen2PackVersion = 10.0.5
                           Crossgen2PortableRuntimeIdentifiers = linux-musl-x64;linux-x64;win-x64;linux-arm;linux-arm64;linux-musl-arm;linux-musl-arm64;osx-arm64;osx-x64;win-arm64;win-x86;freebsd-x64;freebsd-arm64;linux-riscv64;linux-musl-riscv64;linux-loongarch64;linux-musl-loongarch64
                       Microsoft.NETCore.App.Crossgen2
                           Crossgen2RuntimeIdentifiers = linux-musl-x64;linux-x64;win-x64;linux-arm;linux-arm64;linux-musl-arm;linux-musl-arm64;osx-arm64;osx-x64;win-arm64;win-x86;freebsd-x64;freebsd-arm64;linux-riscv64;linux-musl-riscv64;linux-loongarch64;linux-musl-loongarch64
                           TargetFramework = net9.0
                           Crossgen2PackNamePattern = Microsoft.NETCore.App.Crossgen2.**RID**
                           Crossgen2PackVersion = 9.0.14
                       Microsoft.NETCore.App.Crossgen2
                           Crossgen2RuntimeIdentifiers = linux-musl-x64;linux-x64;win-x64;linux-arm;linux-arm64;linux-musl-arm;linux-musl-arm64;osx-arm64;osx-x64;win-arm64;win-x86;freebsd-x64;freebsd-arm64
                           TargetFramework = net8.0
                           Crossgen2PackNamePattern = Microsoft.NETCore.App.Crossgen2.**RID**
                           Crossgen2PackVersion = 8.0.25
                       Microsoft.NETCore.App.Crossgen2
                           Crossgen2RuntimeIdentifiers = linux-musl-x64;linux-x64;win-x64;linux-arm;linux-arm64;linux-musl-arm;linux-musl-arm64;osx-arm64;osx-x64;win-arm;win-arm64;win-x86
                           TargetFramework = net7.0
                           Crossgen2PackNamePattern = Microsoft.NETCore.App.Crossgen2.**RID**
                           Crossgen2PackVersion = 7.0.20
                       Microsoft.NETCore.App.Crossgen2
                           Crossgen2RuntimeIdentifiers = linux-musl-x64;linux-x64;win-x64;linux-arm;linux-arm64;linux-musl-arm;linux-musl-arm64;osx-arm64;osx-x64;win-arm;win-arm64;win-x86
                           TargetFramework = net6.0
                           Crossgen2PackNamePattern = Microsoft.NETCore.App.Crossgen2.**RID**
                           Crossgen2PackVersion = 6.0.36
                       Microsoft.NETCore.App.Crossgen2
                           Crossgen2RuntimeIdentifiers = linux-musl-x64;linux-x64;win-x64
                           TargetFramework = net5.0
                           Crossgen2PackNamePattern = Microsoft.NETCore.App.Crossgen2.**RID**
                           Crossgen2PackVersion = 5.0.17
                   KnownFrameworkReference
                       Microsoft.AspNetCore.App
                           TargetFramework = netcoreapp3.1
                           DefaultRuntimeFrameworkVersion = 3.1.0
                           TargetingPackName = Microsoft.AspNetCore.App.Ref
                           LatestRuntimeFrameworkVersion = 3.1.32
                           RuntimePackRuntimeIdentifiers = win-x64;win-x86;win-arm;osx-x64;linux-musl-x64;linux-musl-arm64;linux-x64;linux-arm;linux-arm64
                           RuntimePackNamePatterns = Microsoft.AspNetCore.App.Runtime.**RID**
                           TargetingPackVersion = 3.1.10
                           RuntimeFrameworkName = Microsoft.AspNetCore.App
                       Microsoft.AspNetCore.App
                           TargetFramework = net10.0
                           DefaultRuntimeFrameworkVersion = 10.0.0
                           TargetingPackName = Microsoft.AspNetCore.App.Ref
                           LatestRuntimeFrameworkVersion = 10.0.5
                           RuntimePackExcludedRuntimeIdentifiers = android;linux-bionic
                           RuntimePackRuntimeIdentifiers = win-x64;win-x86;osx-x64;linux-musl-x64;linux-musl-arm64;linux-x64;linux-arm;linux-arm64;linux-musl-arm;win-arm64;osx-arm64;linux-s390x;linux-loongarch64;linux-ppc64le;freebsd-x64;freebsd-arm64;linux-riscv64;linux-musl-riscv64;linux-loongarch64;linux-musl-loongarch64
                           RuntimePackNamePatterns = Microsoft.AspNetCore.App.Runtime.**RID**
                           TargetingPackVersion = 10.0.5
                           RuntimeFrameworkName = Microsoft.AspNetCore.App
                       Microsoft.AspNetCore.App
                           TargetFramework = net5.0
                           DefaultRuntimeFrameworkVersion = 5.0.0
                           TargetingPackName = Microsoft.AspNetCore.App.Ref
                           LatestRuntimeFrameworkVersion = 5.0.17
                           RuntimePackRuntimeIdentifiers = win-x64;win-x86;win-arm;osx-x64;linux-musl-x64;linux-musl-arm64;linux-x64;linux-arm;linux-arm64;linux-musl-arm;win-arm64
                           RuntimePackNamePatterns = Microsoft.AspNetCore.App.Runtime.**RID**
                           TargetingPackVersion = 5.0.0
                           RuntimeFrameworkName = Microsoft.AspNetCore.App
                       Microsoft.AspNetCore.App
                           TargetFramework = net6.0
                           DefaultRuntimeFrameworkVersion = 6.0.0
                           TargetingPackName = Microsoft.AspNetCore.App.Ref
                           LatestRuntimeFrameworkVersion = 6.0.36
                           RuntimePackRuntimeIdentifiers = win-x64;win-x86;win-arm;osx-x64;linux-musl-x64;linux-musl-arm64;linux-x64;linux-arm;linux-arm64;linux-musl-arm;win-arm64;osx-arm64;linux-s390x;linux-loongarch64
                           RuntimePackNamePatterns = Microsoft.AspNetCore.App.Runtime.**RID**
                           TargetingPackVersion = 6.0.36
                           RuntimeFrameworkName = Microsoft.AspNetCore.App
                       Microsoft.AspNetCore.App
                           TargetFramework = netcoreapp3.0
                           DefaultRuntimeFrameworkVersion = 3.0.0
                           TargetingPackName = Microsoft.AspNetCore.App.Ref
                           LatestRuntimeFrameworkVersion = 3.0.3
                           RuntimePackRuntimeIdentifiers = win-x64;win-x86;win-arm;osx-x64;linux-musl-x64;linux-musl-arm64;linux-x64;linux-arm;linux-arm64
                           RuntimePackNamePatterns = Microsoft.AspNetCore.App.Runtime.**RID**
                           TargetingPackVersion = 3.0.1
                           RuntimeFrameworkName = Microsoft.AspNetCore.App
                       Microsoft.AspNetCore.App
                           TargetFramework = net9.0
                           DefaultRuntimeFrameworkVersion = 9.0.0
                           TargetingPackName = Microsoft.AspNetCore.App.Ref
                           LatestRuntimeFrameworkVersion = 9.0.14
                           RuntimePackExcludedRuntimeIdentifiers = android;linux-bionic
                           RuntimePackRuntimeIdentifiers = win-x64;win-x86;osx-x64;linux-musl-x64;linux-musl-arm64;linux-x64;linux-arm;linux-arm64;linux-musl-arm;win-arm64;osx-arm64;linux-s390x;linux-loongarch64;linux-ppc64le;freebsd-x64;freebsd-arm64;linux-riscv64;linux-musl-riscv64;linux-loongarch64;linux-musl-loongarch64
                           RuntimePackNamePatterns = Microsoft.AspNetCore.App.Runtime.**RID**
                           TargetingPackVersion = 9.0.14
                           RuntimeFrameworkName = Microsoft.AspNetCore.App
                       Microsoft.AspNetCore.App
                           TargetFramework = net7.0
                           DefaultRuntimeFrameworkVersion = 7.0.0
                           TargetingPackName = Microsoft.AspNetCore.App.Ref
                           LatestRuntimeFrameworkVersion = 7.0.20
                           RuntimePackExcludedRuntimeIdentifiers = android
                           RuntimePackRuntimeIdentifiers = win-x64;win-x86;win-arm;osx-x64;linux-musl-x64;linux-musl-arm64;linux-x64;linux-arm;linux-arm64;linux-musl-arm;win-arm64;osx-arm64;linux-s390x;linux-loongarch64;linux-ppc64le
                           RuntimePackNamePatterns = Microsoft.AspNetCore.App.Runtime.**RID**
                           TargetingPackVersion = 7.0.20
                           RuntimeFrameworkName = Microsoft.AspNetCore.App
                       Microsoft.AspNetCore.App
                           TargetFramework = net8.0
                           DefaultRuntimeFrameworkVersion = 8.0.0
                           TargetingPackName = Microsoft.AspNetCore.App.Ref
                           LatestRuntimeFrameworkVersion = 8.0.25
                           RuntimePackExcludedRuntimeIdentifiers = android;linux-bionic
                           RuntimePackRuntimeIdentifiers = win-x64;win-x86;osx-x64;linux-musl-x64;linux-musl-arm64;linux-x64;linux-arm;linux-arm64;linux-musl-arm;win-arm64;osx-arm64;linux-s390x;linux-loongarch64;linux-ppc64le;freebsd-x64;freebsd-arm64
                           RuntimePackNamePatterns = Microsoft.AspNetCore.App.Runtime.**RID**
                           TargetingPackVersion = 8.0.25
                           RuntimeFrameworkName = Microsoft.AspNetCore.App
                       Microsoft.NETCore.App
                           TargetFramework = net10.0
                           DefaultRuntimeFrameworkVersion = 10.0.0
                           TargetingPackName = Microsoft.NETCore.App.Ref
                           LatestRuntimeFrameworkVersion = 10.0.5
                           RuntimePackRuntimeIdentifiers = linux-arm;linux-arm64;linux-musl-arm64;linux-musl-x64;linux-x64;osx-x64;tizen.4.0.0-armel;tizen.5.0.0-armel;win-arm64;win-x64;win-x86;linux-musl-arm;osx-arm64;linux-s390x;linux-loongarch64;linux-bionic-arm;linux-bionic-arm64;linux-bionic-x64;linux-bionic-x86;linux-ppc64le;freebsd-x64;freebsd-arm64;linux-riscv64;linux-musl-riscv64;linux-musl-loongarch64;android-arm64;android-x64
                           RuntimePackNamePatterns = Microsoft.NETCore.App.Runtime.**RID**
                           TargetingPackVersion = 10.0.5
                           RuntimeFrameworkName = Microsoft.NETCore.App
                       Microsoft.NETCore.App
                           TargetFramework = netcoreapp3.0
                           DefaultRuntimeFrameworkVersion = 3.0.0
                           TargetingPackName = Microsoft.NETCore.App.Ref
                           LatestRuntimeFrameworkVersion = 3.0.3
                           RuntimePackRuntimeIdentifiers = linux-arm;linux-arm64;linux-musl-arm64;linux-musl-x64;linux-x64;osx-x64;tizen.4.0.0-armel;tizen.5.0.0-armel;win-arm;win-arm64;win-x64;win-x86
                           RuntimePackNamePatterns = Microsoft.NETCore.App.Runtime.**RID**
                           TargetingPackVersion = 3.0.0
                           IsTrimmable = true
                           RuntimeFrameworkName = Microsoft.NETCore.App
                       Microsoft.NETCore.App
                           TargetFramework = netcoreapp3.1
                           DefaultRuntimeFrameworkVersion = 3.1.0
                           TargetingPackName = Microsoft.NETCore.App.Ref
                           LatestRuntimeFrameworkVersion = 3.1.32
                           RuntimePackRuntimeIdentifiers = linux-arm;linux-arm64;linux-musl-arm64;linux-musl-x64;linux-x64;osx-x64;tizen.4.0.0-armel;tizen.5.0.0-armel;win-arm;win-arm64;win-x64;win-x86
                           RuntimePackNamePatterns = Microsoft.NETCore.App.Runtime.**RID**
                           TargetingPackVersion = 3.1.0
                           IsTrimmable = true
                           RuntimeFrameworkName = Microsoft.NETCore.App
                       Microsoft.NETCore.App
                           TargetFramework = net5.0
                           DefaultRuntimeFrameworkVersion = 5.0.0
                           TargetingPackName = Microsoft.NETCore.App.Ref
                           LatestRuntimeFrameworkVersion = 5.0.17
                           RuntimePackRuntimeIdentifiers = linux-arm;linux-arm64;linux-musl-arm64;linux-musl-x64;linux-x64;osx-x64;tizen.4.0.0-armel;tizen.5.0.0-armel;win-arm;win-arm64;win-x64;win-x86;linux-musl-arm;browser-wasm
                           RuntimePackNamePatterns = Microsoft.NETCore.App.Runtime.**RID**
                           TargetingPackVersion = 5.0.0
                           IsTrimmable = true
                           RuntimeFrameworkName = Microsoft.NETCore.App
                       Microsoft.NETCore.App
                           TargetFramework = net7.0
                           DefaultRuntimeFrameworkVersion = 7.0.0
                           TargetingPackName = Microsoft.NETCore.App.Ref
                           LatestRuntimeFrameworkVersion = 7.0.20
                           RuntimePackRuntimeIdentifiers = linux-arm;linux-arm64;linux-musl-arm64;linux-musl-x64;linux-x64;osx-x64;tizen.4.0.0-armel;tizen.5.0.0-armel;win-arm;win-arm64;win-x64;win-x86;linux-musl-arm;osx-arm64;linux-s390x;linux-loongarch64;linux-bionic-arm;linux-bionic-arm64;linux-bionic-x64;linux-bionic-x86;linux-ppc64le
                           RuntimePackNamePatterns = Microsoft.NETCore.App.Runtime.**RID**
                           TargetingPackVersion = 7.0.20
                           RuntimeFrameworkName = Microsoft.NETCore.App
                       Microsoft.NETCore.App
                           TargetFramework = net6.0
                           DefaultRuntimeFrameworkVersion = 6.0.0
                           TargetingPackName = Microsoft.NETCore.App.Ref
                           LatestRuntimeFrameworkVersion = 6.0.36
                           RuntimePackRuntimeIdentifiers = linux-arm;linux-arm64;linux-musl-arm64;linux-musl-x64;linux-x64;osx-x64;tizen.4.0.0-armel;tizen.5.0.0-armel;win-arm;win-arm64;win-x64;win-x86;linux-musl-arm;osx-arm64;linux-s390x;linux-loongarch64
                           RuntimePackNamePatterns = Microsoft.NETCore.App.Runtime.**RID**
                           TargetingPackVersion = 6.0.36
                           RuntimeFrameworkName = Microsoft.NETCore.App
                       Microsoft.NETCore.App
                           TargetFramework = net8.0
                           DefaultRuntimeFrameworkVersion = 8.0.0
                           TargetingPackName = Microsoft.NETCore.App.Ref
                           LatestRuntimeFrameworkVersion = 8.0.25
                           RuntimePackRuntimeIdentifiers = linux-arm;linux-arm64;linux-musl-arm64;linux-musl-x64;linux-x64;osx-x64;tizen.4.0.0-armel;tizen.5.0.0-armel;win-arm64;win-x64;win-x86;linux-musl-arm;osx-arm64;linux-s390x;linux-loongarch64;linux-bionic-arm;linux-bionic-arm64;linux-bionic-x64;linux-bionic-x86;linux-ppc64le;freebsd-x64;freebsd-arm64
                           RuntimePackNamePatterns = Microsoft.NETCore.App.Runtime.**RID**
                           TargetingPackVersion = 8.0.25
                           RuntimeFrameworkName = Microsoft.NETCore.App
                       Microsoft.NETCore.App
                           TargetFramework = net9.0
                           DefaultRuntimeFrameworkVersion = 9.0.0
                           TargetingPackName = Microsoft.NETCore.App.Ref
                           LatestRuntimeFrameworkVersion = 9.0.14
                           RuntimePackRuntimeIdentifiers = linux-arm;linux-arm64;linux-musl-arm64;linux-musl-x64;linux-x64;osx-x64;tizen.4.0.0-armel;tizen.5.0.0-armel;win-arm64;win-x64;win-x86;linux-musl-arm;osx-arm64;linux-s390x;linux-loongarch64;linux-bionic-arm;linux-bionic-arm64;linux-bionic-x64;linux-bionic-x86;linux-ppc64le;freebsd-x64;freebsd-arm64;linux-riscv64;linux-musl-riscv64;linux-musl-loongarch64
                           RuntimePackNamePatterns = Microsoft.NETCore.App.Runtime.**RID**
                           TargetingPackVersion = 9.0.14
                           RuntimeFrameworkName = Microsoft.NETCore.App
                       Microsoft.WindowsDesktop.App
                           TargetFramework = net8.0
                           DefaultRuntimeFrameworkVersion = 8.0.0
                           TargetingPackName = Microsoft.WindowsDesktop.App.Ref
                           IsWindowsOnly = true
                           LatestRuntimeFrameworkVersion = 8.0.25
                           RuntimePackRuntimeIdentifiers = win-x64;win-x86;win-arm64
                           RuntimePackNamePatterns = Microsoft.WindowsDesktop.App.Runtime.**RID**
                           TargetingPackVersion = 8.0.25
                           RuntimeFrameworkName = Microsoft.WindowsDesktop.App
                       Microsoft.WindowsDesktop.App
                           TargetFramework = net7.0
                           DefaultRuntimeFrameworkVersion = 7.0.0
                           TargetingPackName = Microsoft.WindowsDesktop.App.Ref
                           IsWindowsOnly = true
                           LatestRuntimeFrameworkVersion = 7.0.20
                           RuntimePackRuntimeIdentifiers = win-x64;win-x86;win-arm64
                           RuntimePackNamePatterns = Microsoft.WindowsDesktop.App.Runtime.**RID**
                           TargetingPackVersion = 7.0.20
                           RuntimeFrameworkName = Microsoft.WindowsDesktop.App
                       Microsoft.WindowsDesktop.App
                           TargetFramework = netcoreapp3.1
                           DefaultRuntimeFrameworkVersion = 3.1.0
                           TargetingPackName = Microsoft.WindowsDesktop.App.Ref
                           IsWindowsOnly = true
                           LatestRuntimeFrameworkVersion = 3.1.32
                           RuntimePackRuntimeIdentifiers = win-x64;win-x86
                           RuntimePackNamePatterns = Microsoft.WindowsDesktop.App.Runtime.**RID**
                           TargetingPackVersion = 3.1.0
                           RuntimeFrameworkName = Microsoft.WindowsDesktop.App
                       Microsoft.WindowsDesktop.App
                           TargetFramework = net6.0
                           DefaultRuntimeFrameworkVersion = 6.0.0
                           TargetingPackName = Microsoft.WindowsDesktop.App.Ref
                           IsWindowsOnly = true
                           LatestRuntimeFrameworkVersion = 6.0.36
                           RuntimePackRuntimeIdentifiers = win-x64;win-x86;win-arm64
                           RuntimePackNamePatterns = Microsoft.WindowsDesktop.App.Runtime.**RID**
                           TargetingPackVersion = 6.0.36
                           RuntimeFrameworkName = Microsoft.WindowsDesktop.App
                       Microsoft.WindowsDesktop.App
                           TargetFramework = net10.0
                           DefaultRuntimeFrameworkVersion = 10.0.0
                           TargetingPackName = Microsoft.WindowsDesktop.App.Ref
                           IsWindowsOnly = true
                           LatestRuntimeFrameworkVersion = 10.0.5
                           RuntimePackRuntimeIdentifiers = win-x64;win-x86;win-arm64
                           RuntimePackNamePatterns = Microsoft.WindowsDesktop.App.Runtime.**RID**
                           TargetingPackVersion = 10.0.5
                           RuntimeFrameworkName = Microsoft.WindowsDesktop.App
                       Microsoft.WindowsDesktop.App
                           TargetFramework = netcoreapp3.0
                           DefaultRuntimeFrameworkVersion = 3.0.0
                           TargetingPackName = Microsoft.WindowsDesktop.App.Ref
                           IsWindowsOnly = true
                           LatestRuntimeFrameworkVersion = 3.0.3
                           RuntimePackRuntimeIdentifiers = win-x64;win-x86
                           RuntimePackNamePatterns = Microsoft.WindowsDesktop.App.Runtime.**RID**
                           TargetingPackVersion = 3.0.0
                           RuntimeFrameworkName = Microsoft.WindowsDesktop.App
                       Microsoft.WindowsDesktop.App
                           TargetFramework = net9.0
                           DefaultRuntimeFrameworkVersion = 9.0.0
                           TargetingPackName = Microsoft.WindowsDesktop.App.Ref
                           IsWindowsOnly = true
                           LatestRuntimeFrameworkVersion = 9.0.14
                           RuntimePackRuntimeIdentifiers = win-x64;win-x86;win-arm64
                           RuntimePackNamePatterns = Microsoft.WindowsDesktop.App.Runtime.**RID**
                           TargetingPackVersion = 9.0.14
                           RuntimeFrameworkName = Microsoft.WindowsDesktop.App
                       Microsoft.WindowsDesktop.App
                           TargetFramework = net5.0
                           DefaultRuntimeFrameworkVersion = 5.0.0
                           TargetingPackName = Microsoft.WindowsDesktop.App.Ref
                           IsWindowsOnly = true
                           LatestRuntimeFrameworkVersion = 5.0.17
                           RuntimePackRuntimeIdentifiers = win-x64;win-x86;win-arm64
                           RuntimePackNamePatterns = Microsoft.WindowsDesktop.App.Runtime.**RID**
                           TargetingPackVersion = 5.0.0
                           RuntimeFrameworkName = Microsoft.WindowsDesktop.App
                       Microsoft.WindowsDesktop.App.WindowsForms
                           TargetFramework = net6.0
                           DefaultRuntimeFrameworkVersion = 6.0.0
                           TargetingPackName = Microsoft.WindowsDesktop.App.Ref
                           IsWindowsOnly = true
                           LatestRuntimeFrameworkVersion = 6.0.36
                           RuntimePackRuntimeIdentifiers = win-x64;win-x86;win-arm64
                           RuntimePackNamePatterns = Microsoft.WindowsDesktop.App.Runtime.**RID**
                           TargetingPackVersion = 6.0.36
                           Profile = WindowsForms
                           RuntimeFrameworkName = Microsoft.WindowsDesktop.App
                       Microsoft.WindowsDesktop.App.WindowsForms
                           TargetFramework = net10.0
                           DefaultRuntimeFrameworkVersion = 10.0.0
                           TargetingPackName = Microsoft.WindowsDesktop.App.Ref
                           IsWindowsOnly = true
                           LatestRuntimeFrameworkVersion = 10.0.5
                           RuntimePackRuntimeIdentifiers = win-x64;win-x86;win-arm64
                           RuntimePackNamePatterns = Microsoft.WindowsDesktop.App.Runtime.**RID**
                           TargetingPackVersion = 10.0.5
                           Profile = WindowsForms
                           RuntimeFrameworkName = Microsoft.WindowsDesktop.App
                       Microsoft.WindowsDesktop.App.WindowsForms
                           TargetFramework = net5.0
                           DefaultRuntimeFrameworkVersion = 5.0.0
                           TargetingPackName = Microsoft.WindowsDesktop.App.Ref
                           IsWindowsOnly = true
                           LatestRuntimeFrameworkVersion = 5.0.17
                           RuntimePackRuntimeIdentifiers = win-x64;win-x86;win-arm64
                           RuntimePackNamePatterns = Microsoft.WindowsDesktop.App.Runtime.**RID**
                           TargetingPackVersion = 5.0.0
                           Profile = WindowsForms
                           RuntimeFrameworkName = Microsoft.WindowsDesktop.App
                       Microsoft.WindowsDesktop.App.WindowsForms
                           TargetFramework = netcoreapp3.1
                           DefaultRuntimeFrameworkVersion = 3.1.0
                           TargetingPackName = Microsoft.WindowsDesktop.App.Ref
                           IsWindowsOnly = true
                           LatestRuntimeFrameworkVersion = 3.1.32
                           RuntimePackRuntimeIdentifiers = win-x64;win-x86
                           RuntimePackNamePatterns = Microsoft.WindowsDesktop.App.Runtime.**RID**
                           TargetingPackVersion = 3.1.0
                           Profile = WindowsForms
                           RuntimeFrameworkName = Microsoft.WindowsDesktop.App
                       Microsoft.WindowsDesktop.App.WindowsForms
                           TargetFramework = net9.0
                           DefaultRuntimeFrameworkVersion = 9.0.0
                           TargetingPackName = Microsoft.WindowsDesktop.App.Ref
                           IsWindowsOnly = true
                           LatestRuntimeFrameworkVersion = 9.0.14
                           RuntimePackRuntimeIdentifiers = win-x64;win-x86;win-arm64
                           RuntimePackNamePatterns = Microsoft.WindowsDesktop.App.Runtime.**RID**
                           TargetingPackVersion = 9.0.14
                           Profile = WindowsForms
                           RuntimeFrameworkName = Microsoft.WindowsDesktop.App
                       Microsoft.WindowsDesktop.App.WindowsForms
                           TargetFramework = net7.0
                           DefaultRuntimeFrameworkVersion = 7.0.0
                           TargetingPackName = Microsoft.WindowsDesktop.App.Ref
                           IsWindowsOnly = true
                           LatestRuntimeFrameworkVersion = 7.0.20
                           RuntimePackRuntimeIdentifiers = win-x64;win-x86;win-arm64
                           RuntimePackNamePatterns = Microsoft.WindowsDesktop.App.Runtime.**RID**
                           TargetingPackVersion = 7.0.20
                           Profile = WindowsForms
                           RuntimeFrameworkName = Microsoft.WindowsDesktop.App
                       Microsoft.WindowsDesktop.App.WindowsForms
                           TargetFramework = netcoreapp3.0
                           DefaultRuntimeFrameworkVersion = 3.0.0
                           TargetingPackName = Microsoft.WindowsDesktop.App.Ref
                           IsWindowsOnly = true
                           LatestRuntimeFrameworkVersion = 3.0.3
                           RuntimePackRuntimeIdentifiers = win-x64;win-x86
                           RuntimePackNamePatterns = Microsoft.WindowsDesktop.App.Runtime.**RID**
                           TargetingPackVersion = 3.0.0
                           Profile = WindowsForms
                           RuntimeFrameworkName = Microsoft.WindowsDesktop.App
                       Microsoft.WindowsDesktop.App.WindowsForms
                           TargetFramework = net8.0
                           DefaultRuntimeFrameworkVersion = 8.0.0
                           TargetingPackName = Microsoft.WindowsDesktop.App.Ref
                           IsWindowsOnly = true
                           LatestRuntimeFrameworkVersion = 8.0.25
                           RuntimePackRuntimeIdentifiers = win-x64;win-x86;win-arm64
                           RuntimePackNamePatterns = Microsoft.WindowsDesktop.App.Runtime.**RID**
                           TargetingPackVersion = 8.0.25
                           Profile = WindowsForms
                           RuntimeFrameworkName = Microsoft.WindowsDesktop.App
                       Microsoft.WindowsDesktop.App.WPF
                           TargetFramework = netcoreapp3.0
                           DefaultRuntimeFrameworkVersion = 3.0.0
                           TargetingPackName = Microsoft.WindowsDesktop.App.Ref
                           IsWindowsOnly = true
                           LatestRuntimeFrameworkVersion = 3.0.3
                           RuntimePackRuntimeIdentifiers = win-x64;win-x86
                           RuntimePackNamePatterns = Microsoft.WindowsDesktop.App.Runtime.**RID**
                           TargetingPackVersion = 3.0.0
                           Profile = WPF
                           RuntimeFrameworkName = Microsoft.WindowsDesktop.App
                       Microsoft.WindowsDesktop.App.WPF
                           TargetFramework = net8.0
                           DefaultRuntimeFrameworkVersion = 8.0.0
                           TargetingPackName = Microsoft.WindowsDesktop.App.Ref
                           IsWindowsOnly = true
                           LatestRuntimeFrameworkVersion = 8.0.25
                           RuntimePackRuntimeIdentifiers = win-x64;win-x86;win-arm64
                           RuntimePackNamePatterns = Microsoft.WindowsDesktop.App.Runtime.**RID**
                           TargetingPackVersion = 8.0.25
                           Profile = WPF
                           RuntimeFrameworkName = Microsoft.WindowsDesktop.App
                       Microsoft.WindowsDesktop.App.WPF
                           TargetFramework = net5.0
                           DefaultRuntimeFrameworkVersion = 5.0.0
                           TargetingPackName = Microsoft.WindowsDesktop.App.Ref
                           IsWindowsOnly = true
                           LatestRuntimeFrameworkVersion = 5.0.17
                           RuntimePackRuntimeIdentifiers = win-x64;win-x86;win-arm64
                           RuntimePackNamePatterns = Microsoft.WindowsDesktop.App.Runtime.**RID**
                           TargetingPackVersion = 5.0.0
                           Profile = WPF
                           RuntimeFrameworkName = Microsoft.WindowsDesktop.App
                       Microsoft.WindowsDesktop.App.WPF
                           TargetFramework = netcoreapp3.1
                           DefaultRuntimeFrameworkVersion = 3.1.0
                           TargetingPackName = Microsoft.WindowsDesktop.App.Ref
                           IsWindowsOnly = true
                           LatestRuntimeFrameworkVersion = 3.1.32
                           RuntimePackRuntimeIdentifiers = win-x64;win-x86
                           RuntimePackNamePatterns = Microsoft.WindowsDesktop.App.Runtime.**RID**
                           TargetingPackVersion = 3.1.0
                           Profile = WPF
                           RuntimeFrameworkName = Microsoft.WindowsDesktop.App
                       Microsoft.WindowsDesktop.App.WPF
                           TargetFramework = net9.0
                           DefaultRuntimeFrameworkVersion = 9.0.0
                           TargetingPackName = Microsoft.WindowsDesktop.App.Ref
                           IsWindowsOnly = true
                           LatestRuntimeFrameworkVersion = 9.0.14
                           RuntimePackRuntimeIdentifiers = win-x64;win-x86;win-arm64
                           RuntimePackNamePatterns = Microsoft.WindowsDesktop.App.Runtime.**RID**
                           TargetingPackVersion = 9.0.14
                           Profile = WPF
                           RuntimeFrameworkName = Microsoft.WindowsDesktop.App
                       Microsoft.WindowsDesktop.App.WPF
                           TargetFramework = net6.0
                           DefaultRuntimeFrameworkVersion = 6.0.0
                           TargetingPackName = Microsoft.WindowsDesktop.App.Ref
                           IsWindowsOnly = true
                           LatestRuntimeFrameworkVersion = 6.0.36
                           RuntimePackRuntimeIdentifiers = win-x64;win-x86;win-arm64
                           RuntimePackNamePatterns = Microsoft.WindowsDesktop.App.Runtime.**RID**
                           TargetingPackVersion = 6.0.36
                           Profile = WPF
                           RuntimeFrameworkName = Microsoft.WindowsDesktop.App
                       Microsoft.WindowsDesktop.App.WPF
                           TargetFramework = net7.0
                           DefaultRuntimeFrameworkVersion = 7.0.0
                           TargetingPackName = Microsoft.WindowsDesktop.App.Ref
                           IsWindowsOnly = true
                           LatestRuntimeFrameworkVersion = 7.0.20
                           RuntimePackRuntimeIdentifiers = win-x64;win-x86;win-arm64
                           RuntimePackNamePatterns = Microsoft.WindowsDesktop.App.Runtime.**RID**
                           TargetingPackVersion = 7.0.20
                           Profile = WPF
                           RuntimeFrameworkName = Microsoft.WindowsDesktop.App
                       Microsoft.WindowsDesktop.App.WPF
                           TargetFramework = net10.0
                           DefaultRuntimeFrameworkVersion = 10.0.0
                           TargetingPackName = Microsoft.WindowsDesktop.App.Ref
                           IsWindowsOnly = true
                           LatestRuntimeFrameworkVersion = 10.0.5
                           RuntimePackRuntimeIdentifiers = win-x64;win-x86;win-arm64
                           RuntimePackNamePatterns = Microsoft.WindowsDesktop.App.Runtime.**RID**
                           TargetingPackVersion = 10.0.5
                           Profile = WPF
                           RuntimeFrameworkName = Microsoft.WindowsDesktop.App
                       NETStandard.Library
                           TargetFramework = netstandard2.1
                           TargetingPackName = NETStandard.Library.Ref
                           TargetingPackVersion = 2.1.0
                   KnownILCompilerPack
                       Microsoft.DotNet.ILCompiler
                           ILCompilerPackNamePattern = runtime.**RID**.Microsoft.DotNet.ILCompiler
                           ILCompilerRuntimePackNamePattern = Microsoft.NETCore.App.Runtime.NativeAOT.**RID**
                           TargetFramework = net10.0
                           ILCompilerPackVersion = 10.0.5
                           ILCompilerRuntimeIdentifiers = linux-arm64;linux-musl-arm64;linux-musl-x64;linux-x64;win-arm64;win-x64;osx-x64;osx-arm64;freebsd-x64;freebsd-arm64;linux-arm;linux-musl-arm;linux-loongarch64;linux-musl-loongarch64;win-x86;linux-riscv64;linux-musl-riscv64
                           ILCompilerPortableRuntimeIdentifiers = linux-arm64;linux-musl-arm64;linux-musl-x64;linux-x64;win-arm64;win-x64;osx-x64;osx-arm64;freebsd-x64;freebsd-arm64;linux-arm;linux-musl-arm;linux-loongarch64;linux-musl-loongarch64;win-x86;linux-riscv64;linux-musl-riscv64
                       Microsoft.DotNet.ILCompiler
                           ILCompilerPackNamePattern = runtime.**RID**.Microsoft.DotNet.ILCompiler
                           TargetFramework = net9.0
                           ILCompilerPackVersion = 9.0.14
                           ILCompilerRuntimeIdentifiers = linux-arm64;linux-musl-arm64;linux-musl-x64;linux-x64;win-arm64;win-x64;osx-x64;osx-arm64;freebsd-x64;freebsd-arm64;linux-arm;linux-musl-arm;linux-loongarch64;linux-musl-loongarch64;win-x86
                       Microsoft.DotNet.ILCompiler
                           ILCompilerPackNamePattern = runtime.**RID**.Microsoft.DotNet.ILCompiler
                           TargetFramework = net8.0
                           ILCompilerPackVersion = 8.0.25
                           ILCompilerRuntimeIdentifiers = linux-arm64;linux-musl-arm64;linux-musl-x64;linux-x64;win-arm64;win-x64;osx-x64;osx-arm64;freebsd-x64;freebsd-arm64
                       Microsoft.DotNet.ILCompiler
                           ILCompilerPackNamePattern = runtime.**RID**.Microsoft.DotNet.ILCompiler
                           TargetFramework = net7.0
                           ILCompilerPackVersion = 7.0.20
                           ILCompilerRuntimeIdentifiers = linux-arm64;linux-musl-arm64;linux-musl-x64;linux-x64;win-arm64;win-x64
                   KnownILLinkPack
                       Microsoft.NET.ILLink.Tasks
                           TargetFramework = net10.0
                           ILLinkPackVersion = 10.0.5
                       Microsoft.NET.ILLink.Tasks
                           TargetFramework = net9.0
                           ILLinkPackVersion = 9.0.14
                       Microsoft.NET.ILLink.Tasks
                           TargetFramework = net8.0
                           ILLinkPackVersion = 8.0.25
                       Microsoft.NET.ILLink.Tasks
                           TargetFramework = net7.0
                           ILLinkPackVersion = 7.0.100-1.23211.1
                       Microsoft.NET.ILLink.Tasks
                           TargetFramework = net6.0
                           ILLinkPackVersion = 7.0.100-1.23211.1
                       Microsoft.NET.ILLink.Tasks
                           TargetFramework = net5.0
                           ILLinkPackVersion = 7.0.100-1.23211.1
                       Microsoft.NET.ILLink.Tasks
                           TargetFramework = netcoreapp3.1
                           ILLinkPackVersion = 7.0.100-1.23211.1
                       Microsoft.NET.ILLink.Tasks
                           TargetFramework = netcoreapp3.0
                           ILLinkPackVersion = 7.0.100-1.23211.1
                   KnownRuntimePack
                       Microsoft.NETCore.App
                           TargetFramework = net10.0
                           LatestRuntimeFrameworkVersion = 10.0.5
                           RuntimePackRuntimeIdentifiers = ios-arm64;iossimulator-arm64;iossimulator-x64;tvos-arm64;tvossimulator-arm64;tvossimulator-x64;maccatalyst-arm64;maccatalyst-x64;linux-bionic-arm64;linux-bionic-x64;osx-arm64;osx-x64;freebsd-arm64;freebsd-x64;linux-x64;linux-arm;linux-arm64;linux-loongarch64;linux-bionic-arm;linux-musl-x64;linux-musl-arm;linux-musl-arm64;linux-musl-loongarch64;win-x64;win-x86;win-arm64;browser-wasm;wasi-wasm;linux-riscv64;linux-musl-riscv64;android-arm64;android-x64
                           RuntimePackNamePatterns = Microsoft.NETCore.App.Runtime.NativeAOT.**RID**
                           RuntimePackLabels = NativeAOT
                           RuntimeFrameworkName = Microsoft.NETCore.App
                       Microsoft.NETCore.App
                           TargetFramework = net10.0
                           LatestRuntimeFrameworkVersion = 10.0.5
                           RuntimePackRuntimeIdentifiers = linux-arm;linux-arm64;linux-musl-arm64;linux-musl-x64;linux-x64;osx-x64;win-arm64;win-x64;win-x86;linux-musl-arm;osx-arm64;linux-s390x;linux-loongarch64;browser-wasm;ios-arm64;ios-arm;iossimulator-arm64;iossimulator-x64;iossimulator-x86;tvos-arm64;tvossimulator-arm64;tvossimulator-x64;maccatalyst-x64;maccatalyst-arm64;android-arm64;android-arm;android-x64;android-x86;freebsd-x64;freebsd-arm64;wasi-wasm;linux-riscv64;linux-musl-riscv64;linux-loongarch64;linux-musl-loongarch64
                           RuntimePackNamePatterns = Microsoft.NETCore.App.Runtime.Mono.**RID**
                           RuntimePackLabels = Mono
                           RuntimeFrameworkName = Microsoft.NETCore.App
                       Microsoft.NETCore.App
                           TargetFramework = net9.0
                           LatestRuntimeFrameworkVersion = 9.0.14
                           RuntimePackRuntimeIdentifiers = ios-arm64;iossimulator-arm64;iossimulator-x64;tvos-arm64;tvossimulator-arm64;tvossimulator-x64;maccatalyst-arm64;maccatalyst-x64;linux-bionic-arm64;linux-bionic-x64;osx-arm64;osx-x64;freebsd-arm64;freebsd-x64;linux-x64;linux-arm;linux-arm64;linux-loongarch64;linux-bionic-arm;linux-musl-x64;linux-musl-arm;linux-musl-arm64;linux-musl-loongarch64;win-x64;win-x86;win-arm64;browser-wasm;wasi-wasm
                           RuntimePackNamePatterns = Microsoft.NETCore.App.Runtime.NativeAOT.**RID**
                           RuntimePackLabels = NativeAOT
                           RuntimeFrameworkName = Microsoft.NETCore.App
                       Microsoft.NETCore.App
                           TargetFramework = net9.0
                           LatestRuntimeFrameworkVersion = 9.0.14
                           RuntimePackRuntimeIdentifiers = linux-arm;linux-arm64;linux-musl-arm64;linux-musl-x64;linux-x64;osx-x64;win-arm64;win-x64;win-x86;linux-musl-arm;osx-arm64;linux-s390x;linux-loongarch64;browser-wasm;ios-arm64;ios-arm;iossimulator-arm64;iossimulator-x64;iossimulator-x86;tvos-arm64;tvossimulator-arm64;tvossimulator-x64;maccatalyst-x64;maccatalyst-arm64;android-arm64;android-arm;android-x64;android-x86;freebsd-x64;freebsd-arm64;wasi-wasm;linux-riscv64;linux-musl-riscv64;linux-loongarch64;linux-musl-loongarch64
                           RuntimePackNamePatterns = Microsoft.NETCore.App.Runtime.Mono.**RID**
                           RuntimePackLabels = Mono
                           RuntimeFrameworkName = Microsoft.NETCore.App
                       Microsoft.NETCore.App
                           TargetFramework = net8.0
                           LatestRuntimeFrameworkVersion = 8.0.25
                           RuntimePackRuntimeIdentifiers = ios-arm64;iossimulator-arm64;iossimulator-x64;tvos-arm64;tvossimulator-arm64;tvossimulator-x64;maccatalyst-arm64;maccatalyst-x64;linux-bionic-arm64;linux-bionic-x64;osx-arm64;osx-x64;freebsd-arm64;freebsd-x64
                           RuntimePackNamePatterns = Microsoft.NETCore.App.Runtime.NativeAOT.**RID**
                           RuntimePackLabels = NativeAOT
                           RuntimeFrameworkName = Microsoft.NETCore.App
                       Microsoft.NETCore.App
                           TargetFramework = net8.0
                           LatestRuntimeFrameworkVersion = 8.0.25
                           RuntimePackRuntimeIdentifiers = linux-arm;linux-arm64;linux-musl-arm64;linux-musl-x64;linux-x64;osx-x64;win-arm64;win-x64;win-x86;linux-musl-arm;osx-arm64;linux-s390x;linux-loongarch64;browser-wasm;ios-arm64;ios-arm;iossimulator-arm64;iossimulator-x64;iossimulator-x86;tvos-arm64;tvossimulator-arm64;tvossimulator-x64;maccatalyst-x64;maccatalyst-arm64;android-arm64;android-arm;android-x64;android-x86;freebsd-x64;freebsd-arm64;wasi-wasm
                           RuntimePackNamePatterns = Microsoft.NETCore.App.Runtime.Mono.**RID**
                           RuntimePackLabels = Mono
                           RuntimeFrameworkName = Microsoft.NETCore.App
                       Microsoft.NETCore.App
                           TargetFramework = net7.0
                           LatestRuntimeFrameworkVersion = 7.0.20
                           RuntimePackRuntimeIdentifiers = linux-arm;linux-arm64;linux-musl-arm64;linux-musl-x64;linux-x64;osx-x64;win-arm;win-arm64;win-x64;win-x86;linux-musl-arm;osx-arm64;linux-s390x;linux-loongarch64;browser-wasm;ios-arm64;ios-arm;iossimulator-arm64;iossimulator-x64;iossimulator-x86;tvos-arm64;tvossimulator-arm64;tvossimulator-x64;maccatalyst-x64;maccatalyst-arm64;android-arm64;android-arm;android-x64;android-x86
                           RuntimePackNamePatterns = Microsoft.NETCore.App.Runtime.Mono.**RID**
                           RuntimePackLabels = Mono
                           RuntimeFrameworkName = Microsoft.NETCore.App
                       Microsoft.NETCore.App
                           TargetFramework = net6.0
                           LatestRuntimeFrameworkVersion = 6.0.36
                           RuntimePackRuntimeIdentifiers = linux-arm;linux-arm64;linux-musl-arm64;linux-musl-x64;linux-x64;osx-x64;win-arm;win-arm64;win-x64;win-x86;linux-musl-arm;osx-arm64;linux-s390x;linux-loongarch64;browser-wasm;ios-arm64;ios-arm;iossimulator-arm64;iossimulator-x64;iossimulator-x86;tvos-arm64;tvossimulator-arm64;tvossimulator-x64;maccatalyst-x64;maccatalyst-arm64;android-arm64;android-arm;android-x64;android-x86
                           RuntimePackNamePatterns = Microsoft.NETCore.App.Runtime.Mono.**RID**
                           RuntimePackLabels = Mono
                           RuntimeFrameworkName = Microsoft.NETCore.App
                   KnownWebAssemblySdkPack
                       Microsoft.NET.Sdk.WebAssembly.Pack
                           TargetFramework = net10.0
                           WebAssemblySdkPackVersion = 10.0.5
                       Microsoft.NET.Sdk.WebAssembly.Pack
                           TargetFramework = net9.0
                           WebAssemblySdkPackVersion = 10.0.5
                       Microsoft.NET.Sdk.WebAssembly.Pack
                           TargetFramework = net8.0
                           WebAssemblySdkPackVersion = 10.0.5
                       Microsoft.NET.Sdk.WebAssembly.Pack
                           TargetFramework = net7.0
                           WebAssemblySdkPackVersion = 10.0.5
                       Microsoft.NET.Sdk.WebAssembly.Pack
                           TargetFramework = net6.0
                           WebAssemblySdkPackVersion = 10.0.5
                   None
                       C:\Users\jim liu\.nuget\packages\microsoft.diagnostics.tracing.traceevent\3.1.30\buildTransitive\..\build\native\amd64\KernelTraceControl.dll
                           CopyToOutputDirectory = PreserveNewest
                           Link = amd64\KernelTraceControl.dll
                           Visible = False
                       C:\Users\jim liu\.nuget\packages\microsoft.diagnostics.tracing.traceevent\3.1.30\buildTransitive\..\build\native\amd64\msdia140.dll
                           CopyToOutputDirectory = PreserveNewest
                           Link = amd64\msdia140.dll
                           Visible = False
                       C:\Users\jim liu\.nuget\packages\microsoft.diagnostics.tracing.traceevent\3.1.30\buildTransitive\..\build\native\arm64\KernelTraceControl.dll
                           CopyToOutputDirectory = PreserveNewest
                           Link = arm64\KernelTraceControl.dll
                           Visible = False
                       C:\Users\jim liu\.nuget\packages\microsoft.diagnostics.tracing.traceevent\3.1.30\buildTransitive\..\build\native\arm64\msdia140.dll
                           CopyToOutputDirectory = PreserveNewest
                           Link = arm64\msdia140.dll
                           Visible = False
                       C:\Users\jim liu\.nuget\packages\microsoft.diagnostics.tracing.traceevent\3.1.30\buildTransitive\..\build\native\x86\KernelTraceControl.dll
                           CopyToOutputDirectory = PreserveNewest
                           Link = x86\KernelTraceControl.dll
                           Visible = False
                       C:\Users\jim liu\.nuget\packages\microsoft.diagnostics.tracing.traceevent\3.1.30\buildTransitive\..\build\native\x86\KernelTraceControl.Win61.dll
                           CopyToOutputDirectory = PreserveNewest
                           Link = x86\KernelTraceControl.Win61.dll
                           Visible = False
                       C:\Users\jim liu\.nuget\packages\microsoft.diagnostics.tracing.traceevent\3.1.30\buildTransitive\..\build\native\x86\msdia140.dll
                           CopyToOutputDirectory = PreserveNewest
                           Link = x86\msdia140.dll
                           Visible = False
                       C:\Users\jim liu\.nuget\packages\microsoft.diagnostics.tracing.traceevent\3.1.30\buildTransitive\..\lib\netstandard2.0\Dia2Lib.dll
                           CopyToOutputDirectory = PreserveNewest
                           Link = Dia2Lib.dll
                           Visible = False
                       C:\Users\jim liu\.nuget\packages\microsoft.diagnostics.tracing.traceevent\3.1.30\buildTransitive\..\lib\netstandard2.0\TraceReloggerLib.dll
                           CopyToOutputDirectory = PreserveNewest
                           Link = TraceReloggerLib.dll
                           Visible = False
                   PackageConflictOverrides
                       NETStandard.Library
                           OverriddenPackages = 
                           Microsoft.Win32.Primitives|4.3.0;
                           System.AppContext|4.3.0;
                           System.Collections|4.3.0;
                           System.Collections.Concurrent|4.3.0;
                           System.Collections.Immutable|1.4.0;
                           System.Collections.NonGeneric|4.3.0;
                           System.Collections.Specialized|4.3.0;
                           System.ComponentModel|4.3.0;
                           System.ComponentModel.EventBasedAsync|4.3.0;
                           System.ComponentModel.Primitives|4.3.0;
                           System.ComponentModel.TypeConverter|4.3.0;
                           System.Console|4.3.0;
                           System.Data.Common|4.3.0;
                           System.Diagnostics.Contracts|4.3.0;
                           System.Diagnostics.Debug|4.3.0;
                           System.Diagnostics.FileVersionInfo|4.3.0;
                           System.Diagnostics.Process|4.3.0;
                           System.Diagnostics.StackTrace|4.3.0;
                           System.Diagnostics.TextWriterTraceListener|4.3.0;
                           System.Diagnostics.Tools|4.3.0;
                           System.Diagnostics.TraceSource|4.3.0;
                           System.Diagnostics.Tracing|4.3.0;
                           System.Dynamic.Runtime|4.3.0;
                           System.Globalization|4.3.0;
                           System.Globalization.Calendars|4.3.0;
                           System.Globalization.Extensions|4.3.0;
                           System.IO|4.3.0;
                           System.IO.Compression|4.3.0;
                           System.IO.Compression.ZipFile|4.3.0;
                           System.IO.FileSystem|4.3.0;
                           System.IO.FileSystem.DriveInfo|4.3.0;
                           System.IO.FileSystem.Primitives|4.3.0;
                           System.IO.FileSystem.Watcher|4.3.0;
                           System.IO.IsolatedStorage|4.3.0;
                           System.IO.MemoryMappedFiles|4.3.0;
                           System.IO.Pipes|4.3.0;
                           System.IO.UnmanagedMemoryStream|4.3.0;
                           System.Linq|4.3.0;
                           System.Linq.Expressions|4.3.0;
                           System.Linq.Queryable|4.3.0;
                           System.Net.Http|4.3.0;
                           System.Net.NameResolution|4.3.0;
                           System.Net.Primitives|4.3.0;
                           System.Net.Requests|4.3.0;
                           System.Net.Security|4.3.0;
                           System.Net.Sockets|4.3.0;
                           System.Net.WebHeaderCollection|4.3.0;
                           System.ObjectModel|4.3.0;
                           System.Private.DataContractSerialization|4.3.0;
                           System.Reflection|4.3.0;
                           System.Reflection.Emit|4.3.0;
                           System.Reflection.Emit.ILGeneration|4.3.0;
                           System.Reflection.Emit.Lightweight|4.3.0;
                           System.Reflection.Extensions|4.3.0;
                           System.Reflection.Primitives|4.3.0;
                           System.Reflection.TypeExtensions|4.3.0;
                           System.Resources.ResourceManager|4.3.0;
                           System.Runtime|4.3.0;
                           System.Runtime.Extensions|4.3.0;
                           System.Runtime.Handles|4.3.0;
                           System.Runtime.InteropServices|4.3.0;
                           System.Runtime.InteropServices.RuntimeInformation|4.3.0;
                           System.Runtime.Loader|4.3.0;
                           System.Runtime.Numerics|4.3.0;
                           System.Runtime.Serialization.Formatters|4.3.0;
                           System.Runtime.Serialization.Json|4.3.0;
                           System.Runtime.Serialization.Primitives|4.3.0;
                           System.Security.AccessControl|4.4.0;
                           System.Security.Claims|4.3.0;
                           System.Security.Cryptography.Algorithms|4.3.0;
                           System.Security.Cryptography.Csp|4.3.0;
                           System.Security.Cryptography.Encoding|4.3.0;
                           System.Security.Cryptography.Primitives|4.3.0;
                           System.Security.Cryptography.X509Certificates|4.3.0;
                           System.Security.Cryptography.Xml|4.4.0;
                           System.Security.Principal|4.3.0;
                           System.Security.Principal.Windows|4.4.0;
                           System.Text.Encoding|4.3.0;
                           System.Text.Encoding.Extensions|4.3.0;
                           System.Text.RegularExpressions|4.3.0;
                           System.Threading|4.3.0;
                           System.Threading.Overlapped|4.3.0;
                           System.Threading.Tasks|4.3.0;
                           System.Threading.Tasks.Extensions|4.3.0;
                           System.Threading.Tasks.Parallel|4.3.0;
                           System.Threading.Thread|4.3.0;
                           System.Threading.ThreadPool|4.3.0;
                           System.Threading.Timer|4.3.0;
                           System.ValueTuple|4.3.0;
                           System.Xml.ReaderWriter|4.3.0;
                           System.Xml.XDocument|4.3.0;
                           System.Xml.XmlDocument|4.3.0;
                           System.Xml.XmlSerializer|4.3.0;
                           System.Xml.XPath|4.3.0;
                           System.Xml.XPath.XDocument|4.3.0;
                         
                   PackageReference
                       Microsoft.Data.Sqlite
                           Version = 10.0.5
                       ScottPlot
                           Version = 5.1.58
                   Page
                       ApplicationDetailWindow.xaml
                           Generator = MSBuild:Compile
                           XamlRuntime = Wpf
                           SubType = Designer
                       MainWindow.xaml
                           Generator = MSBuild:Compile
                           XamlRuntime = Wpf
                           SubType = Designer
                   PotentialEditorConfigFiles
                       F:\.editorconfig
                       F:\C#\.editorconfig
                       F:\C#\WinFormsApp1.WpfRefactor\.editorconfig
                       F:\C#\WinFormsApp1.WpfRefactor\WinFormsApp1.Desktop\.editorconfig
                       F:\C#\WinFormsApp1.WpfRefactor\WinFormsApp1.Desktop\Services\.editorconfig
                       F:\C#\WinFormsApp1.WpfRefactor\WinFormsApp1.Desktop\ViewModels\.editorconfig
                   PreprocessorValue
                       assemblyname
                           Value = WinFormsApp1.Desktop
                       filename
                           Value = WinFormsApp1.Desktop.csproj
                       fullpath
                           Value = F:\C#\WinFormsApp1.WpfRefactor\WinFormsApp1.Desktop
                       outputfilename
                           Value = WinFormsApp1.Desktop.dll
                       rootnamespace
                           Value = WinFormsApp1.Desktop
                   ProjectCapability
                       AllTargetOutputGroups
                       AssemblyReferences
                       BuildWindowsDesktopTarget
                       COMReferences
                       CrossPlatformExecutable
                       CSharp
                       DeclaredSourceItems
                       GenerateDocumentationFile
                       LanguageService
                       Managed
                       NetSdkOCIImageBuild
                       OutputGroups
                       Pack
                       ProjectReferences
                       ReferencesFolder
                       RelativePathDerivedDefaultNamespace
                       SharedProjectReferences
                       SingleFileGenerators
                       SupportsComputeRunCommand
                       SupportsHotReload
                       UserSourceItems
                       VisualStudioWellKnownOutputGroups
                   ProjectReference
                       ..\WinFormsApp1.Application\WinFormsApp1.Application.csproj
                           ReferenceSourceTarget = ProjectReference
                           OutputItemType = 
                           Targets = 
                       ..\WinFormsApp1.Domain\WinFormsApp1.Domain.csproj
                           ReferenceSourceTarget = ProjectReference
                           OutputItemType = 
                           Targets = 
                       ..\WinFormsApp1.Infrastructure\WinFormsApp1.Infrastructure.csproj
                           ReferenceSourceTarget = ProjectReference
                           OutputItemType = 
                           Targets = 
                   PropertyPageSchema
                       C:\Program Files\dotnet\sdk\10.0.201\\assemblyreference.xaml
                           Context = ;BrowseObject
                       C:\Program Files\dotnet\sdk\10.0.201\\COMReference.xaml
                           Context = ;BrowseObject
                       C:\Program Files\dotnet\sdk\10.0.201\\Content.xaml
                           Context = File;BrowseObject
                       C:\Program Files\dotnet\sdk\10.0.201\\CSharp.BrowseObject.xaml
                           Context = BrowseObject
                       C:\Program Files\dotnet\sdk\10.0.201\\CSharp.ProjectItemsSchema.xaml
                       C:\Program Files\dotnet\sdk\10.0.201\\CSharp.xaml
                           Context = File
                       C:\Program Files\dotnet\sdk\10.0.201\\Debugger_General.xaml
                           Context = Project
                       C:\Program Files\dotnet\sdk\10.0.201\\EmbeddedResource.xaml
                           Context = File;BrowseObject
                       C:\Program Files\dotnet\sdk\10.0.201\\Folder.xaml
                           Context = File;BrowseObject
                       C:\Program Files\dotnet\sdk\10.0.201\\General_File.xaml
                           Context = File
                       C:\Program Files\dotnet\sdk\10.0.201\\General.BrowseObject.xaml
                           Context = BrowseObject
                       C:\Program Files\dotnet\sdk\10.0.201\\General.xaml
                           Context = Project
                       C:\Program Files\dotnet\sdk\10.0.201\\None.xaml
                           Context = File;BrowseObject
                       C:\Program Files\dotnet\sdk\10.0.201\\ProjectItemsSchema.xaml
                       C:\Program Files\dotnet\sdk\10.0.201\\ProjectReference.xaml
                           Context = ;BrowseObject
                       C:\Program Files\dotnet\sdk\10.0.201\\ResolvedAssemblyReference.xaml
                           Context = ProjectSubscriptionService;BrowseObject
                       C:\Program Files\dotnet\sdk\10.0.201\\ResolvedCOMReference.xaml
                           Context = ProjectSubscriptionService;BrowseObject
                       C:\Program Files\dotnet\sdk\10.0.201\\ResolvedProjectReference.xaml
                           Context = ProjectSubscriptionService;BrowseObject
                       C:\Program Files\dotnet\sdk\10.0.201\\SCC.xaml
                           Context = Invisible
                       C:\Program Files\dotnet\sdk\10.0.201\\SpecialFolder.xaml
                           Context = File;ProjectSubscriptionService
                   RegFreeComManifest
                       obj\Debug\net10.0-windows\WinFormsApp1.Desktop.X.manifest
                   RuntimeHostConfigurationOption
                       CSWINRT_USE_WINDOWS_UI_XAML_PROJECTIONS
                           Value = false
                           Trim = true
                       System.Runtime.Serialization.EnableUnsafeBinaryFormatterSerialization
                           Value = false
                           Trim = true
                   SdkSupportedTargetPlatformIdentifier
                       windows
                           DisplayName = Windows
                   SdkSupportedTargetPlatformVersion
                       10.0.17763.0
                           WindowsSdkPackageVersion = 10.0.17763.57
                           MinimumNETVersion = 8.0
                       10.0.17763.0
                           WindowsSdkPackageVersion = 10.0.17763.55
                           MinimumNETVersion = 6.0
                       10.0.17763.0
                           WindowsSdkPackageVersion = 10.0.17763.26
                           MinimumNETVersion = 5.0
                       10.0.17763.1
                           NormalizedSupportedTargetPlatformVersion = 10.0.17763.0
                           WindowsSdkPackageVersion = 10.0.17763.57
                           MinimumNETVersion = 10.0
                       10.0.18362.0
                           WindowsSdkPackageVersion = 10.0.18362.55
                           MinimumNETVersion = 6.0
                       10.0.18362.0
                           WindowsSdkPackageVersion = 10.0.18362.57
                           MinimumNETVersion = 8.0
                       10.0.18362.0
                           WindowsSdkPackageVersion = 10.0.18362.26
                           MinimumNETVersion = 5.0
                       10.0.18362.1
                           NormalizedSupportedTargetPlatformVersion = 10.0.18362.0
                           WindowsSdkPackageVersion = 10.0.18362.57
                           MinimumNETVersion = 10.0
                       10.0.19041.0
                           WindowsSdkPackageVersion = 10.0.19041.55
                           MinimumNETVersion = 6.0
                       10.0.19041.0
                           WindowsSdkPackageVersion = 10.0.19041.26
                           MinimumNETVersion = 5.0
                       10.0.19041.0
                           WindowsSdkPackageVersion = 10.0.19041.57
                           MinimumNETVersion = 8.0
                       10.0.19041.1
                           NormalizedSupportedTargetPlatformVersion = 10.0.19041.0
                           WindowsSdkPackageVersion = 10.0.19041.57
                           MinimumNETVersion = 10.0
                       10.0.20348.0
                           WindowsSdkPackageVersion = 10.0.20348.55
                           MinimumNETVersion = 6.0
                       10.0.20348.0
                           WindowsSdkPackageVersion = 10.0.20348.26
                           MinimumNETVersion = 5.0
                       10.0.20348.0
                           WindowsSdkPackageVersion = 10.0.20348.57
                           MinimumNETVersion = 8.0
                       10.0.20348.1
                           NormalizedSupportedTargetPlatformVersion = 10.0.20348.0
                           WindowsSdkPackageVersion = 10.0.20348.57
                           MinimumNETVersion = 10.0
                       10.0.22000.0
                           WindowsSdkPackageVersion = 10.0.22000.57
                           MinimumNETVersion = 8.0
                       10.0.22000.0
                           WindowsSdkPackageVersion = 10.0.22000.55
                           MinimumNETVersion = 6.0
                       10.0.22000.0
                           WindowsSdkPackageVersion = 10.0.22000.26
                           MinimumNETVersion = 5.0
                       10.0.22000.1
                           NormalizedSupportedTargetPlatformVersion = 10.0.22000.0
                           WindowsSdkPackageVersion = 10.0.22000.57
                           MinimumNETVersion = 10.0
                       10.0.22621.0
                           WindowsSdkPackageVersion = 10.0.22621.57
                           MinimumNETVersion = 8.0
                       10.0.22621.0
                           WindowsSdkPackageVersion = 10.0.22621.55
                           MinimumNETVersion = 6.0
                       10.0.22621.1
                           NormalizedSupportedTargetPlatformVersion = 10.0.22621.0
                           WindowsSdkPackageVersion = 10.0.22621.57
                           MinimumNETVersion = 10.0
                       10.0.26100.0
                           WindowsSdkPackageVersion = 10.0.26100.55
                           MinimumNETVersion = 6.0
                       10.0.26100.0
                           WindowsSdkPackageVersion = 10.0.26100.57
                           MinimumNETVersion = 8.0
                       10.0.26100.1
                           NormalizedSupportedTargetPlatformVersion = 10.0.26100.0
                           WindowsSdkPackageVersion = 10.0.26100.57
                           MinimumNETVersion = 10.0
                       7.0
                       8.0
                   SourceLinkAzureReposGitHost
                       dev.azure.com
                       visualstudio.com
                       vsts.me
                   SourceLinkBitbucketGitHost
                       bitbucket.org
                           EnterpriseEdition = false
                   SourceLinkGitHubHost
                       github.com
                           ContentUrl = https://raw.githubusercontent.com
                   SourceLinkGitLabHost
                       gitlab.com
                   SourceRoot
                       C:\Users\jim liu\.nuget\packages\
                       d:\Program Files\Microsoft Visual Studio\Shared\NuGetPackages\
                   SupportedNETCoreAppTargetFramework
                       .NETCoreApp,Version=v10.0
                           DisplayName = .NET 10.0
                           Alias = net10.0
                       .NETCoreApp,Version=v3.0
                           DisplayName = .NET Core 3.0
                           Alias = netcoreapp3.0
                       .NETCoreApp,Version=v3.1
                           DisplayName = .NET Core 3.1
                           Alias = netcoreapp3.1
                       .NETCoreApp,Version=v5.0
                           DisplayName = .NET 5.0
                           Alias = net5.0
                       .NETCoreApp,Version=v6.0
                           DisplayName = .NET 6.0
                           Alias = net6.0
                       .NETCoreApp,Version=v7.0
                           DisplayName = .NET 7.0
                           Alias = net7.0
                       .NETCoreApp,Version=v8.0
                           DisplayName = .NET 8.0
                           Alias = net8.0
                       .NETCoreApp,Version=v9.0
                           DisplayName = .NET 9.0
                           Alias = net9.0
                   SupportedNETFrameworkTargetFramework
                       .NETFramework,Version=v3.0
                           DisplayName = .NET Framework 3.0
                           Alias = net30
                       .NETFramework,Version=v3.5
                           DisplayName = .NET Framework 3.5
                           Alias = net35
                       .NETFramework,Version=v4.0
                           DisplayName = .NET Framework 4.0
                           Alias = net40
                       .NETFramework,Version=v4.5
                           DisplayName = .NET Framework 4.5
                           Alias = net45
                       .NETFramework,Version=v4.5.1
                           DisplayName = .NET Framework 4.5.1
                           Alias = net451
                       .NETFramework,Version=v4.5.2
                           DisplayName = .NET Framework 4.5.2
                           Alias = net452
                       .NETFramework,Version=v4.6
                           DisplayName = .NET Framework 4.6
                           Alias = net46
                       .NETFramework,Version=v4.6.1
                           DisplayName = .NET Framework 4.6.1
                           Alias = net461
                       .NETFramework,Version=v4.6.2
                           DisplayName = .NET Framework 4.6.2
                           Alias = net462
                       .NETFramework,Version=v4.7
                           DisplayName = .NET Framework 4.7
                           Alias = net47
                       .NETFramework,Version=v4.7.1
                           DisplayName = .NET Framework 4.7.1
                           Alias = net471
                       .NETFramework,Version=v4.7.2
                           DisplayName = .NET Framework 4.7.2
                           Alias = net472
                       .NETFramework,Version=v4.8
                           DisplayName = .NET Framework 4.8
                           Alias = net48
                       .NETFramework,Version=v4.8.1
                           DisplayName = .NET Framework 4.8.1
                           Alias = net481
                   SupportedPlatform
                       Linux
                       macOS
                       Windows
                   SupportedTargetFramework
                       .NETCoreApp,Version=v10.0
                           DisplayName = .NET 10.0
                           Alias = net10.0
                       .NETCoreApp,Version=v3.0
                           DisplayName = .NET Core 3.0
                           Alias = netcoreapp3.0
                       .NETCoreApp,Version=v3.1
                           DisplayName = .NET Core 3.1
                           Alias = netcoreapp3.1
                       .NETCoreApp,Version=v5.0
                           DisplayName = .NET 5.0
                           Alias = net5.0
                       .NETCoreApp,Version=v6.0
                           DisplayName = .NET 6.0
                           Alias = net6.0
                       .NETCoreApp,Version=v7.0
                           DisplayName = .NET 7.0
                           Alias = net7.0
                       .NETCoreApp,Version=v8.0
                           DisplayName = .NET 8.0
                           Alias = net8.0
                       .NETCoreApp,Version=v9.0
                           DisplayName = .NET 9.0
                           Alias = net9.0
                       .NETFramework,Version=v3.0
                           DisplayName = .NET Framework 3.0
                           Alias = net30
                       .NETFramework,Version=v3.5
                           DisplayName = .NET Framework 3.5
                           Alias = net35
                       .NETFramework,Version=v4.0
                           DisplayName = .NET Framework 4.0
                           Alias = net40
                       .NETFramework,Version=v4.5
                           DisplayName = .NET Framework 4.5
                           Alias = net45
                       .NETFramework,Version=v4.5.1
                           DisplayName = .NET Framework 4.5.1
                           Alias = net451
                       .NETFramework,Version=v4.5.2
                           DisplayName = .NET Framework 4.5.2
                           Alias = net452
                       .NETFramework,Version=v4.6
                           DisplayName = .NET Framework 4.6
                           Alias = net46
                       .NETFramework,Version=v4.6.1
                           DisplayName = .NET Framework 4.6.1
                           Alias = net461
                       .NETFramework,Version=v4.6.2
                           DisplayName = .NET Framework 4.6.2
                           Alias = net462
                       .NETFramework,Version=v4.7
                           DisplayName = .NET Framework 4.7
                           Alias = net47
                       .NETFramework,Version=v4.7.1
                           DisplayName = .NET Framework 4.7.1
                           Alias = net471
                       .NETFramework,Version=v4.7.2
                           DisplayName = .NET Framework 4.7.2
                           Alias = net472
                       .NETFramework,Version=v4.8
                           DisplayName = .NET Framework 4.8
                           Alias = net48
                       .NETFramework,Version=v4.8.1
                           DisplayName = .NET Framework 4.8.1
                           Alias = net481
                   TFTelemetry
                       ArtifactsPathLocationType
                           Value = 
                       Configuration
                           Hash = true
                           Value = Debug
                       OutputType
                           Value = WinExe
                       PublishAot
                           Value = 
                       PublishProtocol
                           Value = 
                       PublishReadyToRun
                           Value = 
                       PublishReadyToRunComposite
                           Value = false
                       PublishSelfContained
                           Value = 
                       PublishTrimmed
                           Value = 
                       RuntimeIdentifier
                           Value = 
                       SelfContained
                           Value = false
                       TargetFrameworkVersion
                           Value = .NETCoreApp,Version=v10.0
                       TargetPlatformIdentifier
                           Value = Windows
                       UseApphost
                           Value = true
                       UseArtifactsOutput
                           Value = 
                       UseMonoRuntime
                           Value = 
                   Using
                       System
                       System.Collections.Generic
                       System.Linq
                       System.Threading
                       System.Threading.Tasks
                   WindowsSdkSupportedTargetPlatformVersion
                       10.0.17763.0
                           WindowsSdkPackageVersion = 10.0.17763.57
                           MinimumNETVersion = 8.0
                       10.0.17763.0
                           WindowsSdkPackageVersion = 10.0.17763.55
                           MinimumNETVersion = 6.0
                       10.0.17763.0
                           WindowsSdkPackageVersion = 10.0.17763.26
                           MinimumNETVersion = 5.0
                       10.0.17763.1
                           WindowsSdkPackageVersion = 10.0.17763.57
                           MinimumNETVersion = 10.0
                       10.0.18362.0
                           WindowsSdkPackageVersion = 10.0.18362.55
                           MinimumNETVersion = 6.0
                       10.0.18362.0
                           WindowsSdkPackageVersion = 10.0.18362.57
                           MinimumNETVersion = 8.0
                       10.0.18362.0
                           WindowsSdkPackageVersion = 10.0.18362.26
                           MinimumNETVersion = 5.0
                       10.0.18362.1
                           WindowsSdkPackageVersion = 10.0.18362.57
                           MinimumNETVersion = 10.0
                       10.0.19041.0
                           WindowsSdkPackageVersion = 10.0.19041.55
                           MinimumNETVersion = 6.0
                       10.0.19041.0
                           WindowsSdkPackageVersion = 10.0.19041.26
                           MinimumNETVersion = 5.0
                       10.0.19041.0
                           WindowsSdkPackageVersion = 10.0.19041.57
                           MinimumNETVersion = 8.0
                       10.0.19041.1
                           WindowsSdkPackageVersion = 10.0.19041.57
                           MinimumNETVersion = 10.0
                       10.0.20348.0
                           WindowsSdkPackageVersion = 10.0.20348.55
                           MinimumNETVersion = 6.0
                       10.0.20348.0
                           WindowsSdkPackageVersion = 10.0.20348.26
                           MinimumNETVersion = 5.0
                       10.0.20348.0
                           WindowsSdkPackageVersion = 10.0.20348.57
                           MinimumNETVersion = 8.0
                       10.0.20348.1
                           WindowsSdkPackageVersion = 10.0.20348.57
                           MinimumNETVersion = 10.0
                       10.0.22000.0
                           WindowsSdkPackageVersion = 10.0.22000.57
                           MinimumNETVersion = 8.0
                       10.0.22000.0
                           WindowsSdkPackageVersion = 10.0.22000.55
                           MinimumNETVersion = 6.0
                       10.0.22000.0
                           WindowsSdkPackageVersion = 10.0.22000.26
                           MinimumNETVersion = 5.0
                       10.0.22000.1
                           WindowsSdkPackageVersion = 10.0.22000.57
                           MinimumNETVersion = 10.0
                       10.0.22621.0
                           WindowsSdkPackageVersion = 10.0.22621.57
                           MinimumNETVersion = 8.0
                       10.0.22621.0
                           WindowsSdkPackageVersion = 10.0.22621.55
                           MinimumNETVersion = 6.0
                       10.0.22621.1
                           WindowsSdkPackageVersion = 10.0.22621.57
                           MinimumNETVersion = 10.0
                       10.0.26100.0
                           WindowsSdkPackageVersion = 10.0.26100.55
                           MinimumNETVersion = 6.0
                       10.0.26100.0
                           WindowsSdkPackageVersion = 10.0.26100.57
                           MinimumNETVersion = 8.0
                       10.0.26100.1
                           WindowsSdkPackageVersion = 10.0.26100.57
                           MinimumNETVersion = 10.0
                       7.0
                       8.0

13:40:40.744     1>节点 1 上的项目“F:\C#\WinFormsApp1.WpfRefactor\WinFormsApp1.Desktop\WinFormsApp1.Desktop.csproj”(默认目标)。
13:40:40.749     1>来自项目“F:\C#\WinFormsApp1.WpfRefactor\WinFormsApp1.Desktop\WinFormsApp1.Desktop.csproj”的文件“C:\Program Files\dotnet\sdk\10.0.201\Sdks\Microsoft.NET.Sdk\targets\Microsoft.NET.TargetFrameworkInference.targets”中的目标“_CollectTargetFrameworkForTelemetry: (目标 ID: 2)”(目标“_CheckForInvalidConfigurationAndPlatform”依赖于它):
13:40:40.750     1>添加的项: 
    TFTelemetry=
        TargetFrameworkVersion
                Value=.NETCoreApp,Version=v10.0
                   添加的项: 
                       TFTelemetry=
                           RuntimeIdentifier
                                   Value=
                   添加的项: 
                       TFTelemetry=
                           SelfContained
                                   Value=false
                   添加的项: 
                       TFTelemetry=
                           UseApphost
                                   Value=true
                   添加的项: 
                       TFTelemetry=
                           OutputType
                                   Value=WinExe
                   添加的项: 
                       TFTelemetry=
                           UseArtifactsOutput
                                   Value=
                   添加的项: 
                       TFTelemetry=
                           ArtifactsPathLocationType
                                   Value=
                   添加的项: 
                       TFTelemetry=
                           TargetPlatformIdentifier
                                   Value=Windows
                   添加的项: 
                       TFTelemetry=
                           UseMonoRuntime
                                   Value=
                   添加的项: 
                       TFTelemetry=
                           PublishAot
                                   Value=
                   添加的项: 
                       TFTelemetry=
                           PublishTrimmed
                                   Value=
                   添加的项: 
                       TFTelemetry=
                           PublishSelfContained
                                   Value=
                   添加的项: 
                       TFTelemetry=
                           PublishReadyToRun
                                   Value=
                   添加的项: 
                       TFTelemetry=
                           PublishReadyToRunComposite
                                   Value=false
                   添加的项: 
                       TFTelemetry=
                           PublishProtocol
                                   Value=
                   添加的项: 
                       TFTelemetry=
                           Configuration
                                   Hash=true
                                   Value=Debug
                   正在使用程序集“C:\Program Files\dotnet\sdk\10.0.201\Sdks\Microsoft.NET.Sdk\targets\..\tools\net10.0\Microsoft.NET.Build.Tasks.dll”中的“AllowEmptyTelemetry”任务。
                   任务“AllowEmptyTelemetry” (任务 ID: 2)
                     任务参数:
                         EventData=
                             TargetFrameworkVersion
                                     Value=.NETCoreApp,Version=v10.0
                             RuntimeIdentifier
                                     Value=
                             SelfContained
                                     Value=false
                             UseApphost
                                     Value=true
                             OutputType
                                     Value=WinExe
                             UseArtifactsOutput
                                     Value=
                             ArtifactsPathLocationType
                                     Value=
                             TargetPlatformIdentifier
                                     Value=Windows
                             UseMonoRuntime
                                     Value=
                             PublishAot
                                     Value=
                             PublishTrimmed
                                     Value=
                             PublishSelfContained
                                     Value=
                             PublishReadyToRun
                                     Value=
                             PublishReadyToRunComposite
                                     Value=false
                             PublishProtocol
                                     Value=
                             Configuration
                                     Hash=true
                                     Value=Debug (任务 ID: 2)
                     任务参数:EventName=targetframeworkeval (任务 ID: 2)
                   已完成执行任务“AllowEmptyTelemetry”的操作。 (任务 ID: 2)
13:40:40.762     1>已完成在项目“WinFormsApp1.Desktop.csproj”中生成目标“_CollectTargetFrameworkForTelemetry”的操作。: (目标 ID: 2)
13:40:40.762     1>来自项目“F:\C#\WinFormsApp1.WpfRefactor\WinFormsApp1.Desktop\WinFormsApp1.Desktop.csproj”的文件“C:\Program Files\dotnet\sdk\10.0.201\Sdks\Microsoft.NET.Sdk\targets\Microsoft.NET.TargetFrameworkInference.targets”中的目标“_CheckForUnsupportedTargetPlatformIdentifier: (目标 ID: 3)”(目标“_CheckForInvalidConfigurationAndPlatform”依赖于它):
                   设置属性: TargetPlatformSupported=true
13:40:40.762     1>已完成在项目“WinFormsApp1.Desktop.csproj”中生成目标“_CheckForUnsupportedTargetPlatformIdentifier”的操作。: (目标 ID: 3)
13:40:40.762     1>来自项目“F:\C#\WinFormsApp1.WpfRefactor\WinFormsApp1.Desktop\WinFormsApp1.Desktop.csproj”的文件“C:\Program Files\dotnet\sdk\10.0.201\Sdks\Microsoft.NET.Sdk\targets\Microsoft.NET.TargetFrameworkInference.targets”中的目标“_CheckForUnsupportedNETCoreVersion: (目标 ID: 4)”(目标“_CheckForInvalidConfigurationAndPlatform”依赖于它):
13:40:40.762     1>已完成在项目“WinFormsApp1.Desktop.csproj”中生成目标“_CheckForUnsupportedNETCoreVersion”的操作。: (目标 ID: 4)
13:40:40.763     1>来自项目“F:\C#\WinFormsApp1.WpfRefactor\WinFormsApp1.Desktop\WinFormsApp1.Desktop.csproj”的文件“C:\Program Files\dotnet\sdk\10.0.201\Sdks\Microsoft.NET.Sdk\targets\Microsoft.NET.TargetFrameworkInference.targets”中的目标“_CheckForUnsupportedCppNETCoreVersion: (目标 ID: 5)”(目标“_CheckForInvalidConfigurationAndPlatform”依赖于它):
13:40:40.763     1>已完成在项目“WinFormsApp1.Desktop.csproj”中生成目标“_CheckForUnsupportedCppNETCoreVersion”的操作。: (目标 ID: 5)
13:40:40.763     1>来自项目“F:\C#\WinFormsApp1.WpfRefactor\WinFormsApp1.Desktop\WinFormsApp1.Desktop.csproj”的文件“C:\Program Files\dotnet\sdk\10.0.201\Sdks\Microsoft.NET.Sdk\targets\Microsoft.NET.TargetFrameworkInference.targets”中的目标“_CheckForSupportedOSPlatformVersionHigherThanTargetPlatformVersion: (目标 ID: 6)”(目标“_CheckForInvalidConfigurationAndPlatform”依赖于它):
13:40:40.763     1>已完成在项目“WinFormsApp1.Desktop.csproj”中生成目标“_CheckForSupportedOSPlatformVersionHigherThanTargetPlatformVersion”的操作。: (目标 ID: 6)
13:40:40.764     1>来自项目“F:\C#\WinFormsApp1.WpfRefactor\WinFormsApp1.Desktop\WinFormsApp1.Desktop.csproj”的文件“C:\Program Files\dotnet\sdk\10.0.201\Sdks\Microsoft.NET.Sdk\targets\Microsoft.NET.TargetFrameworkInference.targets”中的目标“_NormalizeTargetPlatformVersion: (目标 ID: 7)”(目标“_CheckForInvalidTargetPlatformVersion”依赖于它):
                   添加的项: 
                       _ApplicableTargetPlatformVersion=
                           10.0.26100.1
                                   MinimumNETVersion=10.0
                                   NormalizedSupportedTargetPlatformVersion=10.0.26100.0
                                   WindowsSdkPackageVersion=10.0.26100.57
                           10.0.22621.1
                                   MinimumNETVersion=10.0
                                   NormalizedSupportedTargetPlatformVersion=10.0.22621.0
                                   WindowsSdkPackageVersion=10.0.22621.57
                           10.0.22000.1
                                   MinimumNETVersion=10.0
                                   NormalizedSupportedTargetPlatformVersion=10.0.22000.0
                                   WindowsSdkPackageVersion=10.0.22000.57
                           10.0.20348.1
                                   MinimumNETVersion=10.0
                                   NormalizedSupportedTargetPlatformVersion=10.0.20348.0
                                   WindowsSdkPackageVersion=10.0.20348.57
                           10.0.19041.1
                                   MinimumNETVersion=10.0
                                   NormalizedSupportedTargetPlatformVersion=10.0.19041.0
                                   WindowsSdkPackageVersion=10.0.19041.57
                           10.0.18362.1
                                   MinimumNETVersion=10.0
                                   NormalizedSupportedTargetPlatformVersion=10.0.18362.0
                                   WindowsSdkPackageVersion=10.0.18362.57
                           10.0.17763.1
                                   MinimumNETVersion=10.0
                                   NormalizedSupportedTargetPlatformVersion=10.0.17763.0
                                   WindowsSdkPackageVersion=10.0.17763.57
                           10.0.26100.0
                                   MinimumNETVersion=8.0
                                   WindowsSdkPackageVersion=10.0.26100.57
                           10.0.22621.0
                                   MinimumNETVersion=8.0
                                   WindowsSdkPackageVersion=10.0.22621.57
                           10.0.22000.0
                                   MinimumNETVersion=8.0
                                   WindowsSdkPackageVersion=10.0.22000.57
                           10.0.20348.0
                                   MinimumNETVersion=8.0
                                   WindowsSdkPackageVersion=10.0.20348.57
                           10.0.19041.0
                                   MinimumNETVersion=8.0
                                   WindowsSdkPackageVersion=10.0.19041.57
                           10.0.18362.0
                                   MinimumNETVersion=8.0
                                   WindowsSdkPackageVersion=10.0.18362.57
                           10.0.17763.0
                                   MinimumNETVersion=8.0
                                   WindowsSdkPackageVersion=10.0.17763.57
                           10.0.26100.0
                                   MinimumNETVersion=6.0
                                   WindowsSdkPackageVersion=10.0.26100.55
                           10.0.22621.0
                                   MinimumNETVersion=6.0
                                   WindowsSdkPackageVersion=10.0.22621.55
                           10.0.22000.0
                                   MinimumNETVersion=6.0
                                   WindowsSdkPackageVersion=10.0.22000.55
                           10.0.20348.0
                                   MinimumNETVersion=6.0
                                   WindowsSdkPackageVersion=10.0.20348.55
                           10.0.19041.0
                                   MinimumNETVersion=6.0
                                   WindowsSdkPackageVersion=10.0.19041.55
                           10.0.18362.0
                                   MinimumNETVersion=6.0
                                   WindowsSdkPackageVersion=10.0.18362.55
                           10.0.17763.0
                                   MinimumNETVersion=6.0
                                   WindowsSdkPackageVersion=10.0.17763.55
                           10.0.22000.0
                                   MinimumNETVersion=5.0
                                   WindowsSdkPackageVersion=10.0.22000.26
                           10.0.20348.0
                                   MinimumNETVersion=5.0
                                   WindowsSdkPackageVersion=10.0.20348.26
                           10.0.19041.0
                                   MinimumNETVersion=5.0
                                   WindowsSdkPackageVersion=10.0.19041.26
                           10.0.18362.0
                                   MinimumNETVersion=5.0
                                   WindowsSdkPackageVersion=10.0.18362.26
                           10.0.17763.0
                                   MinimumNETVersion=5.0
                                   WindowsSdkPackageVersion=10.0.17763.26
                           8.0
                           7.0
                   添加的项: _ValidTargetPlatformVersion=7.0
13:40:40.767     1>已完成在项目“WinFormsApp1.Desktop.csproj”中生成目标“_NormalizeTargetPlatformVersion”的操作。: (目标 ID: 7)
13:40:40.767     1>来自项目“F:\C#\WinFormsApp1.WpfRefactor\WinFormsApp1.Desktop\WinFormsApp1.Desktop.csproj”的文件“C:\Program Files\dotnet\sdk\10.0.201\Sdks\Microsoft.NET.Sdk\targets\Microsoft.NET.TargetFrameworkInference.targets”中的目标“_CheckForInvalidTargetPlatformVersion: (目标 ID: 8)”(目标“_CheckForInvalidConfigurationAndPlatform”依赖于它):
                   设置属性: TargetPlatformVersionSupported=true
                   设置属性: _ValidTargetPlatformVersions=10.0.26100.1%0a10.0.22621.1%0a10.0.22000.1%0a10.0.20348.1%0a10.0.19041.1%0a10.0.18362.1%0a10.0.17763.1%0a10.0.26100.0%0a10.0.22621.0%0a10.0.22000.0%0a10.0.20348.0%0a10.0.19041.0%0a10.0.18362.0%0a10.0.17763.0%0a10.0.26100.0%0a10.0.22621.0%0a10.0.22000.0%0a10.0.20348.0%0a10.0.19041.0%0a10.0.18362.0%0a10.0.17763.0%0a10.0.22000.0%0a10.0.20348.0%0a10.0.19041.0%0a10.0.18362.0%0a10.0.17763.0%0a8.0%0a7.0
13:40:40.767     1>已完成在项目“WinFormsApp1.Desktop.csproj”中生成目标“_CheckForInvalidTargetPlatformVersion”的操作。: (目标 ID: 8)
13:40:40.767     1>来自项目“F:\C#\WinFormsApp1.WpfRefactor\WinFormsApp1.Desktop\WinFormsApp1.Desktop.csproj”的文件“C:\Program Files\dotnet\sdk\10.0.201\Sdks\Microsoft.NET.Sdk\targets\Microsoft.NET.DefaultOutputPaths.targets”中的目标“_CheckForUnsupportedArtifactsPath: (目标 ID: 9)”(目标“_CheckForInvalidConfigurationAndPlatform”依赖于它):
13:40:40.767     1>已完成在项目“WinFormsApp1.Desktop.csproj”中生成目标“_CheckForUnsupportedArtifactsPath”的操作。: (目标 ID: 9)
13:40:40.767     1>来自项目“F:\C#\WinFormsApp1.WpfRefactor\WinFormsApp1.Desktop\WinFormsApp1.Desktop.csproj”的文件“C:\Program Files\dotnet\sdk\10.0.201\Sdks\Microsoft.NET.Sdk\targets\Microsoft.NET.RuntimeIdentifierInference.targets”中的目标“_CheckRIDAsserts: (目标 ID: 10)”(目标“_CheckForUnsupportedAppHostUsage”依赖于它):
13:40:40.767     1>已完成在项目“WinFormsApp1.Desktop.csproj”中生成目标“_CheckRIDAsserts”的操作。: (目标 ID: 10)
13:40:40.767     1>来自项目“F:\C#\WinFormsApp1.WpfRefactor\WinFormsApp1.Desktop\WinFormsApp1.Desktop.csproj”的文件“C:\Program Files\dotnet\sdk\10.0.201\Sdks\Microsoft.NET.Sdk\targets\Microsoft.NET.RuntimeIdentifierInference.targets”中的目标“_CheckForUnsupportedAppHostUsage: (目标 ID: 11)”(目标“_CheckForInvalidConfigurationAndPlatform”依赖于它):
13:40:40.767     1>已完成在项目“WinFormsApp1.Desktop.csproj”中生成目标“_CheckForUnsupportedAppHostUsage”的操作。: (目标 ID: 11)
13:40:40.767     1>来自项目“F:\C#\WinFormsApp1.WpfRefactor\WinFormsApp1.Desktop\WinFormsApp1.Desktop.csproj”的文件“C:\Program Files\dotnet\sdk\10.0.201\Sdks\Microsoft.NET.Sdk\targets\Microsoft.NET.RuntimeIdentifierInference.targets”中的目标“_CheckForUnsupportedHostingUsage: (目标 ID: 12)”(目标“_CheckForInvalidConfigurationAndPlatform”依赖于它):
13:40:40.767     1>已完成在项目“WinFormsApp1.Desktop.csproj”中生成目标“_CheckForUnsupportedHostingUsage”的操作。: (目标 ID: 12)
13:40:40.767     1>来自项目“F:\C#\WinFormsApp1.WpfRefactor\WinFormsApp1.Desktop\WinFormsApp1.Desktop.csproj”的文件“C:\Program Files\dotnet\sdk\10.0.201\Sdks\Microsoft.NET.Sdk\targets\Microsoft.NET.RuntimeIdentifierInference.targets”中的目标“_CheckAndUnsetUnsupportedPrefer32Bit: (目标 ID: 13)”(目标“_CheckForInvalidConfigurationAndPlatform”依赖于它):
                   设置属性: Prefer32Bit=false
13:40:40.767     1>已完成在项目“WinFormsApp1.Desktop.csproj”中生成目标“_CheckAndUnsetUnsupportedPrefer32Bit”的操作。: (目标 ID: 13)
13:40:40.767     1>来自项目“F:\C#\WinFormsApp1.WpfRefactor\WinFormsApp1.Desktop\WinFormsApp1.Desktop.csproj”的文件“C:\Program Files\dotnet\sdk\10.0.201\Sdks\Microsoft.NET.Sdk\targets\Microsoft.NET.RuntimeIdentifierInference.targets”中的目标“_CheckForLanguageAndFeatureCombinationSupport: (目标 ID: 14)”(目标“_CheckForInvalidConfigurationAndPlatform”依赖于它):
13:40:40.767     1>已完成在项目“WinFormsApp1.Desktop.csproj”中生成目标“_CheckForLanguageAndFeatureCombinationSupport”的操作。: (目标 ID: 14)
13:40:40.767     1>来自项目“F:\C#\WinFormsApp1.WpfRefactor\WinFormsApp1.Desktop\WinFormsApp1.Desktop.csproj”的文件“C:\Program Files\dotnet\sdk\10.0.201\Sdks\Microsoft.NET.Sdk\targets\Microsoft.NET.Sdk.DefaultItems.Shared.targets”中的目标“UpdateAspNetToFrameworkReference: (目标 ID: 15)”(目标“ApplyImplicitVersions”依赖于它):
                   正在使用程序集“C:\Program Files\dotnet\sdk\10.0.201\Sdks\Microsoft.NET.Sdk\targets\..\tools\net10.0\Microsoft.NET.Build.Tasks.dll”中的“CheckIfPackageReferenceShouldBeFrameworkReference”任务。
                   任务“CheckIfPackageReferenceShouldBeFrameworkReference” (任务 ID: 3)
                     任务参数:
                         PackageReferences=
                             Microsoft.Data.Sqlite
                                     Version=10.0.5
                             ScottPlot
                                     Version=5.1.58 (任务 ID: 3)
                     任务参数:
                         FrameworkReferences=
                             Microsoft.NETCore.App
                                     IsImplicitlyDefined=true
                                     Pack=false
                                     PrivateAssets=All
                             Microsoft.WindowsDesktop.App.WPF
                                     IsImplicitlyDefined=true (任务 ID: 3)
                     任务参数:PackageReferenceToReplace=Microsoft.AspNetCore.All (任务 ID: 3)
                     任务参数:FrameworkReferenceToUse=Microsoft.AspNetCore.App (任务 ID: 3)
                     输出属性: _ShouldRemoveAspNetCoreAll=False (任务 ID: 3)
                   已完成执行任务“CheckIfPackageReferenceShouldBeFrameworkReference”的操作。 (任务 ID: 3)
                   任务“CheckIfPackageReferenceShouldBeFrameworkReference” (任务 ID: 4)
                     任务参数:
                         PackageReferences=
                             Microsoft.Data.Sqlite
                                     Version=10.0.5
                             ScottPlot
                                     Version=5.1.58 (任务 ID: 4)
                     任务参数:
                         FrameworkReferences=
                             Microsoft.NETCore.App
                                     IsImplicitlyDefined=true
                                     Pack=false
                                     PrivateAssets=All
                             Microsoft.WindowsDesktop.App.WPF
                                     IsImplicitlyDefined=true (任务 ID: 4)
                     任务参数:PackageReferenceToReplace=Microsoft.AspNetCore.App (任务 ID: 4)
                     任务参数:FrameworkReferenceToUse=Microsoft.AspNetCore.App (任务 ID: 4)
                     输出属性: _ShouldRemoveAspNetCoreApp=False (任务 ID: 4)
                     输出属性: _ShouldAddAspNetCoreAppFrameworkReference=False (任务 ID: 4)
                   已完成执行任务“CheckIfPackageReferenceShouldBeFrameworkReference”的操作。 (任务 ID: 4)
13:40:40.768     1>已完成在项目“WinFormsApp1.Desktop.csproj”中生成目标“UpdateAspNetToFrameworkReference”的操作。: (目标 ID: 15)
13:40:40.769     1>来自项目“F:\C#\WinFormsApp1.WpfRefactor\WinFormsApp1.Desktop\WinFormsApp1.Desktop.csproj”的文件“C:\Program Files\dotnet\sdk\10.0.201\Sdks\Microsoft.NET.Sdk\targets\Microsoft.NET.Sdk.DefaultItems.Shared.targets”中的目标“CheckForImplicitPackageReferenceOverrides: (目标 ID: 16)”(目标“ApplyImplicitVersions”依赖于它):
                   设置属性: ImplicitPackageReferenceInformationLink=https://aka.ms/sdkimplicitrefs
                   正在使用程序集“C:\Program Files\dotnet\sdk\10.0.201\Sdks\Microsoft.NET.Sdk\targets\..\tools\net10.0\Microsoft.NET.Build.Tasks.dll”中的“CheckForImplicitPackageReferenceOverrides”任务。
                   任务“CheckForImplicitPackageReferenceOverrides” (任务 ID: 5)
                     任务参数:
                         PackageReferenceItems=
                             Microsoft.Data.Sqlite
                                     Version=10.0.5
                             ScottPlot
                                     Version=5.1.58 (任务 ID: 5)
                     任务参数:MoreInformationLink=https://aka.ms/sdkimplicitrefs (任务 ID: 5)
                   已完成执行任务“CheckForImplicitPackageReferenceOverrides”的操作。 (任务 ID: 5)
13:40:40.769     1>已完成在项目“WinFormsApp1.Desktop.csproj”中生成目标“CheckForImplicitPackageReferenceOverrides”的操作。: (目标 ID: 16)
13:40:40.769     1>来自项目“F:\C#\WinFormsApp1.WpfRefactor\WinFormsApp1.Desktop\WinFormsApp1.Desktop.csproj”的文件“C:\Program Files\dotnet\sdk\10.0.201\Sdks\Microsoft.NET.Sdk\targets\Microsoft.NET.Sdk.DefaultItems.Shared.targets”中的目标“ApplyImplicitVersions: (目标 ID: 17)”(目标“CollectPackageReferences”依赖于它):
                   正在使用程序集“C:\Program Files\dotnet\sdk\10.0.201\Sdks\Microsoft.NET.Sdk\targets\..\tools\net10.0\Microsoft.NET.Build.Tasks.dll”中的“ApplyImplicitVersions”任务。
                   任务“ApplyImplicitVersions” (任务 ID: 6)
                     任务参数:
                         PackageReferences=
                             Microsoft.Data.Sqlite
                                     Version=10.0.5
                             ScottPlot
                                     Version=5.1.58 (任务 ID: 6)
                     任务参数:
                         ImplicitPackageReferenceVersions=
                             Microsoft.NETCore.App
                                     DefaultVersion=1.0.5
                                     LatestVersion=1.0.16
                                     TargetFrameworkVersion=1.0
                             Microsoft.NETCore.App
                                     DefaultVersion=1.1.2
                                     LatestVersion=1.1.13
                                     TargetFrameworkVersion=1.1
                             Microsoft.NETCore.App
                                     DefaultVersion=2.0.0
                                     LatestVersion=2.0.9
                                     TargetFrameworkVersion=2.0
                             Microsoft.NETCore.App
                                     DefaultVersion=2.1.0
                                     LatestVersion=2.1.30
                                     TargetFrameworkVersion=2.1
                             Microsoft.NETCore.App
                                     DefaultVersion=2.2.0
                                     LatestVersion=2.2.8
                                     TargetFrameworkVersion=2.2
                             Microsoft.AspNetCore.App
                                     DefaultVersion=2.1.1
                                     LatestVersion=2.1.30
                                     TargetFrameworkVersion=2.1
                             Microsoft.AspNetCore.All
                                     DefaultVersion=2.1.1
                                     LatestVersion=2.1.30
                                     TargetFrameworkVersion=2.1
                             Microsoft.AspNetCore.App
                                     DefaultVersion=2.2.0
                                     LatestVersion=2.2.8
                                     TargetFrameworkVersion=2.2
                             Microsoft.AspNetCore.All
                                     DefaultVersion=2.2.0
                                     LatestVersion=2.2.8
                                     TargetFrameworkVersion=2.2 (任务 ID: 6)
                     任务参数:TargetLatestRuntimePatch=False (任务 ID: 6)
                     任务参数:TargetFrameworkVersion=10.0 (任务 ID: 6)
                   已完成执行任务“ApplyImplicitVersions”的操作。 (任务 ID: 6)
13:40:40.770     1>已完成在项目“WinFormsApp1.Desktop.csproj”中生成目标“ApplyImplicitVersions”的操作。: (目标 ID: 17)
                   已跳过目标“CheckForImplicitPackageReferenceOverrides”。以前的生成已成功。
13:40:40.770     1>来自项目“F:\C#\WinFormsApp1.WpfRefactor\WinFormsApp1.Desktop\WinFormsApp1.Desktop.csproj”的文件“C:\Program Files\dotnet\sdk\10.0.201\Sdks\Microsoft.NET.Sdk\targets\Microsoft.NET.Sdk.FrameworkReferenceResolution.targets”中的目标“AddWindowsSdkKnownFrameworkReferences: (目标 ID: 18)”(目标“ProcessFrameworkReferences”依赖于它):
                   正在使用程序集“C:\Program Files\dotnet\sdk\10.0.201\Sdks\Microsoft.NET.Sdk\targets\..\tools\net10.0\Microsoft.NET.Build.Tasks.dll”中的“CreateWindowsSdkKnownFrameworkReferences”任务。
                   任务“CreateWindowsSdkKnownFrameworkReferences” (任务 ID: 7)
                     任务参数:TargetPlatformVersion=7.0 (任务 ID: 7)
                     任务参数:TargetPlatformIdentifier=Windows (任务 ID: 7)
                     任务参数:
                         WindowsSdkSupportedTargetPlatformVersions=
                             10.0.26100.1
                                     MinimumNETVersion=10.0
                                     WindowsSdkPackageVersion=10.0.26100.57
                             10.0.22621.1
                                     MinimumNETVersion=10.0
                                     WindowsSdkPackageVersion=10.0.22621.57
                             10.0.22000.1
                                     MinimumNETVersion=10.0
                                     WindowsSdkPackageVersion=10.0.22000.57
                             10.0.20348.1
                                     MinimumNETVersion=10.0
                                     WindowsSdkPackageVersion=10.0.20348.57
                             10.0.19041.1
                                     MinimumNETVersion=10.0
                                     WindowsSdkPackageVersion=10.0.19041.57
                             10.0.18362.1
                                     MinimumNETVersion=10.0
                                     WindowsSdkPackageVersion=10.0.18362.57
                             10.0.17763.1
                                     MinimumNETVersion=10.0
                                     WindowsSdkPackageVersion=10.0.17763.57
                             10.0.26100.0
                                     MinimumNETVersion=8.0
                                     WindowsSdkPackageVersion=10.0.26100.57
                             10.0.22621.0
                                     MinimumNETVersion=8.0
                                     WindowsSdkPackageVersion=10.0.22621.57
                             10.0.22000.0
                                     MinimumNETVersion=8.0
                                     WindowsSdkPackageVersion=10.0.22000.57
                             10.0.20348.0
                                     MinimumNETVersion=8.0
                                     WindowsSdkPackageVersion=10.0.20348.57
                             10.0.19041.0
                                     MinimumNETVersion=8.0
                                     WindowsSdkPackageVersion=10.0.19041.57
                             10.0.18362.0
                                     MinimumNETVersion=8.0
                                     WindowsSdkPackageVersion=10.0.18362.57
                             10.0.17763.0
                                     MinimumNETVersion=8.0
                                     WindowsSdkPackageVersion=10.0.17763.57
                             10.0.26100.0
                                     MinimumNETVersion=6.0
                                     WindowsSdkPackageVersion=10.0.26100.55
                             10.0.22621.0
                                     MinimumNETVersion=6.0
                                     WindowsSdkPackageVersion=10.0.22621.55
                             10.0.22000.0
                                     MinimumNETVersion=6.0
                                     WindowsSdkPackageVersion=10.0.22000.55
                             10.0.20348.0
                                     MinimumNETVersion=6.0
                                     WindowsSdkPackageVersion=10.0.20348.55
                             10.0.19041.0
                                     MinimumNETVersion=6.0
                                     WindowsSdkPackageVersion=10.0.19041.55
                             10.0.18362.0
                                     MinimumNETVersion=6.0
                                     WindowsSdkPackageVersion=10.0.18362.55
                             10.0.17763.0
                                     MinimumNETVersion=6.0
                                     WindowsSdkPackageVersion=10.0.17763.55
                             10.0.22000.0
                                     MinimumNETVersion=5.0
                                     WindowsSdkPackageVersion=10.0.22000.26
                             10.0.20348.0
                                     MinimumNETVersion=5.0
                                     WindowsSdkPackageVersion=10.0.20348.26
                             10.0.19041.0
                                     MinimumNETVersion=5.0
                                     WindowsSdkPackageVersion=10.0.19041.26
                             10.0.18362.0
                                     MinimumNETVersion=5.0
                                     WindowsSdkPackageVersion=10.0.18362.26
                             10.0.17763.0
                                     MinimumNETVersion=5.0
                                     WindowsSdkPackageVersion=10.0.17763.26
                             8.0
                             7.0 (任务 ID: 7)
                     任务参数:TargetFrameworkIdentifier=.NETCoreApp (任务 ID: 7)
                     任务参数:TargetFrameworkVersion=10.0 (任务 ID: 7)
                     输出项: 
                         KnownFrameworkReference=
                             Microsoft.Windows.SDK.NET.Ref
                                     DefaultRuntimeFrameworkVersion=10.0.26100.57
                                     IsWindowsOnly=true
                                     LatestRuntimeFrameworkVersion=10.0.26100.57
                                     RuntimeFrameworkName=Microsoft.Windows.SDK.NET.Ref
                                     RuntimePackAlwaysCopyLocal=true
                                     RuntimePackNamePatterns=Microsoft.Windows.SDK.NET.Ref
                                     RuntimePackRuntimeIdentifiers=any
                                     TargetFramework=net10.0-windows10.0.26100.1
                                     TargetingPackName=Microsoft.Windows.SDK.NET.Ref
                                     TargetingPackVersion=10.0.26100.57
                             Microsoft.Windows.SDK.NET.Ref.Windows
                                     DefaultRuntimeFrameworkVersion=10.0.26100.57
                                     IsWindowsOnly=true
                                     LatestRuntimeFrameworkVersion=10.0.26100.57
                                     Profile=Windows
                                     RuntimeFrameworkName=Microsoft.Windows.SDK.NET.Ref
                                     RuntimePackAlwaysCopyLocal=true
                                     RuntimePackNamePatterns=Microsoft.Windows.SDK.NET.Ref
                                     RuntimePackRuntimeIdentifiers=any
                                     TargetFramework=net10.0-windows10.0.26100.1
                                     TargetingPackName=Microsoft.Windows.SDK.NET.Ref
                                     TargetingPackVersion=10.0.26100.57
                             Microsoft.Windows.SDK.NET.Ref.Xaml
                                     DefaultRuntimeFrameworkVersion=10.0.26100.57
                                     IsWindowsOnly=true
                                     LatestRuntimeFrameworkVersion=10.0.26100.57
                                     Profile=Xaml
                                     RuntimeFrameworkName=Microsoft.Windows.SDK.NET.Ref
                                     RuntimePackAlwaysCopyLocal=true
                                     RuntimePackNamePatterns=Microsoft.Windows.SDK.NET.Ref
                                     RuntimePackRuntimeIdentifiers=any
                                     TargetFramework=net10.0-windows10.0.26100.1
                                     TargetingPackName=Microsoft.Windows.SDK.NET.Ref
                                     TargetingPackVersion=10.0.26100.57
                             Microsoft.Windows.SDK.NET.Ref.CsWinRT3.Windows
                                     DefaultRuntimeFrameworkVersion=10.0.26100.57
                                     IsWindowsOnly=true
                                     LatestRuntimeFrameworkVersion=10.0.26100.57
                                     Profile=CsWinRT3.Windows
                                     RuntimeFrameworkName=Microsoft.Windows.SDK.NET.Ref
                                     RuntimePackAlwaysCopyLocal=true
                                     RuntimePackNamePatterns=Microsoft.Windows.SDK.NET.Ref
                                     RuntimePackRuntimeIdentifiers=any
                                     TargetFramework=net10.0-windows10.0.26100.1
                                     TargetingPackName=Microsoft.Windows.SDK.NET.Ref
                                     TargetingPackVersion=10.0.26100.57
                             Microsoft.Windows.SDK.NET.Ref.CsWinRT3.Xaml
                                     DefaultRuntimeFrameworkVersion=10.0.26100.57
                                     IsWindowsOnly=true
                                     LatestRuntimeFrameworkVersion=10.0.26100.57
                                     Profile=CsWinRT3.Xaml
                                     RuntimeFrameworkName=Microsoft.Windows.SDK.NET.Ref
                                     RuntimePackAlwaysCopyLocal=true
                                     RuntimePackNamePatterns=Microsoft.Windows.SDK.NET.Ref
                                     RuntimePackRuntimeIdentifiers=any
                                     TargetFramework=net10.0-windows10.0.26100.1
                                     TargetingPackName=Microsoft.Windows.SDK.NET.Ref
                                     TargetingPackVersion=10.0.26100.57
                             Microsoft.Windows.SDK.NET.Ref
                                     DefaultRuntimeFrameworkVersion=10.0.22621.57
                                     IsWindowsOnly=true
                                     LatestRuntimeFrameworkVersion=10.0.22621.57
                                     RuntimeFrameworkName=Microsoft.Windows.SDK.NET.Ref
                                     RuntimePackAlwaysCopyLocal=true
                                     RuntimePackNamePatterns=Microsoft.Windows.SDK.NET.Ref
                                     RuntimePackRuntimeIdentifiers=any
                                     TargetFramework=net10.0-windows10.0.22621.1
                                     TargetingPackName=Microsoft.Windows.SDK.NET.Ref
                                     TargetingPackVersion=10.0.22621.57
                             Microsoft.Windows.SDK.NET.Ref.Windows
                                     DefaultRuntimeFrameworkVersion=10.0.22621.57
                                     IsWindowsOnly=true
                                     LatestRuntimeFrameworkVersion=10.0.22621.57
                                     Profile=Windows
                                     RuntimeFrameworkName=Microsoft.Windows.SDK.NET.Ref
                                     RuntimePackAlwaysCopyLocal=true
                                     RuntimePackNamePatterns=Microsoft.Windows.SDK.NET.Ref
                                     RuntimePackRuntimeIdentifiers=any
                                     TargetFramework=net10.0-windows10.0.22621.1
                                     TargetingPackName=Microsoft.Windows.SDK.NET.Ref
                                     TargetingPackVersion=10.0.22621.57
                             Microsoft.Windows.SDK.NET.Ref.Xaml
                                     DefaultRuntimeFrameworkVersion=10.0.22621.57
                                     IsWindowsOnly=true
                                     LatestRuntimeFrameworkVersion=10.0.22621.57
                                     Profile=Xaml
                                     RuntimeFrameworkName=Microsoft.Windows.SDK.NET.Ref
                                     RuntimePackAlwaysCopyLocal=true
                                     RuntimePackNamePatterns=Microsoft.Windows.SDK.NET.Ref
                                     RuntimePackRuntimeIdentifiers=any
                                     TargetFramework=net10.0-windows10.0.22621.1
                                     TargetingPackName=Microsoft.Windows.SDK.NET.Ref
                                     TargetingPackVersion=10.0.22621.57
                             Microsoft.Windows.SDK.NET.Ref.CsWinRT3.Windows
                                     DefaultRuntimeFrameworkVersion=10.0.22621.57
                                     IsWindowsOnly=true
                                     LatestRuntimeFrameworkVersion=10.0.22621.57
                                     Profile=CsWinRT3.Windows
                                     RuntimeFrameworkName=Microsoft.Windows.SDK.NET.Ref
                                     RuntimePackAlwaysCopyLocal=true
                                     RuntimePackNamePatterns=Microsoft.Windows.SDK.NET.Ref
                                     RuntimePackRuntimeIdentifiers=any
                                     TargetFramework=net10.0-windows10.0.22621.1
                                     TargetingPackName=Microsoft.Windows.SDK.NET.Ref
                                     TargetingPackVersion=10.0.22621.57
                             Microsoft.Windows.SDK.NET.Ref.CsWinRT3.Xaml
                                     DefaultRuntimeFrameworkVersion=10.0.22621.57
                                     IsWindowsOnly=true
                                     LatestRuntimeFrameworkVersion=10.0.22621.57
                                     Profile=CsWinRT3.Xaml
                                     RuntimeFrameworkName=Microsoft.Windows.SDK.NET.Ref
                                     RuntimePackAlwaysCopyLocal=true
                                     RuntimePackNamePatterns=Microsoft.Windows.SDK.NET.Ref
                                     RuntimePackRuntimeIdentifiers=any
                                     TargetFramework=net10.0-windows10.0.22621.1
                                     TargetingPackName=Microsoft.Windows.SDK.NET.Ref
                                     TargetingPackVersion=10.0.22621.57
                             Microsoft.Windows.SDK.NET.Ref
                                     DefaultRuntimeFrameworkVersion=10.0.22000.57
                                     IsWindowsOnly=true
                                     LatestRuntimeFrameworkVersion=10.0.22000.57
                                     RuntimeFrameworkName=Microsoft.Windows.SDK.NET.Ref
                                     RuntimePackAlwaysCopyLocal=true
                                     RuntimePackNamePatterns=Microsoft.Windows.SDK.NET.Ref
                                     RuntimePackRuntimeIdentifiers=any
                                     TargetFramework=net10.0-windows10.0.22000.1
                                     TargetingPackName=Microsoft.Windows.SDK.NET.Ref
                                     TargetingPackVersion=10.0.22000.57
                             Microsoft.Windows.SDK.NET.Ref.Windows
                                     DefaultRuntimeFrameworkVersion=10.0.22000.57
                                     IsWindowsOnly=true
                                     LatestRuntimeFrameworkVersion=10.0.22000.57
                                     Profile=Windows
                                     RuntimeFrameworkName=Microsoft.Windows.SDK.NET.Ref
                                     RuntimePackAlwaysCopyLocal=true
                                     RuntimePackNamePatterns=Microsoft.Windows.SDK.NET.Ref
                                     RuntimePackRuntimeIdentifiers=any
                                     TargetFramework=net10.0-windows10.0.22000.1
                                     TargetingPackName=Microsoft.Windows.SDK.NET.Ref
                                     TargetingPackVersion=10.0.22000.57
                             Microsoft.Windows.SDK.NET.Ref.Xaml
                                     DefaultRuntimeFrameworkVersion=10.0.22000.57
                                     IsWindowsOnly=true
                                     LatestRuntimeFrameworkVersion=10.0.22000.57
                                     Profile=Xaml
                                     RuntimeFrameworkName=Microsoft.Windows.SDK.NET.Ref
                                     RuntimePackAlwaysCopyLocal=true
                                     RuntimePackNamePatterns=Microsoft.Windows.SDK.NET.Ref
                                     RuntimePackRuntimeIdentifiers=any
                                     TargetFramework=net10.0-windows10.0.22000.1
                                     TargetingPackName=Microsoft.Windows.SDK.NET.Ref
                                     TargetingPackVersion=10.0.22000.57
                             Microsoft.Windows.SDK.NET.Ref.CsWinRT3.Windows
                                     DefaultRuntimeFrameworkVersion=10.0.22000.57
                                     IsWindowsOnly=true
                                     LatestRuntimeFrameworkVersion=10.0.22000.57
                                     Profile=CsWinRT3.Windows
                                     RuntimeFrameworkName=Microsoft.Windows.SDK.NET.Ref
                                     RuntimePackAlwaysCopyLocal=true
                                     RuntimePackNamePatterns=Microsoft.Windows.SDK.NET.Ref
                                     RuntimePackRuntimeIdentifiers=any
                                     TargetFramework=net10.0-windows10.0.22000.1
                                     TargetingPackName=Microsoft.Windows.SDK.NET.Ref
                                     TargetingPackVersion=10.0.22000.57
                             Microsoft.Windows.SDK.NET.Ref.CsWinRT3.Xaml
                                     DefaultRuntimeFrameworkVersion=10.0.22000.57
                                     IsWindowsOnly=true
                                     LatestRuntimeFrameworkVersion=10.0.22000.57
                                     Profile=CsWinRT3.Xaml
                                     RuntimeFrameworkName=Microsoft.Windows.SDK.NET.Ref
                                     RuntimePackAlwaysCopyLocal=true
                                     RuntimePackNamePatterns=Microsoft.Windows.SDK.NET.Ref
                                     RuntimePackRuntimeIdentifiers=any
                                     TargetFramework=net10.0-windows10.0.22000.1
                                     TargetingPackName=Microsoft.Windows.SDK.NET.Ref
                                     TargetingPackVersion=10.0.22000.57
                             Microsoft.Windows.SDK.NET.Ref
                                     DefaultRuntimeFrameworkVersion=10.0.20348.57
                                     IsWindowsOnly=true
                                     LatestRuntimeFrameworkVersion=10.0.20348.57
                                     RuntimeFrameworkName=Microsoft.Windows.SDK.NET.Ref
                                     RuntimePackAlwaysCopyLocal=true
                                     RuntimePackNamePatterns=Microsoft.Windows.SDK.NET.Ref
                                     RuntimePackRuntimeIdentifiers=any
                                     TargetFramework=net10.0-windows10.0.20348.1
                                     TargetingPackName=Microsoft.Windows.SDK.NET.Ref
                                     TargetingPackVersion=10.0.20348.57
                             Microsoft.Windows.SDK.NET.Ref.Windows
                                     DefaultRuntimeFrameworkVersion=10.0.20348.57
                                     IsWindowsOnly=true
                                     LatestRuntimeFrameworkVersion=10.0.20348.57
                                     Profile=Windows
                                     RuntimeFrameworkName=Microsoft.Windows.SDK.NET.Ref
                                     RuntimePackAlwaysCopyLocal=true
                                     RuntimePackNamePatterns=Microsoft.Windows.SDK.NET.Ref
                                     RuntimePackRuntimeIdentifiers=any
                                     TargetFramework=net10.0-windows10.0.20348.1
                                     TargetingPackName=Microsoft.Windows.SDK.NET.Ref
                                     TargetingPackVersion=10.0.20348.57
                             Microsoft.Windows.SDK.NET.Ref.Xaml
                                     DefaultRuntimeFrameworkVersion=10.0.20348.57
                                     IsWindowsOnly=true
                                     LatestRuntimeFrameworkVersion=10.0.20348.57
                                     Profile=Xaml
                                     RuntimeFrameworkName=Microsoft.Windows.SDK.NET.Ref
                                     RuntimePackAlwaysCopyLocal=true
                                     RuntimePackNamePatterns=Microsoft.Windows.SDK.NET.Ref
                                     RuntimePackRuntimeIdentifiers=any
                                     TargetFramework=net10.0-windows10.0.20348.1
                                     TargetingPackName=Microsoft.Windows.SDK.NET.Ref
                                     TargetingPackVersion=10.0.20348.57
                             Microsoft.Windows.SDK.NET.Ref.CsWinRT3.Windows
                                     DefaultRuntimeFrameworkVersion=10.0.20348.57
                                     IsWindowsOnly=true
                                     LatestRuntimeFrameworkVersion=10.0.20348.57
                                     Profile=CsWinRT3.Windows
                                     RuntimeFrameworkName=Microsoft.Windows.SDK.NET.Ref
                                     RuntimePackAlwaysCopyLocal=true
                                     RuntimePackNamePatterns=Microsoft.Windows.SDK.NET.Ref
                                     RuntimePackRuntimeIdentifiers=any
                                     TargetFramework=net10.0-windows10.0.20348.1
                                     TargetingPackName=Microsoft.Windows.SDK.NET.Ref
                                     TargetingPackVersion=10.0.20348.57
                             Microsoft.Windows.SDK.NET.Ref.CsWinRT3.Xaml
                                     DefaultRuntimeFrameworkVersion=10.0.20348.57
                                     IsWindowsOnly=true
                                     LatestRuntimeFrameworkVersion=10.0.20348.57
                                     Profile=CsWinRT3.Xaml
                                     RuntimeFrameworkName=Microsoft.Windows.SDK.NET.Ref
                                     RuntimePackAlwaysCopyLocal=true
                                     RuntimePackNamePatterns=Microsoft.Windows.SDK.NET.Ref
                                     RuntimePackRuntimeIdentifiers=any
                                     TargetFramework=net10.0-windows10.0.20348.1
                                     TargetingPackName=Microsoft.Windows.SDK.NET.Ref
                                     TargetingPackVersion=10.0.20348.57
                             Microsoft.Windows.SDK.NET.Ref
                                     DefaultRuntimeFrameworkVersion=10.0.19041.57
                                     IsWindowsOnly=true
                                     LatestRuntimeFrameworkVersion=10.0.19041.57
                                     RuntimeFrameworkName=Microsoft.Windows.SDK.NET.Ref
                                     RuntimePackAlwaysCopyLocal=true
                                     RuntimePackNamePatterns=Microsoft.Windows.SDK.NET.Ref
                                     RuntimePackRuntimeIdentifiers=any
                                     TargetFramework=net10.0-windows10.0.19041.1
                                     TargetingPackName=Microsoft.Windows.SDK.NET.Ref
                                     TargetingPackVersion=10.0.19041.57
                             Microsoft.Windows.SDK.NET.Ref.Windows
                                     DefaultRuntimeFrameworkVersion=10.0.19041.57
                                     IsWindowsOnly=true
                                     LatestRuntimeFrameworkVersion=10.0.19041.57
                                     Profile=Windows
                                     RuntimeFrameworkName=Microsoft.Windows.SDK.NET.Ref
                                     RuntimePackAlwaysCopyLocal=true
                                     RuntimePackNamePatterns=Microsoft.Windows.SDK.NET.Ref
                                     RuntimePackRuntimeIdentifiers=any
                                     TargetFramework=net10.0-windows10.0.19041.1
                                     TargetingPackName=Microsoft.Windows.SDK.NET.Ref
                                     TargetingPackVersion=10.0.19041.57
                             Microsoft.Windows.SDK.NET.Ref.Xaml
                                     DefaultRuntimeFrameworkVersion=10.0.19041.57
                                     IsWindowsOnly=true
                                     LatestRuntimeFrameworkVersion=10.0.19041.57
                                     Profile=Xaml
                                     RuntimeFrameworkName=Microsoft.Windows.SDK.NET.Ref
                                     RuntimePackAlwaysCopyLocal=true
                                     RuntimePackNamePatterns=Microsoft.Windows.SDK.NET.Ref
                                     RuntimePackRuntimeIdentifiers=any
                                     TargetFramework=net10.0-windows10.0.19041.1
                                     TargetingPackName=Microsoft.Windows.SDK.NET.Ref
                                     TargetingPackVersion=10.0.19041.57
                             Microsoft.Windows.SDK.NET.Ref.CsWinRT3.Windows
                                     DefaultRuntimeFrameworkVersion=10.0.19041.57
                                     IsWindowsOnly=true
                                     LatestRuntimeFrameworkVersion=10.0.19041.57
                                     Profile=CsWinRT3.Windows
                                     RuntimeFrameworkName=Microsoft.Windows.SDK.NET.Ref
                                     RuntimePackAlwaysCopyLocal=true
                                     RuntimePackNamePatterns=Microsoft.Windows.SDK.NET.Ref
                                     RuntimePackRuntimeIdentifiers=any
                                     TargetFramework=net10.0-windows10.0.19041.1
                                     TargetingPackName=Microsoft.Windows.SDK.NET.Ref
                                     TargetingPackVersion=10.0.19041.57
                             Microsoft.Windows.SDK.NET.Ref.CsWinRT3.Xaml
                                     DefaultRuntimeFrameworkVersion=10.0.19041.57
                                     IsWindowsOnly=true
                                     LatestRuntimeFrameworkVersion=10.0.19041.57
                                     Profile=CsWinRT3.Xaml
                                     RuntimeFrameworkName=Microsoft.Windows.SDK.NET.Ref
                                     RuntimePackAlwaysCopyLocal=true
                                     RuntimePackNamePatterns=Microsoft.Windows.SDK.NET.Ref
                                     RuntimePackRuntimeIdentifiers=any
                                     TargetFramework=net10.0-windows10.0.19041.1
                                     TargetingPackName=Microsoft.Windows.SDK.NET.Ref
                                     TargetingPackVersion=10.0.19041.57
                             Microsoft.Windows.SDK.NET.Ref
                                     DefaultRuntimeFrameworkVersion=10.0.18362.57
                                     IsWindowsOnly=true
                                     LatestRuntimeFrameworkVersion=10.0.18362.57
                                     RuntimeFrameworkName=Microsoft.Windows.SDK.NET.Ref
                                     RuntimePackAlwaysCopyLocal=true
                                     RuntimePackNamePatterns=Microsoft.Windows.SDK.NET.Ref
                                     RuntimePackRuntimeIdentifiers=any
                                     TargetFramework=net10.0-windows10.0.18362.1
                                     TargetingPackName=Microsoft.Windows.SDK.NET.Ref
                                     TargetingPackVersion=10.0.18362.57
                             Microsoft.Windows.SDK.NET.Ref.Windows
                                     DefaultRuntimeFrameworkVersion=10.0.18362.57
                                     IsWindowsOnly=true
                                     LatestRuntimeFrameworkVersion=10.0.18362.57
                                     Profile=Windows
                                     RuntimeFrameworkName=Microsoft.Windows.SDK.NET.Ref
                                     RuntimePackAlwaysCopyLocal=true
                                     RuntimePackNamePatterns=Microsoft.Windows.SDK.NET.Ref
                                     RuntimePackRuntimeIdentifiers=any
                                     TargetFramework=net10.0-windows10.0.18362.1
                                     TargetingPackName=Microsoft.Windows.SDK.NET.Ref
                                     TargetingPackVersion=10.0.18362.57
                             Microsoft.Windows.SDK.NET.Ref.Xaml
                                     DefaultRuntimeFrameworkVersion=10.0.18362.57
                                     IsWindowsOnly=true
                                     LatestRuntimeFrameworkVersion=10.0.18362.57
                                     Profile=Xaml
                                     RuntimeFrameworkName=Microsoft.Windows.SDK.NET.Ref
                                     RuntimePackAlwaysCopyLocal=true
                                     RuntimePackNamePatterns=Microsoft.Windows.SDK.NET.Ref
                                     RuntimePackRuntimeIdentifiers=any
                                     TargetFramework=net10.0-windows10.0.18362.1
                                     TargetingPackName=Microsoft.Windows.SDK.NET.Ref
                                     TargetingPackVersion=10.0.18362.57
                             Microsoft.Windows.SDK.NET.Ref.CsWinRT3.Windows
                                     DefaultRuntimeFrameworkVersion=10.0.18362.57
                                     IsWindowsOnly=true
                                     LatestRuntimeFrameworkVersion=10.0.18362.57
                                     Profile=CsWinRT3.Windows
                                     RuntimeFrameworkName=Microsoft.Windows.SDK.NET.Ref
                                     RuntimePackAlwaysCopyLocal=true
                                     RuntimePackNamePatterns=Microsoft.Windows.SDK.NET.Ref
                                     RuntimePackRuntimeIdentifiers=any
                                     TargetFramework=net10.0-windows10.0.18362.1
                                     TargetingPackName=Microsoft.Windows.SDK.NET.Ref
                                     TargetingPackVersion=10.0.18362.57
                             Microsoft.Windows.SDK.NET.Ref.CsWinRT3.Xaml
                                     DefaultRuntimeFrameworkVersion=10.0.18362.57
                                     IsWindowsOnly=true
                                     LatestRuntimeFrameworkVersion=10.0.18362.57
                                     Profile=CsWinRT3.Xaml
                                     RuntimeFrameworkName=Microsoft.Windows.SDK.NET.Ref
                                     RuntimePackAlwaysCopyLocal=true
                                     RuntimePackNamePatterns=Microsoft.Windows.SDK.NET.Ref
                                     RuntimePackRuntimeIdentifiers=any
                                     TargetFramework=net10.0-windows10.0.18362.1
                                     TargetingPackName=Microsoft.Windows.SDK.NET.Ref
                                     TargetingPackVersion=10.0.18362.57
                             Microsoft.Windows.SDK.NET.Ref
                                     DefaultRuntimeFrameworkVersion=10.0.17763.57
                                     IsWindowsOnly=true
                                     LatestRuntimeFrameworkVersion=10.0.17763.57
                                     RuntimeFrameworkName=Microsoft.Windows.SDK.NET.Ref
                                     RuntimePackAlwaysCopyLocal=true
                                     RuntimePackNamePatterns=Microsoft.Windows.SDK.NET.Ref
                                     RuntimePackRuntimeIdentifiers=any
                                     TargetFramework=net10.0-windows10.0.17763.1
                                     TargetingPackName=Microsoft.Windows.SDK.NET.Ref
                                     TargetingPackVersion=10.0.17763.57
                             Microsoft.Windows.SDK.NET.Ref.Windows
                                     DefaultRuntimeFrameworkVersion=10.0.17763.57
                                     IsWindowsOnly=true
                                     LatestRuntimeFrameworkVersion=10.0.17763.57
                                     Profile=Windows
                                     RuntimeFrameworkName=Microsoft.Windows.SDK.NET.Ref
                                     RuntimePackAlwaysCopyLocal=true
                                     RuntimePackNamePatterns=Microsoft.Windows.SDK.NET.Ref
                                     RuntimePackRuntimeIdentifiers=any
                                     TargetFramework=net10.0-windows10.0.17763.1
                                     TargetingPackName=Microsoft.Windows.SDK.NET.Ref
                                     TargetingPackVersion=10.0.17763.57
                             Microsoft.Windows.SDK.NET.Ref.Xaml
                                     DefaultRuntimeFrameworkVersion=10.0.17763.57
                                     IsWindowsOnly=true
                                     LatestRuntimeFrameworkVersion=10.0.17763.57
                                     Profile=Xaml
                                     RuntimeFrameworkName=Microsoft.Windows.SDK.NET.Ref
                                     RuntimePackAlwaysCopyLocal=true
                                     RuntimePackNamePatterns=Microsoft.Windows.SDK.NET.Ref
                                     RuntimePackRuntimeIdentifiers=any
                                     TargetFramework=net10.0-windows10.0.17763.1
                                     TargetingPackName=Microsoft.Windows.SDK.NET.Ref
                                     TargetingPackVersion=10.0.17763.57
                             Microsoft.Windows.SDK.NET.Ref.CsWinRT3.Windows
                                     DefaultRuntimeFrameworkVersion=10.0.17763.57
                                     IsWindowsOnly=true
                                     LatestRuntimeFrameworkVersion=10.0.17763.57
                                     Profile=CsWinRT3.Windows
                                     RuntimeFrameworkName=Microsoft.Windows.SDK.NET.Ref
                                     RuntimePackAlwaysCopyLocal=true
                                     RuntimePackNamePatterns=Microsoft.Windows.SDK.NET.Ref
                                     RuntimePackRuntimeIdentifiers=any
                                     TargetFramework=net10.0-windows10.0.17763.1
                                     TargetingPackName=Microsoft.Windows.SDK.NET.Ref
                                     TargetingPackVersion=10.0.17763.57
                             Microsoft.Windows.SDK.NET.Ref.CsWinRT3.Xaml
                                     DefaultRuntimeFrameworkVersion=10.0.17763.57
                                     IsWindowsOnly=true
                                     LatestRuntimeFrameworkVersion=10.0.17763.57
                                     Profile=CsWinRT3.Xaml
                                     RuntimeFrameworkName=Microsoft.Windows.SDK.NET.Ref
                                     RuntimePackAlwaysCopyLocal=true
                                     RuntimePackNamePatterns=Microsoft.Windows.SDK.NET.Ref
                                     RuntimePackRuntimeIdentifiers=any
                                     TargetFramework=net10.0-windows10.0.17763.1
                                     TargetingPackName=Microsoft.Windows.SDK.NET.Ref
                                     TargetingPackVersion=10.0.17763.57
                             Microsoft.Windows.SDK.NET.Ref
                                     DefaultRuntimeFrameworkVersion=10.0.26100.57
                                     IsWindowsOnly=true
                                     LatestRuntimeFrameworkVersion=10.0.26100.57
                                     RuntimeFrameworkName=Microsoft.Windows.SDK.NET.Ref
                                     RuntimePackAlwaysCopyLocal=true
                                     RuntimePackNamePatterns=Microsoft.Windows.SDK.NET.Ref
                                     RuntimePackRuntimeIdentifiers=any
                                     TargetFramework=net10.0-windows10.0.26100.0
                                     TargetingPackName=Microsoft.Windows.SDK.NET.Ref
                                     TargetingPackVersion=10.0.26100.57
                             Microsoft.Windows.SDK.NET.Ref.Windows
                                     DefaultRuntimeFrameworkVersion=10.0.26100.57
                                     IsWindowsOnly=true
                                     LatestRuntimeFrameworkVersion=10.0.26100.57
                                     Profile=Windows
                                     RuntimeFrameworkName=Microsoft.Windows.SDK.NET.Ref
                                     RuntimePackAlwaysCopyLocal=true
                                     RuntimePackNamePatterns=Microsoft.Windows.SDK.NET.Ref
                                     RuntimePackRuntimeIdentifiers=any
                                     TargetFramework=net10.0-windows10.0.26100.0
                                     TargetingPackName=Microsoft.Windows.SDK.NET.Ref
                                     TargetingPackVersion=10.0.26100.57
                             Microsoft.Windows.SDK.NET.Ref.Xaml
                                     DefaultRuntimeFrameworkVersion=10.0.26100.57
                                     IsWindowsOnly=true
                                     LatestRuntimeFrameworkVersion=10.0.26100.57
                                     Profile=Xaml
                                     RuntimeFrameworkName=Microsoft.Windows.SDK.NET.Ref
                                     RuntimePackAlwaysCopyLocal=true
                                     RuntimePackNamePatterns=Microsoft.Windows.SDK.NET.Ref
                                     RuntimePackRuntimeIdentifiers=any
                                     TargetFramework=net10.0-windows10.0.26100.0
                                     TargetingPackName=Microsoft.Windows.SDK.NET.Ref
                                     TargetingPackVersion=10.0.26100.57
                             Microsoft.Windows.SDK.NET.Ref.CsWinRT3.Windows
                                     DefaultRuntimeFrameworkVersion=10.0.26100.57
                                     IsWindowsOnly=true
                                     LatestRuntimeFrameworkVersion=10.0.26100.57
                                     Profile=CsWinRT3.Windows
                                     RuntimeFrameworkName=Microsoft.Windows.SDK.NET.Ref
                                     RuntimePackAlwaysCopyLocal=true
                                     RuntimePackNamePatterns=Microsoft.Windows.SDK.NET.Ref
                                     RuntimePackRuntimeIdentifiers=any
                                     TargetFramework=net10.0-windows10.0.26100.0
                                     TargetingPackName=Microsoft.Windows.SDK.NET.Ref
                                     TargetingPackVersion=10.0.26100.57
                             Microsoft.Windows.SDK.NET.Ref.CsWinRT3.Xaml
                                     DefaultRuntimeFrameworkVersion=10.0.26100.57
                                     IsWindowsOnly=true
                                     LatestRuntimeFrameworkVersion=10.0.26100.57
                                     Profile=CsWinRT3.Xaml
                                     RuntimeFrameworkName=Microsoft.Windows.SDK.NET.Ref
                                     RuntimePackAlwaysCopyLocal=true
                                     RuntimePackNamePatterns=Microsoft.Windows.SDK.NET.Ref
                                     RuntimePackRuntimeIdentifiers=any
                                     TargetFramework=net10.0-windows10.0.26100.0
                                     TargetingPackName=Microsoft.Windows.SDK.NET.Ref
                                     TargetingPackVersion=10.0.26100.57
                             Microsoft.Windows.SDK.NET.Ref
                                     DefaultRuntimeFrameworkVersion=10.0.22621.57
                                     IsWindowsOnly=true
                                     LatestRuntimeFrameworkVersion=10.0.22621.57
                                     RuntimeFrameworkName=Microsoft.Windows.SDK.NET.Ref
                                     RuntimePackAlwaysCopyLocal=true
                                     RuntimePackNamePatterns=Microsoft.Windows.SDK.NET.Ref
                                     RuntimePackRuntimeIdentifiers=any
                                     TargetFramework=net10.0-windows10.0.22621.0
                                     TargetingPackName=Microsoft.Windows.SDK.NET.Ref
                                     TargetingPackVersion=10.0.22621.57
                             Microsoft.Windows.SDK.NET.Ref.Windows
                                     DefaultRuntimeFrameworkVersion=10.0.22621.57
                                     IsWindowsOnly=true
                                     LatestRuntimeFrameworkVersion=10.0.22621.57
                                     Profile=Windows
                                     RuntimeFrameworkName=Microsoft.Windows.SDK.NET.Ref
                                     RuntimePackAlwaysCopyLocal=true
                                     RuntimePackNamePatterns=Microsoft.Windows.SDK.NET.Ref
                                     RuntimePackRuntimeIdentifiers=any
                                     TargetFramework=net10.0-windows10.0.22621.0
                                     TargetingPackName=Microsoft.Windows.SDK.NET.Ref
                                     TargetingPackVersion=10.0.22621.57
                             Microsoft.Windows.SDK.NET.Ref.Xaml
                                     DefaultRuntimeFrameworkVersion=10.0.22621.57
                                     IsWindowsOnly=true
                                     LatestRuntimeFrameworkVersion=10.0.22621.57
                                     Profile=Xaml
                                     RuntimeFrameworkName=Microsoft.Windows.SDK.NET.Ref
                                     RuntimePackAlwaysCopyLocal=true
                                     RuntimePackNamePatterns=Microsoft.Windows.SDK.NET.Ref
                                     RuntimePackRuntimeIdentifiers=any
                                     TargetFramework=net10.0-windows10.0.22621.0
                                     TargetingPackName=Microsoft.Windows.SDK.NET.Ref
                                     TargetingPackVersion=10.0.22621.57
                             Microsoft.Windows.SDK.NET.Ref.CsWinRT3.Windows
                                     DefaultRuntimeFrameworkVersion=10.0.22621.57
                                     IsWindowsOnly=true
                                     LatestRuntimeFrameworkVersion=10.0.22621.57
                                     Profile=CsWinRT3.Windows
                                     RuntimeFrameworkName=Microsoft.Windows.SDK.NET.Ref
                                     RuntimePackAlwaysCopyLocal=true
                                     RuntimePackNamePatterns=Microsoft.Windows.SDK.NET.Ref
                                     RuntimePackRuntimeIdentifiers=any
                                     TargetFramework=net10.0-windows10.0.22621.0
                                     TargetingPackName=Microsoft.Windows.SDK.NET.Ref
                                     TargetingPackVersion=10.0.22621.57
                             Microsoft.Windows.SDK.NET.Ref.CsWinRT3.Xaml
                                     DefaultRuntimeFrameworkVersion=10.0.22621.57
                                     IsWindowsOnly=true
                                     LatestRuntimeFrameworkVersion=10.0.22621.57
                                     Profile=CsWinRT3.Xaml
                                     RuntimeFrameworkName=Microsoft.Windows.SDK.NET.Ref
                                     RuntimePackAlwaysCopyLocal=true
                                     RuntimePackNamePatterns=Microsoft.Windows.SDK.NET.Ref
                                     RuntimePackRuntimeIdentifiers=any
                                     TargetFramework=net10.0-windows10.0.22621.0
                                     TargetingPackName=Microsoft.Windows.SDK.NET.Ref
                                     TargetingPackVersion=10.0.22621.57
                             Microsoft.Windows.SDK.NET.Ref
                                     DefaultRuntimeFrameworkVersion=10.0.22000.57
                                     IsWindowsOnly=true
                                     LatestRuntimeFrameworkVersion=10.0.22000.57
                                     RuntimeFrameworkName=Microsoft.Windows.SDK.NET.Ref
                                     RuntimePackAlwaysCopyLocal=true
                                     RuntimePackNamePatterns=Microsoft.Windows.SDK.NET.Ref
                                     RuntimePackRuntimeIdentifiers=any
                                     TargetFramework=net10.0-windows10.0.22000.0
                                     TargetingPackName=Microsoft.Windows.SDK.NET.Ref
                                     TargetingPackVersion=10.0.22000.57
                             Microsoft.Windows.SDK.NET.Ref.Windows
                                     DefaultRuntimeFrameworkVersion=10.0.22000.57
                                     IsWindowsOnly=true
                                     LatestRuntimeFrameworkVersion=10.0.22000.57
                                     Profile=Windows
                                     RuntimeFrameworkName=Microsoft.Windows.SDK.NET.Ref
                                     RuntimePackAlwaysCopyLocal=true
                                     RuntimePackNamePatterns=Microsoft.Windows.SDK.NET.Ref
                                     RuntimePackRuntimeIdentifiers=any
                                     TargetFramework=net10.0-windows10.0.22000.0
                                     TargetingPackName=Microsoft.Windows.SDK.NET.Ref
                                     TargetingPackVersion=10.0.22000.57
                             Microsoft.Windows.SDK.NET.Ref.Xaml
                                     DefaultRuntimeFrameworkVersion=10.0.22000.57
                                     IsWindowsOnly=true
                                     LatestRuntimeFrameworkVersion=10.0.22000.57
                                     Profile=Xaml
                                     RuntimeFrameworkName=Microsoft.Windows.SDK.NET.Ref
                                     RuntimePackAlwaysCopyLocal=true
                                     RuntimePackNamePatterns=Microsoft.Windows.SDK.NET.Ref
                                     RuntimePackRuntimeIdentifiers=any
                                     TargetFramework=net10.0-windows10.0.22000.0
                                     TargetingPackName=Microsoft.Windows.SDK.NET.Ref
                                     TargetingPackVersion=10.0.22000.57
                             Microsoft.Windows.SDK.NET.Ref.CsWinRT3.Windows
                                     DefaultRuntimeFrameworkVersion=10.0.22000.57
                                     IsWindowsOnly=true
                                     LatestRuntimeFrameworkVersion=10.0.22000.57
                                     Profile=CsWinRT3.Windows
                                     RuntimeFrameworkName=Microsoft.Windows.SDK.NET.Ref
                                     RuntimePackAlwaysCopyLocal=true
                                     RuntimePackNamePatterns=Microsoft.Windows.SDK.NET.Ref
                                     RuntimePackRuntimeIdentifiers=any
                                     TargetFramework=net10.0-windows10.0.22000.0
                                     TargetingPackName=Microsoft.Windows.SDK.NET.Ref
                                     TargetingPackVersion=10.0.22000.57
                             Microsoft.Windows.SDK.NET.Ref.CsWinRT3.Xaml
                                     DefaultRuntimeFrameworkVersion=10.0.22000.57
                                     IsWindowsOnly=true
                                     LatestRuntimeFrameworkVersion=10.0.22000.57
                                     Profile=CsWinRT3.Xaml
                                     RuntimeFrameworkName=Microsoft.Windows.SDK.NET.Ref
                                     RuntimePackAlwaysCopyLocal=true
                                     RuntimePackNamePatterns=Microsoft.Windows.SDK.NET.Ref
                                     RuntimePackRuntimeIdentifiers=any
                                     TargetFramework=net10.0-windows10.0.22000.0
                                     TargetingPackName=Microsoft.Windows.SDK.NET.Ref
                                     TargetingPackVersion=10.0.22000.57
                             Microsoft.Windows.SDK.NET.Ref
                                     DefaultRuntimeFrameworkVersion=10.0.20348.57
                                     IsWindowsOnly=true
                                     LatestRuntimeFrameworkVersion=10.0.20348.57
                                     RuntimeFrameworkName=Microsoft.Windows.SDK.NET.Ref
                                     RuntimePackAlwaysCopyLocal=true
                                     RuntimePackNamePatterns=Microsoft.Windows.SDK.NET.Ref
                                     RuntimePackRuntimeIdentifiers=any
                                     TargetFramework=net10.0-windows10.0.20348.0
                                     TargetingPackName=Microsoft.Windows.SDK.NET.Ref
                                     TargetingPackVersion=10.0.20348.57
                             Microsoft.Windows.SDK.NET.Ref.Windows
                                     DefaultRuntimeFrameworkVersion=10.0.20348.57
                                     IsWindowsOnly=true
                                     LatestRuntimeFrameworkVersion=10.0.20348.57
                                     Profile=Windows
                                     RuntimeFrameworkName=Microsoft.Windows.SDK.NET.Ref
                                     RuntimePackAlwaysCopyLocal=true
                                     RuntimePackNamePatterns=Microsoft.Windows.SDK.NET.Ref
                                     RuntimePackRuntimeIdentifiers=any
                                     TargetFramework=net10.0-windows10.0.20348.0
                                     TargetingPackName=Microsoft.Windows.SDK.NET.Ref
                                     TargetingPackVersion=10.0.20348.57
                             Microsoft.Windows.SDK.NET.Ref.Xaml
                                     DefaultRuntimeFrameworkVersion=10.0.20348.57
                                     IsWindowsOnly=true
                                     LatestRuntimeFrameworkVersion=10.0.20348.57
                                     Profile=Xaml
                                     RuntimeFrameworkName=Microsoft.Windows.SDK.NET.Ref
                                     RuntimePackAlwaysCopyLocal=true
                                     RuntimePackNamePatterns=Microsoft.Windows.SDK.NET.Ref
                                     RuntimePackRuntimeIdentifiers=any
                                     TargetFramework=net10.0-windows10.0.20348.0
                                     TargetingPackName=Microsoft.Windows.SDK.NET.Ref
                                     TargetingPackVersion=10.0.20348.57
                             Microsoft.Windows.SDK.NET.Ref.CsWinRT3.Windows
                                     DefaultRuntimeFrameworkVersion=10.0.20348.57
                                     IsWindowsOnly=true
                                     LatestRuntimeFrameworkVersion=10.0.20348.57
                                     Profile=CsWinRT3.Windows
                                     RuntimeFrameworkName=Microsoft.Windows.SDK.NET.Ref
                                     RuntimePackAlwaysCopyLocal=true
                                     RuntimePackNamePatterns=Microsoft.Windows.SDK.NET.Ref
                                     RuntimePackRuntimeIdentifiers=any
                                     TargetFramework=net10.0-windows10.0.20348.0
                                     TargetingPackName=Microsoft.Windows.SDK.NET.Ref
                                     TargetingPackVersion=10.0.20348.57
                             Microsoft.Windows.SDK.NET.Ref.CsWinRT3.Xaml
                                     DefaultRuntimeFrameworkVersion=10.0.20348.57
                                     IsWindowsOnly=true
                                     LatestRuntimeFrameworkVersion=10.0.20348.57
                                     Profile=CsWinRT3.Xaml
                                     RuntimeFrameworkName=Microsoft.Windows.SDK.NET.Ref
                                     RuntimePackAlwaysCopyLocal=true
                                     RuntimePackNamePatterns=Microsoft.Windows.SDK.NET.Ref
                                     RuntimePackRuntimeIdentifiers=any
                                     TargetFramework=net10.0-windows10.0.20348.0
                                     TargetingPackName=Microsoft.Windows.SDK.NET.Ref
                                     TargetingPackVersion=10.0.20348.57
                             Microsoft.Windows.SDK.NET.Ref
                                     DefaultRuntimeFrameworkVersion=10.0.19041.57
                                     IsWindowsOnly=true
                                     LatestRuntimeFrameworkVersion=10.0.19041.57
                                     RuntimeFrameworkName=Microsoft.Windows.SDK.NET.Ref
                                     RuntimePackAlwaysCopyLocal=true
                                     RuntimePackNamePatterns=Microsoft.Windows.SDK.NET.Ref
                                     RuntimePackRuntimeIdentifiers=any
                                     TargetFramework=net10.0-windows10.0.19041.0
                                     TargetingPackName=Microsoft.Windows.SDK.NET.Ref
                                     TargetingPackVersion=10.0.19041.57
                             Microsoft.Windows.SDK.NET.Ref.Windows
                                     DefaultRuntimeFrameworkVersion=10.0.19041.57
                                     IsWindowsOnly=true
                                     LatestRuntimeFrameworkVersion=10.0.19041.57
                                     Profile=Windows
                                     RuntimeFrameworkName=Microsoft.Windows.SDK.NET.Ref
                                     RuntimePackAlwaysCopyLocal=true
                                     RuntimePackNamePatterns=Microsoft.Windows.SDK.NET.Ref
                                     RuntimePackRuntimeIdentifiers=any
                                     TargetFramework=net10.0-windows10.0.19041.0
                                     TargetingPackName=Microsoft.Windows.SDK.NET.Ref
                                     TargetingPackVersion=10.0.19041.57
                             Microsoft.Windows.SDK.NET.Ref.Xaml
                                     DefaultRuntimeFrameworkVersion=10.0.19041.57
                                     IsWindowsOnly=true
                                     LatestRuntimeFrameworkVersion=10.0.19041.57
                                     Profile=Xaml
                                     RuntimeFrameworkName=Microsoft.Windows.SDK.NET.Ref
                                     RuntimePackAlwaysCopyLocal=true
                                     RuntimePackNamePatterns=Microsoft.Windows.SDK.NET.Ref
                                     RuntimePackRuntimeIdentifiers=any
                                     TargetFramework=net10.0-windows10.0.19041.0
                                     TargetingPackName=Microsoft.Windows.SDK.NET.Ref
                                     TargetingPackVersion=10.0.19041.57
                             Microsoft.Windows.SDK.NET.Ref.CsWinRT3.Windows
                                     DefaultRuntimeFrameworkVersion=10.0.19041.57
                                     IsWindowsOnly=true
                                     LatestRuntimeFrameworkVersion=10.0.19041.57
                                     Profile=CsWinRT3.Windows
                                     RuntimeFrameworkName=Microsoft.Windows.SDK.NET.Ref
                                     RuntimePackAlwaysCopyLocal=true
                                     RuntimePackNamePatterns=Microsoft.Windows.SDK.NET.Ref
                                     RuntimePackRuntimeIdentifiers=any
                                     TargetFramework=net10.0-windows10.0.19041.0
                                     TargetingPackName=Microsoft.Windows.SDK.NET.Ref
                                     TargetingPackVersion=10.0.19041.57
                             Microsoft.Windows.SDK.NET.Ref.CsWinRT3.Xaml
                                     DefaultRuntimeFrameworkVersion=10.0.19041.57
                                     IsWindowsOnly=true
                                     LatestRuntimeFrameworkVersion=10.0.19041.57
                                     Profile=CsWinRT3.Xaml
                                     RuntimeFrameworkName=Microsoft.Windows.SDK.NET.Ref
                                     RuntimePackAlwaysCopyLocal=true
                                     RuntimePackNamePatterns=Microsoft.Windows.SDK.NET.Ref
                                     RuntimePackRuntimeIdentifiers=any
                                     TargetFramework=net10.0-windows10.0.19041.0
                                     TargetingPackName=Microsoft.Windows.SDK.NET.Ref
                                     TargetingPackVersion=10.0.19041.57
                             Microsoft.Windows.SDK.NET.Ref
                                     DefaultRuntimeFrameworkVersion=10.0.18362.57
                                     IsWindowsOnly=true
                                     LatestRuntimeFrameworkVersion=10.0.18362.57
                                     RuntimeFrameworkName=Microsoft.Windows.SDK.NET.Ref
                                     RuntimePackAlwaysCopyLocal=true
                                     RuntimePackNamePatterns=Microsoft.Windows.SDK.NET.Ref
                                     RuntimePackRuntimeIdentifiers=any
                                     TargetFramework=net10.0-windows10.0.18362.0
                                     TargetingPackName=Microsoft.Windows.SDK.NET.Ref
                                     TargetingPackVersion=10.0.18362.57
                             Microsoft.Windows.SDK.NET.Ref.Windows
                                     DefaultRuntimeFrameworkVersion=10.0.18362.57
                                     IsWindowsOnly=true
                                     LatestRuntimeFrameworkVersion=10.0.18362.57
                                     Profile=Windows
                                     RuntimeFrameworkName=Microsoft.Windows.SDK.NET.Ref
                                     RuntimePackAlwaysCopyLocal=true
                                     RuntimePackNamePatterns=Microsoft.Windows.SDK.NET.Ref
                                     RuntimePackRuntimeIdentifiers=any
                                     TargetFramework=net10.0-windows10.0.18362.0
                                     TargetingPackName=Microsoft.Windows.SDK.NET.Ref
                                     TargetingPackVersion=10.0.18362.57
                             Microsoft.Windows.SDK.NET.Ref.Xaml
                                     DefaultRuntimeFrameworkVersion=10.0.18362.57
                                     IsWindowsOnly=true
                                     LatestRuntimeFrameworkVersion=10.0.18362.57
                                     Profile=Xaml
                                     RuntimeFrameworkName=Microsoft.Windows.SDK.NET.Ref
                                     RuntimePackAlwaysCopyLocal=true
                                     RuntimePackNamePatterns=Microsoft.Windows.SDK.NET.Ref
                                     RuntimePackRuntimeIdentifiers=any
                                     TargetFramework=net10.0-windows10.0.18362.0
                                     TargetingPackName=Microsoft.Windows.SDK.NET.Ref
                                     TargetingPackVersion=10.0.18362.57
                             Microsoft.Windows.SDK.NET.Ref.CsWinRT3.Windows
                                     DefaultRuntimeFrameworkVersion=10.0.18362.57
                                     IsWindowsOnly=true
                                     LatestRuntimeFrameworkVersion=10.0.18362.57
                                     Profile=CsWinRT3.Windows
                                     RuntimeFrameworkName=Microsoft.Windows.SDK.NET.Ref
                                     RuntimePackAlwaysCopyLocal=true
                                     RuntimePackNamePatterns=Microsoft.Windows.SDK.NET.Ref
                                     RuntimePackRuntimeIdentifiers=any
                                     TargetFramework=net10.0-windows10.0.18362.0
                                     TargetingPackName=Microsoft.Windows.SDK.NET.Ref
                                     TargetingPackVersion=10.0.18362.57
                             Microsoft.Windows.SDK.NET.Ref.CsWinRT3.Xaml
                                     DefaultRuntimeFrameworkVersion=10.0.18362.57
                                     IsWindowsOnly=true
                                     LatestRuntimeFrameworkVersion=10.0.18362.57
                                     Profile=CsWinRT3.Xaml
                                     RuntimeFrameworkName=Microsoft.Windows.SDK.NET.Ref
                                     RuntimePackAlwaysCopyLocal=true
                                     RuntimePackNamePatterns=Microsoft.Windows.SDK.NET.Ref
                                     RuntimePackRuntimeIdentifiers=any
                                     TargetFramework=net10.0-windows10.0.18362.0
                                     TargetingPackName=Microsoft.Windows.SDK.NET.Ref
                                     TargetingPackVersion=10.0.18362.57
                             Microsoft.Windows.SDK.NET.Ref
                                     DefaultRuntimeFrameworkVersion=10.0.17763.57
                                     IsWindowsOnly=true
                                     LatestRuntimeFrameworkVersion=10.0.17763.57
                                     RuntimeFrameworkName=Microsoft.Windows.SDK.NET.Ref
                                     RuntimePackAlwaysCopyLocal=true
                                     RuntimePackNamePatterns=Microsoft.Windows.SDK.NET.Ref
                                     RuntimePackRuntimeIdentifiers=any
                                     TargetFramework=net10.0-windows10.0.17763.0
                                     TargetingPackName=Microsoft.Windows.SDK.NET.Ref
                                     TargetingPackVersion=10.0.17763.57
                             Microsoft.Windows.SDK.NET.Ref.Windows
                                     DefaultRuntimeFrameworkVersion=10.0.17763.57
                                     IsWindowsOnly=true
                                     LatestRuntimeFrameworkVersion=10.0.17763.57
                                     Profile=Windows
                                     RuntimeFrameworkName=Microsoft.Windows.SDK.NET.Ref
                                     RuntimePackAlwaysCopyLocal=true
                                     RuntimePackNamePatterns=Microsoft.Windows.SDK.NET.Ref
                                     RuntimePackRuntimeIdentifiers=any
                                     TargetFramework=net10.0-windows10.0.17763.0
                                     TargetingPackName=Microsoft.Windows.SDK.NET.Ref
                                     TargetingPackVersion=10.0.17763.57
                             Microsoft.Windows.SDK.NET.Ref.Xaml
                                     DefaultRuntimeFrameworkVersion=10.0.17763.57
                                     IsWindowsOnly=true
                                     LatestRuntimeFrameworkVersion=10.0.17763.57
                                     Profile=Xaml
                                     RuntimeFrameworkName=Microsoft.Windows.SDK.NET.Ref
                                     RuntimePackAlwaysCopyLocal=true
                                     RuntimePackNamePatterns=Microsoft.Windows.SDK.NET.Ref
                                     RuntimePackRuntimeIdentifiers=any
                                     TargetFramework=net10.0-windows10.0.17763.0
                                     TargetingPackName=Microsoft.Windows.SDK.NET.Ref
                                     TargetingPackVersion=10.0.17763.57
                             Microsoft.Windows.SDK.NET.Ref.CsWinRT3.Windows
                                     DefaultRuntimeFrameworkVersion=10.0.17763.57
                                     IsWindowsOnly=true
                                     LatestRuntimeFrameworkVersion=10.0.17763.57
                                     Profile=CsWinRT3.Windows
                                     RuntimeFrameworkName=Microsoft.Windows.SDK.NET.Ref
                                     RuntimePackAlwaysCopyLocal=true
                                     RuntimePackNamePatterns=Microsoft.Windows.SDK.NET.Ref
                                     RuntimePackRuntimeIdentifiers=any
                                     TargetFramework=net10.0-windows10.0.17763.0
                                     TargetingPackName=Microsoft.Windows.SDK.NET.Ref
                                     TargetingPackVersion=10.0.17763.57
                             Microsoft.Windows.SDK.NET.Ref.CsWinRT3.Xaml
                                     DefaultRuntimeFrameworkVersion=10.0.17763.57
                                     IsWindowsOnly=true
                                     LatestRuntimeFrameworkVersion=10.0.17763.57
                                     Profile=CsWinRT3.Xaml
                                     RuntimeFrameworkName=Microsoft.Windows.SDK.NET.Ref
                                     RuntimePackAlwaysCopyLocal=true
                                     RuntimePackNamePatterns=Microsoft.Windows.SDK.NET.Ref
                                     RuntimePackRuntimeIdentifiers=any
                                     TargetFramework=net10.0-windows10.0.17763.0
                                     TargetingPackName=Microsoft.Windows.SDK.NET.Ref
                                     TargetingPackVersion=10.0.17763.57 (任务 ID: 7)
                   已完成执行任务“CreateWindowsSdkKnownFrameworkReferences”的操作。 (任务 ID: 7)
13:40:40.773     1>已完成在项目“WinFormsApp1.Desktop.csproj”中生成目标“AddWindowsSdkKnownFrameworkReferences”的操作。: (目标 ID: 18)
13:40:40.773     1>来自项目“F:\C#\WinFormsApp1.WpfRefactor\WinFormsApp1.Desktop\WinFormsApp1.Desktop.csproj”的文件“C:\Program Files\dotnet\sdk\10.0.201\Sdks\Microsoft.NET.Sdk\targets\Microsoft.NET.Publish.targets”中的目标“_ComputeToolPackInputsToProcessFrameworkReferences: (目标 ID: 19)”(目标“ProcessFrameworkReferences”依赖于它):
                   设置属性: _RequiresILLinkPack=false
                   设置属性: _MinNonEolTargetFrameworkForTrimming=net8.0
                   设置属性: _MinNonEolTargetFrameworkForSingleFile=net8.0
                   设置属性: _MinNonEolTargetFrameworkForAot=net8.0
13:40:40.776     1>已完成在项目“WinFormsApp1.Desktop.csproj”中生成目标“_ComputeToolPackInputsToProcessFrameworkReferences”的操作。: (目标 ID: 19)
13:40:40.776     1>来自项目“F:\C#\WinFormsApp1.WpfRefactor\WinFormsApp1.Desktop\WinFormsApp1.Desktop.csproj”的文件“C:\Program Files\dotnet\sdk\10.0.201\Sdks\Microsoft.NET.Sdk\targets\Microsoft.NET.Sdk.FrameworkReferenceResolution.targets”中的目标“ProcessFrameworkReferences: (目标 ID: 20)”(目标“CollectPackageReferences”依赖于它):
                   正在使用程序集“C:\Program Files\dotnet\sdk\10.0.201\Sdks\Microsoft.NET.Sdk\targets\..\tools\net10.0\Microsoft.NET.Build.Tasks.dll”中的“CheckForDuplicateFrameworkReferences”任务。
                   任务“CheckForDuplicateFrameworkReferences” (任务 ID: 8)
                     任务参数:
                         FrameworkReferences=
                             Microsoft.NETCore.App
                                     IsImplicitlyDefined=true
                                     Pack=false
                                     PrivateAssets=All
                             Microsoft.WindowsDesktop.App.WPF
                                     IsImplicitlyDefined=true (任务 ID: 8)
                     任务参数:MoreInformationLink=https://aka.ms/sdkimplicitrefs (任务 ID: 8)
                   已完成执行任务“CheckForDuplicateFrameworkReferences”的操作。 (任务 ID: 8)
                   设置属性: EnableTargetingPackDownload=true
                   设置属性: EnableRuntimePackDownload=true
                   设置属性: RequiresAspNetWebAssets=false
                   正在使用程序集“C:\Program Files\dotnet\sdk\10.0.201\Sdks\Microsoft.NET.Sdk\targets\..\tools\net10.0\Microsoft.NET.Build.Tasks.dll”中的“ProcessFrameworkReferences”任务。
                   任务“ProcessFrameworkReferences” (任务 ID: 9)
                     任务参数:
                         KnownRuntimePacks=
                             Microsoft.NETCore.App
                                     LatestRuntimeFrameworkVersion=10.0.5
                                     RuntimeFrameworkName=Microsoft.NETCore.App
                                     RuntimePackLabels=NativeAOT
                                     RuntimePackNamePatterns=Microsoft.NETCore.App.Runtime.NativeAOT.**RID**
                                     RuntimePackRuntimeIdentifiers=ios-arm64;iossimulator-arm64;iossimulator-x64;tvos-arm64;tvossimulator-arm64;tvossimulator-x64;maccatalyst-arm64;maccatalyst-x64;linux-bionic-arm64;linux-bionic-x64;osx-arm64;osx-x64;freebsd-arm64;freebsd-x64;linux-x64;linux-arm;linux-arm64;linux-loongarch64;linux-bionic-arm;linux-musl-x64;linux-musl-arm;linux-musl-arm64;linux-musl-loongarch64;win-x64;win-x86;win-arm64;browser-wasm;wasi-wasm;linux-riscv64;linux-musl-riscv64;android-arm64;android-x64
                                     TargetFramework=net10.0
                             Microsoft.NETCore.App
                                     LatestRuntimeFrameworkVersion=10.0.5
                                     RuntimeFrameworkName=Microsoft.NETCore.App
                                     RuntimePackLabels=Mono
                                     RuntimePackNamePatterns=Microsoft.NETCore.App.Runtime.Mono.**RID**
                                     RuntimePackRuntimeIdentifiers=linux-arm;linux-arm64;linux-musl-arm64;linux-musl-x64;linux-x64;osx-x64;win-arm64;win-x64;win-x86;linux-musl-arm;osx-arm64;linux-s390x;linux-loongarch64;browser-wasm;ios-arm64;ios-arm;iossimulator-arm64;iossimulator-x64;iossimulator-x86;tvos-arm64;tvossimulator-arm64;tvossimulator-x64;maccatalyst-x64;maccatalyst-arm64;android-arm64;android-arm;android-x64;android-x86;freebsd-x64;freebsd-arm64;wasi-wasm;linux-riscv64;linux-musl-riscv64;linux-loongarch64;linux-musl-loongarch64
                                     TargetFramework=net10.0
                             Microsoft.NETCore.App
                                     LatestRuntimeFrameworkVersion=9.0.14
                                     RuntimeFrameworkName=Microsoft.NETCore.App
                                     RuntimePackLabels=NativeAOT
                                     RuntimePackNamePatterns=Microsoft.NETCore.App.Runtime.NativeAOT.**RID**
                                     RuntimePackRuntimeIdentifiers=ios-arm64;iossimulator-arm64;iossimulator-x64;tvos-arm64;tvossimulator-arm64;tvossimulator-x64;maccatalyst-arm64;maccatalyst-x64;linux-bionic-arm64;linux-bionic-x64;osx-arm64;osx-x64;freebsd-arm64;freebsd-x64;linux-x64;linux-arm;linux-arm64;linux-loongarch64;linux-bionic-arm;linux-musl-x64;linux-musl-arm;linux-musl-arm64;linux-musl-loongarch64;win-x64;win-x86;win-arm64;browser-wasm;wasi-wasm
                                     TargetFramework=net9.0
                             Microsoft.NETCore.App
                                     LatestRuntimeFrameworkVersion=9.0.14
                                     RuntimeFrameworkName=Microsoft.NETCore.App
                                     RuntimePackLabels=Mono
                                     RuntimePackNamePatterns=Microsoft.NETCore.App.Runtime.Mono.**RID**
                                     RuntimePackRuntimeIdentifiers=linux-arm;linux-arm64;linux-musl-arm64;linux-musl-x64;linux-x64;osx-x64;win-arm64;win-x64;win-x86;linux-musl-arm;osx-arm64;linux-s390x;linux-loongarch64;browser-wasm;ios-arm64;ios-arm;iossimulator-arm64;iossimulator-x64;iossimulator-x86;tvos-arm64;tvossimulator-arm64;tvossimulator-x64;maccatalyst-x64;maccatalyst-arm64;android-arm64;android-arm;android-x64;android-x86;freebsd-x64;freebsd-arm64;wasi-wasm;linux-riscv64;linux-musl-riscv64;linux-loongarch64;linux-musl-loongarch64
                                     TargetFramework=net9.0
                             Microsoft.NETCore.App
                                     LatestRuntimeFrameworkVersion=8.0.25
                                     RuntimeFrameworkName=Microsoft.NETCore.App
                                     RuntimePackLabels=NativeAOT
                                     RuntimePackNamePatterns=Microsoft.NETCore.App.Runtime.NativeAOT.**RID**
                                     RuntimePackRuntimeIdentifiers=ios-arm64;iossimulator-arm64;iossimulator-x64;tvos-arm64;tvossimulator-arm64;tvossimulator-x64;maccatalyst-arm64;maccatalyst-x64;linux-bionic-arm64;linux-bionic-x64;osx-arm64;osx-x64;freebsd-arm64;freebsd-x64
                                     TargetFramework=net8.0
                             Microsoft.NETCore.App
                                     LatestRuntimeFrameworkVersion=8.0.25
                                     RuntimeFrameworkName=Microsoft.NETCore.App
                                     RuntimePackLabels=Mono
                                     RuntimePackNamePatterns=Microsoft.NETCore.App.Runtime.Mono.**RID**
                                     RuntimePackRuntimeIdentifiers=linux-arm;linux-arm64;linux-musl-arm64;linux-musl-x64;linux-x64;osx-x64;win-arm64;win-x64;win-x86;linux-musl-arm;osx-arm64;linux-s390x;linux-loongarch64;browser-wasm;ios-arm64;ios-arm;iossimulator-arm64;iossimulator-x64;iossimulator-x86;tvos-arm64;tvossimulator-arm64;tvossimulator-x64;maccatalyst-x64;maccatalyst-arm64;android-arm64;android-arm;android-x64;android-x86;freebsd-x64;freebsd-arm64;wasi-wasm
                                     TargetFramework=net8.0
                             Microsoft.NETCore.App
                                     LatestRuntimeFrameworkVersion=7.0.20
                                     RuntimeFrameworkName=Microsoft.NETCore.App
                                     RuntimePackLabels=Mono
                                     RuntimePackNamePatterns=Microsoft.NETCore.App.Runtime.Mono.**RID**
                                     RuntimePackRuntimeIdentifiers=linux-arm;linux-arm64;linux-musl-arm64;linux-musl-x64;linux-x64;osx-x64;win-arm;win-arm64;win-x64;win-x86;linux-musl-arm;osx-arm64;linux-s390x;linux-loongarch64;browser-wasm;ios-arm64;ios-arm;iossimulator-arm64;iossimulator-x64;iossimulator-x86;tvos-arm64;tvossimulator-arm64;tvossimulator-x64;maccatalyst-x64;maccatalyst-arm64;android-arm64;android-arm;android-x64;android-x86
                                     TargetFramework=net7.0
                             Microsoft.NETCore.App
                                     LatestRuntimeFrameworkVersion=6.0.36
                                     RuntimeFrameworkName=Microsoft.NETCore.App
                                     RuntimePackLabels=Mono
                                     RuntimePackNamePatterns=Microsoft.NETCore.App.Runtime.Mono.**RID**
                                     RuntimePackRuntimeIdentifiers=linux-arm;linux-arm64;linux-musl-arm64;linux-musl-x64;linux-x64;osx-x64;win-arm;win-arm64;win-x64;win-x86;linux-musl-arm;osx-arm64;linux-s390x;linux-loongarch64;browser-wasm;ios-arm64;ios-arm;iossimulator-arm64;iossimulator-x64;iossimulator-x86;tvos-arm64;tvossimulator-arm64;tvossimulator-x64;maccatalyst-x64;maccatalyst-arm64;android-arm64;android-arm;android-x64;android-x86
                                     TargetFramework=net6.0 (任务 ID: 9)
                     任务参数:NetCoreRoot=C:\Program Files\dotnet\ (任务 ID: 9)
                     任务参数:TargetPlatformVersion=7.0 (任务 ID: 9)
                     任务参数:FirstTargetFrameworkVersionToSupportSingleFileAnalyzer=6.0 (任务 ID: 9)
                     任务参数:RequiresAspNetWebAssets=False (任务 ID: 9)
                     任务参数:FirstTargetFrameworkVersionToSupportTrimAnalyzer=6.0 (任务 ID: 9)
                     任务参数:
                         KnownILLinkPacks=
                             Microsoft.NET.ILLink.Tasks
                                     ILLinkPackVersion=10.0.5
                                     TargetFramework=net10.0
                             Microsoft.NET.ILLink.Tasks
                                     ILLinkPackVersion=9.0.14
                                     TargetFramework=net9.0
                             Microsoft.NET.ILLink.Tasks
                                     ILLinkPackVersion=8.0.25
                                     TargetFramework=net8.0
                             Microsoft.NET.ILLink.Tasks
                                     ILLinkPackVersion=7.0.100-1.23211.1
                                     TargetFramework=net7.0
                             Microsoft.NET.ILLink.Tasks
                                     ILLinkPackVersion=7.0.100-1.23211.1
                                     TargetFramework=net6.0
                             Microsoft.NET.ILLink.Tasks
                                     ILLinkPackVersion=7.0.100-1.23211.1
                                     TargetFramework=net5.0
                             Microsoft.NET.ILLink.Tasks
                                     ILLinkPackVersion=7.0.100-1.23211.1
                                     TargetFramework=netcoreapp3.1
                             Microsoft.NET.ILLink.Tasks
                                     ILLinkPackVersion=7.0.100-1.23211.1
                                     TargetFramework=netcoreapp3.0 (任务 ID: 9)
                     任务参数:NETCoreSdkVersion=10.0.201 (任务 ID: 9)
                     任务参数:MinNonEolTargetFrameworkForTrimming=net8.0 (任务 ID: 9)
                     任务参数:
                         KnownWebAssemblySdkPacks=
                             Microsoft.NET.Sdk.WebAssembly.Pack
                                     TargetFramework=net10.0
                                     WebAssemblySdkPackVersion=10.0.5
                             Microsoft.NET.Sdk.WebAssembly.Pack
                                     TargetFramework=net9.0
                                     WebAssemblySdkPackVersion=10.0.5
                             Microsoft.NET.Sdk.WebAssembly.Pack
                                     TargetFramework=net8.0
                                     WebAssemblySdkPackVersion=10.0.5
                             Microsoft.NET.Sdk.WebAssembly.Pack
                                     TargetFramework=net7.0
                                     WebAssemblySdkPackVersion=10.0.5
                             Microsoft.NET.Sdk.WebAssembly.Pack
                                     TargetFramework=net6.0
                                     WebAssemblySdkPackVersion=10.0.5 (任务 ID: 9)
                     任务参数:
                         FrameworkReferences=
                             Microsoft.NETCore.App
                                     IsImplicitlyDefined=true
                                     Pack=false
                                     PrivateAssets=All
                             Microsoft.WindowsDesktop.App.WPF
                                     IsImplicitlyDefined=true (任务 ID: 9)
                     任务参数:TargetingPackRoot=C:\Program Files\dotnet\packs (任务 ID: 9)
                     任务参数:TargetPlatformIdentifier=Windows (任务 ID: 9)
                     任务参数:NETCoreSdkPortableRuntimeIdentifier=win-x64 (任务 ID: 9)
                     任务参数:
                         KnownAspNetCorePacks=
                             Microsoft.AspNetCore.App.Internal.Assets
                                     AspNetCorePackVersion=10.0.5
                                     TargetFramework=net10.0 (任务 ID: 9)
                     任务参数:TargetFrameworkIdentifier=.NETCoreApp (任务 ID: 9)
                     任务参数:RuntimeGraphPath=C:\Program Files\dotnet\sdk\10.0.201/PortableRuntimeIdentifierGraph.json (任务 ID: 9)
                     任务参数:ReadyToRunUseCrossgen2=True (任务 ID: 9)
                     任务参数:RequiresILLinkPack=False (任务 ID: 9)
                     任务参数:TargetLatestRuntimePatch=False (任务 ID: 9)
                     任务参数:EnableTargetingPackDownload=True (任务 ID: 9)
                     任务参数:MinNonEolTargetFrameworkForAot=net8.0 (任务 ID: 9)
                     任务参数:
                         KnownCrossgen2Packs=
                             Microsoft.NETCore.App.Crossgen2
                                     Crossgen2PackNamePattern=Microsoft.NETCore.App.Crossgen2.**RID**
                                     Crossgen2PackVersion=10.0.5
                                     Crossgen2PortableRuntimeIdentifiers=linux-musl-x64;linux-x64;win-x64;linux-arm;linux-arm64;linux-musl-arm;linux-musl-arm64;osx-arm64;osx-x64;win-arm64;win-x86;freebsd-x64;freebsd-arm64;linux-riscv64;linux-musl-riscv64;linux-loongarch64;linux-musl-loongarch64
                                     Crossgen2RuntimeIdentifiers=linux-musl-x64;linux-x64;win-x64;linux-arm;linux-arm64;linux-musl-arm;linux-musl-arm64;osx-arm64;osx-x64;win-arm64;win-x86;freebsd-x64;freebsd-arm64;linux-riscv64;linux-musl-riscv64;linux-loongarch64;linux-musl-loongarch64
                                     TargetFramework=net10.0
                             Microsoft.NETCore.App.Crossgen2
                                     Crossgen2PackNamePattern=Microsoft.NETCore.App.Crossgen2.**RID**
                                     Crossgen2PackVersion=9.0.14
                                     Crossgen2RuntimeIdentifiers=linux-musl-x64;linux-x64;win-x64;linux-arm;linux-arm64;linux-musl-arm;linux-musl-arm64;osx-arm64;osx-x64;win-arm64;win-x86;freebsd-x64;freebsd-arm64;linux-riscv64;linux-musl-riscv64;linux-loongarch64;linux-musl-loongarch64
                                     TargetFramework=net9.0
                             Microsoft.NETCore.App.Crossgen2
                                     Crossgen2PackNamePattern=Microsoft.NETCore.App.Crossgen2.**RID**
                                     Crossgen2PackVersion=8.0.25
                                     Crossgen2RuntimeIdentifiers=linux-musl-x64;linux-x64;win-x64;linux-arm;linux-arm64;linux-musl-arm;linux-musl-arm64;osx-arm64;osx-x64;win-arm64;win-x86;freebsd-x64;freebsd-arm64
                                     TargetFramework=net8.0
                             Microsoft.NETCore.App.Crossgen2
                                     Crossgen2PackNamePattern=Microsoft.NETCore.App.Crossgen2.**RID**
                                     Crossgen2PackVersion=7.0.20
                                     Crossgen2RuntimeIdentifiers=linux-musl-x64;linux-x64;win-x64;linux-arm;linux-arm64;linux-musl-arm;linux-musl-arm64;osx-arm64;osx-x64;win-arm;win-arm64;win-x86
                                     TargetFramework=net7.0
                             Microsoft.NETCore.App.Crossgen2
                                     Crossgen2PackNamePattern=Microsoft.NETCore.App.Crossgen2.**RID**
                                     Crossgen2PackVersion=6.0.36
                                     Crossgen2RuntimeIdentifiers=linux-musl-x64;linux-x64;win-x64;linux-arm;linux-arm64;linux-musl-arm;linux-musl-arm64;osx-arm64;osx-x64;win-arm;win-arm64;win-x86
                                     TargetFramework=net6.0
                             Microsoft.NETCore.App.Crossgen2
                                     Crossgen2PackNamePattern=Microsoft.NETCore.App.Crossgen2.**RID**
                                     Crossgen2PackVersion=5.0.17
                                     Crossgen2RuntimeIdentifiers=linux-musl-x64;linux-x64;win-x64
                                     TargetFramework=net5.0 (任务 ID: 9)
                     任务参数:EnableRuntimePackDownload=True (任务 ID: 9)
                     任务参数:
                         KnownFrameworkReferences=
                             Microsoft.NETCore.App
                                     DefaultRuntimeFrameworkVersion=10.0.0
                                     LatestRuntimeFrameworkVersion=10.0.5
                                     RuntimeFrameworkName=Microsoft.NETCore.App
                                     RuntimePackNamePatterns=Microsoft.NETCore.App.Runtime.**RID**
                                     RuntimePackRuntimeIdentifiers=linux-arm;linux-arm64;linux-musl-arm64;linux-musl-x64;linux-x64;osx-x64;tizen.4.0.0-armel;tizen.5.0.0-armel;win-arm64;win-x64;win-x86;linux-musl-arm;osx-arm64;linux-s390x;linux-loongarch64;linux-bionic-arm;linux-bionic-arm64;linux-bionic-x64;linux-bionic-x86;linux-ppc64le;freebsd-x64;freebsd-arm64;linux-riscv64;linux-musl-riscv64;linux-musl-loongarch64;android-arm64;android-x64
                                     TargetFramework=net10.0
                                     TargetingPackName=Microsoft.NETCore.App.Ref
                                     TargetingPackVersion=10.0.5
                             Microsoft.WindowsDesktop.App
                                     DefaultRuntimeFrameworkVersion=10.0.0
                                     IsWindowsOnly=true
                                     LatestRuntimeFrameworkVersion=10.0.5
                                     RuntimeFrameworkName=Microsoft.WindowsDesktop.App
                                     RuntimePackNamePatterns=Microsoft.WindowsDesktop.App.Runtime.**RID**
                                     RuntimePackRuntimeIdentifiers=win-x64;win-x86;win-arm64
                                     TargetFramework=net10.0
                                     TargetingPackName=Microsoft.WindowsDesktop.App.Ref
                                     TargetingPackVersion=10.0.5
                             Microsoft.WindowsDesktop.App.WPF
                                     DefaultRuntimeFrameworkVersion=10.0.0
                                     IsWindowsOnly=true
                                     LatestRuntimeFrameworkVersion=10.0.5
                                     Profile=WPF
                                     RuntimeFrameworkName=Microsoft.WindowsDesktop.App
                                     RuntimePackNamePatterns=Microsoft.WindowsDesktop.App.Runtime.**RID**
                                     RuntimePackRuntimeIdentifiers=win-x64;win-x86;win-arm64
                                     TargetFramework=net10.0
                                     TargetingPackName=Microsoft.WindowsDesktop.App.Ref
                                     TargetingPackVersion=10.0.5
                             Microsoft.WindowsDesktop.App.WindowsForms
                                     DefaultRuntimeFrameworkVersion=10.0.0
                                     IsWindowsOnly=true
                                     LatestRuntimeFrameworkVersion=10.0.5
                                     Profile=WindowsForms
                                     RuntimeFrameworkName=Microsoft.WindowsDesktop.App
                                     RuntimePackNamePatterns=Microsoft.WindowsDesktop.App.Runtime.**RID**
                                     RuntimePackRuntimeIdentifiers=win-x64;win-x86;win-arm64
                                     TargetFramework=net10.0
                                     TargetingPackName=Microsoft.WindowsDesktop.App.Ref
                                     TargetingPackVersion=10.0.5
                             Microsoft.AspNetCore.App
                                     DefaultRuntimeFrameworkVersion=10.0.0
                                     LatestRuntimeFrameworkVersion=10.0.5
                                     RuntimeFrameworkName=Microsoft.AspNetCore.App
                                     RuntimePackExcludedRuntimeIdentifiers=android;linux-bionic
                                     RuntimePackNamePatterns=Microsoft.AspNetCore.App.Runtime.**RID**
                                     RuntimePackRuntimeIdentifiers=win-x64;win-x86;osx-x64;linux-musl-x64;linux-musl-arm64;linux-x64;linux-arm;linux-arm64;linux-musl-arm;win-arm64;osx-arm64;linux-s390x;linux-loongarch64;linux-ppc64le;freebsd-x64;freebsd-arm64;linux-riscv64;linux-musl-riscv64;linux-loongarch64;linux-musl-loongarch64
                                     TargetFramework=net10.0
                                     TargetingPackName=Microsoft.AspNetCore.App.Ref
                                     TargetingPackVersion=10.0.5
                             Microsoft.NETCore.App
                                     DefaultRuntimeFrameworkVersion=9.0.0
                                     LatestRuntimeFrameworkVersion=9.0.14
                                     RuntimeFrameworkName=Microsoft.NETCore.App
                                     RuntimePackNamePatterns=Microsoft.NETCore.App.Runtime.**RID**
                                     RuntimePackRuntimeIdentifiers=linux-arm;linux-arm64;linux-musl-arm64;linux-musl-x64;linux-x64;osx-x64;tizen.4.0.0-armel;tizen.5.0.0-armel;win-arm64;win-x64;win-x86;linux-musl-arm;osx-arm64;linux-s390x;linux-loongarch64;linux-bionic-arm;linux-bionic-arm64;linux-bionic-x64;linux-bionic-x86;linux-ppc64le;freebsd-x64;freebsd-arm64;linux-riscv64;linux-musl-riscv64;linux-musl-loongarch64
                                     TargetFramework=net9.0
                                     TargetingPackName=Microsoft.NETCore.App.Ref
                                     TargetingPackVersion=9.0.14
                             Microsoft.WindowsDesktop.App
                                     DefaultRuntimeFrameworkVersion=9.0.0
                                     IsWindowsOnly=true
                                     LatestRuntimeFrameworkVersion=9.0.14
                                     RuntimeFrameworkName=Microsoft.WindowsDesktop.App
                                     RuntimePackNamePatterns=Microsoft.WindowsDesktop.App.Runtime.**RID**
                                     RuntimePackRuntimeIdentifiers=win-x64;win-x86;win-arm64
                                     TargetFramework=net9.0
                                     TargetingPackName=Microsoft.WindowsDesktop.App.Ref
                                     TargetingPackVersion=9.0.14
                             Microsoft.WindowsDesktop.App.WPF
                                     DefaultRuntimeFrameworkVersion=9.0.0
                                     IsWindowsOnly=true
                                     LatestRuntimeFrameworkVersion=9.0.14
                                     Profile=WPF
                                     RuntimeFrameworkName=Microsoft.WindowsDesktop.App
                                     RuntimePackNamePatterns=Microsoft.WindowsDesktop.App.Runtime.**RID**
                                     RuntimePackRuntimeIdentifiers=win-x64;win-x86;win-arm64
                                     TargetFramework=net9.0
                                     TargetingPackName=Microsoft.WindowsDesktop.App.Ref
                                     TargetingPackVersion=9.0.14
                             Microsoft.WindowsDesktop.App.WindowsForms
                                     DefaultRuntimeFrameworkVersion=9.0.0
                                     IsWindowsOnly=true
                                     LatestRuntimeFrameworkVersion=9.0.14
                                     Profile=WindowsForms
                                     RuntimeFrameworkName=Microsoft.WindowsDesktop.App
                                     RuntimePackNamePatterns=Microsoft.WindowsDesktop.App.Runtime.**RID**
                                     RuntimePackRuntimeIdentifiers=win-x64;win-x86;win-arm64
                                     TargetFramework=net9.0
                                     TargetingPackName=Microsoft.WindowsDesktop.App.Ref
                                     TargetingPackVersion=9.0.14
                             Microsoft.AspNetCore.App
                                     DefaultRuntimeFrameworkVersion=9.0.0
                                     LatestRuntimeFrameworkVersion=9.0.14
                                     RuntimeFrameworkName=Microsoft.AspNetCore.App
                                     RuntimePackExcludedRuntimeIdentifiers=android;linux-bionic
                                     RuntimePackNamePatterns=Microsoft.AspNetCore.App.Runtime.**RID**
                                     RuntimePackRuntimeIdentifiers=win-x64;win-x86;osx-x64;linux-musl-x64;linux-musl-arm64;linux-x64;linux-arm;linux-arm64;linux-musl-arm;win-arm64;osx-arm64;linux-s390x;linux-loongarch64;linux-ppc64le;freebsd-x64;freebsd-arm64;linux-riscv64;linux-musl-riscv64;linux-loongarch64;linux-musl-loongarch64
                                     TargetFramework=net9.0
                                     TargetingPackName=Microsoft.AspNetCore.App.Ref
                                     TargetingPackVersion=9.0.14
                             Microsoft.NETCore.App
                                     DefaultRuntimeFrameworkVersion=8.0.0
                                     LatestRuntimeFrameworkVersion=8.0.25
                                     RuntimeFrameworkName=Microsoft.NETCore.App
                                     RuntimePackNamePatterns=Microsoft.NETCore.App.Runtime.**RID**
                                     RuntimePackRuntimeIdentifiers=linux-arm;linux-arm64;linux-musl-arm64;linux-musl-x64;linux-x64;osx-x64;tizen.4.0.0-armel;tizen.5.0.0-armel;win-arm64;win-x64;win-x86;linux-musl-arm;osx-arm64;linux-s390x;linux-loongarch64;linux-bionic-arm;linux-bionic-arm64;linux-bionic-x64;linux-bionic-x86;linux-ppc64le;freebsd-x64;freebsd-arm64
                                     TargetFramework=net8.0
                                     TargetingPackName=Microsoft.NETCore.App.Ref
                                     TargetingPackVersion=8.0.25
                             Microsoft.WindowsDesktop.App
                                     DefaultRuntimeFrameworkVersion=8.0.0
                                     IsWindowsOnly=true
                                     LatestRuntimeFrameworkVersion=8.0.25
                                     RuntimeFrameworkName=Microsoft.WindowsDesktop.App
                                     RuntimePackNamePatterns=Microsoft.WindowsDesktop.App.Runtime.**RID**
                                     RuntimePackRuntimeIdentifiers=win-x64;win-x86;win-arm64
                                     TargetFramework=net8.0
                                     TargetingPackName=Microsoft.WindowsDesktop.App.Ref
                                     TargetingPackVersion=8.0.25
                             Microsoft.WindowsDesktop.App.WPF
                                     DefaultRuntimeFrameworkVersion=8.0.0
                                     IsWindowsOnly=true
                                     LatestRuntimeFrameworkVersion=8.0.25
                                     Profile=WPF
                                     RuntimeFrameworkName=Microsoft.WindowsDesktop.App
                                     RuntimePackNamePatterns=Microsoft.WindowsDesktop.App.Runtime.**RID**
                                     RuntimePackRuntimeIdentifiers=win-x64;win-x86;win-arm64
                                     TargetFramework=net8.0
                                     TargetingPackName=Microsoft.WindowsDesktop.App.Ref
                                     TargetingPackVersion=8.0.25
                             Microsoft.WindowsDesktop.App.WindowsForms
                                     DefaultRuntimeFrameworkVersion=8.0.0
                                     IsWindowsOnly=true
                                     LatestRuntimeFrameworkVersion=8.0.25
                                     Profile=WindowsForms
                                     RuntimeFrameworkName=Microsoft.WindowsDesktop.App
                                     RuntimePackNamePatterns=Microsoft.WindowsDesktop.App.Runtime.**RID**
                                     RuntimePackRuntimeIdentifiers=win-x64;win-x86;win-arm64
                                     TargetFramework=net8.0
                                     TargetingPackName=Microsoft.WindowsDesktop.App.Ref
                                     TargetingPackVersion=8.0.25
                             Microsoft.AspNetCore.App
                                     DefaultRuntimeFrameworkVersion=8.0.0
                                     LatestRuntimeFrameworkVersion=8.0.25
                                     RuntimeFrameworkName=Microsoft.AspNetCore.App
                                     RuntimePackExcludedRuntimeIdentifiers=android;linux-bionic
                                     RuntimePackNamePatterns=Microsoft.AspNetCore.App.Runtime.**RID**
                                     RuntimePackRuntimeIdentifiers=win-x64;win-x86;osx-x64;linux-musl-x64;linux-musl-arm64;linux-x64;linux-arm;linux-arm64;linux-musl-arm;win-arm64;osx-arm64;linux-s390x;linux-loongarch64;linux-ppc64le;freebsd-x64;freebsd-arm64
                                     TargetFramework=net8.0
                                     TargetingPackName=Microsoft.AspNetCore.App.Ref
                                     TargetingPackVersion=8.0.25
                             Microsoft.NETCore.App
                                     DefaultRuntimeFrameworkVersion=7.0.0
                                     LatestRuntimeFrameworkVersion=7.0.20
                                     RuntimeFrameworkName=Microsoft.NETCore.App
                                     RuntimePackNamePatterns=Microsoft.NETCore.App.Runtime.**RID**
                                     RuntimePackRuntimeIdentifiers=linux-arm;linux-arm64;linux-musl-arm64;linux-musl-x64;linux-x64;osx-x64;tizen.4.0.0-armel;tizen.5.0.0-armel;win-arm;win-arm64;win-x64;win-x86;linux-musl-arm;osx-arm64;linux-s390x;linux-loongarch64;linux-bionic-arm;linux-bionic-arm64;linux-bionic-x64;linux-bionic-x86;linux-ppc64le
                                     TargetFramework=net7.0
                                     TargetingPackName=Microsoft.NETCore.App.Ref
                                     TargetingPackVersion=7.0.20
                             Microsoft.WindowsDesktop.App
                                     DefaultRuntimeFrameworkVersion=7.0.0
                                     IsWindowsOnly=true
                                     LatestRuntimeFrameworkVersion=7.0.20
                                     RuntimeFrameworkName=Microsoft.WindowsDesktop.App
                                     RuntimePackNamePatterns=Microsoft.WindowsDesktop.App.Runtime.**RID**
                                     RuntimePackRuntimeIdentifiers=win-x64;win-x86;win-arm64
                                     TargetFramework=net7.0
                                     TargetingPackName=Microsoft.WindowsDesktop.App.Ref
                                     TargetingPackVersion=7.0.20
                             Microsoft.WindowsDesktop.App.WPF
                                     DefaultRuntimeFrameworkVersion=7.0.0
                                     IsWindowsOnly=true
                                     LatestRuntimeFrameworkVersion=7.0.20
                                     Profile=WPF
                                     RuntimeFrameworkName=Microsoft.WindowsDesktop.App
                                     RuntimePackNamePatterns=Microsoft.WindowsDesktop.App.Runtime.**RID**
                                     RuntimePackRuntimeIdentifiers=win-x64;win-x86;win-arm64
                                     TargetFramework=net7.0
                                     TargetingPackName=Microsoft.WindowsDesktop.App.Ref
                                     TargetingPackVersion=7.0.20
                             Microsoft.WindowsDesktop.App.WindowsForms
                                     DefaultRuntimeFrameworkVersion=7.0.0
                                     IsWindowsOnly=true
                                     LatestRuntimeFrameworkVersion=7.0.20
                                     Profile=WindowsForms
                                     RuntimeFrameworkName=Microsoft.WindowsDesktop.App
                                     RuntimePackNamePatterns=Microsoft.WindowsDesktop.App.Runtime.**RID**
                                     RuntimePackRuntimeIdentifiers=win-x64;win-x86;win-arm64
                                     TargetFramework=net7.0
                                     TargetingPackName=Microsoft.WindowsDesktop.App.Ref
                                     TargetingPackVersion=7.0.20
                             Microsoft.AspNetCore.App
                                     DefaultRuntimeFrameworkVersion=7.0.0
                                     LatestRuntimeFrameworkVersion=7.0.20
                                     RuntimeFrameworkName=Microsoft.AspNetCore.App
                                     RuntimePackExcludedRuntimeIdentifiers=android
                                     RuntimePackNamePatterns=Microsoft.AspNetCore.App.Runtime.**RID**
                                     RuntimePackRuntimeIdentifiers=win-x64;win-x86;win-arm;osx-x64;linux-musl-x64;linux-musl-arm64;linux-x64;linux-arm;linux-arm64;linux-musl-arm;win-arm64;osx-arm64;linux-s390x;linux-loongarch64;linux-ppc64le
                                     TargetFramework=net7.0
                                     TargetingPackName=Microsoft.AspNetCore.App.Ref
                                     TargetingPackVersion=7.0.20
                             Microsoft.NETCore.App
                                     DefaultRuntimeFrameworkVersion=6.0.0
                                     LatestRuntimeFrameworkVersion=6.0.36
                                     RuntimeFrameworkName=Microsoft.NETCore.App
                                     RuntimePackNamePatterns=Microsoft.NETCore.App.Runtime.**RID**
                                     RuntimePackRuntimeIdentifiers=linux-arm;linux-arm64;linux-musl-arm64;linux-musl-x64;linux-x64;osx-x64;tizen.4.0.0-armel;tizen.5.0.0-armel;win-arm;win-arm64;win-x64;win-x86;linux-musl-arm;osx-arm64;linux-s390x;linux-loongarch64
                                     TargetFramework=net6.0
                                     TargetingPackName=Microsoft.NETCore.App.Ref
                                     TargetingPackVersion=6.0.36
                             Microsoft.WindowsDesktop.App
                                     DefaultRuntimeFrameworkVersion=6.0.0
                                     IsWindowsOnly=true
                                     LatestRuntimeFrameworkVersion=6.0.36
                                     RuntimeFrameworkName=Microsoft.WindowsDesktop.App
                                     RuntimePackNamePatterns=Microsoft.WindowsDesktop.App.Runtime.**RID**
                                     RuntimePackRuntimeIdentifiers=win-x64;win-x86;win-arm64
                                     TargetFramework=net6.0
                                     TargetingPackName=Microsoft.WindowsDesktop.App.Ref
                                     TargetingPackVersion=6.0.36
                             Microsoft.WindowsDesktop.App.WPF
                                     DefaultRuntimeFrameworkVersion=6.0.0
                                     IsWindowsOnly=true
                                     LatestRuntimeFrameworkVersion=6.0.36
                                     Profile=WPF
                                     RuntimeFrameworkName=Microsoft.WindowsDesktop.App
                                     RuntimePackNamePatterns=Microsoft.WindowsDesktop.App.Runtime.**RID**
                                     RuntimePackRuntimeIdentifiers=win-x64;win-x86;win-arm64
                                     TargetFramework=net6.0
                                     TargetingPackName=Microsoft.WindowsDesktop.App.Ref
                                     TargetingPackVersion=6.0.36
                             Microsoft.WindowsDesktop.App.WindowsForms
                                     DefaultRuntimeFrameworkVersion=6.0.0
                                     IsWindowsOnly=true
                                     LatestRuntimeFrameworkVersion=6.0.36
                                     Profile=WindowsForms
                                     RuntimeFrameworkName=Microsoft.WindowsDesktop.App
                                     RuntimePackNamePatterns=Microsoft.WindowsDesktop.App.Runtime.**RID**
                                     RuntimePackRuntimeIdentifiers=win-x64;win-x86;win-arm64
                                     TargetFramework=net6.0
                                     TargetingPackName=Microsoft.WindowsDesktop.App.Ref
                                     TargetingPackVersion=6.0.36
                             Microsoft.AspNetCore.App
                                     DefaultRuntimeFrameworkVersion=6.0.0
                                     LatestRuntimeFrameworkVersion=6.0.36
                                     RuntimeFrameworkName=Microsoft.AspNetCore.App
                                     RuntimePackNamePatterns=Microsoft.AspNetCore.App.Runtime.**RID**
                                     RuntimePackRuntimeIdentifiers=win-x64;win-x86;win-arm;osx-x64;linux-musl-x64;linux-musl-arm64;linux-x64;linux-arm;linux-arm64;linux-musl-arm;win-arm64;osx-arm64;linux-s390x;linux-loongarch64
                                     TargetFramework=net6.0
                                     TargetingPackName=Microsoft.AspNetCore.App.Ref
                                     TargetingPackVersion=6.0.36
                             Microsoft.NETCore.App
                                     DefaultRuntimeFrameworkVersion=5.0.0
                                     IsTrimmable=true
                                     LatestRuntimeFrameworkVersion=5.0.17
                                     RuntimeFrameworkName=Microsoft.NETCore.App
                                     RuntimePackNamePatterns=Microsoft.NETCore.App.Runtime.**RID**
                                     RuntimePackRuntimeIdentifiers=linux-arm;linux-arm64;linux-musl-arm64;linux-musl-x64;linux-x64;osx-x64;tizen.4.0.0-armel;tizen.5.0.0-armel;win-arm;win-arm64;win-x64;win-x86;linux-musl-arm;browser-wasm
                                     TargetFramework=net5.0
                                     TargetingPackName=Microsoft.NETCore.App.Ref
                                     TargetingPackVersion=5.0.0
                             Microsoft.WindowsDesktop.App
                                     DefaultRuntimeFrameworkVersion=5.0.0
                                     IsWindowsOnly=true
                                     LatestRuntimeFrameworkVersion=5.0.17
                                     RuntimeFrameworkName=Microsoft.WindowsDesktop.App
                                     RuntimePackNamePatterns=Microsoft.WindowsDesktop.App.Runtime.**RID**
                                     RuntimePackRuntimeIdentifiers=win-x64;win-x86;win-arm64
                                     TargetFramework=net5.0
                                     TargetingPackName=Microsoft.WindowsDesktop.App.Ref
                                     TargetingPackVersion=5.0.0
                             Microsoft.WindowsDesktop.App.WPF
                                     DefaultRuntimeFrameworkVersion=5.0.0
                                     IsWindowsOnly=true
                                     LatestRuntimeFrameworkVersion=5.0.17
                                     Profile=WPF
                                     RuntimeFrameworkName=Microsoft.WindowsDesktop.App
                                     RuntimePackNamePatterns=Microsoft.WindowsDesktop.App.Runtime.**RID**
                                     RuntimePackRuntimeIdentifiers=win-x64;win-x86;win-arm64
                                     TargetFramework=net5.0
                                     TargetingPackName=Microsoft.WindowsDesktop.App.Ref
                                     TargetingPackVersion=5.0.0
                             Microsoft.WindowsDesktop.App.WindowsForms
                                     DefaultRuntimeFrameworkVersion=5.0.0
                                     IsWindowsOnly=true
                                     LatestRuntimeFrameworkVersion=5.0.17
                                     Profile=WindowsForms
                                     RuntimeFrameworkName=Microsoft.WindowsDesktop.App
                                     RuntimePackNamePatterns=Microsoft.WindowsDesktop.App.Runtime.**RID**
                                     RuntimePackRuntimeIdentifiers=win-x64;win-x86;win-arm64
                                     TargetFramework=net5.0
                                     TargetingPackName=Microsoft.WindowsDesktop.App.Ref
                                     TargetingPackVersion=5.0.0
                             Microsoft.AspNetCore.App
                                     DefaultRuntimeFrameworkVersion=5.0.0
                                     LatestRuntimeFrameworkVersion=5.0.17
                                     RuntimeFrameworkName=Microsoft.AspNetCore.App
                                     RuntimePackNamePatterns=Microsoft.AspNetCore.App.Runtime.**RID**
                                     RuntimePackRuntimeIdentifiers=win-x64;win-x86;win-arm;osx-x64;linux-musl-x64;linux-musl-arm64;linux-x64;linux-arm;linux-arm64;linux-musl-arm;win-arm64
                                     TargetFramework=net5.0
                                     TargetingPackName=Microsoft.AspNetCore.App.Ref
                                     TargetingPackVersion=5.0.0
                             Microsoft.NETCore.App
                                     DefaultRuntimeFrameworkVersion=3.1.0
                                     IsTrimmable=true
                                     LatestRuntimeFrameworkVersion=3.1.32
                                     RuntimeFrameworkName=Microsoft.NETCore.App
                                     RuntimePackNamePatterns=Microsoft.NETCore.App.Runtime.**RID**
                                     RuntimePackRuntimeIdentifiers=linux-arm;linux-arm64;linux-musl-arm64;linux-musl-x64;linux-x64;osx-x64;tizen.4.0.0-armel;tizen.5.0.0-armel;win-arm;win-arm64;win-x64;win-x86
                                     TargetFramework=netcoreapp3.1
                                     TargetingPackName=Microsoft.NETCore.App.Ref
                                     TargetingPackVersion=3.1.0
                             Microsoft.WindowsDesktop.App
                                     DefaultRuntimeFrameworkVersion=3.1.0
                                     IsWindowsOnly=true
                                     LatestRuntimeFrameworkVersion=3.1.32
                                     RuntimeFrameworkName=Microsoft.WindowsDesktop.App
                                     RuntimePackNamePatterns=Microsoft.WindowsDesktop.App.Runtime.**RID**
                                     RuntimePackRuntimeIdentifiers=win-x64;win-x86
                                     TargetFramework=netcoreapp3.1
                                     TargetingPackName=Microsoft.WindowsDesktop.App.Ref
                                     TargetingPackVersion=3.1.0
                             Microsoft.WindowsDesktop.App.WPF
                                     DefaultRuntimeFrameworkVersion=3.1.0
                                     IsWindowsOnly=true
                                     LatestRuntimeFrameworkVersion=3.1.32
                                     Profile=WPF
                                     RuntimeFrameworkName=Microsoft.WindowsDesktop.App
                                     RuntimePackNamePatterns=Microsoft.WindowsDesktop.App.Runtime.**RID**
                                     RuntimePackRuntimeIdentifiers=win-x64;win-x86
                                     TargetFramework=netcoreapp3.1
                                     TargetingPackName=Microsoft.WindowsDesktop.App.Ref
                                     TargetingPackVersion=3.1.0
                             Microsoft.WindowsDesktop.App.WindowsForms
                                     DefaultRuntimeFrameworkVersion=3.1.0
                                     IsWindowsOnly=true
                                     LatestRuntimeFrameworkVersion=3.1.32
                                     Profile=WindowsForms
                                     RuntimeFrameworkName=Microsoft.WindowsDesktop.App
                                     RuntimePackNamePatterns=Microsoft.WindowsDesktop.App.Runtime.**RID**
                                     RuntimePackRuntimeIdentifiers=win-x64;win-x86
                                     TargetFramework=netcoreapp3.1
                                     TargetingPackName=Microsoft.WindowsDesktop.App.Ref
                                     TargetingPackVersion=3.1.0
                             Microsoft.AspNetCore.App
                                     DefaultRuntimeFrameworkVersion=3.1.0
                                     LatestRuntimeFrameworkVersion=3.1.32
                                     RuntimeFrameworkName=Microsoft.AspNetCore.App
                                     RuntimePackNamePatterns=Microsoft.AspNetCore.App.Runtime.**RID**
                                     RuntimePackRuntimeIdentifiers=win-x64;win-x86;win-arm;osx-x64;linux-musl-x64;linux-musl-arm64;linux-x64;linux-arm;linux-arm64
                                     TargetFramework=netcoreapp3.1
                                     TargetingPackName=Microsoft.AspNetCore.App.Ref
                                     TargetingPackVersion=3.1.10
                             Microsoft.NETCore.App
                                     DefaultRuntimeFrameworkVersion=3.0.0
                                     IsTrimmable=true
                                     LatestRuntimeFrameworkVersion=3.0.3
                                     RuntimeFrameworkName=Microsoft.NETCore.App
                                     RuntimePackNamePatterns=Microsoft.NETCore.App.Runtime.**RID**
                                     RuntimePackRuntimeIdentifiers=linux-arm;linux-arm64;linux-musl-arm64;linux-musl-x64;linux-x64;osx-x64;tizen.4.0.0-armel;tizen.5.0.0-armel;win-arm;win-arm64;win-x64;win-x86
                                     TargetFramework=netcoreapp3.0
                                     TargetingPackName=Microsoft.NETCore.App.Ref
                                     TargetingPackVersion=3.0.0
                             Microsoft.WindowsDesktop.App
                                     DefaultRuntimeFrameworkVersion=3.0.0
                                     IsWindowsOnly=true
                                     LatestRuntimeFrameworkVersion=3.0.3
                                     RuntimeFrameworkName=Microsoft.WindowsDesktop.App
                                     RuntimePackNamePatterns=Microsoft.WindowsDesktop.App.Runtime.**RID**
                                     RuntimePackRuntimeIdentifiers=win-x64;win-x86
                                     TargetFramework=netcoreapp3.0
                                     TargetingPackName=Microsoft.WindowsDesktop.App.Ref
                                     TargetingPackVersion=3.0.0
                             Microsoft.WindowsDesktop.App.WPF
                                     DefaultRuntimeFrameworkVersion=3.0.0
                                     IsWindowsOnly=true
                                     LatestRuntimeFrameworkVersion=3.0.3
                                     Profile=WPF
                                     RuntimeFrameworkName=Microsoft.WindowsDesktop.App
                                     RuntimePackNamePatterns=Microsoft.WindowsDesktop.App.Runtime.**RID**
                                     RuntimePackRuntimeIdentifiers=win-x64;win-x86
                                     TargetFramework=netcoreapp3.0
                                     TargetingPackName=Microsoft.WindowsDesktop.App.Ref
                                     TargetingPackVersion=3.0.0
                             Microsoft.WindowsDesktop.App.WindowsForms
                                     DefaultRuntimeFrameworkVersion=3.0.0
                                     IsWindowsOnly=true
                                     LatestRuntimeFrameworkVersion=3.0.3
                                     Profile=WindowsForms
                                     RuntimeFrameworkName=Microsoft.WindowsDesktop.App
                                     RuntimePackNamePatterns=Microsoft.WindowsDesktop.App.Runtime.**RID**
                                     RuntimePackRuntimeIdentifiers=win-x64;win-x86
                                     TargetFramework=netcoreapp3.0
                                     TargetingPackName=Microsoft.WindowsDesktop.App.Ref
                                     TargetingPackVersion=3.0.0
                             Microsoft.AspNetCore.App
                                     DefaultRuntimeFrameworkVersion=3.0.0
                                     LatestRuntimeFrameworkVersion=3.0.3
                                     RuntimeFrameworkName=Microsoft.AspNetCore.App
                                     RuntimePackNamePatterns=Microsoft.AspNetCore.App.Runtime.**RID**
                                     RuntimePackRuntimeIdentifiers=win-x64;win-x86;win-arm;osx-x64;linux-musl-x64;linux-musl-arm64;linux-x64;linux-arm;linux-arm64
                                     TargetFramework=netcoreapp3.0
                                     TargetingPackName=Microsoft.AspNetCore.App.Ref
                                     TargetingPackVersion=3.0.1
                             NETStandard.Library
                                     TargetFramework=netstandard2.1
                                     TargetingPackName=NETStandard.Library.Ref
                                     TargetingPackVersion=2.1.0
                             Microsoft.Windows.SDK.NET.Ref
                                     DefaultRuntimeFrameworkVersion=10.0.26100.57
                                     IsWindowsOnly=true
                                     LatestRuntimeFrameworkVersion=10.0.26100.57
                                     RuntimeFrameworkName=Microsoft.Windows.SDK.NET.Ref
                                     RuntimePackAlwaysCopyLocal=true
                                     RuntimePackNamePatterns=Microsoft.Windows.SDK.NET.Ref
                                     RuntimePackRuntimeIdentifiers=any
                                     TargetFramework=net10.0-windows10.0.26100.1
                                     TargetingPackName=Microsoft.Windows.SDK.NET.Ref
                                     TargetingPackVersion=10.0.26100.57
                             Microsoft.Windows.SDK.NET.Ref.Windows
                                     DefaultRuntimeFrameworkVersion=10.0.26100.57
                                     IsWindowsOnly=true
                                     LatestRuntimeFrameworkVersion=10.0.26100.57
                                     Profile=Windows
                                     RuntimeFrameworkName=Microsoft.Windows.SDK.NET.Ref
                                     RuntimePackAlwaysCopyLocal=true
                                     RuntimePackNamePatterns=Microsoft.Windows.SDK.NET.Ref
                                     RuntimePackRuntimeIdentifiers=any
                                     TargetFramework=net10.0-windows10.0.26100.1
                                     TargetingPackName=Microsoft.Windows.SDK.NET.Ref
                                     TargetingPackVersion=10.0.26100.57
                             Microsoft.Windows.SDK.NET.Ref.Xaml
                                     DefaultRuntimeFrameworkVersion=10.0.26100.57
                                     IsWindowsOnly=true
                                     LatestRuntimeFrameworkVersion=10.0.26100.57
                                     Profile=Xaml
                                     RuntimeFrameworkName=Microsoft.Windows.SDK.NET.Ref
                                     RuntimePackAlwaysCopyLocal=true
                                     RuntimePackNamePatterns=Microsoft.Windows.SDK.NET.Ref
                                     RuntimePackRuntimeIdentifiers=any
                                     TargetFramework=net10.0-windows10.0.26100.1
                                     TargetingPackName=Microsoft.Windows.SDK.NET.Ref
                                     TargetingPackVersion=10.0.26100.57
                             Microsoft.Windows.SDK.NET.Ref.CsWinRT3.Windows
                                     DefaultRuntimeFrameworkVersion=10.0.26100.57
                                     IsWindowsOnly=true
                                     LatestRuntimeFrameworkVersion=10.0.26100.57
                                     Profile=CsWinRT3.Windows
                                     RuntimeFrameworkName=Microsoft.Windows.SDK.NET.Ref
                                     RuntimePackAlwaysCopyLocal=true
                                     RuntimePackNamePatterns=Microsoft.Windows.SDK.NET.Ref
                                     RuntimePackRuntimeIdentifiers=any
                                     TargetFramework=net10.0-windows10.0.26100.1
                                     TargetingPackName=Microsoft.Windows.SDK.NET.Ref
                                     TargetingPackVersion=10.0.26100.57
                             Microsoft.Windows.SDK.NET.Ref.CsWinRT3.Xaml
                                     DefaultRuntimeFrameworkVersion=10.0.26100.57
                                     IsWindowsOnly=true
                                     LatestRuntimeFrameworkVersion=10.0.26100.57
                                     Profile=CsWinRT3.Xaml
                                     RuntimeFrameworkName=Microsoft.Windows.SDK.NET.Ref
                                     RuntimePackAlwaysCopyLocal=true
                                     RuntimePackNamePatterns=Microsoft.Windows.SDK.NET.Ref
                                     RuntimePackRuntimeIdentifiers=any
                                     TargetFramework=net10.0-windows10.0.26100.1
                                     TargetingPackName=Microsoft.Windows.SDK.NET.Ref
                                     TargetingPackVersion=10.0.26100.57
                             Microsoft.Windows.SDK.NET.Ref
                                     DefaultRuntimeFrameworkVersion=10.0.22621.57
                                     IsWindowsOnly=true
                                     LatestRuntimeFrameworkVersion=10.0.22621.57
                                     RuntimeFrameworkName=Microsoft.Windows.SDK.NET.Ref
                                     RuntimePackAlwaysCopyLocal=true
                                     RuntimePackNamePatterns=Microsoft.Windows.SDK.NET.Ref
                                     RuntimePackRuntimeIdentifiers=any
                                     TargetFramework=net10.0-windows10.0.22621.1
                                     TargetingPackName=Microsoft.Windows.SDK.NET.Ref
                                     TargetingPackVersion=10.0.22621.57
                             Microsoft.Windows.SDK.NET.Ref.Windows
                                     DefaultRuntimeFrameworkVersion=10.0.22621.57
                                     IsWindowsOnly=true
                                     LatestRuntimeFrameworkVersion=10.0.22621.57
                                     Profile=Windows
                                     RuntimeFrameworkName=Microsoft.Windows.SDK.NET.Ref
                                     RuntimePackAlwaysCopyLocal=true
                                     RuntimePackNamePatterns=Microsoft.Windows.SDK.NET.Ref
                                     RuntimePackRuntimeIdentifiers=any
                                     TargetFramework=net10.0-windows10.0.22621.1
                                     TargetingPackName=Microsoft.Windows.SDK.NET.Ref
                                     TargetingPackVersion=10.0.22621.57
                             Microsoft.Windows.SDK.NET.Ref.Xaml
                                     DefaultRuntimeFrameworkVersion=10.0.22621.57
                                     IsWindowsOnly=true
                                     LatestRuntimeFrameworkVersion=10.0.22621.57
                                     Profile=Xaml
                                     RuntimeFrameworkName=Microsoft.Windows.SDK.NET.Ref
                                     RuntimePackAlwaysCopyLocal=true
                                     RuntimePackNamePatterns=Microsoft.Windows.SDK.NET.Ref
                                     RuntimePackRuntimeIdentifiers=any
                                     TargetFramework=net10.0-windows10.0.22621.1
                                     TargetingPackName=Microsoft.Windows.SDK.NET.Ref
                                     TargetingPackVersion=10.0.22621.57
                             Microsoft.Windows.SDK.NET.Ref.CsWinRT3.Windows
                                     DefaultRuntimeFrameworkVersion=10.0.22621.57
                                     IsWindowsOnly=true
                                     LatestRuntimeFrameworkVersion=10.0.22621.57
                                     Profile=CsWinRT3.Windows
                                     RuntimeFrameworkName=Microsoft.Windows.SDK.NET.Ref
                                     RuntimePackAlwaysCopyLocal=true
                                     RuntimePackNamePatterns=Microsoft.Windows.SDK.NET.Ref
                                     RuntimePackRuntimeIdentifiers=any
                                     TargetFramework=net10.0-windows10.0.22621.1
                                     TargetingPackName=Microsoft.Windows.SDK.NET.Ref
                                     TargetingPackVersion=10.0.22621.57
                             Microsoft.Windows.SDK.NET.Ref.CsWinRT3.Xaml
                                     DefaultRuntimeFrameworkVersion=10.0.22621.57
                                     IsWindowsOnly=true
                                     LatestRuntimeFrameworkVersion=10.0.22621.57
                                     Profile=CsWinRT3.Xaml
                                     RuntimeFrameworkName=Microsoft.Windows.SDK.NET.Ref
                                     RuntimePackAlwaysCopyLocal=true
                                     RuntimePackNamePatterns=Microsoft.Windows.SDK.NET.Ref
                                     RuntimePackRuntimeIdentifiers=any
                                     TargetFramework=net10.0-windows10.0.22621.1
                                     TargetingPackName=Microsoft.Windows.SDK.NET.Ref
                                     TargetingPackVersion=10.0.22621.57
                             Microsoft.Windows.SDK.NET.Ref
                                     DefaultRuntimeFrameworkVersion=10.0.22000.57
                                     IsWindowsOnly=true
                                     LatestRuntimeFrameworkVersion=10.0.22000.57
                                     RuntimeFrameworkName=Microsoft.Windows.SDK.NET.Ref
                                     RuntimePackAlwaysCopyLocal=true
                                     RuntimePackNamePatterns=Microsoft.Windows.SDK.NET.Ref
                                     RuntimePackRuntimeIdentifiers=any
                                     TargetFramework=net10.0-windows10.0.22000.1
                                     TargetingPackName=Microsoft.Windows.SDK.NET.Ref
                                     TargetingPackVersion=10.0.22000.57
                             Microsoft.Windows.SDK.NET.Ref.Windows
                                     DefaultRuntimeFrameworkVersion=10.0.22000.57
                                     IsWindowsOnly=true
                                     LatestRuntimeFrameworkVersion=10.0.22000.57
                                     Profile=Windows
                                     RuntimeFrameworkName=Microsoft.Windows.SDK.NET.Ref
                                     RuntimePackAlwaysCopyLocal=true
                                     RuntimePackNamePatterns=Microsoft.Windows.SDK.NET.Ref
                                     RuntimePackRuntimeIdentifiers=any
                                     TargetFramework=net10.0-windows10.0.22000.1
                                     TargetingPackName=Microsoft.Windows.SDK.NET.Ref
                                     TargetingPackVersion=10.0.22000.57
                             Microsoft.Windows.SDK.NET.Ref.Xaml
                                     DefaultRuntimeFrameworkVersion=10.0.22000.57
                                     IsWindowsOnly=true
                                     LatestRuntimeFrameworkVersion=10.0.22000.57
                                     Profile=Xaml
                                     RuntimeFrameworkName=Microsoft.Windows.SDK.NET.Ref
                                     RuntimePackAlwaysCopyLocal=true
                                     RuntimePackNamePatterns=Microsoft.Windows.SDK.NET.Ref
                                     RuntimePackRuntimeIdentifiers=any
                                     TargetFramework=net10.0-windows10.0.22000.1
                                     TargetingPackName=Microsoft.Windows.SDK.NET.Ref
                                     TargetingPackVersion=10.0.22000.57
                             Microsoft.Windows.SDK.NET.Ref.CsWinRT3.Windows
                                     DefaultRuntimeFrameworkVersion=10.0.22000.57
                                     IsWindowsOnly=true
                                     LatestRuntimeFrameworkVersion=10.0.22000.57
                                     Profile=CsWinRT3.Windows
                                     RuntimeFrameworkName=Microsoft.Windows.SDK.NET.Ref
                                     RuntimePackAlwaysCopyLocal=true
                                     RuntimePackNamePatterns=Microsoft.Windows.SDK.NET.Ref
                                     RuntimePackRuntimeIdentifiers=any
                                     TargetFramework=net10.0-windows10.0.22000.1
                                     TargetingPackName=Microsoft.Windows.SDK.NET.Ref
                                     TargetingPackVersion=10.0.22000.57
                             Microsoft.Windows.SDK.NET.Ref.CsWinRT3.Xaml
                                     DefaultRuntimeFrameworkVersion=10.0.22000.57
                                     IsWindowsOnly=true
                                     LatestRuntimeFrameworkVersion=10.0.22000.57
                                     Profile=CsWinRT3.Xaml
                                     RuntimeFrameworkName=Microsoft.Windows.SDK.NET.Ref
                                     RuntimePackAlwaysCopyLocal=true
                                     RuntimePackNamePatterns=Microsoft.Windows.SDK.NET.Ref
                                     RuntimePackRuntimeIdentifiers=any
                                     TargetFramework=net10.0-windows10.0.22000.1
                                     TargetingPackName=Microsoft.Windows.SDK.NET.Ref
                                     TargetingPackVersion=10.0.22000.57
                             Microsoft.Windows.SDK.NET.Ref
                                     DefaultRuntimeFrameworkVersion=10.0.20348.57
                                     IsWindowsOnly=true
                                     LatestRuntimeFrameworkVersion=10.0.20348.57
                                     RuntimeFrameworkName=Microsoft.Windows.SDK.NET.Ref
                                     RuntimePackAlwaysCopyLocal=true
                                     RuntimePackNamePatterns=Microsoft.Windows.SDK.NET.Ref
                                     RuntimePackRuntimeIdentifiers=any
                                     TargetFramework=net10.0-windows10.0.20348.1
                                     TargetingPackName=Microsoft.Windows.SDK.NET.Ref
                                     TargetingPackVersion=10.0.20348.57
                             Microsoft.Windows.SDK.NET.Ref.Windows
                                     DefaultRuntimeFrameworkVersion=10.0.20348.57
                                     IsWindowsOnly=true
                                     LatestRuntimeFrameworkVersion=10.0.20348.57
                                     Profile=Windows
                                     RuntimeFrameworkName=Microsoft.Windows.SDK.NET.Ref
                                     RuntimePackAlwaysCopyLocal=true
                                     RuntimePackNamePatterns=Microsoft.Windows.SDK.NET.Ref
                                     RuntimePackRuntimeIdentifiers=any
                                     TargetFramework=net10.0-windows10.0.20348.1
                                     TargetingPackName=Microsoft.Windows.SDK.NET.Ref
                                     TargetingPackVersion=10.0.20348.57
                             Microsoft.Windows.SDK.NET.Ref.Xaml
                                     DefaultRuntimeFrameworkVersion=10.0.20348.57
                                     IsWindowsOnly=true
                                     LatestRuntimeFrameworkVersion=10.0.20348.57
                                     Profile=Xaml
                                     RuntimeFrameworkName=Microsoft.Windows.SDK.NET.Ref
                                     RuntimePackAlwaysCopyLocal=true
                                     RuntimePackNamePatterns=Microsoft.Windows.SDK.NET.Ref
                                     RuntimePackRuntimeIdentifiers=any
                                     TargetFramework=net10.0-windows10.0.20348.1
                                     TargetingPackName=Microsoft.Windows.SDK.NET.Ref
                                     TargetingPackVersion=10.0.20348.57
                             Microsoft.Windows.SDK.NET.Ref.CsWinRT3.Windows
                                     DefaultRuntimeFrameworkVersion=10.0.20348.57
                                     IsWindowsOnly=true
                                     LatestRuntimeFrameworkVersion=10.0.20348.57
                                     Profile=CsWinRT3.Windows
                                     RuntimeFrameworkName=Microsoft.Windows.SDK.NET.Ref
                                     RuntimePackAlwaysCopyLocal=true
                                     RuntimePackNamePatterns=Microsoft.Windows.SDK.NET.Ref
                                     RuntimePackRuntimeIdentifiers=any
                                     TargetFramework=net10.0-windows10.0.20348.1
                                     TargetingPackName=Microsoft.Windows.SDK.NET.Ref
                                     TargetingPackVersion=10.0.20348.57
                             Microsoft.Windows.SDK.NET.Ref.CsWinRT3.Xaml
                                     DefaultRuntimeFrameworkVersion=10.0.20348.57
                                     IsWindowsOnly=true
                                     LatestRuntimeFrameworkVersion=10.0.20348.57
                                     Profile=CsWinRT3.Xaml
                                     RuntimeFrameworkName=Microsoft.Windows.SDK.NET.Ref
                                     RuntimePackAlwaysCopyLocal=true
                                     RuntimePackNamePatterns=Microsoft.Windows.SDK.NET.Ref
                                     RuntimePackRuntimeIdentifiers=any
                                     TargetFramework=net10.0-windows10.0.20348.1
                                     TargetingPackName=Microsoft.Windows.SDK.NET.Ref
                                     TargetingPackVersion=10.0.20348.57
                             Microsoft.Windows.SDK.NET.Ref
                                     DefaultRuntimeFrameworkVersion=10.0.19041.57
                                     IsWindowsOnly=true
                                     LatestRuntimeFrameworkVersion=10.0.19041.57
                                     RuntimeFrameworkName=Microsoft.Windows.SDK.NET.Ref
                                     RuntimePackAlwaysCopyLocal=true
                                     RuntimePackNamePatterns=Microsoft.Windows.SDK.NET.Ref
                                     RuntimePackRuntimeIdentifiers=any
                                     TargetFramework=net10.0-windows10.0.19041.1
                                     TargetingPackName=Microsoft.Windows.SDK.NET.Ref
                                     TargetingPackVersion=10.0.19041.57
                             Microsoft.Windows.SDK.NET.Ref.Windows
                                     DefaultRuntimeFrameworkVersion=10.0.19041.57
                                     IsWindowsOnly=true
                                     LatestRuntimeFrameworkVersion=10.0.19041.57
                                     Profile=Windows
                                     RuntimeFrameworkName=Microsoft.Windows.SDK.NET.Ref
                                     RuntimePackAlwaysCopyLocal=true
                                     RuntimePackNamePatterns=Microsoft.Windows.SDK.NET.Ref
                                     RuntimePackRuntimeIdentifiers=any
                                     TargetFramework=net10.0-windows10.0.19041.1
                                     TargetingPackName=Microsoft.Windows.SDK.NET.Ref
                                     TargetingPackVersion=10.0.19041.57
                             Microsoft.Windows.SDK.NET.Ref.Xaml
                                     DefaultRuntimeFrameworkVersion=10.0.19041.57
                                     IsWindowsOnly=true
                                     LatestRuntimeFrameworkVersion=10.0.19041.57
                                     Profile=Xaml
                                     RuntimeFrameworkName=Microsoft.Windows.SDK.NET.Ref
                                     RuntimePackAlwaysCopyLocal=true
                                     RuntimePackNamePatterns=Microsoft.Windows.SDK.NET.Ref
                                     RuntimePackRuntimeIdentifiers=any
                                     TargetFramework=net10.0-windows10.0.19041.1
                                     TargetingPackName=Microsoft.Windows.SDK.NET.Ref
                                     TargetingPackVersion=10.0.19041.57
                             Microsoft.Windows.SDK.NET.Ref.CsWinRT3.Windows
                                     DefaultRuntimeFrameworkVersion=10.0.19041.57
                                     IsWindowsOnly=true
                                     LatestRuntimeFrameworkVersion=10.0.19041.57
                                     Profile=CsWinRT3.Windows
                                     RuntimeFrameworkName=Microsoft.Windows.SDK.NET.Ref
                                     RuntimePackAlwaysCopyLocal=true
                                     RuntimePackNamePatterns=Microsoft.Windows.SDK.NET.Ref
                                     RuntimePackRuntimeIdentifiers=any
                                     TargetFramework=net10.0-windows10.0.19041.1
                                     TargetingPackName=Microsoft.Windows.SDK.NET.Ref
                                     TargetingPackVersion=10.0.19041.57
                             Microsoft.Windows.SDK.NET.Ref.CsWinRT3.Xaml
                                     DefaultRuntimeFrameworkVersion=10.0.19041.57
                                     IsWindowsOnly=true
                                     LatestRuntimeFrameworkVersion=10.0.19041.57
                                     Profile=CsWinRT3.Xaml
                                     RuntimeFrameworkName=Microsoft.Windows.SDK.NET.Ref
                                     RuntimePackAlwaysCopyLocal=true
                                     RuntimePackNamePatterns=Microsoft.Windows.SDK.NET.Ref
                                     RuntimePackRuntimeIdentifiers=any
                                     TargetFramework=net10.0-windows10.0.19041.1
                                     TargetingPackName=Microsoft.Windows.SDK.NET.Ref
                                     TargetingPackVersion=10.0.19041.57
                             Microsoft.Windows.SDK.NET.Ref
                                     DefaultRuntimeFrameworkVersion=10.0.18362.57
                                     IsWindowsOnly=true
                                     LatestRuntimeFrameworkVersion=10.0.18362.57
                                     RuntimeFrameworkName=Microsoft.Windows.SDK.NET.Ref
                                     RuntimePackAlwaysCopyLocal=true
                                     RuntimePackNamePatterns=Microsoft.Windows.SDK.NET.Ref
                                     RuntimePackRuntimeIdentifiers=any
                                     TargetFramework=net10.0-windows10.0.18362.1
                                     TargetingPackName=Microsoft.Windows.SDK.NET.Ref
                                     TargetingPackVersion=10.0.18362.57
                             Microsoft.Windows.SDK.NET.Ref.Windows
                                     DefaultRuntimeFrameworkVersion=10.0.18362.57
                                     IsWindowsOnly=true
                                     LatestRuntimeFrameworkVersion=10.0.18362.57
                                     Profile=Windows
                                     RuntimeFrameworkName=Microsoft.Windows.SDK.NET.Ref
                                     RuntimePackAlwaysCopyLocal=true
                                     RuntimePackNamePatterns=Microsoft.Windows.SDK.NET.Ref
                                     RuntimePackRuntimeIdentifiers=any
                                     TargetFramework=net10.0-windows10.0.18362.1
                                     TargetingPackName=Microsoft.Windows.SDK.NET.Ref
                                     TargetingPackVersion=10.0.18362.57
                             Microsoft.Windows.SDK.NET.Ref.Xaml
                                     DefaultRuntimeFrameworkVersion=10.0.18362.57
                                     IsWindowsOnly=true
                                     LatestRuntimeFrameworkVersion=10.0.18362.57
                                     Profile=Xaml
                                     RuntimeFrameworkName=Microsoft.Windows.SDK.NET.Ref
                                     RuntimePackAlwaysCopyLocal=true
                                     RuntimePackNamePatterns=Microsoft.Windows.SDK.NET.Ref
                                     RuntimePackRuntimeIdentifiers=any
                                     TargetFramework=net10.0-windows10.0.18362.1
                                     TargetingPackName=Microsoft.Windows.SDK.NET.Ref
                                     TargetingPackVersion=10.0.18362.57
                             Microsoft.Windows.SDK.NET.Ref.CsWinRT3.Windows
                                     DefaultRuntimeFrameworkVersion=10.0.18362.57
                                     IsWindowsOnly=true
                                     LatestRuntimeFrameworkVersion=10.0.18362.57
                                     Profile=CsWinRT3.Windows
                                     RuntimeFrameworkName=Microsoft.Windows.SDK.NET.Ref
                                     RuntimePackAlwaysCopyLocal=true
                                     RuntimePackNamePatterns=Microsoft.Windows.SDK.NET.Ref
                                     RuntimePackRuntimeIdentifiers=any
                                     TargetFramework=net10.0-windows10.0.18362.1
                                     TargetingPackName=Microsoft.Windows.SDK.NET.Ref
                                     TargetingPackVersion=10.0.18362.57
                             Microsoft.Windows.SDK.NET.Ref.CsWinRT3.Xaml
                                     DefaultRuntimeFrameworkVersion=10.0.18362.57
                                     IsWindowsOnly=true
                                     LatestRuntimeFrameworkVersion=10.0.18362.57
                                     Profile=CsWinRT3.Xaml
                                     RuntimeFrameworkName=Microsoft.Windows.SDK.NET.Ref
                                     RuntimePackAlwaysCopyLocal=true
                                     RuntimePackNamePatterns=Microsoft.Windows.SDK.NET.Ref
                                     RuntimePackRuntimeIdentifiers=any
                                     TargetFramework=net10.0-windows10.0.18362.1
                                     TargetingPackName=Microsoft.Windows.SDK.NET.Ref
                                     TargetingPackVersion=10.0.18362.57
                             Microsoft.Windows.SDK.NET.Ref
                                     DefaultRuntimeFrameworkVersion=10.0.17763.57
                                     IsWindowsOnly=true
                                     LatestRuntimeFrameworkVersion=10.0.17763.57
                                     RuntimeFrameworkName=Microsoft.Windows.SDK.NET.Ref
                                     RuntimePackAlwaysCopyLocal=true
                                     RuntimePackNamePatterns=Microsoft.Windows.SDK.NET.Ref
                                     RuntimePackRuntimeIdentifiers=any
                                     TargetFramework=net10.0-windows10.0.17763.1
                                     TargetingPackName=Microsoft.Windows.SDK.NET.Ref
                                     TargetingPackVersion=10.0.17763.57
                             Microsoft.Windows.SDK.NET.Ref.Windows
                                     DefaultRuntimeFrameworkVersion=10.0.17763.57
                                     IsWindowsOnly=true
                                     LatestRuntimeFrameworkVersion=10.0.17763.57
                                     Profile=Windows
                                     RuntimeFrameworkName=Microsoft.Windows.SDK.NET.Ref
                                     RuntimePackAlwaysCopyLocal=true
                                     RuntimePackNamePatterns=Microsoft.Windows.SDK.NET.Ref
                                     RuntimePackRuntimeIdentifiers=any
                                     TargetFramework=net10.0-windows10.0.17763.1
                                     TargetingPackName=Microsoft.Windows.SDK.NET.Ref
                                     TargetingPackVersion=10.0.17763.57
                             Microsoft.Windows.SDK.NET.Ref.Xaml
                                     DefaultRuntimeFrameworkVersion=10.0.17763.57
                                     IsWindowsOnly=true
                                     LatestRuntimeFrameworkVersion=10.0.17763.57
                                     Profile=Xaml
                                     RuntimeFrameworkName=Microsoft.Windows.SDK.NET.Ref
                                     RuntimePackAlwaysCopyLocal=true
                                     RuntimePackNamePatterns=Microsoft.Windows.SDK.NET.Ref
                                     RuntimePackRuntimeIdentifiers=any
                                     TargetFramework=net10.0-windows10.0.17763.1
                                     TargetingPackName=Microsoft.Windows.SDK.NET.Ref
                                     TargetingPackVersion=10.0.17763.57
                             Microsoft.Windows.SDK.NET.Ref.CsWinRT3.Windows
                                     DefaultRuntimeFrameworkVersion=10.0.17763.57
                                     IsWindowsOnly=true
                                     LatestRuntimeFrameworkVersion=10.0.17763.57
                                     Profile=CsWinRT3.Windows
                                     RuntimeFrameworkName=Microsoft.Windows.SDK.NET.Ref
                                     RuntimePackAlwaysCopyLocal=true
                                     RuntimePackNamePatterns=Microsoft.Windows.SDK.NET.Ref
                                     RuntimePackRuntimeIdentifiers=any
                                     TargetFramework=net10.0-windows10.0.17763.1
                                     TargetingPackName=Microsoft.Windows.SDK.NET.Ref
                                     TargetingPackVersion=10.0.17763.57
                             Microsoft.Windows.SDK.NET.Ref.CsWinRT3.Xaml
                                     DefaultRuntimeFrameworkVersion=10.0.17763.57
                                     IsWindowsOnly=true
                                     LatestRuntimeFrameworkVersion=10.0.17763.57
                                     Profile=CsWinRT3.Xaml
                                     RuntimeFrameworkName=Microsoft.Windows.SDK.NET.Ref
                                     RuntimePackAlwaysCopyLocal=true
                                     RuntimePackNamePatterns=Microsoft.Windows.SDK.NET.Ref
                                     RuntimePackRuntimeIdentifiers=any
                                     TargetFramework=net10.0-windows10.0.17763.1
                                     TargetingPackName=Microsoft.Windows.SDK.NET.Ref
                                     TargetingPackVersion=10.0.17763.57
                             Microsoft.Windows.SDK.NET.Ref
                                     DefaultRuntimeFrameworkVersion=10.0.26100.57
                                     IsWindowsOnly=true
                                     LatestRuntimeFrameworkVersion=10.0.26100.57
                                     RuntimeFrameworkName=Microsoft.Windows.SDK.NET.Ref
                                     RuntimePackAlwaysCopyLocal=true
                                     RuntimePackNamePatterns=Microsoft.Windows.SDK.NET.Ref
                                     RuntimePackRuntimeIdentifiers=any
                                     TargetFramework=net10.0-windows10.0.26100.0
                                     TargetingPackName=Microsoft.Windows.SDK.NET.Ref
                                     TargetingPackVersion=10.0.26100.57
                             Microsoft.Windows.SDK.NET.Ref.Windows
                                     DefaultRuntimeFrameworkVersion=10.0.26100.57
                                     IsWindowsOnly=true
                                     LatestRuntimeFrameworkVersion=10.0.26100.57
                                     Profile=Windows
                                     RuntimeFrameworkName=Microsoft.Windows.SDK.NET.Ref
                                     RuntimePackAlwaysCopyLocal=true
                                     RuntimePackNamePatterns=Microsoft.Windows.SDK.NET.Ref
                                     RuntimePackRuntimeIdentifiers=any
                                     TargetFramework=net10.0-windows10.0.26100.0
                                     TargetingPackName=Microsoft.Windows.SDK.NET.Ref
                                     TargetingPackVersion=10.0.26100.57
                             Microsoft.Windows.SDK.NET.Ref.Xaml
                                     DefaultRuntimeFrameworkVersion=10.0.26100.57
                                     IsWindowsOnly=true
                                     LatestRuntimeFrameworkVersion=10.0.26100.57
                                     Profile=Xaml
                                     RuntimeFrameworkName=Microsoft.Windows.SDK.NET.Ref
                                     RuntimePackAlwaysCopyLocal=true
                                     RuntimePackNamePatterns=Microsoft.Windows.SDK.NET.Ref
                                     RuntimePackRuntimeIdentifiers=any
                                     TargetFramework=net10.0-windows10.0.26100.0
                                     TargetingPackName=Microsoft.Windows.SDK.NET.Ref
                                     TargetingPackVersion=10.0.26100.57
                             Microsoft.Windows.SDK.NET.Ref.CsWinRT3.Windows
                                     DefaultRuntimeFrameworkVersion=10.0.26100.57
                                     IsWindowsOnly=true
                                     LatestRuntimeFrameworkVersion=10.0.26100.57
                                     Profile=CsWinRT3.Windows
                                     RuntimeFrameworkName=Microsoft.Windows.SDK.NET.Ref
                                     RuntimePackAlwaysCopyLocal=true
                                     RuntimePackNamePatterns=Microsoft.Windows.SDK.NET.Ref
                                     RuntimePackRuntimeIdentifiers=any
                                     TargetFramework=net10.0-windows10.0.26100.0
                                     TargetingPackName=Microsoft.Windows.SDK.NET.Ref
                                     TargetingPackVersion=10.0.26100.57
                             Microsoft.Windows.SDK.NET.Ref.CsWinRT3.Xaml
                                     DefaultRuntimeFrameworkVersion=10.0.26100.57
                                     IsWindowsOnly=true
                                     LatestRuntimeFrameworkVersion=10.0.26100.57
                                     Profile=CsWinRT3.Xaml
                                     RuntimeFrameworkName=Microsoft.Windows.SDK.NET.Ref
                                     RuntimePackAlwaysCopyLocal=true
                                     RuntimePackNamePatterns=Microsoft.Windows.SDK.NET.Ref
                                     RuntimePackRuntimeIdentifiers=any
                                     TargetFramework=net10.0-windows10.0.26100.0
                                     TargetingPackName=Microsoft.Windows.SDK.NET.Ref
                                     TargetingPackVersion=10.0.26100.57
                             Microsoft.Windows.SDK.NET.Ref
                                     DefaultRuntimeFrameworkVersion=10.0.22621.57
                                     IsWindowsOnly=true
                                     LatestRuntimeFrameworkVersion=10.0.22621.57
                                     RuntimeFrameworkName=Microsoft.Windows.SDK.NET.Ref
                                     RuntimePackAlwaysCopyLocal=true
                                     RuntimePackNamePatterns=Microsoft.Windows.SDK.NET.Ref
                                     RuntimePackRuntimeIdentifiers=any
                                     TargetFramework=net10.0-windows10.0.22621.0
                                     TargetingPackName=Microsoft.Windows.SDK.NET.Ref
                                     TargetingPackVersion=10.0.22621.57
                             Microsoft.Windows.SDK.NET.Ref.Windows
                                     DefaultRuntimeFrameworkVersion=10.0.22621.57
                                     IsWindowsOnly=true
                                     LatestRuntimeFrameworkVersion=10.0.22621.57
                                     Profile=Windows
                                     RuntimeFrameworkName=Microsoft.Windows.SDK.NET.Ref
                                     RuntimePackAlwaysCopyLocal=true
                                     RuntimePackNamePatterns=Microsoft.Windows.SDK.NET.Ref
                                     RuntimePackRuntimeIdentifiers=any
                                     TargetFramework=net10.0-windows10.0.22621.0
                                     TargetingPackName=Microsoft.Windows.SDK.NET.Ref
                                     TargetingPackVersion=10.0.22621.57
                             Microsoft.Windows.SDK.NET.Ref.Xaml
                                     DefaultRuntimeFrameworkVersion=10.0.22621.57
                                     IsWindowsOnly=true
                                     LatestRuntimeFrameworkVersion=10.0.22621.57
                                     Profile=Xaml
                                     RuntimeFrameworkName=Microsoft.Windows.SDK.NET.Ref
                                     RuntimePackAlwaysCopyLocal=true
                                     RuntimePackNamePatterns=Microsoft.Windows.SDK.NET.Ref
                                     RuntimePackRuntimeIdentifiers=any
                                     TargetFramework=net10.0-windows10.0.22621.0
                                     TargetingPackName=Microsoft.Windows.SDK.NET.Ref
                                     TargetingPackVersion=10.0.22621.57
                             Microsoft.Windows.SDK.NET.Ref.CsWinRT3.Windows
                                     DefaultRuntimeFrameworkVersion=10.0.22621.57
                                     IsWindowsOnly=true
                                     LatestRuntimeFrameworkVersion=10.0.22621.57
                                     Profile=CsWinRT3.Windows
                                     RuntimeFrameworkName=Microsoft.Windows.SDK.NET.Ref
                                     RuntimePackAlwaysCopyLocal=true
                                     RuntimePackNamePatterns=Microsoft.Windows.SDK.NET.Ref
                                     RuntimePackRuntimeIdentifiers=any
                                     TargetFramework=net10.0-windows10.0.22621.0
                                     TargetingPackName=Microsoft.Windows.SDK.NET.Ref
                                     TargetingPackVersion=10.0.22621.57
                             Microsoft.Windows.SDK.NET.Ref.CsWinRT3.Xaml
                                     DefaultRuntimeFrameworkVersion=10.0.22621.57
                                     IsWindowsOnly=true
                                     LatestRuntimeFrameworkVersion=10.0.22621.57
                                     Profile=CsWinRT3.Xaml
                                     RuntimeFrameworkName=Microsoft.Windows.SDK.NET.Ref
                                     RuntimePackAlwaysCopyLocal=true
                                     RuntimePackNamePatterns=Microsoft.Windows.SDK.NET.Ref
                                     RuntimePackRuntimeIdentifiers=any
                                     TargetFramework=net10.0-windows10.0.22621.0
                                     TargetingPackName=Microsoft.Windows.SDK.NET.Ref
                                     TargetingPackVersion=10.0.22621.57
                             Microsoft.Windows.SDK.NET.Ref
                                     DefaultRuntimeFrameworkVersion=10.0.22000.57
                                     IsWindowsOnly=true
                                     LatestRuntimeFrameworkVersion=10.0.22000.57
                                     RuntimeFrameworkName=Microsoft.Windows.SDK.NET.Ref
                                     RuntimePackAlwaysCopyLocal=true
                                     RuntimePackNamePatterns=Microsoft.Windows.SDK.NET.Ref
                                     RuntimePackRuntimeIdentifiers=any
                                     TargetFramework=net10.0-windows10.0.22000.0
                                     TargetingPackName=Microsoft.Windows.SDK.NET.Ref
                                     TargetingPackVersion=10.0.22000.57
                             Microsoft.Windows.SDK.NET.Ref.Windows
                                     DefaultRuntimeFrameworkVersion=10.0.22000.57
                                     IsWindowsOnly=true
                                     LatestRuntimeFrameworkVersion=10.0.22000.57
                                     Profile=Windows
                                     RuntimeFrameworkName=Microsoft.Windows.SDK.NET.Ref
                                     RuntimePackAlwaysCopyLocal=true
                                     RuntimePackNamePatterns=Microsoft.Windows.SDK.NET.Ref
                                     RuntimePackRuntimeIdentifiers=any
                                     TargetFramework=net10.0-windows10.0.22000.0
                                     TargetingPackName=Microsoft.Windows.SDK.NET.Ref
                                     TargetingPackVersion=10.0.22000.57
                             Microsoft.Windows.SDK.NET.Ref.Xaml
                                     DefaultRuntimeFrameworkVersion=10.0.22000.57
                                     IsWindowsOnly=true
                                     LatestRuntimeFrameworkVersion=10.0.22000.57
                                     Profile=Xaml
                                     RuntimeFrameworkName=Microsoft.Windows.SDK.NET.Ref
                                     RuntimePackAlwaysCopyLocal=true
                                     RuntimePackNamePatterns=Microsoft.Windows.SDK.NET.Ref
                                     RuntimePackRuntimeIdentifiers=any
                                     TargetFramework=net10.0-windows10.0.22000.0
                                     TargetingPackName=Microsoft.Windows.SDK.NET.Ref
                                     TargetingPackVersion=10.0.22000.57
                             Microsoft.Windows.SDK.NET.Ref.CsWinRT3.Windows
                                     DefaultRuntimeFrameworkVersion=10.0.22000.57
                                     IsWindowsOnly=true
                                     LatestRuntimeFrameworkVersion=10.0.22000.57
                                     Profile=CsWinRT3.Windows
                                     RuntimeFrameworkName=Microsoft.Windows.SDK.NET.Ref
                                     RuntimePackAlwaysCopyLocal=true
                                     RuntimePackNamePatterns=Microsoft.Windows.SDK.NET.Ref
                                     RuntimePackRuntimeIdentifiers=any
                                     TargetFramework=net10.0-windows10.0.22000.0
                                     TargetingPackName=Microsoft.Windows.SDK.NET.Ref
                                     TargetingPackVersion=10.0.22000.57
                             Microsoft.Windows.SDK.NET.Ref.CsWinRT3.Xaml
                                     DefaultRuntimeFrameworkVersion=10.0.22000.57
                                     IsWindowsOnly=true
                                     LatestRuntimeFrameworkVersion=10.0.22000.57
                                     Profile=CsWinRT3.Xaml
                                     RuntimeFrameworkName=Microsoft.Windows.SDK.NET.Ref
                                     RuntimePackAlwaysCopyLocal=true
                                     RuntimePackNamePatterns=Microsoft.Windows.SDK.NET.Ref
                                     RuntimePackRuntimeIdentifiers=any
                                     TargetFramework=net10.0-windows10.0.22000.0
                                     TargetingPackName=Microsoft.Windows.SDK.NET.Ref
                                     TargetingPackVersion=10.0.22000.57
                             Microsoft.Windows.SDK.NET.Ref
                                     DefaultRuntimeFrameworkVersion=10.0.20348.57
                                     IsWindowsOnly=true
                                     LatestRuntimeFrameworkVersion=10.0.20348.57
                                     RuntimeFrameworkName=Microsoft.Windows.SDK.NET.Ref
                                     RuntimePackAlwaysCopyLocal=true
                                     RuntimePackNamePatterns=Microsoft.Windows.SDK.NET.Ref
                                     RuntimePackRuntimeIdentifiers=any
                                     TargetFramework=net10.0-windows10.0.20348.0
                                     TargetingPackName=Microsoft.Windows.SDK.NET.Ref
                                     TargetingPackVersion=10.0.20348.57
                             Microsoft.Windows.SDK.NET.Ref.Windows
                                     DefaultRuntimeFrameworkVersion=10.0.20348.57
                                     IsWindowsOnly=true
                                     LatestRuntimeFrameworkVersion=10.0.20348.57
                                     Profile=Windows
                                     RuntimeFrameworkName=Microsoft.Windows.SDK.NET.Ref
                                     RuntimePackAlwaysCopyLocal=true
                                     RuntimePackNamePatterns=Microsoft.Windows.SDK.NET.Ref
                                     RuntimePackRuntimeIdentifiers=any
                                     TargetFramework=net10.0-windows10.0.20348.0
                                     TargetingPackName=Microsoft.Windows.SDK.NET.Ref
                                     TargetingPackVersion=10.0.20348.57
                             Microsoft.Windows.SDK.NET.Ref.Xaml
                                     DefaultRuntimeFrameworkVersion=10.0.20348.57
                                     IsWindowsOnly=true
                                     LatestRuntimeFrameworkVersion=10.0.20348.57
                                     Profile=Xaml
                                     RuntimeFrameworkName=Microsoft.Windows.SDK.NET.Ref
                                     RuntimePackAlwaysCopyLocal=true
                                     RuntimePackNamePatterns=Microsoft.Windows.SDK.NET.Ref
                                     RuntimePackRuntimeIdentifiers=any
                                     TargetFramework=net10.0-windows10.0.20348.0
                                     TargetingPackName=Microsoft.Windows.SDK.NET.Ref
                                     TargetingPackVersion=10.0.20348.57
                             Microsoft.Windows.SDK.NET.Ref.CsWinRT3.Windows
                                     DefaultRuntimeFrameworkVersion=10.0.20348.57
                                     IsWindowsOnly=true
                                     LatestRuntimeFrameworkVersion=10.0.20348.57
                                     Profile=CsWinRT3.Windows
                                     RuntimeFrameworkName=Microsoft.Windows.SDK.NET.Ref
                                     RuntimePackAlwaysCopyLocal=true
                                     RuntimePackNamePatterns=Microsoft.Windows.SDK.NET.Ref
                                     RuntimePackRuntimeIdentifiers=any
                                     TargetFramework=net10.0-windows10.0.20348.0
                                     TargetingPackName=Microsoft.Windows.SDK.NET.Ref
                                     TargetingPackVersion=10.0.20348.57
                             Microsoft.Windows.SDK.NET.Ref.CsWinRT3.Xaml
                                     DefaultRuntimeFrameworkVersion=10.0.20348.57
                                     IsWindowsOnly=true
                                     LatestRuntimeFrameworkVersion=10.0.20348.57
                                     Profile=CsWinRT3.Xaml
                                     RuntimeFrameworkName=Microsoft.Windows.SDK.NET.Ref
                                     RuntimePackAlwaysCopyLocal=true
                                     RuntimePackNamePatterns=Microsoft.Windows.SDK.NET.Ref
                                     RuntimePackRuntimeIdentifiers=any
                                     TargetFramework=net10.0-windows10.0.20348.0
                                     TargetingPackName=Microsoft.Windows.SDK.NET.Ref
                                     TargetingPackVersion=10.0.20348.57
                             Microsoft.Windows.SDK.NET.Ref
                                     DefaultRuntimeFrameworkVersion=10.0.19041.57
                                     IsWindowsOnly=true
                                     LatestRuntimeFrameworkVersion=10.0.19041.57
                                     RuntimeFrameworkName=Microsoft.Windows.SDK.NET.Ref
                                     RuntimePackAlwaysCopyLocal=true
                                     RuntimePackNamePatterns=Microsoft.Windows.SDK.NET.Ref
                                     RuntimePackRuntimeIdentifiers=any
                                     TargetFramework=net10.0-windows10.0.19041.0
                                     TargetingPackName=Microsoft.Windows.SDK.NET.Ref
                                     TargetingPackVersion=10.0.19041.57
                             Microsoft.Windows.SDK.NET.Ref.Windows
                                     DefaultRuntimeFrameworkVersion=10.0.19041.57
                                     IsWindowsOnly=true
                                     LatestRuntimeFrameworkVersion=10.0.19041.57
                                     Profile=Windows
                                     RuntimeFrameworkName=Microsoft.Windows.SDK.NET.Ref
                                     RuntimePackAlwaysCopyLocal=true
                                     RuntimePackNamePatterns=Microsoft.Windows.SDK.NET.Ref
                                     RuntimePackRuntimeIdentifiers=any
                                     TargetFramework=net10.0-windows10.0.19041.0
                                     TargetingPackName=Microsoft.Windows.SDK.NET.Ref
                                     TargetingPackVersion=10.0.19041.57
                             Microsoft.Windows.SDK.NET.Ref.Xaml
                                     DefaultRuntimeFrameworkVersion=10.0.19041.57
                                     IsWindowsOnly=true
                                     LatestRuntimeFrameworkVersion=10.0.19041.57
                                     Profile=Xaml
                                     RuntimeFrameworkName=Microsoft.Windows.SDK.NET.Ref
                                     RuntimePackAlwaysCopyLocal=true
                                     RuntimePackNamePatterns=Microsoft.Windows.SDK.NET.Ref
                                     RuntimePackRuntimeIdentifiers=any
                                     TargetFramework=net10.0-windows10.0.19041.0
                                     TargetingPackName=Microsoft.Windows.SDK.NET.Ref
                                     TargetingPackVersion=10.0.19041.57
                             Microsoft.Windows.SDK.NET.Ref.CsWinRT3.Windows
                                     DefaultRuntimeFrameworkVersion=10.0.19041.57
                                     IsWindowsOnly=true
                                     LatestRuntimeFrameworkVersion=10.0.19041.57
                                     Profile=CsWinRT3.Windows
                                     RuntimeFrameworkName=Microsoft.Windows.SDK.NET.Ref
                                     RuntimePackAlwaysCopyLocal=true
                                     RuntimePackNamePatterns=Microsoft.Windows.SDK.NET.Ref
                                     RuntimePackRuntimeIdentifiers=any
                                     TargetFramework=net10.0-windows10.0.19041.0
                                     TargetingPackName=Microsoft.Windows.SDK.NET.Ref
                                     TargetingPackVersion=10.0.19041.57
                             Microsoft.Windows.SDK.NET.Ref.CsWinRT3.Xaml
                                     DefaultRuntimeFrameworkVersion=10.0.19041.57
                                     IsWindowsOnly=true
                                     LatestRuntimeFrameworkVersion=10.0.19041.57
                                     Profile=CsWinRT3.Xaml
                                     RuntimeFrameworkName=Microsoft.Windows.SDK.NET.Ref
                                     RuntimePackAlwaysCopyLocal=true
                                     RuntimePackNamePatterns=Microsoft.Windows.SDK.NET.Ref
                                     RuntimePackRuntimeIdentifiers=any
                                     TargetFramework=net10.0-windows10.0.19041.0
                                     TargetingPackName=Microsoft.Windows.SDK.NET.Ref
                                     TargetingPackVersion=10.0.19041.57
                             Microsoft.Windows.SDK.NET.Ref
                                     DefaultRuntimeFrameworkVersion=10.0.18362.57
                                     IsWindowsOnly=true
                                     LatestRuntimeFrameworkVersion=10.0.18362.57
                                     RuntimeFrameworkName=Microsoft.Windows.SDK.NET.Ref
                                     RuntimePackAlwaysCopyLocal=true
                                     RuntimePackNamePatterns=Microsoft.Windows.SDK.NET.Ref
                                     RuntimePackRuntimeIdentifiers=any
                                     TargetFramework=net10.0-windows10.0.18362.0
                                     TargetingPackName=Microsoft.Windows.SDK.NET.Ref
                                     TargetingPackVersion=10.0.18362.57
                             Microsoft.Windows.SDK.NET.Ref.Windows
                                     DefaultRuntimeFrameworkVersion=10.0.18362.57
                                     IsWindowsOnly=true
                                     LatestRuntimeFrameworkVersion=10.0.18362.57
                                     Profile=Windows
                                     RuntimeFrameworkName=Microsoft.Windows.SDK.NET.Ref
                                     RuntimePackAlwaysCopyLocal=true
                                     RuntimePackNamePatterns=Microsoft.Windows.SDK.NET.Ref
                                     RuntimePackRuntimeIdentifiers=any
                                     TargetFramework=net10.0-windows10.0.18362.0
                                     TargetingPackName=Microsoft.Windows.SDK.NET.Ref
                                     TargetingPackVersion=10.0.18362.57
                             Microsoft.Windows.SDK.NET.Ref.Xaml
                                     DefaultRuntimeFrameworkVersion=10.0.18362.57
                                     IsWindowsOnly=true
                                     LatestRuntimeFrameworkVersion=10.0.18362.57
                                     Profile=Xaml
                                     RuntimeFrameworkName=Microsoft.Windows.SDK.NET.Ref
                                     RuntimePackAlwaysCopyLocal=true
                                     RuntimePackNamePatterns=Microsoft.Windows.SDK.NET.Ref
                                     RuntimePackRuntimeIdentifiers=any
                                     TargetFramework=net10.0-windows10.0.18362.0
                                     TargetingPackName=Microsoft.Windows.SDK.NET.Ref
                                     TargetingPackVersion=10.0.18362.57
                             Microsoft.Windows.SDK.NET.Ref.CsWinRT3.Windows
                                     DefaultRuntimeFrameworkVersion=10.0.18362.57
                                     IsWindowsOnly=true
                                     LatestRuntimeFrameworkVersion=10.0.18362.57
                                     Profile=CsWinRT3.Windows
                                     RuntimeFrameworkName=Microsoft.Windows.SDK.NET.Ref
                                     RuntimePackAlwaysCopyLocal=true
                                     RuntimePackNamePatterns=Microsoft.Windows.SDK.NET.Ref
                                     RuntimePackRuntimeIdentifiers=any
                                     TargetFramework=net10.0-windows10.0.18362.0
                                     TargetingPackName=Microsoft.Windows.SDK.NET.Ref
                                     TargetingPackVersion=10.0.18362.57
                             Microsoft.Windows.SDK.NET.Ref.CsWinRT3.Xaml
                                     DefaultRuntimeFrameworkVersion=10.0.18362.57
                                     IsWindowsOnly=true
                                     LatestRuntimeFrameworkVersion=10.0.18362.57
                                     Profile=CsWinRT3.Xaml
                                     RuntimeFrameworkName=Microsoft.Windows.SDK.NET.Ref
                                     RuntimePackAlwaysCopyLocal=true
                                     RuntimePackNamePatterns=Microsoft.Windows.SDK.NET.Ref
                                     RuntimePackRuntimeIdentifiers=any
                                     TargetFramework=net10.0-windows10.0.18362.0
                                     TargetingPackName=Microsoft.Windows.SDK.NET.Ref
                                     TargetingPackVersion=10.0.18362.57
                             Microsoft.Windows.SDK.NET.Ref
                                     DefaultRuntimeFrameworkVersion=10.0.17763.57
                                     IsWindowsOnly=true
                                     LatestRuntimeFrameworkVersion=10.0.17763.57
                                     RuntimeFrameworkName=Microsoft.Windows.SDK.NET.Ref
                                     RuntimePackAlwaysCopyLocal=true
                                     RuntimePackNamePatterns=Microsoft.Windows.SDK.NET.Ref
                                     RuntimePackRuntimeIdentifiers=any
                                     TargetFramework=net10.0-windows10.0.17763.0
                                     TargetingPackName=Microsoft.Windows.SDK.NET.Ref
                                     TargetingPackVersion=10.0.17763.57
                             Microsoft.Windows.SDK.NET.Ref.Windows
                                     DefaultRuntimeFrameworkVersion=10.0.17763.57
                                     IsWindowsOnly=true
                                     LatestRuntimeFrameworkVersion=10.0.17763.57
                                     Profile=Windows
                                     RuntimeFrameworkName=Microsoft.Windows.SDK.NET.Ref
                                     RuntimePackAlwaysCopyLocal=true
                                     RuntimePackNamePatterns=Microsoft.Windows.SDK.NET.Ref
                                     RuntimePackRuntimeIdentifiers=any
                                     TargetFramework=net10.0-windows10.0.17763.0
                                     TargetingPackName=Microsoft.Windows.SDK.NET.Ref
                                     TargetingPackVersion=10.0.17763.57
                             Microsoft.Windows.SDK.NET.Ref.Xaml
                                     DefaultRuntimeFrameworkVersion=10.0.17763.57
                                     IsWindowsOnly=true
                                     LatestRuntimeFrameworkVersion=10.0.17763.57
                                     Profile=Xaml
                                     RuntimeFrameworkName=Microsoft.Windows.SDK.NET.Ref
                                     RuntimePackAlwaysCopyLocal=true
                                     RuntimePackNamePatterns=Microsoft.Windows.SDK.NET.Ref
                                     RuntimePackRuntimeIdentifiers=any
                                     TargetFramework=net10.0-windows10.0.17763.0
                                     TargetingPackName=Microsoft.Windows.SDK.NET.Ref
                                     TargetingPackVersion=10.0.17763.57
                             Microsoft.Windows.SDK.NET.Ref.CsWinRT3.Windows
                                     DefaultRuntimeFrameworkVersion=10.0.17763.57
                                     IsWindowsOnly=true
                                     LatestRuntimeFrameworkVersion=10.0.17763.57
                                     Profile=CsWinRT3.Windows
                                     RuntimeFrameworkName=Microsoft.Windows.SDK.NET.Ref
                                     RuntimePackAlwaysCopyLocal=true
                                     RuntimePackNamePatterns=Microsoft.Windows.SDK.NET.Ref
                                     RuntimePackRuntimeIdentifiers=any
                                     TargetFramework=net10.0-windows10.0.17763.0
                                     TargetingPackName=Microsoft.Windows.SDK.NET.Ref
                                     TargetingPackVersion=10.0.17763.57
                             Microsoft.Windows.SDK.NET.Ref.CsWinRT3.Xaml
                                     DefaultRuntimeFrameworkVersion=10.0.17763.57
                                     IsWindowsOnly=true
                                     LatestRuntimeFrameworkVersion=10.0.17763.57
                                     Profile=CsWinRT3.Xaml
                                     RuntimeFrameworkName=Microsoft.Windows.SDK.NET.Ref
                                     RuntimePackAlwaysCopyLocal=true
                                     RuntimePackNamePatterns=Microsoft.Windows.SDK.NET.Ref
                                     RuntimePackRuntimeIdentifiers=any
                                     TargetFramework=net10.0-windows10.0.17763.0
                                     TargetingPackName=Microsoft.Windows.SDK.NET.Ref
                                     TargetingPackVersion=10.0.17763.57 (任务 ID: 9)
                     任务参数:MinNonEolTargetFrameworkForSingleFile=net8.0 (任务 ID: 9)
                     任务参数:TargetFrameworkVersion=10.0 (任务 ID: 9)
                     任务参数:
                         KnownILCompilerPacks=
                             Microsoft.DotNet.ILCompiler
                                     ILCompilerPackNamePattern=runtime.**RID**.Microsoft.DotNet.ILCompiler
                                     ILCompilerPackVersion=10.0.5
                                     ILCompilerPortableRuntimeIdentifiers=linux-arm64;linux-musl-arm64;linux-musl-x64;linux-x64;win-arm64;win-x64;osx-x64;osx-arm64;freebsd-x64;freebsd-arm64;linux-arm;linux-musl-arm;linux-loongarch64;linux-musl-loongarch64;win-x86;linux-riscv64;linux-musl-riscv64
                                     ILCompilerRuntimeIdentifiers=linux-arm64;linux-musl-arm64;linux-musl-x64;linux-x64;win-arm64;win-x64;osx-x64;osx-arm64;freebsd-x64;freebsd-arm64;linux-arm;linux-musl-arm;linux-loongarch64;linux-musl-loongarch64;win-x86;linux-riscv64;linux-musl-riscv64
                                     ILCompilerRuntimePackNamePattern=Microsoft.NETCore.App.Runtime.NativeAOT.**RID**
                                     TargetFramework=net10.0
                             Microsoft.DotNet.ILCompiler
                                     ILCompilerPackNamePattern=runtime.**RID**.Microsoft.DotNet.ILCompiler
                                     ILCompilerPackVersion=9.0.14
                                     ILCompilerRuntimeIdentifiers=linux-arm64;linux-musl-arm64;linux-musl-x64;linux-x64;win-arm64;win-x64;osx-x64;osx-arm64;freebsd-x64;freebsd-arm64;linux-arm;linux-musl-arm;linux-loongarch64;linux-musl-loongarch64;win-x86
                                     TargetFramework=net9.0
                             Microsoft.DotNet.ILCompiler
                                     ILCompilerPackNamePattern=runtime.**RID**.Microsoft.DotNet.ILCompiler
                                     ILCompilerPackVersion=8.0.25
                                     ILCompilerRuntimeIdentifiers=linux-arm64;linux-musl-arm64;linux-musl-x64;linux-x64;win-arm64;win-x64;osx-x64;osx-arm64;freebsd-x64;freebsd-arm64
                                     TargetFramework=net8.0
                             Microsoft.DotNet.ILCompiler
                                     ILCompilerPackNamePattern=runtime.**RID**.Microsoft.DotNet.ILCompiler
                                     ILCompilerPackVersion=7.0.20
                                     ILCompilerRuntimeIdentifiers=linux-arm64;linux-musl-arm64;linux-musl-x64;linux-x64;win-arm64;win-x64
                                     TargetFramework=net7.0 (任务 ID: 9)
                     任务参数:NETCoreSdkRuntimeIdentifier=win-x64 (任务 ID: 9)
                     任务参数:SelfContained=False (任务 ID: 9)
                     任务参数:FirstTargetFrameworkVersionToSupportAotAnalyzer=7.0 (任务 ID: 9)
                     任务参数:TargetLatestRuntimePatchIsDefault=True (任务 ID: 9)
                     Found 2 known framework references for target framework .NETCoreApp (任务 ID: 9)
                     Found 5 known runtime packs for target framework .NETCoreApp (任务 ID: 9)
                     Selected Microsoft.NETCore.App with RIDs 'linux-arm;linux-arm64;linux-musl-arm64;linux-musl-x64;linux-x64;osx-x64;tizen.4.0.0-armel;tizen.5.0.0-armel;win-arm64;win-x64;win-x86;linux-musl-arm;osx-arm64;linux-s390x;linux-loongarch64;linux-bionic-arm;linux-bionic-arm64;linux-bionic-x64;linux-bionic-x86;linux-ppc64le;freebsd-x64;freebsd-arm64;linux-riscv64;linux-musl-riscv64;linux-musl-loongarch64;android-arm64;android-x64' (任务 ID: 9)
                     Selected targeting pack 'Microsoft.NETCore.App@10.0.5' (任务 ID: 9)
                     Added runtime framework 'Microsoft.NETCore.App@10.0.0' (任务 ID: 9)
                     Selected Microsoft.WindowsDesktop.App with RIDs 'win-x64;win-x86;win-arm64' (任务 ID: 9)
                     Selected targeting pack 'Microsoft.WindowsDesktop.App@10.0.5' (任务 ID: 9)
                     Added runtime framework 'Microsoft.WindowsDesktop.App@10.0.0' (任务 ID: 9)
                     Selected Microsoft.WindowsDesktop.App with RIDs 'win-x64;win-x86;win-arm64' (任务 ID: 9)
                     Selected targeting pack 'Microsoft.WindowsDesktop.App.WPF@10.0.5' (任务 ID: 9)
                     Added runtime framework 'Microsoft.WindowsDesktop.App@10.0.0' (任务 ID: 9)
                     Selected Microsoft.WindowsDesktop.App with RIDs 'win-x64;win-x86;win-arm64' (任务 ID: 9)
                     Selected targeting pack 'Microsoft.WindowsDesktop.App.WindowsForms@10.0.5' (任务 ID: 9)
                     Added runtime framework 'Microsoft.WindowsDesktop.App@10.0.0' (任务 ID: 9)
                     Selected Microsoft.AspNetCore.App with RIDs 'win-x64;win-x86;osx-x64;linux-musl-x64;linux-musl-arm64;linux-x64;linux-arm;linux-arm64;linux-musl-arm;win-arm64;osx-arm64;linux-s390x;linux-loongarch64;linux-ppc64le;freebsd-x64;freebsd-arm64;linux-riscv64;linux-musl-riscv64;linux-loongarch64;linux-musl-loongarch64' (任务 ID: 9)
                     Selected targeting pack 'Microsoft.AspNetCore.App@10.0.5' (任务 ID: 9)
                     Added runtime framework 'Microsoft.AspNetCore.App@10.0.0' (任务 ID: 9)
                     输出项: 
                         RuntimeFramework=
                             Microsoft.NETCore.App
                                     FrameworkName=Microsoft.NETCore.App
                                     Profile=
                                     Version=10.0.0
                             Microsoft.WindowsDesktop.App
                                     FrameworkName=Microsoft.WindowsDesktop.App
                                     Profile=
                                     Version=10.0.0
                             Microsoft.WindowsDesktop.App
                                     FrameworkName=Microsoft.WindowsDesktop.App.WPF
                                     Profile=WPF
                                     Version=10.0.0
                             Microsoft.WindowsDesktop.App
                                     FrameworkName=Microsoft.WindowsDesktop.App.WindowsForms
                                     Profile=WindowsForms
                                     Version=10.0.0
                             Microsoft.AspNetCore.App
                                     FrameworkName=Microsoft.AspNetCore.App
                                     Profile=
                                     Version=10.0.0 (任务 ID: 9)
                     输出项: 
                         TargetingPack=
                             Microsoft.NETCore.App
                                     NuGetPackageId=Microsoft.NETCore.App.Ref
                                     NuGetPackageVersion=10.0.5
                                     PackageConflictPreferredPackages=Microsoft.NETCore.App.Ref;Microsoft.NETCore.App.Runtime.linux-arm;Microsoft.NETCore.App.Runtime.linux-arm64;Microsoft.NETCore.App.Runtime.linux-musl-arm64;Microsoft.NETCore.App.Runtime.linux-musl-x64;Microsoft.NETCore.App.Runtime.linux-x64;Microsoft.NETCore.App.Runtime.osx-x64;Microsoft.NETCore.App.Runtime.tizen.4.0.0-armel;Microsoft.NETCore.App.Runtime.tizen.5.0.0-armel;Microsoft.NETCore.App.Runtime.win-arm64;Microsoft.NETCore.App.Runtime.win-x64;Microsoft.NETCore.App.Runtime.win-x86;Microsoft.NETCore.App.Runtime.linux-musl-arm;Microsoft.NETCore.App.Runtime.osx-arm64;Microsoft.NETCore.App.Runtime.linux-s390x;Microsoft.NETCore.App.Runtime.linux-loongarch64;Microsoft.NETCore.App.Runtime.linux-bionic-arm;Microsoft.NETCore.App.Runtime.linux-bionic-arm64;Microsoft.NETCore.App.Runtime.linux-bionic-x64;Microsoft.NETCore.App.Runtime.linux-bionic-x86;Microsoft.NETCore.App.Runtime.linux-ppc64le;Microsoft.NETCore.App.Runtime.freebsd-x64;Microsoft.NETCore.App.Runtime.freebsd-arm64;Microsoft.NETCore.App.Runtime.linux-riscv64;Microsoft.NETCore.App.Runtime.linux-musl-riscv64;Microsoft.NETCore.App.Runtime.linux-musl-loongarch64;Microsoft.NETCore.App.Runtime.android-arm64;Microsoft.NETCore.App.Runtime.android-x64
                                     PackageDirectory=C:\Program Files\dotnet\packs\Microsoft.NETCore.App.Ref\10.0.5
                                     Path=C:\Program Files\dotnet\packs\Microsoft.NETCore.App.Ref\10.0.5
                                     RuntimeFrameworkName=Microsoft.NETCore.App
                                     RuntimePackRuntimeIdentifiers=linux-arm;linux-arm64;linux-musl-arm64;linux-musl-x64;linux-x64;osx-x64;tizen.4.0.0-armel;tizen.5.0.0-armel;win-arm64;win-x64;win-x86;linux-musl-arm;osx-arm64;linux-s390x;linux-loongarch64;linux-bionic-arm;linux-bionic-arm64;linux-bionic-x64;linux-bionic-x86;linux-ppc64le;freebsd-x64;freebsd-arm64;linux-riscv64;linux-musl-riscv64;linux-musl-loongarch64;android-arm64;android-x64
                                     TargetFramework=net10.0
                                     TargetingPackFormat=
                             Microsoft.WindowsDesktop.App
                                     NuGetPackageId=Microsoft.WindowsDesktop.App.Ref
                                     NuGetPackageVersion=10.0.5
                                     PackageConflictPreferredPackages=Microsoft.WindowsDesktop.App.Ref;Microsoft.WindowsDesktop.App.Runtime.win-x64;Microsoft.WindowsDesktop.App.Runtime.win-x86;Microsoft.WindowsDesktop.App.Runtime.win-arm64
                                     PackageDirectory=C:\Program Files\dotnet\packs\Microsoft.WindowsDesktop.App.Ref\10.0.5
                                     Path=C:\Program Files\dotnet\packs\Microsoft.WindowsDesktop.App.Ref\10.0.5
                                     RuntimeFrameworkName=Microsoft.WindowsDesktop.App
                                     RuntimePackRuntimeIdentifiers=win-x64;win-x86;win-arm64
                                     TargetFramework=net10.0
                                     TargetingPackFormat=
                             Microsoft.WindowsDesktop.App.WPF
                                     NuGetPackageId=Microsoft.WindowsDesktop.App.Ref
                                     NuGetPackageVersion=10.0.5
                                     PackageConflictPreferredPackages=Microsoft.WindowsDesktop.App.Ref;Microsoft.WindowsDesktop.App.Runtime.win-x64;Microsoft.WindowsDesktop.App.Runtime.win-x86;Microsoft.WindowsDesktop.App.Runtime.win-arm64
                                     PackageDirectory=C:\Program Files\dotnet\packs\Microsoft.WindowsDesktop.App.Ref\10.0.5
                                     Path=C:\Program Files\dotnet\packs\Microsoft.WindowsDesktop.App.Ref\10.0.5
                                     Profile=WPF
                                     RuntimeFrameworkName=Microsoft.WindowsDesktop.App
                                     RuntimePackRuntimeIdentifiers=win-x64;win-x86;win-arm64
                                     TargetFramework=net10.0
                                     TargetingPackFormat=
                             Microsoft.WindowsDesktop.App.WindowsForms
                                     NuGetPackageId=Microsoft.WindowsDesktop.App.Ref
                                     NuGetPackageVersion=10.0.5
                                     PackageConflictPreferredPackages=Microsoft.WindowsDesktop.App.Ref;Microsoft.WindowsDesktop.App.Runtime.win-x64;Microsoft.WindowsDesktop.App.Runtime.win-x86;Microsoft.WindowsDesktop.App.Runtime.win-arm64
                                     PackageDirectory=C:\Program Files\dotnet\packs\Microsoft.WindowsDesktop.App.Ref\10.0.5
                                     Path=C:\Program Files\dotnet\packs\Microsoft.WindowsDesktop.App.Ref\10.0.5
                                     Profile=WindowsForms
                                     RuntimeFrameworkName=Microsoft.WindowsDesktop.App
                                     RuntimePackRuntimeIdentifiers=win-x64;win-x86;win-arm64
                                     TargetFramework=net10.0
                                     TargetingPackFormat=
                             Microsoft.AspNetCore.App
                                     NuGetPackageId=Microsoft.AspNetCore.App.Ref
                                     NuGetPackageVersion=10.0.5
                                     PackageConflictPreferredPackages=Microsoft.AspNetCore.App.Ref;Microsoft.AspNetCore.App.Runtime.win-x64;Microsoft.AspNetCore.App.Runtime.win-x86;Microsoft.AspNetCore.App.Runtime.osx-x64;Microsoft.AspNetCore.App.Runtime.linux-musl-x64;Microsoft.AspNetCore.App.Runtime.linux-musl-arm64;Microsoft.AspNetCore.App.Runtime.linux-x64;Microsoft.AspNetCore.App.Runtime.linux-arm;Microsoft.AspNetCore.App.Runtime.linux-arm64;Microsoft.AspNetCore.App.Runtime.linux-musl-arm;Microsoft.AspNetCore.App.Runtime.win-arm64;Microsoft.AspNetCore.App.Runtime.osx-arm64;Microsoft.AspNetCore.App.Runtime.linux-s390x;Microsoft.AspNetCore.App.Runtime.linux-loongarch64;Microsoft.AspNetCore.App.Runtime.linux-ppc64le;Microsoft.AspNetCore.App.Runtime.freebsd-x64;Microsoft.AspNetCore.App.Runtime.freebsd-arm64;Microsoft.AspNetCore.App.Runtime.linux-riscv64;Microsoft.AspNetCore.App.Runtime.linux-musl-riscv64;Microsoft.AspNetCore.App.Runtime.linux-musl-loongarch64
                                     PackageDirectory=C:\Program Files\dotnet\packs\Microsoft.AspNetCore.App.Ref\10.0.5
                                     Path=C:\Program Files\dotnet\packs\Microsoft.AspNetCore.App.Ref\10.0.5
                                     RuntimeFrameworkName=Microsoft.AspNetCore.App
                                     RuntimePackRuntimeIdentifiers=win-x64;win-x86;osx-x64;linux-musl-x64;linux-musl-arm64;linux-x64;linux-arm;linux-arm64;linux-musl-arm;win-arm64;osx-arm64;linux-s390x;linux-loongarch64;linux-ppc64le;freebsd-x64;freebsd-arm64;linux-riscv64;linux-musl-riscv64;linux-loongarch64;linux-musl-loongarch64
                                     TargetFramework=net10.0
                                     TargetingPackFormat= (任务 ID: 9)
                     输出项: 
                         _KnownRuntimeIdentifierPlatformsForTargetFramework=
                             linux
                             linux-musl
                             osx
                             tizen.4.0.0
                             tizen.5.0.0
                             win
                             linux-bionic
                             freebsd
                             android
                             ios
                             iossimulator
                             tvos
                             tvossimulator
                             maccatalyst
                             browser
                             wasi (任务 ID: 9)
                   已完成执行任务“ProcessFrameworkReferences”的操作。 (任务 ID: 9)
                   设置属性: AppHostRuntimeIdentifier=
                   设置属性: AppHostRuntimeIdentifier=win-x64
                   正在使用程序集“C:\Program Files\dotnet\sdk\10.0.201\Sdks\Microsoft.NET.Sdk\targets\..\tools\net10.0\Microsoft.NET.Build.Tasks.dll”中的“ResolveAppHosts”任务。
                   任务“ResolveAppHosts” (任务 ID: 10)
                     任务参数:
                         KnownAppHostPacks=
                             Microsoft.NETCore.App
                                     AppHostPackNamePattern=Microsoft.NETCore.App.Host.**RID**
                                     AppHostPackVersion=10.0.5
                                     AppHostRuntimeIdentifiers=linux-arm;linux-arm64;linux-musl-arm64;linux-musl-x64;linux-x64;osx-x64;tizen.4.0.0-armel;tizen.5.0.0-armel;win-arm64;win-x64;win-x86;linux-musl-arm;osx-arm64;linux-s390x;linux-loongarch64;linux-bionic-arm;linux-bionic-arm64;linux-bionic-x64;linux-bionic-x86;linux-ppc64le;freebsd-x64;freebsd-arm64;linux-riscv64;linux-musl-riscv64;linux-musl-loongarch64
                                     ExcludedRuntimeIdentifiers=android
                                     TargetFramework=net10.0
                             Microsoft.NETCore.App
                                     AppHostPackNamePattern=Microsoft.NETCore.App.Host.**RID**
                                     AppHostPackVersion=9.0.14
                                     AppHostRuntimeIdentifiers=linux-arm;linux-arm64;linux-musl-arm64;linux-musl-x64;linux-x64;osx-x64;tizen.4.0.0-armel;tizen.5.0.0-armel;win-arm64;win-x64;win-x86;linux-musl-arm;osx-arm64;linux-s390x;linux-loongarch64;linux-bionic-arm;linux-bionic-arm64;linux-bionic-x64;linux-bionic-x86;linux-ppc64le;freebsd-x64;freebsd-arm64;linux-riscv64;linux-musl-riscv64;linux-musl-loongarch64
                                     ExcludedRuntimeIdentifiers=android
                                     TargetFramework=net9.0
                             Microsoft.NETCore.App
                                     AppHostPackNamePattern=Microsoft.NETCore.App.Host.**RID**
                                     AppHostPackVersion=8.0.25
                                     AppHostRuntimeIdentifiers=linux-arm;linux-arm64;linux-musl-arm64;linux-musl-x64;linux-x64;osx-x64;tizen.4.0.0-armel;tizen.5.0.0-armel;win-arm64;win-x64;win-x86;linux-musl-arm;osx-arm64;linux-s390x;linux-loongarch64;linux-bionic-arm;linux-bionic-arm64;linux-bionic-x64;linux-bionic-x86;linux-ppc64le;freebsd-x64;freebsd-arm64
                                     ExcludedRuntimeIdentifiers=android
                                     TargetFramework=net8.0
                             Microsoft.NETCore.App
                                     AppHostPackNamePattern=Microsoft.NETCore.App.Host.**RID**
                                     AppHostPackVersion=7.0.20
                                     AppHostRuntimeIdentifiers=linux-arm;linux-arm64;linux-musl-arm64;linux-musl-x64;linux-x64;osx-x64;tizen.4.0.0-armel;tizen.5.0.0-armel;win-arm;win-arm64;win-x64;win-x86;linux-musl-arm;osx-arm64;linux-s390x;linux-loongarch64;linux-bionic-arm;linux-bionic-arm64;linux-bionic-x64;linux-bionic-x86;linux-ppc64le
                                     ExcludedRuntimeIdentifiers=android
                                     TargetFramework=net7.0
                             Microsoft.NETCore.App
                                     AppHostPackNamePattern=Microsoft.NETCore.App.Host.**RID**
                                     AppHostPackVersion=6.0.36
                                     AppHostRuntimeIdentifiers=linux-arm;linux-arm64;linux-musl-arm64;linux-musl-x64;linux-x64;osx-x64;tizen.4.0.0-armel;tizen.5.0.0-armel;win-arm;win-arm64;win-x64;win-x86;linux-musl-arm;osx-arm64;linux-s390x;linux-loongarch64
                                     ExcludedRuntimeIdentifiers=android
                                     TargetFramework=net6.0
                             Microsoft.NETCore.App
                                     AppHostPackNamePattern=Microsoft.NETCore.App.Host.**RID**
                                     AppHostPackVersion=5.0.17
                                     AppHostRuntimeIdentifiers=linux-arm;linux-arm64;linux-musl-arm64;linux-musl-x64;linux-x64;osx-x64;tizen.4.0.0-armel;tizen.5.0.0-armel;win-arm;win-arm64;win-x64;win-x86;linux-musl-arm
                                     TargetFramework=net5.0
                             Microsoft.NETCore.App
                                     AppHostPackNamePattern=Microsoft.NETCore.App.Host.**RID**
                                     AppHostPackVersion=3.1.32
                                     AppHostRuntimeIdentifiers=linux-arm;linux-arm64;linux-musl-arm64;linux-musl-x64;linux-x64;osx-x64;tizen.4.0.0-armel;tizen.5.0.0-armel;win-arm;win-arm64;win-x64;win-x86
                                     TargetFramework=netcoreapp3.1
                             Microsoft.NETCore.App
                                     AppHostPackNamePattern=Microsoft.NETCore.App.Host.**RID**
                                     AppHostPackVersion=3.0.3
                                     AppHostRuntimeIdentifiers=linux-arm;linux-arm64;linux-musl-arm64;linux-musl-x64;linux-x64;osx-x64;tizen.4.0.0-armel;tizen.5.0.0-armel;win-arm;win-arm64;win-x64;win-x86
                                     TargetFramework=netcoreapp3.0 (任务 ID: 10)
                     任务参数:DotNetIjwHostLibraryNameWithoutExtension=Ijwhost (任务 ID: 10)
                     任务参数:TargetingPackRoot=C:\Program Files\dotnet\packs (任务 ID: 10)
                     任务参数:NetCoreTargetingPackRoot=C:\Program Files\dotnet\packs (任务 ID: 10)
                     任务参数:TargetFrameworkIdentifier=.NETCoreApp (任务 ID: 10)
                     任务参数:RuntimeGraphPath=C:\Program Files\dotnet\sdk\10.0.201/PortableRuntimeIdentifierGraph.json (任务 ID: 10)
                     任务参数:AppHostRuntimeIdentifier=win-x64 (任务 ID: 10)
                     任务参数:DotNetComHostLibraryNameWithoutExtension=comhost (任务 ID: 10)
                     任务参数:DotNetAppHostExecutableNameWithoutExtension=apphost (任务 ID: 10)
                     任务参数:TargetFrameworkVersion=10.0 (任务 ID: 10)
                     任务参数:DotNetSingleFileHostExecutableNameWithoutExtension=singlefilehost (任务 ID: 10)
                     输出项: 
                         AppHostPack=
                             AppHost
                                     PackageDirectory=C:\Program Files\dotnet\packs\Microsoft.NETCore.App.Host.win-x64\10.0.5
                                     Path=C:\Program Files\dotnet\packs\Microsoft.NETCore.App.Host.win-x64\10.0.5\runtimes\win-x64\native\apphost.exe
                                     PathInPackage=runtimes\win-x64\native\apphost.exe
                                     RuntimeIdentifier=win-x64 (任务 ID: 10)
                     输出项: 
                         SingleFileHostPack=
                             SingleFileHost
                                     PackageDirectory=C:\Program Files\dotnet\packs\Microsoft.NETCore.App.Host.win-x64\10.0.5
                                     Path=C:\Program Files\dotnet\packs\Microsoft.NETCore.App.Host.win-x64\10.0.5\runtimes\win-x64\native\singlefilehost.exe
                                     PathInPackage=runtimes\win-x64\native\singlefilehost.exe
                                     RuntimeIdentifier=win-x64 (任务 ID: 10)
                     输出项: 
                         ComHostPack=
                             ComHost
                                     PackageDirectory=C:\Program Files\dotnet\packs\Microsoft.NETCore.App.Host.win-x64\10.0.5
                                     Path=C:\Program Files\dotnet\packs\Microsoft.NETCore.App.Host.win-x64\10.0.5\runtimes\win-x64\native\comhost.dll
                                     PathInPackage=runtimes\win-x64\native\comhost.dll
                                     RuntimeIdentifier=win-x64 (任务 ID: 10)
                     输出项: 
                         IjwHostPack=
                             IjwHost
                                     PackageDirectory=C:\Program Files\dotnet\packs\Microsoft.NETCore.App.Host.win-x64\10.0.5
                                     Path=C:\Program Files\dotnet\packs\Microsoft.NETCore.App.Host.win-x64\10.0.5\runtimes\win-x64\native\Ijwhost.dll
                                     PathInPackage=runtimes\win-x64\native\Ijwhost.dll
                                     RuntimeIdentifier=win-x64 (任务 ID: 10)
                   已完成执行任务“ResolveAppHosts”的操作。 (任务 ID: 10)
                   设置属性: UsePackageDownload=true
                   设置属性: UsePackageDownload=true
13:40:40.818     1>已完成在项目“WinFormsApp1.Desktop.csproj”中生成目标“ProcessFrameworkReferences”的操作。: (目标 ID: 20)
13:40:40.818     1>来自项目“F:\C#\WinFormsApp1.WpfRefactor\WinFormsApp1.Desktop\WinFormsApp1.Desktop.csproj”的文件“C:\Program Files\dotnet\sdk\10.0.201\Sdks\Microsoft.NET.Sdk\targets\Microsoft.NET.ObsoleteReferences.targets”中的目标“_CheckForObsoleteDotNetCliToolReferences: (目标 ID: 21)”(目标“CollectPackageReferences”依赖于它):
13:40:40.818     1>已完成在项目“WinFormsApp1.Desktop.csproj”中生成目标“_CheckForObsoleteDotNetCliToolReferences”的操作。: (目标 ID: 21)
13:40:40.818     1>来自项目“F:\C#\WinFormsApp1.WpfRefactor\WinFormsApp1.Desktop\WinFormsApp1.Desktop.csproj”的文件“C:\Program Files\dotnet\sdk\10.0.201\NuGet.targets”中的目标“CollectPackageReferences: (目标 ID: 22)”(目标“_GetRestoreProjectStyle”依赖于它):
                   设置属性: CollectPackageReferencesContinueOnError=false
                   在 TaskRun 期间加载的程序集: NuGet.Build.Tasks, Version=7.3.0.0, Culture=neutral, PublicKeyToken=31bf3856ad364e35 (位置: C:\Program Files\dotnet\sdk\10.0.201\NuGet.Build.Tasks.dll，MVID: bb18c520-9da2-43c5-9560-6dac45021437，AssemblyLoadContext: MSBuild plugin C:\Program Files\dotnet\sdk\10.0.201\NuGet.Build.Tasks.dll)
                   在 TaskRun 期间加载的程序集: NuGet.Common, Version=7.3.0.0, Culture=neutral, PublicKeyToken=31bf3856ad364e35 (位置: C:\Program Files\dotnet\sdk\10.0.201\NuGet.Common.dll，MVID: 678ca447-e461-409c-b2e4-33ae4a4c5189，AssemblyLoadContext: MSBuild plugin C:\Program Files\dotnet\sdk\10.0.201\NuGet.Build.Tasks.dll)
                   在 TaskRun 期间加载的程序集: NuGet.Commands, Version=7.3.0.0, Culture=neutral, PublicKeyToken=31bf3856ad364e35 (位置: C:\Program Files\dotnet\sdk\10.0.201\NuGet.Commands.dll，MVID: b4b900b0-1d30-4bbb-8291-e73f0e9c8e19，AssemblyLoadContext: MSBuild plugin C:\Program Files\dotnet\sdk\10.0.201\NuGet.Build.Tasks.dll)
                   在 TaskRun 期间加载的程序集: NuGet.ProjectModel, Version=7.3.0.0, Culture=neutral, PublicKeyToken=31bf3856ad364e35 (位置: C:\Program Files\dotnet\sdk\10.0.201\NuGet.ProjectModel.dll，MVID: 39a9f9ee-ebad-4de5-9b12-55e9e06fd91e，AssemblyLoadContext: MSBuild plugin C:\Program Files\dotnet\sdk\10.0.201\NuGet.Build.Tasks.dll)
                   正在使用程序集“C:\Program Files\dotnet\sdk\10.0.201\NuGet.Build.Tasks.dll”中的“CheckForDuplicateNuGetItemsTask”任务。
                   任务“CheckForDuplicateNuGetItemsTask” (任务 ID: 11)
                     任务参数:NoWarn=1701;1702;NU1510 (任务 ID: 11)
                     任务参数:LogCode=NU1504 (任务 ID: 11)
                     任务参数:WarningsAsErrors=;NU1605;SYSLIB0011 (任务 ID: 11)
                     任务参数:
                         Items=
                             Microsoft.Data.Sqlite
                                     Version=10.0.5
                             ScottPlot
                                     Version=5.1.58 (任务 ID: 11)
                     任务参数:ItemName=PackageReference (任务 ID: 11)
                     任务参数:TreatWarningsAsErrors=false (任务 ID: 11)
                     任务参数:MSBuildProjectFullPath=F:\C#\WinFormsApp1.WpfRefactor\WinFormsApp1.Desktop\WinFormsApp1.Desktop.csproj (任务 ID: 11)
                   已完成执行任务“CheckForDuplicateNuGetItemsTask”的操作。 (任务 ID: 11)
13:40:40.824     1>已完成在项目“WinFormsApp1.Desktop.csproj”中生成目标“CollectPackageReferences”的操作。: (目标 ID: 22)
13:40:40.824     1>来自项目“F:\C#\WinFormsApp1.WpfRefactor\WinFormsApp1.Desktop\WinFormsApp1.Desktop.csproj”的文件“C:\Program Files\dotnet\sdk\10.0.201\NuGet.targets”中的目标“_GetRestoreProjectStyle: (目标 ID: 23)”(目标“EnableIntermediateOutputPathMismatchWarning”依赖于它):
                   设置属性: _HasPackageReferenceItems=true
                   正在使用程序集“C:\Program Files\dotnet\sdk\10.0.201\NuGet.Build.Tasks.dll”中的“GetRestoreProjectStyleTask”任务。
                   任务“GetRestoreProjectStyleTask” (任务 ID: 12)
                     任务参数:HasPackageReferenceItems=True (任务 ID: 12)
                     任务参数:MSBuildProjectDirectory=F:\C#\WinFormsApp1.WpfRefactor\WinFormsApp1.Desktop (任务 ID: 12)
                     任务参数:MSBuildProjectName=WinFormsApp1.Desktop (任务 ID: 12)
                     任务参数:RestoreProjectStyle=PackageReference (任务 ID: 12)
                     输出属性: RestoreProjectStyle=PackageReference (任务 ID: 12)
                     输出属性: PackageReferenceCompatibleProjectStyle=True (任务 ID: 12)
                   已完成执行任务“GetRestoreProjectStyleTask”的操作。 (任务 ID: 12)
                   设置属性: _HasPackageReferenceItems=
13:40:40.825     1>已完成在项目“WinFormsApp1.Desktop.csproj”中生成目标“_GetRestoreProjectStyle”的操作。: (目标 ID: 23)
13:40:40.826     1>来自项目“F:\C#\WinFormsApp1.WpfRefactor\WinFormsApp1.Desktop\WinFormsApp1.Desktop.csproj”的文件“C:\Program Files\dotnet\sdk\10.0.201\NuGet.targets”中的目标“EnableIntermediateOutputPathMismatchWarning: (目标 ID: 24)”(目标“_CheckForInvalidConfigurationAndPlatform”依赖于它):
                   设置属性: EnableBaseIntermediateOutputPathMismatchWarning=true
13:40:40.826     1>已完成在项目“WinFormsApp1.Desktop.csproj”中生成目标“EnableIntermediateOutputPathMismatchWarning”的操作。: (目标 ID: 24)
                   已跳过目标“ApplyImplicitVersions”。以前的生成已成功。
                   已跳过目标“CheckForImplicitPackageReferenceOverrides”。以前的生成已成功。
13:40:40.826     1>来自项目“F:\C#\WinFormsApp1.WpfRefactor\WinFormsApp1.Desktop\WinFormsApp1.Desktop.csproj”的文件“C:\Program Files\dotnet\sdk\10.0.201\Sdks\Microsoft.NET.Sdk\targets\Microsoft.NET.Sdk.DefaultItems.Shared.targets”中的目标“CheckForDuplicateItems: (目标 ID: 25)”(目标“_CheckForInvalidConfigurationAndPlatform”依赖于它):
                   设置属性: DefaultItemsMoreInformationLink=https://aka.ms/sdkimplicititems
                   正在使用程序集“C:\Program Files\dotnet\sdk\10.0.201\Sdks\Microsoft.NET.Sdk\targets\..\tools\net10.0\Microsoft.NET.Build.Tasks.dll”中的“CheckForDuplicateItems”任务。
                   任务“CheckForDuplicateItems” (任务 ID: 13)
                     任务参数:
                         Items=
                             App.xaml.cs
                             ApplicationDetailWindow.xaml.cs
                             AssemblyInfo.cs
                             MainWindow.xaml.cs
                             Services\ApplicationAliasStore.cs
                             Services\ApplicationCardMetricPreferenceStore.cs
                             Services\ApplicationIconCache.cs
                             Services\HistoryAnalysisProvider.cs
                             Services\IconPathToImageSourceConverter.cs
                             Services\SystemOverviewProvider.cs
                             Services\WindowedOnlyRecordingStore.cs
                             ViewModels\ApplicationCardMetricOptionViewModel.cs
                             ViewModels\ApplicationCardMetricPreferences.cs
                             ViewModels\ApplicationCardViewModel.cs
                             ViewModels\ApplicationDetailViewModel.cs
                             ViewModels\DashboardViewModel.cs
                             ViewModels\DashboardViewModel.History.cs
                             ViewModels\DetailDisplayPreferences.cs
                             ViewModels\ObservableObject.cs
                             ViewModels\RelayCommand.cs
                             ViewModels\WhitelistCandidateViewModel.cs (任务 ID: 13)
                     任务参数:MoreInformationLink=https://aka.ms/sdkimplicititems (任务 ID: 13)
                     任务参数:DefaultItemsEnabled=True (任务 ID: 13)
                     任务参数:ItemName=Compile (任务 ID: 13)
                     任务参数:DefaultItemsOfThisTypeEnabled=True (任务 ID: 13)
                     任务参数:PropertyNameToDisableDefaultItems=EnableDefaultCompileItems (任务 ID: 13)
                   已完成执行任务“CheckForDuplicateItems”的操作。 (任务 ID: 13)
                   任务“CheckForDuplicateItems” (任务 ID: 14)
                     任务参数:MoreInformationLink=https://aka.ms/sdkimplicititems (任务 ID: 14)
                     任务参数:DefaultItemsEnabled=True (任务 ID: 14)
                     任务参数:ItemName=EmbeddedResource (任务 ID: 14)
                     任务参数:DefaultItemsOfThisTypeEnabled=True (任务 ID: 14)
                     任务参数:PropertyNameToDisableDefaultItems=EnableDefaultEmbeddedResourceItems (任务 ID: 14)
                   已完成执行任务“CheckForDuplicateItems”的操作。 (任务 ID: 14)
                   任务“CheckForDuplicateItems” (任务 ID: 15)
                     任务参数:MoreInformationLink=https://aka.ms/sdkimplicititems (任务 ID: 15)
                     任务参数:DefaultItemsEnabled=True (任务 ID: 15)
                     任务参数:ItemName=Content (任务 ID: 15)
                     任务参数:PropertyNameToDisableDefaultItems=EnableDefaultContentItems (任务 ID: 15)
                   已完成执行任务“CheckForDuplicateItems”的操作。 (任务 ID: 15)
13:40:40.827     1>已完成在项目“WinFormsApp1.Desktop.csproj”中生成目标“CheckForDuplicateItems”的操作。: (目标 ID: 25)
13:40:40.827     1>来自项目“F:\C#\WinFormsApp1.WpfRefactor\WinFormsApp1.Desktop\WinFormsApp1.Desktop.csproj”的文件“C:\Program Files\dotnet\sdk\10.0.201\Sdks\Microsoft.NET.Sdk\targets\Microsoft.NET.Sdk.DefaultItems.targets”中的目标“_CheckForInvalidWindowsDesktopTargetingConfiguration: (目标 ID: 26)”(目标“_CheckForInvalidConfigurationAndPlatform”依赖于它):
13:40:40.827     1>已完成在项目“WinFormsApp1.Desktop.csproj”中生成目标“_CheckForInvalidWindowsDesktopTargetingConfiguration”的操作。: (目标 ID: 26)
                   已跳过目标“ProcessFrameworkReferences”。以前的生成已成功。
                   已跳过目标“CheckForDuplicateItems”。以前的生成已成功。
13:40:40.827     1>来自项目“F:\C#\WinFormsApp1.WpfRefactor\WinFormsApp1.Desktop\WinFormsApp1.Desktop.csproj”的文件“C:\Program Files\dotnet\sdk\10.0.201\Sdks\Microsoft.NET.Sdk.WindowsDesktop\targets\Microsoft.NET.Sdk.WindowsDesktop.targets”中的目标“CheckForDuplicatePageItems: (目标 ID: 27)”(目标“_CheckForInvalidConfigurationAndPlatform”依赖于它):
                   任务“CheckForDuplicateItems” (任务 ID: 16)
                     任务参数:
                         Items=
                             ApplicationDetailWindow.xaml
                                     Generator=MSBuild:Compile
                                     SubType=Designer
                                     XamlRuntime=Wpf
                             MainWindow.xaml
                                     Generator=MSBuild:Compile
                                     SubType=Designer
                                     XamlRuntime=Wpf (任务 ID: 16)
                     任务参数:MoreInformationLink=https://aka.ms/sdkimplicititems (任务 ID: 16)
                     任务参数:DefaultItemsEnabled=True (任务 ID: 16)
                     任务参数:ItemName=Page (任务 ID: 16)
                     任务参数:DefaultItemsOfThisTypeEnabled=True (任务 ID: 16)
                     任务参数:PropertyNameToDisableDefaultItems=EnableDefaultPageItems (任务 ID: 16)
                   已完成执行任务“CheckForDuplicateItems”的操作。 (任务 ID: 16)
13:40:40.828     1>已完成在项目“WinFormsApp1.Desktop.csproj”中生成目标“CheckForDuplicatePageItems”的操作。: (目标 ID: 27)
13:40:40.828     1>来自项目“F:\C#\WinFormsApp1.WpfRefactor\WinFormsApp1.Desktop\WinFormsApp1.Desktop.csproj”的文件“C:\Program Files\dotnet\sdk\10.0.201\Sdks\Microsoft.NET.Sdk.WindowsDesktop\targets\Microsoft.NET.Sdk.WindowsDesktop.targets”中的目标“_WindowsDesktopFrameworkRequiresUseWpfOrUseWindowsForms: (目标 ID: 28)”(目标“_CheckForInvalidConfigurationAndPlatform”依赖于它):
13:40:40.828     1>已完成在项目“WinFormsApp1.Desktop.csproj”中生成目标“_WindowsDesktopFrameworkRequiresUseWpfOrUseWindowsForms”的操作。: (目标 ID: 28)
13:40:40.828     1>来自项目“F:\C#\WinFormsApp1.WpfRefactor\WinFormsApp1.Desktop\WinFormsApp1.Desktop.csproj”的文件“C:\Program Files\dotnet\sdk\10.0.201\Microsoft.Common.CurrentVersion.targets”中的目标“_CheckForInvalidConfigurationAndPlatform: (目标 ID: 29)”(目标“BeforeBuild”依赖于它):
                   设置属性: _InvalidConfigurationMessageResourceName=CommonSdk.InvalidConfigurationTextWhenBuildingOutsideVisualStudio
                   正在使用程序集“Microsoft.Build.Tasks.Core, Version=15.1.0.0, Culture=neutral, PublicKeyToken=b03f5f7f11d50a3a”中的“Message”任务。
                   任务“Message” (任务 ID: 17)
                     任务参数:Importance=Low (任务 ID: 17)
                     任务参数:Text=Configuration=Debug (任务 ID: 17)
                     Configuration=Debug (任务 ID: 17)
                   已完成执行任务“Message”的操作。 (任务 ID: 17)
                   任务“Message” (任务 ID: 18)
                     任务参数:Importance=Low (任务 ID: 18)
                     任务参数:Text=Platform=AnyCPU (任务 ID: 18)
                     Platform=AnyCPU (任务 ID: 18)
                   已完成执行任务“Message”的操作。 (任务 ID: 18)
13:40:40.830     1>已完成在项目“WinFormsApp1.Desktop.csproj”中生成目标“_CheckForInvalidConfigurationAndPlatform”的操作。: (目标 ID: 29)
13:40:40.830     1>来自项目“F:\C#\WinFormsApp1.WpfRefactor\WinFormsApp1.Desktop\WinFormsApp1.Desktop.csproj”的文件“C:\Program Files\dotnet\sdk\10.0.201\Sdks\Microsoft.NET.Sdk\targets\Microsoft.NET.Sdk.targets”中的目标“ValidateCommandLineProperties: (目标 ID: 30)”(目标“BeforeBuild”依赖于它):
13:40:40.830     1>已完成在项目“WinFormsApp1.Desktop.csproj”中生成目标“ValidateCommandLineProperties”的操作。: (目标 ID: 30)
13:40:40.830     1>来自项目“F:\C#\WinFormsApp1.WpfRefactor\WinFormsApp1.Desktop\WinFormsApp1.Desktop.csproj”的文件“C:\Program Files\dotnet\sdk\10.0.201\Microsoft.Common.CurrentVersion.targets”中的目标“BeforeBuild: (目标 ID: 31)”(目标“Build”依赖于它):
13:40:40.830     1>已完成在项目“WinFormsApp1.Desktop.csproj”中生成目标“BeforeBuild”的操作。: (目标 ID: 31)
13:40:40.830     1>来自项目“F:\C#\WinFormsApp1.WpfRefactor\WinFormsApp1.Desktop\WinFormsApp1.Desktop.csproj”的文件“C:\Program Files\dotnet\sdk\10.0.201\Microsoft.Common.CurrentVersion.targets”中的目标“BuildOnlySettings: (目标 ID: 32)”(目标“CoreBuild”依赖于它):
                   C:\Program Files\dotnet\sdk\10.0.201\Microsoft.Common.CurrentVersion.targets(1168,7): message : 在 C:\Program Files\dotnet\sdk\10.0.201\Microsoft.Common.CurrentVersion.targets (1168,7) 处重新分配属性: $(BuildingProject)=“true”(先前值:“false”) [F:\C#\WinFormsApp1.WpfRefactor\WinFormsApp1.Desktop\WinFormsApp1.Desktop.csproj]
                   设置属性: BuildingProject=true
13:40:40.830     1>已完成在项目“WinFormsApp1.Desktop.csproj”中生成目标“BuildOnlySettings”的操作。: (目标 ID: 32)
13:40:40.830     1>来自项目“F:\C#\WinFormsApp1.WpfRefactor\WinFormsApp1.Desktop\WinFormsApp1.Desktop.csproj”的文件“C:\Program Files\dotnet\sdk\10.0.201\Sdks\Microsoft.NET.Sdk\targets\Microsoft.NET.DisableStandardFrameworkResolution.targets”中的目标“GetFrameworkPaths: (目标 ID: 33)”(目标“PrepareForBuild”依赖于它):
13:40:40.830     1>已完成在项目“WinFormsApp1.Desktop.csproj”中生成目标“GetFrameworkPaths”的操作。: (目标 ID: 33)
13:40:40.830     1>来自项目“F:\C#\WinFormsApp1.WpfRefactor\WinFormsApp1.Desktop\WinFormsApp1.Desktop.csproj”的文件“C:\Program Files\dotnet\sdk\10.0.201\Sdks\Microsoft.NET.Sdk\targets\Microsoft.NET.DisableStandardFrameworkResolution.targets”中的目标“GetReferenceAssemblyPaths: (目标 ID: 34)”(目标“PrepareForBuild”依赖于它):
13:40:40.830     1>已完成在项目“WinFormsApp1.Desktop.csproj”中生成目标“GetReferenceAssemblyPaths”的操作。: (目标 ID: 34)
13:40:40.830     1>来自项目“F:\C#\WinFormsApp1.WpfRefactor\WinFormsApp1.Desktop\WinFormsApp1.Desktop.csproj”的文件“C:\Program Files\dotnet\sdk\10.0.201\Microsoft.Common.CurrentVersion.targets”中的目标“PrepareForBuild: (目标 ID: 35)”(目标“CoreBuild”依赖于它):
                   正在使用程序集“Microsoft.Build.Tasks.Core, Version=15.1.0.0, Culture=neutral, PublicKeyToken=b03f5f7f11d50a3a”中的“FindAppConfigFile”任务。
                   任务“FindAppConfigFile” (任务 ID: 19)
                     任务参数:
                         PrimaryList=
                             C:\Users\jim liu\.nuget\packages\microsoft.diagnostics.tracing.traceevent\3.1.30\buildTransitive\..\build\native\x86\KernelTraceControl.dll
                                     CopyToOutputDirectory=PreserveNewest
                                     Link=x86\KernelTraceControl.dll
                                     Visible=False
                             C:\Users\jim liu\.nuget\packages\microsoft.diagnostics.tracing.traceevent\3.1.30\buildTransitive\..\build\native\x86\KernelTraceControl.Win61.dll
                                     CopyToOutputDirectory=PreserveNewest
                                     Link=x86\KernelTraceControl.Win61.dll
                                     Visible=False
                             C:\Users\jim liu\.nuget\packages\microsoft.diagnostics.tracing.traceevent\3.1.30\buildTransitive\..\build\native\x86\msdia140.dll
                                     CopyToOutputDirectory=PreserveNewest
                                     Link=x86\msdia140.dll
                                     Visible=False
                             C:\Users\jim liu\.nuget\packages\microsoft.diagnostics.tracing.traceevent\3.1.30\buildTransitive\..\build\native\amd64\KernelTraceControl.dll
                                     CopyToOutputDirectory=PreserveNewest
                                     Link=amd64\KernelTraceControl.dll
                                     Visible=False
                             C:\Users\jim liu\.nuget\packages\microsoft.diagnostics.tracing.traceevent\3.1.30\buildTransitive\..\build\native\amd64\msdia140.dll
                                     CopyToOutputDirectory=PreserveNewest
                                     Link=amd64\msdia140.dll
                                     Visible=False
                             C:\Users\jim liu\.nuget\packages\microsoft.diagnostics.tracing.traceevent\3.1.30\buildTransitive\..\build\native\arm64\KernelTraceControl.dll
                                     CopyToOutputDirectory=PreserveNewest
                                     Link=arm64\KernelTraceControl.dll
                                     Visible=False
                             C:\Users\jim liu\.nuget\packages\microsoft.diagnostics.tracing.traceevent\3.1.30\buildTransitive\..\build\native\arm64\msdia140.dll
                                     CopyToOutputDirectory=PreserveNewest
                                     Link=arm64\msdia140.dll
                                     Visible=False
                             C:\Users\jim liu\.nuget\packages\microsoft.diagnostics.tracing.traceevent\3.1.30\buildTransitive\..\lib\netstandard2.0\TraceReloggerLib.dll
                                     CopyToOutputDirectory=PreserveNewest
                                     Link=TraceReloggerLib.dll
                                     Visible=False
                             C:\Users\jim liu\.nuget\packages\microsoft.diagnostics.tracing.traceevent\3.1.30\buildTransitive\..\lib\netstandard2.0\Dia2Lib.dll
                                     CopyToOutputDirectory=PreserveNewest
                                     Link=Dia2Lib.dll
                                     Visible=False (任务 ID: 19)
                     任务参数:TargetPath=WinFormsApp1.Desktop.dll.config (任务 ID: 19)
                   已完成执行任务“FindAppConfigFile”的操作。 (任务 ID: 19)
                   正在使用程序集“Microsoft.Build.Tasks.Core, Version=15.1.0.0, Culture=neutral, PublicKeyToken=b03f5f7f11d50a3a”中的“MakeDir”任务。
                   任务“MakeDir” (任务 ID: 20)
                     任务参数:
                         Directories=
                             bin\Debug\net10.0-windows\
                             obj\Debug\net10.0-windows\
                             F:\C#\WinFormsApp1.WpfRefactor\WinFormsApp1.Desktop\obj\Debug\net10.0-windows\refint\
                             obj\Debug\net10.0-windows\ref (任务 ID: 20)
                   已完成执行任务“MakeDir”的操作。 (任务 ID: 20)
13:40:40.832     1>已完成在项目“WinFormsApp1.Desktop.csproj”中生成目标“PrepareForBuild”的操作。: (目标 ID: 35)
13:40:40.832     1>来自项目“F:\C#\WinFormsApp1.WpfRefactor\WinFormsApp1.Desktop\WinFormsApp1.Desktop.csproj”的文件“C:\Program Files\dotnet\sdk\10.0.201\Sdks\Microsoft.NET.Sdk\targets\Microsoft.NET.Sdk.BeforeCommon.targets”中的目标“GenerateTargetFrameworkDefineConstants: (目标 ID: 36)”(目标“AddImplicitDefineConstants”依赖于它):
                   设置属性: _FrameworkIdentifierForImplicitDefine=NETCOREAPP
                   设置属性: _FrameworkIdentifierForImplicitDefine=NET
                   设置属性: VersionlessImplicitFrameworkDefine=NET
                   设置属性: _FrameworkVersionForImplicitDefine=10.0
                   设置属性: _FrameworkVersionForImplicitDefine=10_0
                   设置属性: ImplicitFrameworkDefine=NET10_0
                   设置属性: BackwardsCompatFrameworkDefine=NETCOREAPP
                   添加的项: _ImplicitDefineConstant=NET
                   添加的项: _ImplicitDefineConstant=NET10_0
                   添加的项: _ImplicitDefineConstant=NETCOREAPP
13:40:40.832     1>已完成在项目“WinFormsApp1.Desktop.csproj”中生成目标“GenerateTargetFrameworkDefineConstants”的操作。: (目标 ID: 36)
13:40:40.832     1>来自项目“F:\C#\WinFormsApp1.WpfRefactor\WinFormsApp1.Desktop\WinFormsApp1.Desktop.csproj”的文件“C:\Program Files\dotnet\sdk\10.0.201\Sdks\Microsoft.NET.Sdk\targets\Microsoft.NET.Sdk.BeforeCommon.targets”中的目标“GenerateTargetPlatformDefineConstants: (目标 ID: 37)”(目标“AddImplicitDefineConstants”依赖于它):
                   设置属性: _PlatformIdentifierForImplicitDefine=WINDOWS
                   设置属性: _PlatformVersionForImplicitDefine=7_0
                   添加的项: _ImplicitDefineConstant=WINDOWS
                   添加的项: _ImplicitDefineConstant=WINDOWS7_0
13:40:40.832     1>已完成在项目“WinFormsApp1.Desktop.csproj”中生成目标“GenerateTargetPlatformDefineConstants”的操作。: (目标 ID: 37)
13:40:40.832     1>来自项目“F:\C#\WinFormsApp1.WpfRefactor\WinFormsApp1.Desktop\WinFormsApp1.Desktop.csproj”的文件“C:\Program Files\dotnet\sdk\10.0.201\Sdks\Microsoft.NET.Sdk\targets\Microsoft.NET.Sdk.BeforeCommon.targets”中的目标“GenerateNETCompatibleDefineConstants: (目标 ID: 38)”(目标“AddImplicitDefineConstants”依赖于它):
                   添加的项: 
                       _SupportedFrameworkVersions=
                           3.0
                                   Alias=netcoreapp3.0
                                   DisplayName=.NET Core 3.0
                           3.1
                                   Alias=netcoreapp3.1
                                   DisplayName=.NET Core 3.1
                           5.0
                                   Alias=net5.0
                                   DisplayName=.NET 5.0
                           6.0
                                   Alias=net6.0
                                   DisplayName=.NET 6.0
                           7.0
                                   Alias=net7.0
                                   DisplayName=.NET 7.0
                           8.0
                                   Alias=net8.0
                                   DisplayName=.NET 8.0
                           9.0
                                   Alias=net9.0
                                   DisplayName=.NET 9.0
                           10.0
                                   Alias=net10.0
                                   DisplayName=.NET 10.0
                   添加的项: 
                       _CompatibleFrameworkVersions=
                           3.0
                                   Alias=netcoreapp3.0
                                   DisplayName=.NET Core 3.0
                   添加的项: 
                       _CompatibleFrameworkVersions=
                           3.1
                                   Alias=netcoreapp3.1
                                   DisplayName=.NET Core 3.1
                   添加的项: 
                       _CompatibleFrameworkVersions=
                           5.0
                                   Alias=net5.0
                                   DisplayName=.NET 5.0
                   添加的项: 
                       _CompatibleFrameworkVersions=
                           6.0
                                   Alias=net6.0
                                   DisplayName=.NET 6.0
                   添加的项: 
                       _CompatibleFrameworkVersions=
                           7.0
                                   Alias=net7.0
                                   DisplayName=.NET 7.0
                   添加的项: 
                       _CompatibleFrameworkVersions=
                           8.0
                                   Alias=net8.0
                                   DisplayName=.NET 8.0
                   添加的项: 
                       _CompatibleFrameworkVersions=
                           9.0
                                   Alias=net9.0
                                   DisplayName=.NET 9.0
                   添加的项: 
                       _CompatibleFrameworkVersions=
                           10.0
                                   Alias=net10.0
                                   DisplayName=.NET 10.0
                   添加的项: 
                       _FormattedCompatibleFrameworkVersions=
                           3.0
                                   Alias=netcoreapp3.0
                                   DisplayName=.NET Core 3.0
                           3.1
                                   Alias=netcoreapp3.1
                                   DisplayName=.NET Core 3.1
                           5.0
                                   Alias=net5.0
                                   DisplayName=.NET 5.0
                           6.0
                                   Alias=net6.0
                                   DisplayName=.NET 6.0
                           7.0
                                   Alias=net7.0
                                   DisplayName=.NET 7.0
                           8.0
                                   Alias=net8.0
                                   DisplayName=.NET 8.0
                           9.0
                                   Alias=net9.0
                                   DisplayName=.NET 9.0
                           10.0
                                   Alias=net10.0
                                   DisplayName=.NET 10.0
                   添加的项: 
                       _ImplicitDefineConstant=
                           NET5_0_OR_GREATER
                                   Alias=net5.0
                                   DisplayName=.NET 5.0
                   添加的项: 
                       _ImplicitDefineConstant=
                           NET6_0_OR_GREATER
                                   Alias=net6.0
                                   DisplayName=.NET 6.0
                   添加的项: 
                       _ImplicitDefineConstant=
                           NET7_0_OR_GREATER
                                   Alias=net7.0
                                   DisplayName=.NET 7.0
                   添加的项: 
                       _ImplicitDefineConstant=
                           NET8_0_OR_GREATER
                                   Alias=net8.0
                                   DisplayName=.NET 8.0
                   添加的项: 
                       _ImplicitDefineConstant=
                           NET9_0_OR_GREATER
                                   Alias=net9.0
                                   DisplayName=.NET 9.0
                   添加的项: 
                       _ImplicitDefineConstant=
                           NET10_0_OR_GREATER
                                   Alias=net10.0
                                   DisplayName=.NET 10.0
                   添加的项: 
                       _ImplicitDefineConstant=
                           NETCOREAPP3_0_OR_GREATER
                                   Alias=netcoreapp3.0
                                   DisplayName=.NET Core 3.0
                   添加的项: 
                       _ImplicitDefineConstant=
                           NETCOREAPP3_1_OR_GREATER
                                   Alias=netcoreapp3.1
                                   DisplayName=.NET Core 3.1
13:40:40.833     1>已完成在项目“WinFormsApp1.Desktop.csproj”中生成目标“GenerateNETCompatibleDefineConstants”的操作。: (目标 ID: 38)
13:40:40.833     1>来自项目“F:\C#\WinFormsApp1.WpfRefactor\WinFormsApp1.Desktop\WinFormsApp1.Desktop.csproj”的文件“C:\Program Files\dotnet\sdk\10.0.201\Sdks\Microsoft.NET.Sdk\targets\Microsoft.NET.Sdk.BeforeCommon.targets”中的目标“GeneratePlatformCompatibleDefineConstants: (目标 ID: 39)”(目标“AddImplicitDefineConstants”依赖于它):
                   添加的项: _SupportedPlatformCompatibleVersions=7.0
                   添加的项: _ImplicitDefineConstant=WINDOWS7_0_OR_GREATER
13:40:40.833     1>已完成在项目“WinFormsApp1.Desktop.csproj”中生成目标“GeneratePlatformCompatibleDefineConstants”的操作。: (目标 ID: 39)
13:40:40.833     1>来自项目“F:\C#\WinFormsApp1.WpfRefactor\WinFormsApp1.Desktop\WinFormsApp1.Desktop.csproj”的文件“C:\Program Files\dotnet\sdk\10.0.201\Sdks\Microsoft.NET.Sdk\targets\Microsoft.NET.Sdk.BeforeCommon.targets”中的目标“AddImplicitDefineConstants: (目标 ID: 40)”(目标“CoreBuild”依赖于它):
                   C:\Program Files\dotnet\sdk\10.0.201\Sdks\Microsoft.NET.Sdk\targets\Microsoft.NET.Sdk.BeforeCommon.targets(295,7): message : 在 C:\Program Files\dotnet\sdk\10.0.201\Sdks\Microsoft.NET.Sdk\targets\Microsoft.NET.Sdk.BeforeCommon.targets (295,7) 处重新分配属性: $(DefineConstants)=“TRACE;DEBUG;NET;NET10_0;NETCOREAPP;WINDOWS;WINDOWS7_0;NET5_0_OR_GREATER;NET6_0_OR_GREATER;NET7_0_OR_GREATER;NET8_0_OR_GREATER;NET9_0_OR_GREATER;NET10_0_OR_GREATER;NETCOREAPP3_0_OR_GREATER;NETCOREAPP3_1_OR_GREATER;WINDOWS7_0_OR_GREATER”(先前值:“TRACE;DEBUG”) [F:\C#\WinFormsApp1.WpfRefactor\WinFormsApp1.Desktop\WinFormsApp1.Desktop.csproj]
                   设置属性: DefineConstants=TRACE;DEBUG;NET;NET10_0;NETCOREAPP;WINDOWS;WINDOWS7_0;NET5_0_OR_GREATER;NET6_0_OR_GREATER;NET7_0_OR_GREATER;NET8_0_OR_GREATER;NET9_0_OR_GREATER;NET10_0_OR_GREATER;NETCOREAPP3_0_OR_GREATER;NETCOREAPP3_1_OR_GREATER;WINDOWS7_0_OR_GREATER
13:40:40.833     1>已完成在项目“WinFormsApp1.Desktop.csproj”中生成目标“AddImplicitDefineConstants”的操作。: (目标 ID: 40)
13:40:40.833     1>来自项目“F:\C#\WinFormsApp1.WpfRefactor\WinFormsApp1.Desktop\WinFormsApp1.Desktop.csproj”的文件“C:\Program Files\dotnet\sdk\10.0.201\Sdks\Microsoft.NET.Sdk\targets\Microsoft.NET.GenerateGlobalUsings.targets”中的目标“GenerateGlobalUsings: (目标 ID: 41)”(目标“CoreBuild”依赖于它):
                   正在使用程序集“C:\Program Files\dotnet\sdk\10.0.201\Sdks\Microsoft.NET.Sdk\targets\..\tools\net10.0\Microsoft.NET.Build.Tasks.dll”中的“GenerateGlobalUsings”任务。
                   任务“GenerateGlobalUsings” (任务 ID: 21)
                     任务参数:
                         Usings=
                             System
                             System.Collections.Generic
                             System.Linq
                             System.Threading
                             System.Threading.Tasks (任务 ID: 21)
                     输出项: 
                         _GlobalUsingLines=
                             // <auto-generated/>
                             global using System;
                             global using System.Collections.Generic;
                             global using System.Linq;
                             global using System.Threading;
                             global using System.Threading.Tasks; (任务 ID: 21)
                   已完成执行任务“GenerateGlobalUsings”的操作。 (任务 ID: 21)
                   正在使用程序集“Microsoft.Build.Tasks.Core, Version=15.1.0.0, Culture=neutral, PublicKeyToken=b03f5f7f11d50a3a”中的“WriteLinesToFile”任务。
                   任务“WriteLinesToFile” (任务 ID: 22)
                     任务参数:WriteOnlyWhenDifferent=True (任务 ID: 22)
                     任务参数:File=obj\Debug\net10.0-windows\WinFormsApp1.Desktop.GlobalUsings.g.cs (任务 ID: 22)
                     任务参数:
                         Lines=
                             // <auto-generated/>
                             global using System;
                             global using System.Collections.Generic;
                             global using System.Linq;
                             global using System.Threading;
                             global using System.Threading.Tasks; (任务 ID: 22)
                     任务参数:Overwrite=True (任务 ID: 22)
                     跳过写入到文件“F:\C#\WinFormsApp1.WpfRefactor\WinFormsApp1.Desktop\obj\Debug\net10.0-windows\WinFormsApp1.Desktop.GlobalUsings.g.cs”，因为内容不会改变。 (任务 ID: 22)
                   已完成执行任务“WriteLinesToFile”的操作。 (任务 ID: 22)
                   添加的项: Compile=obj\Debug\net10.0-windows\WinFormsApp1.Desktop.GlobalUsings.g.cs
13:40:40.841     1>已完成在项目“WinFormsApp1.Desktop.csproj”中生成目标“GenerateGlobalUsings”的操作。: (目标 ID: 41)
13:40:40.841     1>来自项目“F:\C#\WinFormsApp1.WpfRefactor\WinFormsApp1.Desktop\WinFormsApp1.Desktop.csproj”的文件“C:\Program Files\dotnet\sdk\10.0.201\Microsoft.Common.CurrentVersion.targets”中的目标“BeforeResolveReferences: (目标 ID: 42)”(目标“ResolveReferences”依赖于它):
13:40:40.841     1>已完成在项目“WinFormsApp1.Desktop.csproj”中生成目标“BeforeResolveReferences”的操作。: (目标 ID: 42)
13:40:40.841     1>来自项目“F:\C#\WinFormsApp1.WpfRefactor\WinFormsApp1.Desktop\WinFormsApp1.Desktop.csproj”的文件“C:\Program Files\dotnet\sdk\10.0.201\Microsoft.Common.CurrentVersion.targets”中的目标“IgnoreJavaScriptOutputAssembly: (目标 ID: 43)”(目标“AssignProjectConfiguration”依赖于它):
13:40:40.841     1>已完成在项目“WinFormsApp1.Desktop.csproj”中生成目标“IgnoreJavaScriptOutputAssembly”的操作。: (目标 ID: 43)
                   已跳过目标“ProcessFrameworkReferences”。以前的生成已成功。
13:40:40.841     1>来自项目“F:\C#\WinFormsApp1.WpfRefactor\WinFormsApp1.Desktop\WinFormsApp1.Desktop.csproj”的文件“C:\Program Files\dotnet\sdk\10.0.201\Sdks\Microsoft.NET.Sdk\targets\Microsoft.NET.Sdk.Shared.targets”中的目标“_DefaultMicrosoftNETPlatformLibrary: (目标 ID: 44)”(目标“ResolvePackageAssets”依赖于它):
13:40:40.841     1>已完成在项目“WinFormsApp1.Desktop.csproj”中生成目标“_DefaultMicrosoftNETPlatformLibrary”的操作。: (目标 ID: 44)
13:40:40.841     1>来自项目“F:\C#\WinFormsApp1.WpfRefactor\WinFormsApp1.Desktop\WinFormsApp1.Desktop.csproj”的文件“C:\Program Files\dotnet\sdk\10.0.201\Sdks\Microsoft.NET.Sdk\targets\Microsoft.NET.Sdk.Shared.targets”中的目标“_ComputePackageReferencePublish: (目标 ID: 45)”(目标“ResolvePackageAssets”依赖于它):
13:40:40.841     1>已完成在项目“WinFormsApp1.Desktop.csproj”中生成目标“_ComputePackageReferencePublish”的操作。: (目标 ID: 45)
13:40:40.841     1>来自项目“F:\C#\WinFormsApp1.WpfRefactor\WinFormsApp1.Desktop\WinFormsApp1.Desktop.csproj”的文件“C:\Program Files\dotnet\sdk\10.0.201\Sdks\Microsoft.NET.Sdk\targets\Microsoft.PackageDependencyResolution.targets”中的目标“ResolvePackageAssets: (目标 ID: 46)”(目标“ResolveLockFileReferences”依赖于它):
                   设置属性: UseAppHostFromAssetsFile=false
                   设置属性: CopyLocalRuntimeTargetAssets=true
                   正在使用程序集“C:\Program Files\dotnet\sdk\10.0.201\Sdks\Microsoft.NET.Sdk\targets\..\tools\net10.0\Microsoft.NET.Build.Tasks.dll”中的“ResolvePackageAssets”任务。
                   任务“ResolvePackageAssets” (任务 ID: 23)
                     任务参数:VerifyMatchingImplicitPackageVersion=True (任务 ID: 23)
                     任务参数:CopyLocalRuntimeTargetAssets=True (任务 ID: 23)
                     任务参数:ProjectAssetsFile=F:\C#\WinFormsApp1.WpfRefactor\WinFormsApp1.Desktop\obj\project.assets.json (任务 ID: 23)
                     任务参数:IsSelfContained=False (任务 ID: 23)
                     任务参数:
                         PackageReferences=
                             Microsoft.Data.Sqlite
                                     Version=10.0.5
                             ScottPlot
                                     Version=5.1.58 (任务 ID: 23)
                     任务参数:EmitAssetsLogMessages=True (任务 ID: 23)
                     任务参数:ProjectPath=F:\C#\WinFormsApp1.WpfRefactor\WinFormsApp1.Desktop\WinFormsApp1.Desktop.csproj (任务 ID: 23)
                     任务参数:ProjectAssetsCacheFile=F:\C#\WinFormsApp1.WpfRefactor\WinFormsApp1.Desktop\obj\Debug\net10.0-windows\WinFormsApp1.Desktop.assets.cache (任务 ID: 23)
                     任务参数:TargetFramework=net10.0-windows (任务 ID: 23)
                     任务参数:
                         RuntimeFrameworks=
                             Microsoft.NETCore.App
                                     FrameworkName=Microsoft.NETCore.App
                                     Profile=
                                     Version=10.0.0
                             Microsoft.WindowsDesktop.App
                                     FrameworkName=Microsoft.WindowsDesktop.App
                                     Profile=
                                     Version=10.0.0
                             Microsoft.WindowsDesktop.App
                                     FrameworkName=Microsoft.WindowsDesktop.App.WPF
                                     Profile=WPF
                                     Version=10.0.0
                             Microsoft.WindowsDesktop.App
                                     FrameworkName=Microsoft.WindowsDesktop.App.WindowsForms
                                     Profile=WindowsForms
                                     Version=10.0.0
                             Microsoft.AspNetCore.App
                                     FrameworkName=Microsoft.AspNetCore.App
                                     Profile=
                                     Version=10.0.0 (任务 ID: 23)
                     任务参数:DefaultImplicitPackages=Microsoft.NETCore.App;NETStandard.Library (任务 ID: 23)
                     任务参数:ProjectLanguage=C# (任务 ID: 23)
                     任务参数:DotNetAppHostExecutableNameWithoutExtension=apphost (任务 ID: 23)
                     任务参数:CompilerApiVersion=roslyn5.3 (任务 ID: 23)
                     任务参数:MarkPackageReferencesAsExternallyResolved=True (任务 ID: 23)
                     输出项: 
                         ResolvedAnalyzers=
                             C:\Users\jim liu\.nuget\packages\microsoft.extensions.logging.abstractions\6.0.0\analyzers\dotnet\roslyn4.0\cs\Microsoft.Extensions.Logging.Generators.dll
                                     NuGetPackageId=Microsoft.Extensions.Logging.Abstractions
                                     NuGetPackageVersion=6.0.0 (任务 ID: 23)
                     输出项: 
                         _DebugSymbolsFiles=
                             C:\Users\jim liu\.nuget\packages\harfbuzzsharp\8.3.1.1\lib\net8.0\HarfBuzzSharp.pdb
                                     NuGetPackageId=HarfBuzzSharp
                                     NuGetPackageVersion=8.3.1.1
                             C:\Users\jim liu\.nuget\packages\skiasharp\3.119.0\lib\net8.0\SkiaSharp.pdb
                                     NuGetPackageId=SkiaSharp
                                     NuGetPackageVersion=3.119.0
                             C:\Users\jim liu\.nuget\packages\skiasharp.harfbuzz\3.119.0\lib\net8.0\SkiaSharp.HarfBuzz.pdb
                                     NuGetPackageId=SkiaSharp.HarfBuzz
                                     NuGetPackageVersion=3.119.0 (任务 ID: 23)
                     输出项: 
                         _ReferenceDocumentationFiles=
                             C:\Users\jim liu\.nuget\packages\microsoft.data.sqlite.core\10.0.5\lib\net8.0\Microsoft.Data.Sqlite.xml
                                     NuGetPackageId=Microsoft.Data.Sqlite.Core
                                     NuGetPackageVersion=10.0.5
                             C:\Users\jim liu\.nuget\packages\microsoft.diagnostics.netcore.client\0.2.510501\lib\net6.0\Microsoft.Diagnostics.NETCore.Client.xml
                                     NuGetPackageId=Microsoft.Diagnostics.NETCore.Client
                                     NuGetPackageVersion=0.2.510501
                             C:\Users\jim liu\.nuget\packages\microsoft.diagnostics.tracing.traceevent\3.1.30\lib\netstandard2.0\Microsoft.Diagnostics.FastSerialization.xml
                                     NuGetPackageId=Microsoft.Diagnostics.Tracing.TraceEvent
                                     NuGetPackageVersion=3.1.30
                             C:\Users\jim liu\.nuget\packages\microsoft.diagnostics.tracing.traceevent\3.1.30\lib\netstandard2.0\Microsoft.Diagnostics.Tracing.TraceEvent.xml
                                     NuGetPackageId=Microsoft.Diagnostics.Tracing.TraceEvent
                                     NuGetPackageVersion=3.1.30
                             C:\Users\jim liu\.nuget\packages\microsoft.extensions.dependencyinjection\6.0.0\lib\net6.0\Microsoft.Extensions.DependencyInjection.xml
                                     NuGetPackageId=Microsoft.Extensions.DependencyInjection
                                     NuGetPackageVersion=6.0.0
                             C:\Users\jim liu\.nuget\packages\microsoft.extensions.dependencyinjection.abstractions\6.0.0\lib\net6.0\Microsoft.Extensions.DependencyInjection.Abstractions.xml
                                     NuGetPackageId=Microsoft.Extensions.DependencyInjection.Abstractions
                                     NuGetPackageVersion=6.0.0
                             C:\Users\jim liu\.nuget\packages\microsoft.extensions.logging\6.0.0\lib\netstandard2.1\Microsoft.Extensions.Logging.xml
                                     NuGetPackageId=Microsoft.Extensions.Logging
                                     NuGetPackageVersion=6.0.0
                             C:\Users\jim liu\.nuget\packages\microsoft.extensions.logging.abstractions\6.0.0\lib\net6.0\Microsoft.Extensions.Logging.Abstractions.xml
                                     NuGetPackageId=Microsoft.Extensions.Logging.Abstractions
                                     NuGetPackageVersion=6.0.0
                             C:\Users\jim liu\.nuget\packages\microsoft.extensions.options\6.0.0\lib\netstandard2.1\Microsoft.Extensions.Options.xml
                                     NuGetPackageId=Microsoft.Extensions.Options
                                     NuGetPackageVersion=6.0.0
                             C:\Users\jim liu\.nuget\packages\microsoft.extensions.primitives\6.0.0\lib\net6.0\Microsoft.Extensions.Primitives.xml
                                     NuGetPackageId=Microsoft.Extensions.Primitives
                                     NuGetPackageVersion=6.0.0
                             C:\Users\jim liu\.nuget\packages\scottplot\5.1.58\lib\net10.0\ScottPlot.xml
                                     NuGetPackageId=ScottPlot
                                     NuGetPackageVersion=5.1.58 (任务 ID: 23)
                     输出项: 
                         RuntimeCopyLocalItems=
                             C:\Users\jim liu\.nuget\packages\harfbuzzsharp\8.3.1.1\lib\net8.0\HarfBuzzSharp.dll
                                     AssetType=runtime
                                     CopyLocal=true
                                     DestinationSubPath=HarfBuzzSharp.dll
                                     NuGetPackageId=HarfBuzzSharp
                                     NuGetPackageVersion=8.3.1.1
                                     PathInPackage=lib/net8.0/HarfBuzzSharp.dll
                             C:\Users\jim liu\.nuget\packages\microsoft.data.sqlite.core\10.0.5\lib\net8.0\Microsoft.Data.Sqlite.dll
                                     AssetType=runtime
                                     CopyLocal=true
                                     DestinationSubPath=Microsoft.Data.Sqlite.dll
                                     NuGetPackageId=Microsoft.Data.Sqlite.Core
                                     NuGetPackageVersion=10.0.5
                                     PathInPackage=lib/net8.0/Microsoft.Data.Sqlite.dll
                             C:\Users\jim liu\.nuget\packages\microsoft.diagnostics.netcore.client\0.2.510501\lib\net6.0\Microsoft.Diagnostics.NETCore.Client.dll
                                     AssetType=runtime
                                     CopyLocal=true
                                     DestinationSubPath=Microsoft.Diagnostics.NETCore.Client.dll
                                     NuGetPackageId=Microsoft.Diagnostics.NETCore.Client
                                     NuGetPackageVersion=0.2.510501
                                     PathInPackage=lib/net6.0/Microsoft.Diagnostics.NETCore.Client.dll
                             C:\Users\jim liu\.nuget\packages\microsoft.diagnostics.tracing.traceevent\3.1.30\lib\netstandard2.0\Dia2Lib.dll
                                     AssetType=runtime
                                     CopyLocal=true
                                     DestinationSubPath=Dia2Lib.dll
                                     NuGetPackageId=Microsoft.Diagnostics.Tracing.TraceEvent
                                     NuGetPackageVersion=3.1.30
                                     PathInPackage=lib/netstandard2.0/Dia2Lib.dll
                             C:\Users\jim liu\.nuget\packages\microsoft.diagnostics.tracing.traceevent\3.1.30\lib\netstandard2.0\Microsoft.Diagnostics.FastSerialization.dll
                                     AssetType=runtime
                                     CopyLocal=true
                                     DestinationSubPath=Microsoft.Diagnostics.FastSerialization.dll
                                     NuGetPackageId=Microsoft.Diagnostics.Tracing.TraceEvent
                                     NuGetPackageVersion=3.1.30
                                     PathInPackage=lib/netstandard2.0/Microsoft.Diagnostics.FastSerialization.dll
                             C:\Users\jim liu\.nuget\packages\microsoft.diagnostics.tracing.traceevent\3.1.30\lib\netstandard2.0\Microsoft.Diagnostics.Tracing.TraceEvent.dll
                                     AssetType=runtime
                                     CopyLocal=true
                                     DestinationSubPath=Microsoft.Diagnostics.Tracing.TraceEvent.dll
                                     NuGetPackageId=Microsoft.Diagnostics.Tracing.TraceEvent
                                     NuGetPackageVersion=3.1.30
                                     PathInPackage=lib/netstandard2.0/Microsoft.Diagnostics.Tracing.TraceEvent.dll
                             C:\Users\jim liu\.nuget\packages\microsoft.diagnostics.tracing.traceevent\3.1.30\lib\netstandard2.0\TraceReloggerLib.dll
                                     AssetType=runtime
                                     CopyLocal=true
                                     DestinationSubPath=TraceReloggerLib.dll
                                     NuGetPackageId=Microsoft.Diagnostics.Tracing.TraceEvent
                                     NuGetPackageVersion=3.1.30
                                     PathInPackage=lib/netstandard2.0/TraceReloggerLib.dll
                             C:\Users\jim liu\.nuget\packages\microsoft.extensions.dependencyinjection\6.0.0\lib\net6.0\Microsoft.Extensions.DependencyInjection.dll
                                     AssetType=runtime
                                     CopyLocal=true
                                     DestinationSubPath=Microsoft.Extensions.DependencyInjection.dll
                                     NuGetPackageId=Microsoft.Extensions.DependencyInjection
                                     NuGetPackageVersion=6.0.0
                                     PathInPackage=lib/net6.0/Microsoft.Extensions.DependencyInjection.dll
                             C:\Users\jim liu\.nuget\packages\microsoft.extensions.dependencyinjection.abstractions\6.0.0\lib\net6.0\Microsoft.Extensions.DependencyInjection.Abstractions.dll
                                     AssetType=runtime
                                     CopyLocal=true
                                     DestinationSubPath=Microsoft.Extensions.DependencyInjection.Abstractions.dll
                                     NuGetPackageId=Microsoft.Extensions.DependencyInjection.Abstractions
                                     NuGetPackageVersion=6.0.0
                                     PathInPackage=lib/net6.0/Microsoft.Extensions.DependencyInjection.Abstractions.dll
                             C:\Users\jim liu\.nuget\packages\microsoft.extensions.logging\6.0.0\lib\netstandard2.1\Microsoft.Extensions.Logging.dll
                                     AssetType=runtime
                                     CopyLocal=true
                                     DestinationSubPath=Microsoft.Extensions.Logging.dll
                                     NuGetPackageId=Microsoft.Extensions.Logging
                                     NuGetPackageVersion=6.0.0
                                     PathInPackage=lib/netstandard2.1/Microsoft.Extensions.Logging.dll
                             C:\Users\jim liu\.nuget\packages\microsoft.extensions.logging.abstractions\6.0.0\lib\net6.0\Microsoft.Extensions.Logging.Abstractions.dll
                                     AssetType=runtime
                                     CopyLocal=true
                                     DestinationSubPath=Microsoft.Extensions.Logging.Abstractions.dll
                                     NuGetPackageId=Microsoft.Extensions.Logging.Abstractions
                                     NuGetPackageVersion=6.0.0
                                     PathInPackage=lib/net6.0/Microsoft.Extensions.Logging.Abstractions.dll
                             C:\Users\jim liu\.nuget\packages\microsoft.extensions.options\6.0.0\lib\netstandard2.1\Microsoft.Extensions.Options.dll
                                     AssetType=runtime
                                     CopyLocal=true
                                     DestinationSubPath=Microsoft.Extensions.Options.dll
                                     NuGetPackageId=Microsoft.Extensions.Options
                                     NuGetPackageVersion=6.0.0
                                     PathInPackage=lib/netstandard2.1/Microsoft.Extensions.Options.dll
                             C:\Users\jim liu\.nuget\packages\microsoft.extensions.primitives\6.0.0\lib\net6.0\Microsoft.Extensions.Primitives.dll
                                     AssetType=runtime
                                     CopyLocal=true
                                     DestinationSubPath=Microsoft.Extensions.Primitives.dll
                                     NuGetPackageId=Microsoft.Extensions.Primitives
                                     NuGetPackageVersion=6.0.0
                                     PathInPackage=lib/net6.0/Microsoft.Extensions.Primitives.dll
                             C:\Users\jim liu\.nuget\packages\scottplot\5.1.58\lib\net10.0\ScottPlot.dll
                                     AssetType=runtime
                                     CopyLocal=true
                                     DestinationSubPath=ScottPlot.dll
                                     NuGetPackageId=ScottPlot
                                     NuGetPackageVersion=5.1.58
                                     PathInPackage=lib/net10.0/ScottPlot.dll
                             C:\Users\jim liu\.nuget\packages\skiasharp\3.119.0\lib\net8.0\SkiaSharp.dll
                                     AssetType=runtime
                                     CopyLocal=true
                                     DestinationSubPath=SkiaSharp.dll
                                     NuGetPackageId=SkiaSharp
                                     NuGetPackageVersion=3.119.0
                                     PathInPackage=lib/net8.0/SkiaSharp.dll
                             C:\Users\jim liu\.nuget\packages\skiasharp.harfbuzz\3.119.0\lib\net8.0\SkiaSharp.HarfBuzz.dll
                                     AssetType=runtime
                                     CopyLocal=true
                                     DestinationSubPath=SkiaSharp.HarfBuzz.dll
                                     NuGetPackageId=SkiaSharp.HarfBuzz
                                     NuGetPackageVersion=3.119.0
                                     PathInPackage=lib/net8.0/SkiaSharp.HarfBuzz.dll
                             C:\Users\jim liu\.nuget\packages\sqlitepclraw.bundle_e_sqlite3\2.1.11\lib\netstandard2.0\SQLitePCLRaw.batteries_v2.dll
                                     AssetType=runtime
                                     CopyLocal=true
                                     DestinationSubPath=SQLitePCLRaw.batteries_v2.dll
                                     NuGetPackageId=SQLitePCLRaw.bundle_e_sqlite3
                                     NuGetPackageVersion=2.1.11
                                     PathInPackage=lib/netstandard2.0/SQLitePCLRaw.batteries_v2.dll
                             C:\Users\jim liu\.nuget\packages\sqlitepclraw.core\2.1.11\lib\netstandard2.0\SQLitePCLRaw.core.dll
                                     AssetType=runtime
                                     CopyLocal=true
                                     DestinationSubPath=SQLitePCLRaw.core.dll
                                     NuGetPackageId=SQLitePCLRaw.core
                                     NuGetPackageVersion=2.1.11
                                     PathInPackage=lib/netstandard2.0/SQLitePCLRaw.core.dll
                             C:\Users\jim liu\.nuget\packages\sqlitepclraw.provider.e_sqlite3\2.1.11\lib\net6.0-windows7.0\SQLitePCLRaw.provider.e_sqlite3.dll
                                     AssetType=runtime
                                     CopyLocal=true
                                     DestinationSubPath=SQLitePCLRaw.provider.e_sqlite3.dll
                                     NuGetPackageId=SQLitePCLRaw.provider.e_sqlite3
                                     NuGetPackageVersion=2.1.11
                                     PathInPackage=lib/net6.0-windows7.0/SQLitePCLRaw.provider.e_sqlite3.dll (任务 ID: 23)
                     输出项: 
                         RuntimeTargetsCopyLocalItems=
                             C:\Users\jim liu\.nuget\packages\harfbuzzsharp.nativeassets.linux\8.3.1.1\runtimes\linux-arm\native\libHarfBuzzSharp.so
                                     AssetType=native
                                     CopyLocal=true
                                     DestinationSubDirectory=runtimes\linux-arm\native\
                                     DestinationSubPath=runtimes\linux-arm\native\libHarfBuzzSharp.so
                                     NuGetPackageId=HarfBuzzSharp.NativeAssets.Linux
                                     NuGetPackageVersion=8.3.1.1
                                     PathInPackage=runtimes/linux-arm/native/libHarfBuzzSharp.so
                                     RuntimeIdentifier=linux-arm
                             C:\Users\jim liu\.nuget\packages\harfbuzzsharp.nativeassets.linux\8.3.1.1\runtimes\linux-arm64\native\libHarfBuzzSharp.so
                                     AssetType=native
                                     CopyLocal=true
                                     DestinationSubDirectory=runtimes\linux-arm64\native\
                                     DestinationSubPath=runtimes\linux-arm64\native\libHarfBuzzSharp.so
                                     NuGetPackageId=HarfBuzzSharp.NativeAssets.Linux
                                     NuGetPackageVersion=8.3.1.1
                                     PathInPackage=runtimes/linux-arm64/native/libHarfBuzzSharp.so
                                     RuntimeIdentifier=linux-arm64
                             C:\Users\jim liu\.nuget\packages\harfbuzzsharp.nativeassets.linux\8.3.1.1\runtimes\linux-loongarch64\native\libHarfBuzzSharp.so
                                     AssetType=native
                                     CopyLocal=true
                                     DestinationSubDirectory=runtimes\linux-loongarch64\native\
                                     DestinationSubPath=runtimes\linux-loongarch64\native\libHarfBuzzSharp.so
                                     NuGetPackageId=HarfBuzzSharp.NativeAssets.Linux
                                     NuGetPackageVersion=8.3.1.1
                                     PathInPackage=runtimes/linux-loongarch64/native/libHarfBuzzSharp.so
                                     RuntimeIdentifier=linux-loongarch64
                             C:\Users\jim liu\.nuget\packages\harfbuzzsharp.nativeassets.linux\8.3.1.1\runtimes\linux-musl-arm\native\libHarfBuzzSharp.so
                                     AssetType=native
                                     CopyLocal=true
                                     DestinationSubDirectory=runtimes\linux-musl-arm\native\
                                     DestinationSubPath=runtimes\linux-musl-arm\native\libHarfBuzzSharp.so
                                     NuGetPackageId=HarfBuzzSharp.NativeAssets.Linux
                                     NuGetPackageVersion=8.3.1.1
                                     PathInPackage=runtimes/linux-musl-arm/native/libHarfBuzzSharp.so
                                     RuntimeIdentifier=linux-musl-arm
                             C:\Users\jim liu\.nuget\packages\harfbuzzsharp.nativeassets.linux\8.3.1.1\runtimes\linux-musl-arm64\native\libHarfBuzzSharp.so
                                     AssetType=native
                                     CopyLocal=true
                                     DestinationSubDirectory=runtimes\linux-musl-arm64\native\
                                     DestinationSubPath=runtimes\linux-musl-arm64\native\libHarfBuzzSharp.so
                                     NuGetPackageId=HarfBuzzSharp.NativeAssets.Linux
                                     NuGetPackageVersion=8.3.1.1
                                     PathInPackage=runtimes/linux-musl-arm64/native/libHarfBuzzSharp.so
                                     RuntimeIdentifier=linux-musl-arm64
                             C:\Users\jim liu\.nuget\packages\harfbuzzsharp.nativeassets.linux\8.3.1.1\runtimes\linux-musl-loongarch64\native\libHarfBuzzSharp.so
                                     AssetType=native
                                     CopyLocal=true
                                     DestinationSubDirectory=runtimes\linux-musl-loongarch64\native\
                                     DestinationSubPath=runtimes\linux-musl-loongarch64\native\libHarfBuzzSharp.so
                                     NuGetPackageId=HarfBuzzSharp.NativeAssets.Linux
                                     NuGetPackageVersion=8.3.1.1
                                     PathInPackage=runtimes/linux-musl-loongarch64/native/libHarfBuzzSharp.so
                                     RuntimeIdentifier=linux-musl-loongarch64
                             C:\Users\jim liu\.nuget\packages\harfbuzzsharp.nativeassets.linux\8.3.1.1\runtimes\linux-musl-riscv64\native\libHarfBuzzSharp.so
                                     AssetType=native
                                     CopyLocal=true
                                     DestinationSubDirectory=runtimes\linux-musl-riscv64\native\
                                     DestinationSubPath=runtimes\linux-musl-riscv64\native\libHarfBuzzSharp.so
                                     NuGetPackageId=HarfBuzzSharp.NativeAssets.Linux
                                     NuGetPackageVersion=8.3.1.1
                                     PathInPackage=runtimes/linux-musl-riscv64/native/libHarfBuzzSharp.so
                                     RuntimeIdentifier=linux-musl-riscv64
                             C:\Users\jim liu\.nuget\packages\harfbuzzsharp.nativeassets.linux\8.3.1.1\runtimes\linux-musl-x64\native\libHarfBuzzSharp.so
                                     AssetType=native
                                     CopyLocal=true
                                     DestinationSubDirectory=runtimes\linux-musl-x64\native\
                                     DestinationSubPath=runtimes\linux-musl-x64\native\libHarfBuzzSharp.so
                                     NuGetPackageId=HarfBuzzSharp.NativeAssets.Linux
                                     NuGetPackageVersion=8.3.1.1
                                     PathInPackage=runtimes/linux-musl-x64/native/libHarfBuzzSharp.so
                                     RuntimeIdentifier=linux-musl-x64
                             C:\Users\jim liu\.nuget\packages\harfbuzzsharp.nativeassets.linux\8.3.1.1\runtimes\linux-riscv64\native\libHarfBuzzSharp.so
                                     AssetType=native
                                     CopyLocal=true
                                     DestinationSubDirectory=runtimes\linux-riscv64\native\
                                     DestinationSubPath=runtimes\linux-riscv64\native\libHarfBuzzSharp.so
                                     NuGetPackageId=HarfBuzzSharp.NativeAssets.Linux
                                     NuGetPackageVersion=8.3.1.1
                                     PathInPackage=runtimes/linux-riscv64/native/libHarfBuzzSharp.so
                                     RuntimeIdentifier=linux-riscv64
                             C:\Users\jim liu\.nuget\packages\harfbuzzsharp.nativeassets.linux\8.3.1.1\runtimes\linux-x64\native\libHarfBuzzSharp.so
                                     AssetType=native
                                     CopyLocal=true
                                     DestinationSubDirectory=runtimes\linux-x64\native\
                                     DestinationSubPath=runtimes\linux-x64\native\libHarfBuzzSharp.so
                                     NuGetPackageId=HarfBuzzSharp.NativeAssets.Linux
                                     NuGetPackageVersion=8.3.1.1
                                     PathInPackage=runtimes/linux-x64/native/libHarfBuzzSharp.so
                                     RuntimeIdentifier=linux-x64
                             C:\Users\jim liu\.nuget\packages\harfbuzzsharp.nativeassets.linux\8.3.1.1\runtimes\linux-x86\native\libHarfBuzzSharp.so
                                     AssetType=native
                                     CopyLocal=true
                                     DestinationSubDirectory=runtimes\linux-x86\native\
                                     DestinationSubPath=runtimes\linux-x86\native\libHarfBuzzSharp.so
                                     NuGetPackageId=HarfBuzzSharp.NativeAssets.Linux
                                     NuGetPackageVersion=8.3.1.1
                                     PathInPackage=runtimes/linux-x86/native/libHarfBuzzSharp.so
                                     RuntimeIdentifier=linux-x86
                             C:\Users\jim liu\.nuget\packages\harfbuzzsharp.nativeassets.macos\8.3.1.1\runtimes\osx\native\libHarfBuzzSharp.dylib
                                     AssetType=native
                                     CopyLocal=true
                                     DestinationSubDirectory=runtimes\osx\native\
                                     DestinationSubPath=runtimes\osx\native\libHarfBuzzSharp.dylib
                                     NuGetPackageId=HarfBuzzSharp.NativeAssets.macOS
                                     NuGetPackageVersion=8.3.1.1
                                     PathInPackage=runtimes/osx/native/libHarfBuzzSharp.dylib
                                     RuntimeIdentifier=osx
                             C:\Users\jim liu\.nuget\packages\harfbuzzsharp.nativeassets.win32\8.3.1.1\runtimes\win-arm64\native\libHarfBuzzSharp.dll
                                     AssetType=native
                                     CopyLocal=true
                                     DestinationSubDirectory=runtimes\win-arm64\native\
                                     DestinationSubPath=runtimes\win-arm64\native\libHarfBuzzSharp.dll
                                     NuGetPackageId=HarfBuzzSharp.NativeAssets.Win32
                                     NuGetPackageVersion=8.3.1.1
                                     PathInPackage=runtimes/win-arm64/native/libHarfBuzzSharp.dll
                                     RuntimeIdentifier=win-arm64
                             C:\Users\jim liu\.nuget\packages\harfbuzzsharp.nativeassets.win32\8.3.1.1\runtimes\win-x64\native\libHarfBuzzSharp.dll
                                     AssetType=native
                                     CopyLocal=true
                                     DestinationSubDirectory=runtimes\win-x64\native\
                                     DestinationSubPath=runtimes\win-x64\native\libHarfBuzzSharp.dll
                                     NuGetPackageId=HarfBuzzSharp.NativeAssets.Win32
                                     NuGetPackageVersion=8.3.1.1
                                     PathInPackage=runtimes/win-x64/native/libHarfBuzzSharp.dll
                                     RuntimeIdentifier=win-x64
                             C:\Users\jim liu\.nuget\packages\harfbuzzsharp.nativeassets.win32\8.3.1.1\runtimes\win-x86\native\libHarfBuzzSharp.dll
                                     AssetType=native
                                     CopyLocal=true
                                     DestinationSubDirectory=runtimes\win-x86\native\
                                     DestinationSubPath=runtimes\win-x86\native\libHarfBuzzSharp.dll
                                     NuGetPackageId=HarfBuzzSharp.NativeAssets.Win32
                                     NuGetPackageVersion=8.3.1.1
                                     PathInPackage=runtimes/win-x86/native/libHarfBuzzSharp.dll
                                     RuntimeIdentifier=win-x86
                             C:\Users\jim liu\.nuget\packages\skiasharp.nativeassets.linux.nodependencies\3.119.0\runtimes\linux-arm\native\libSkiaSharp.so
                                     AssetType=native
                                     CopyLocal=true
                                     DestinationSubDirectory=runtimes\linux-arm\native\
                                     DestinationSubPath=runtimes\linux-arm\native\libSkiaSharp.so
                                     NuGetPackageId=SkiaSharp.NativeAssets.Linux.NoDependencies
                                     NuGetPackageVersion=3.119.0
                                     PathInPackage=runtimes/linux-arm/native/libSkiaSharp.so
                                     RuntimeIdentifier=linux-arm
                             C:\Users\jim liu\.nuget\packages\skiasharp.nativeassets.linux.nodependencies\3.119.0\runtimes\linux-arm64\native\libSkiaSharp.so
                                     AssetType=native
                                     CopyLocal=true
                                     DestinationSubDirectory=runtimes\linux-arm64\native\
                                     DestinationSubPath=runtimes\linux-arm64\native\libSkiaSharp.so
                                     NuGetPackageId=SkiaSharp.NativeAssets.Linux.NoDependencies
                                     NuGetPackageVersion=3.119.0
                                     PathInPackage=runtimes/linux-arm64/native/libSkiaSharp.so
                                     RuntimeIdentifier=linux-arm64
                             C:\Users\jim liu\.nuget\packages\skiasharp.nativeassets.linux.nodependencies\3.119.0\runtimes\linux-loongarch64\native\libSkiaSharp.so
                                     AssetType=native
                                     CopyLocal=true
                                     DestinationSubDirectory=runtimes\linux-loongarch64\native\
                                     DestinationSubPath=runtimes\linux-loongarch64\native\libSkiaSharp.so
                                     NuGetPackageId=SkiaSharp.NativeAssets.Linux.NoDependencies
                                     NuGetPackageVersion=3.119.0
                                     PathInPackage=runtimes/linux-loongarch64/native/libSkiaSharp.so
                                     RuntimeIdentifier=linux-loongarch64
                             C:\Users\jim liu\.nuget\packages\skiasharp.nativeassets.linux.nodependencies\3.119.0\runtimes\linux-musl-arm\native\libSkiaSharp.so
                                     AssetType=native
                                     CopyLocal=true
                                     DestinationSubDirectory=runtimes\linux-musl-arm\native\
                                     DestinationSubPath=runtimes\linux-musl-arm\native\libSkiaSharp.so
                                     NuGetPackageId=SkiaSharp.NativeAssets.Linux.NoDependencies
                                     NuGetPackageVersion=3.119.0
                                     PathInPackage=runtimes/linux-musl-arm/native/libSkiaSharp.so
                                     RuntimeIdentifier=linux-musl-arm
                             C:\Users\jim liu\.nuget\packages\skiasharp.nativeassets.linux.nodependencies\3.119.0\runtimes\linux-musl-arm64\native\libSkiaSharp.so
                                     AssetType=native
                                     CopyLocal=true
                                     DestinationSubDirectory=runtimes\linux-musl-arm64\native\
                                     DestinationSubPath=runtimes\linux-musl-arm64\native\libSkiaSharp.so
                                     NuGetPackageId=SkiaSharp.NativeAssets.Linux.NoDependencies
                                     NuGetPackageVersion=3.119.0
                                     PathInPackage=runtimes/linux-musl-arm64/native/libSkiaSharp.so
                                     RuntimeIdentifier=linux-musl-arm64
                             C:\Users\jim liu\.nuget\packages\skiasharp.nativeassets.linux.nodependencies\3.119.0\runtimes\linux-musl-loongarch64\native\libSkiaSharp.so
                                     AssetType=native
                                     CopyLocal=true
                                     DestinationSubDirectory=runtimes\linux-musl-loongarch64\native\
                                     DestinationSubPath=runtimes\linux-musl-loongarch64\native\libSkiaSharp.so
                                     NuGetPackageId=SkiaSharp.NativeAssets.Linux.NoDependencies
                                     NuGetPackageVersion=3.119.0
                                     PathInPackage=runtimes/linux-musl-loongarch64/native/libSkiaSharp.so
                                     RuntimeIdentifier=linux-musl-loongarch64
                             C:\Users\jim liu\.nuget\packages\skiasharp.nativeassets.linux.nodependencies\3.119.0\runtimes\linux-musl-riscv64\native\libSkiaSharp.so
                                     AssetType=native
                                     CopyLocal=true
                                     DestinationSubDirectory=runtimes\linux-musl-riscv64\native\
                                     DestinationSubPath=runtimes\linux-musl-riscv64\native\libSkiaSharp.so
                                     NuGetPackageId=SkiaSharp.NativeAssets.Linux.NoDependencies
                                     NuGetPackageVersion=3.119.0
                                     PathInPackage=runtimes/linux-musl-riscv64/native/libSkiaSharp.so
                                     RuntimeIdentifier=linux-musl-riscv64
                             C:\Users\jim liu\.nuget\packages\skiasharp.nativeassets.linux.nodependencies\3.119.0\runtimes\linux-musl-x64\native\libSkiaSharp.so
                                     AssetType=native
                                     CopyLocal=true
                                     DestinationSubDirectory=runtimes\linux-musl-x64\native\
                                     DestinationSubPath=runtimes\linux-musl-x64\native\libSkiaSharp.so
                                     NuGetPackageId=SkiaSharp.NativeAssets.Linux.NoDependencies
                                     NuGetPackageVersion=3.119.0
                                     PathInPackage=runtimes/linux-musl-x64/native/libSkiaSharp.so
                                     RuntimeIdentifier=linux-musl-x64
                             C:\Users\jim liu\.nuget\packages\skiasharp.nativeassets.linux.nodependencies\3.119.0\runtimes\linux-riscv64\native\libSkiaSharp.so
                                     AssetType=native
                                     CopyLocal=true
                                     DestinationSubDirectory=runtimes\linux-riscv64\native\
                                     DestinationSubPath=runtimes\linux-riscv64\native\libSkiaSharp.so
                                     NuGetPackageId=SkiaSharp.NativeAssets.Linux.NoDependencies
                                     NuGetPackageVersion=3.119.0
                                     PathInPackage=runtimes/linux-riscv64/native/libSkiaSharp.so
                                     RuntimeIdentifier=linux-riscv64
                             C:\Users\jim liu\.nuget\packages\skiasharp.nativeassets.linux.nodependencies\3.119.0\runtimes\linux-x64\native\libSkiaSharp.so
                                     AssetType=native
                                     CopyLocal=true
                                     DestinationSubDirectory=runtimes\linux-x64\native\
                                     DestinationSubPath=runtimes\linux-x64\native\libSkiaSharp.so
                                     NuGetPackageId=SkiaSharp.NativeAssets.Linux.NoDependencies
                                     NuGetPackageVersion=3.119.0
                                     PathInPackage=runtimes/linux-x64/native/libSkiaSharp.so
                                     RuntimeIdentifier=linux-x64
                             C:\Users\jim liu\.nuget\packages\skiasharp.nativeassets.linux.nodependencies\3.119.0\runtimes\linux-x86\native\libSkiaSharp.so
                                     AssetType=native
                                     CopyLocal=true
                                     DestinationSubDirectory=runtimes\linux-x86\native\
                                     DestinationSubPath=runtimes\linux-x86\native\libSkiaSharp.so
                                     NuGetPackageId=SkiaSharp.NativeAssets.Linux.NoDependencies
                                     NuGetPackageVersion=3.119.0
                                     PathInPackage=runtimes/linux-x86/native/libSkiaSharp.so
                                     RuntimeIdentifier=linux-x86
                             C:\Users\jim liu\.nuget\packages\skiasharp.nativeassets.macos\3.119.0\runtimes\osx\native\libSkiaSharp.dylib
                                     AssetType=native
                                     CopyLocal=true
                                     DestinationSubDirectory=runtimes\osx\native\
                                     DestinationSubPath=runtimes\osx\native\libSkiaSharp.dylib
                                     NuGetPackageId=SkiaSharp.NativeAssets.macOS
                                     NuGetPackageVersion=3.119.0
                                     PathInPackage=runtimes/osx/native/libSkiaSharp.dylib
                                     RuntimeIdentifier=osx
                             C:\Users\jim liu\.nuget\packages\skiasharp.nativeassets.win32\3.119.0\runtimes\win-arm64\native\libSkiaSharp.dll
                                     AssetType=native
                                     CopyLocal=true
                                     DestinationSubDirectory=runtimes\win-arm64\native\
                                     DestinationSubPath=runtimes\win-arm64\native\libSkiaSharp.dll
                                     NuGetPackageId=SkiaSharp.NativeAssets.Win32
                                     NuGetPackageVersion=3.119.0
                                     PathInPackage=runtimes/win-arm64/native/libSkiaSharp.dll
                                     RuntimeIdentifier=win-arm64
                             C:\Users\jim liu\.nuget\packages\skiasharp.nativeassets.win32\3.119.0\runtimes\win-x64\native\libSkiaSharp.dll
                                     AssetType=native
                                     CopyLocal=true
                                     DestinationSubDirectory=runtimes\win-x64\native\
                                     DestinationSubPath=runtimes\win-x64\native\libSkiaSharp.dll
                                     NuGetPackageId=SkiaSharp.NativeAssets.Win32
                                     NuGetPackageVersion=3.119.0
                                     PathInPackage=runtimes/win-x64/native/libSkiaSharp.dll
                                     RuntimeIdentifier=win-x64
                             C:\Users\jim liu\.nuget\packages\skiasharp.nativeassets.win32\3.119.0\runtimes\win-x86\native\libSkiaSharp.dll
                                     AssetType=native
                                     CopyLocal=true
                                     DestinationSubDirectory=runtimes\win-x86\native\
                                     DestinationSubPath=runtimes\win-x86\native\libSkiaSharp.dll
                                     NuGetPackageId=SkiaSharp.NativeAssets.Win32
                                     NuGetPackageVersion=3.119.0
                                     PathInPackage=runtimes/win-x86/native/libSkiaSharp.dll
                                     RuntimeIdentifier=win-x86
                             C:\Users\jim liu\.nuget\packages\sqlitepclraw.lib.e_sqlite3\2.1.11\runtimes\browser-wasm\nativeassets\net9.0\e_sqlite3.a
                                     AssetType=native
                                     CopyLocal=true
                                     DestinationSubDirectory=runtimes\browser-wasm\nativeassets\net9.0\
                                     DestinationSubPath=runtimes\browser-wasm\nativeassets\net9.0\e_sqlite3.a
                                     NuGetPackageId=SQLitePCLRaw.lib.e_sqlite3
                                     NuGetPackageVersion=2.1.11
                                     PathInPackage=runtimes/browser-wasm/nativeassets/net9.0/e_sqlite3.a
                                     RuntimeIdentifier=browser-wasm
                             C:\Users\jim liu\.nuget\packages\sqlitepclraw.lib.e_sqlite3\2.1.11\runtimes\linux-arm\native\libe_sqlite3.so
                                     AssetType=native
                                     CopyLocal=true
                                     DestinationSubDirectory=runtimes\linux-arm\native\
                                     DestinationSubPath=runtimes\linux-arm\native\libe_sqlite3.so
                                     NuGetPackageId=SQLitePCLRaw.lib.e_sqlite3
                                     NuGetPackageVersion=2.1.11
                                     PathInPackage=runtimes/linux-arm/native/libe_sqlite3.so
                                     RuntimeIdentifier=linux-arm
                             C:\Users\jim liu\.nuget\packages\sqlitepclraw.lib.e_sqlite3\2.1.11\runtimes\linux-arm64\native\libe_sqlite3.so
                                     AssetType=native
                                     CopyLocal=true
                                     DestinationSubDirectory=runtimes\linux-arm64\native\
                                     DestinationSubPath=runtimes\linux-arm64\native\libe_sqlite3.so
                                     NuGetPackageId=SQLitePCLRaw.lib.e_sqlite3
                                     NuGetPackageVersion=2.1.11
                                     PathInPackage=runtimes/linux-arm64/native/libe_sqlite3.so
                                     RuntimeIdentifier=linux-arm64
                             C:\Users\jim liu\.nuget\packages\sqlitepclraw.lib.e_sqlite3\2.1.11\runtimes\linux-armel\native\libe_sqlite3.so
                                     AssetType=native
                                     CopyLocal=true
                                     DestinationSubDirectory=runtimes\linux-armel\native\
                                     DestinationSubPath=runtimes\linux-armel\native\libe_sqlite3.so
                                     NuGetPackageId=SQLitePCLRaw.lib.e_sqlite3
                                     NuGetPackageVersion=2.1.11
                                     PathInPackage=runtimes/linux-armel/native/libe_sqlite3.so
                                     RuntimeIdentifier=linux-armel
                             C:\Users\jim liu\.nuget\packages\sqlitepclraw.lib.e_sqlite3\2.1.11\runtimes\linux-mips64\native\libe_sqlite3.so
                                     AssetType=native
                                     CopyLocal=true
                                     DestinationSubDirectory=runtimes\linux-mips64\native\
                                     DestinationSubPath=runtimes\linux-mips64\native\libe_sqlite3.so
                                     NuGetPackageId=SQLitePCLRaw.lib.e_sqlite3
                                     NuGetPackageVersion=2.1.11
                                     PathInPackage=runtimes/linux-mips64/native/libe_sqlite3.so
                                     RuntimeIdentifier=linux-mips64
                             C:\Users\jim liu\.nuget\packages\sqlitepclraw.lib.e_sqlite3\2.1.11\runtimes\linux-musl-arm\native\libe_sqlite3.so
                                     AssetType=native
                                     CopyLocal=true
                                     DestinationSubDirectory=runtimes\linux-musl-arm\native\
                                     DestinationSubPath=runtimes\linux-musl-arm\native\libe_sqlite3.so
                                     NuGetPackageId=SQLitePCLRaw.lib.e_sqlite3
                                     NuGetPackageVersion=2.1.11
                                     PathInPackage=runtimes/linux-musl-arm/native/libe_sqlite3.so
                                     RuntimeIdentifier=linux-musl-arm
                             C:\Users\jim liu\.nuget\packages\sqlitepclraw.lib.e_sqlite3\2.1.11\runtimes\linux-musl-arm64\native\libe_sqlite3.so
                                     AssetType=native
                                     CopyLocal=true
                                     DestinationSubDirectory=runtimes\linux-musl-arm64\native\
                                     DestinationSubPath=runtimes\linux-musl-arm64\native\libe_sqlite3.so
                                     NuGetPackageId=SQLitePCLRaw.lib.e_sqlite3
                                     NuGetPackageVersion=2.1.11
                                     PathInPackage=runtimes/linux-musl-arm64/native/libe_sqlite3.so
                                     RuntimeIdentifier=linux-musl-arm64
                             C:\Users\jim liu\.nuget\packages\sqlitepclraw.lib.e_sqlite3\2.1.11\runtimes\linux-musl-riscv64\native\libe_sqlite3.so
                                     AssetType=native
                                     CopyLocal=true
                                     DestinationSubDirectory=runtimes\linux-musl-riscv64\native\
                                     DestinationSubPath=runtimes\linux-musl-riscv64\native\libe_sqlite3.so
                                     NuGetPackageId=SQLitePCLRaw.lib.e_sqlite3
                                     NuGetPackageVersion=2.1.11
                                     PathInPackage=runtimes/linux-musl-riscv64/native/libe_sqlite3.so
                                     RuntimeIdentifier=linux-musl-riscv64
                             C:\Users\jim liu\.nuget\packages\sqlitepclraw.lib.e_sqlite3\2.1.11\runtimes\linux-musl-s390x\native\libe_sqlite3.so
                                     AssetType=native
                                     CopyLocal=true
                                     DestinationSubDirectory=runtimes\linux-musl-s390x\native\
                                     DestinationSubPath=runtimes\linux-musl-s390x\native\libe_sqlite3.so
                                     NuGetPackageId=SQLitePCLRaw.lib.e_sqlite3
                                     NuGetPackageVersion=2.1.11
                                     PathInPackage=runtimes/linux-musl-s390x/native/libe_sqlite3.so
                                     RuntimeIdentifier=linux-musl-s390x
                             C:\Users\jim liu\.nuget\packages\sqlitepclraw.lib.e_sqlite3\2.1.11\runtimes\linux-musl-x64\native\libe_sqlite3.so
                                     AssetType=native
                                     CopyLocal=true
                                     DestinationSubDirectory=runtimes\linux-musl-x64\native\
                                     DestinationSubPath=runtimes\linux-musl-x64\native\libe_sqlite3.so
                                     NuGetPackageId=SQLitePCLRaw.lib.e_sqlite3
                                     NuGetPackageVersion=2.1.11
                                     PathInPackage=runtimes/linux-musl-x64/native/libe_sqlite3.so
                                     RuntimeIdentifier=linux-musl-x64
                             C:\Users\jim liu\.nuget\packages\sqlitepclraw.lib.e_sqlite3\2.1.11\runtimes\linux-ppc64le\native\libe_sqlite3.so
                                     AssetType=native
                                     CopyLocal=true
                                     DestinationSubDirectory=runtimes\linux-ppc64le\native\
                                     DestinationSubPath=runtimes\linux-ppc64le\native\libe_sqlite3.so
                                     NuGetPackageId=SQLitePCLRaw.lib.e_sqlite3
                                     NuGetPackageVersion=2.1.11
                                     PathInPackage=runtimes/linux-ppc64le/native/libe_sqlite3.so
                                     RuntimeIdentifier=linux-ppc64le
                             C:\Users\jim liu\.nuget\packages\sqlitepclraw.lib.e_sqlite3\2.1.11\runtimes\linux-riscv64\native\libe_sqlite3.so
                                     AssetType=native
                                     CopyLocal=true
                                     DestinationSubDirectory=runtimes\linux-riscv64\native\
                                     DestinationSubPath=runtimes\linux-riscv64\native\libe_sqlite3.so
                                     NuGetPackageId=SQLitePCLRaw.lib.e_sqlite3
                                     NuGetPackageVersion=2.1.11
                                     PathInPackage=runtimes/linux-riscv64/native/libe_sqlite3.so
                                     RuntimeIdentifier=linux-riscv64
                             C:\Users\jim liu\.nuget\packages\sqlitepclraw.lib.e_sqlite3\2.1.11\runtimes\linux-s390x\native\libe_sqlite3.so
                                     AssetType=native
                                     CopyLocal=true
                                     DestinationSubDirectory=runtimes\linux-s390x\native\
                                     DestinationSubPath=runtimes\linux-s390x\native\libe_sqlite3.so
                                     NuGetPackageId=SQLitePCLRaw.lib.e_sqlite3
                                     NuGetPackageVersion=2.1.11
                                     PathInPackage=runtimes/linux-s390x/native/libe_sqlite3.so
                                     RuntimeIdentifier=linux-s390x
                             C:\Users\jim liu\.nuget\packages\sqlitepclraw.lib.e_sqlite3\2.1.11\runtimes\linux-x64\native\libe_sqlite3.so
                                     AssetType=native
                                     CopyLocal=true
                                     DestinationSubDirectory=runtimes\linux-x64\native\
                                     DestinationSubPath=runtimes\linux-x64\native\libe_sqlite3.so
                                     NuGetPackageId=SQLitePCLRaw.lib.e_sqlite3
                                     NuGetPackageVersion=2.1.11
                                     PathInPackage=runtimes/linux-x64/native/libe_sqlite3.so
                                     RuntimeIdentifier=linux-x64
                             C:\Users\jim liu\.nuget\packages\sqlitepclraw.lib.e_sqlite3\2.1.11\runtimes\linux-x86\native\libe_sqlite3.so
                                     AssetType=native
                                     CopyLocal=true
                                     DestinationSubDirectory=runtimes\linux-x86\native\
                                     DestinationSubPath=runtimes\linux-x86\native\libe_sqlite3.so
                                     NuGetPackageId=SQLitePCLRaw.lib.e_sqlite3
                                     NuGetPackageVersion=2.1.11
                                     PathInPackage=runtimes/linux-x86/native/libe_sqlite3.so
                                     RuntimeIdentifier=linux-x86
                             C:\Users\jim liu\.nuget\packages\sqlitepclraw.lib.e_sqlite3\2.1.11\runtimes\maccatalyst-arm64\native\libe_sqlite3.dylib
                                     AssetType=native
                                     CopyLocal=true
                                     DestinationSubDirectory=runtimes\maccatalyst-arm64\native\
                                     DestinationSubPath=runtimes\maccatalyst-arm64\native\libe_sqlite3.dylib
                                     NuGetPackageId=SQLitePCLRaw.lib.e_sqlite3
                                     NuGetPackageVersion=2.1.11
                                     PathInPackage=runtimes/maccatalyst-arm64/native/libe_sqlite3.dylib
                                     RuntimeIdentifier=maccatalyst-arm64
                             C:\Users\jim liu\.nuget\packages\sqlitepclraw.lib.e_sqlite3\2.1.11\runtimes\maccatalyst-x64\native\libe_sqlite3.dylib
                                     AssetType=native
                                     CopyLocal=true
                                     DestinationSubDirectory=runtimes\maccatalyst-x64\native\
                                     DestinationSubPath=runtimes\maccatalyst-x64\native\libe_sqlite3.dylib
                                     NuGetPackageId=SQLitePCLRaw.lib.e_sqlite3
                                     NuGetPackageVersion=2.1.11
                                     PathInPackage=runtimes/maccatalyst-x64/native/libe_sqlite3.dylib
                                     RuntimeIdentifier=maccatalyst-x64
                             C:\Users\jim liu\.nuget\packages\sqlitepclraw.lib.e_sqlite3\2.1.11\runtimes\osx-arm64\native\libe_sqlite3.dylib
                                     AssetType=native
                                     CopyLocal=true
                                     DestinationSubDirectory=runtimes\osx-arm64\native\
                                     DestinationSubPath=runtimes\osx-arm64\native\libe_sqlite3.dylib
                                     NuGetPackageId=SQLitePCLRaw.lib.e_sqlite3
                                     NuGetPackageVersion=2.1.11
                                     PathInPackage=runtimes/osx-arm64/native/libe_sqlite3.dylib
                                     RuntimeIdentifier=osx-arm64
                             C:\Users\jim liu\.nuget\packages\sqlitepclraw.lib.e_sqlite3\2.1.11\runtimes\osx-x64\native\libe_sqlite3.dylib
                                     AssetType=native
                                     CopyLocal=true
                                     DestinationSubDirectory=runtimes\osx-x64\native\
                                     DestinationSubPath=runtimes\osx-x64\native\libe_sqlite3.dylib
                                     NuGetPackageId=SQLitePCLRaw.lib.e_sqlite3
                                     NuGetPackageVersion=2.1.11
                                     PathInPackage=runtimes/osx-x64/native/libe_sqlite3.dylib
                                     RuntimeIdentifier=osx-x64
                             C:\Users\jim liu\.nuget\packages\sqlitepclraw.lib.e_sqlite3\2.1.11\runtimes\win-arm\native\e_sqlite3.dll
                                     AssetType=native
                                     CopyLocal=true
                                     DestinationSubDirectory=runtimes\win-arm\native\
                                     DestinationSubPath=runtimes\win-arm\native\e_sqlite3.dll
                                     NuGetPackageId=SQLitePCLRaw.lib.e_sqlite3
                                     NuGetPackageVersion=2.1.11
                                     PathInPackage=runtimes/win-arm/native/e_sqlite3.dll
                                     RuntimeIdentifier=win-arm
                             C:\Users\jim liu\.nuget\packages\sqlitepclraw.lib.e_sqlite3\2.1.11\runtimes\win-arm64\native\e_sqlite3.dll
                                     AssetType=native
                                     CopyLocal=true
                                     DestinationSubDirectory=runtimes\win-arm64\native\
                                     DestinationSubPath=runtimes\win-arm64\native\e_sqlite3.dll
                                     NuGetPackageId=SQLitePCLRaw.lib.e_sqlite3
                                     NuGetPackageVersion=2.1.11
                                     PathInPackage=runtimes/win-arm64/native/e_sqlite3.dll
                                     RuntimeIdentifier=win-arm64
                             C:\Users\jim liu\.nuget\packages\sqlitepclraw.lib.e_sqlite3\2.1.11\runtimes\win-x64\native\e_sqlite3.dll
                                     AssetType=native
                                     CopyLocal=true
                                     DestinationSubDirectory=runtimes\win-x64\native\
                                     DestinationSubPath=runtimes\win-x64\native\e_sqlite3.dll
                                     NuGetPackageId=SQLitePCLRaw.lib.e_sqlite3
                                     NuGetPackageVersion=2.1.11
                                     PathInPackage=runtimes/win-x64/native/e_sqlite3.dll
                                     RuntimeIdentifier=win-x64
                             C:\Users\jim liu\.nuget\packages\sqlitepclraw.lib.e_sqlite3\2.1.11\runtimes\win-x86\native\e_sqlite3.dll
                                     AssetType=native
                                     CopyLocal=true
                                     DestinationSubDirectory=runtimes\win-x86\native\
                                     DestinationSubPath=runtimes\win-x86\native\e_sqlite3.dll
                                     NuGetPackageId=SQLitePCLRaw.lib.e_sqlite3
                                     NuGetPackageVersion=2.1.11
                                     PathInPackage=runtimes/win-x86/native/e_sqlite3.dll
                                     RuntimeIdentifier=win-x86 (任务 ID: 23)
                     输出项: 
                         ResolvedCompileFileDefinitions=
                             C:\Users\jim liu\.nuget\packages\harfbuzzsharp\8.3.1.1\lib\net8.0\HarfBuzzSharp.dll
                                     ExternallyResolved=true
                                     HintPath=C:\Users\jim liu\.nuget\packages\harfbuzzsharp\8.3.1.1\lib\net8.0\HarfBuzzSharp.dll
                                     NuGetPackageId=HarfBuzzSharp
                                     NuGetPackageVersion=8.3.1.1
                                     NuGetSourceType=Package
                                     PathInPackage=lib/net8.0/HarfBuzzSharp.dll
                                     Private=false
                             C:\Users\jim liu\.nuget\packages\microsoft.data.sqlite.core\10.0.5\lib\net8.0\Microsoft.Data.Sqlite.dll
                                     ExternallyResolved=true
                                     HintPath=C:\Users\jim liu\.nuget\packages\microsoft.data.sqlite.core\10.0.5\lib\net8.0\Microsoft.Data.Sqlite.dll
                                     NuGetPackageId=Microsoft.Data.Sqlite.Core
                                     NuGetPackageVersion=10.0.5
                                     NuGetSourceType=Package
                                     PathInPackage=lib/net8.0/Microsoft.Data.Sqlite.dll
                                     Private=false
                             C:\Users\jim liu\.nuget\packages\microsoft.diagnostics.netcore.client\0.2.510501\lib\net6.0\Microsoft.Diagnostics.NETCore.Client.dll
                                     ExternallyResolved=true
                                     HintPath=C:\Users\jim liu\.nuget\packages\microsoft.diagnostics.netcore.client\0.2.510501\lib\net6.0\Microsoft.Diagnostics.NETCore.Client.dll
                                     NuGetPackageId=Microsoft.Diagnostics.NETCore.Client
                                     NuGetPackageVersion=0.2.510501
                                     NuGetSourceType=Package
                                     PathInPackage=lib/net6.0/Microsoft.Diagnostics.NETCore.Client.dll
                                     Private=false
                             C:\Users\jim liu\.nuget\packages\microsoft.diagnostics.tracing.traceevent\3.1.30\lib\netstandard2.0\Dia2Lib.dll
                                     ExternallyResolved=true
                                     HintPath=C:\Users\jim liu\.nuget\packages\microsoft.diagnostics.tracing.traceevent\3.1.30\lib\netstandard2.0\Dia2Lib.dll
                                     NuGetPackageId=Microsoft.Diagnostics.Tracing.TraceEvent
                                     NuGetPackageVersion=3.1.30
                                     NuGetSourceType=Package
                                     PathInPackage=lib/netstandard2.0/Dia2Lib.dll
                                     Private=false
                             C:\Users\jim liu\.nuget\packages\microsoft.diagnostics.tracing.traceevent\3.1.30\lib\netstandard2.0\Microsoft.Diagnostics.FastSerialization.dll
                                     ExternallyResolved=true
                                     HintPath=C:\Users\jim liu\.nuget\packages\microsoft.diagnostics.tracing.traceevent\3.1.30\lib\netstandard2.0\Microsoft.Diagnostics.FastSerialization.dll
                                     NuGetPackageId=Microsoft.Diagnostics.Tracing.TraceEvent
                                     NuGetPackageVersion=3.1.30
                                     NuGetSourceType=Package
                                     PathInPackage=lib/netstandard2.0/Microsoft.Diagnostics.FastSerialization.dll
                                     Private=false
                             C:\Users\jim liu\.nuget\packages\microsoft.diagnostics.tracing.traceevent\3.1.30\lib\netstandard2.0\Microsoft.Diagnostics.Tracing.TraceEvent.dll
                                     ExternallyResolved=true
                                     HintPath=C:\Users\jim liu\.nuget\packages\microsoft.diagnostics.tracing.traceevent\3.1.30\lib\netstandard2.0\Microsoft.Diagnostics.Tracing.TraceEvent.dll
                                     NuGetPackageId=Microsoft.Diagnostics.Tracing.TraceEvent
                                     NuGetPackageVersion=3.1.30
                                     NuGetSourceType=Package
                                     PathInPackage=lib/netstandard2.0/Microsoft.Diagnostics.Tracing.TraceEvent.dll
                                     Private=false
                             C:\Users\jim liu\.nuget\packages\microsoft.diagnostics.tracing.traceevent\3.1.30\lib\netstandard2.0\TraceReloggerLib.dll
                                     ExternallyResolved=true
                                     HintPath=C:\Users\jim liu\.nuget\packages\microsoft.diagnostics.tracing.traceevent\3.1.30\lib\netstandard2.0\TraceReloggerLib.dll
                                     NuGetPackageId=Microsoft.Diagnostics.Tracing.TraceEvent
                                     NuGetPackageVersion=3.1.30
                                     NuGetSourceType=Package
                                     PathInPackage=lib/netstandard2.0/TraceReloggerLib.dll
                                     Private=false
                             C:\Users\jim liu\.nuget\packages\microsoft.extensions.dependencyinjection\6.0.0\lib\net6.0\Microsoft.Extensions.DependencyInjection.dll
                                     ExternallyResolved=true
                                     HintPath=C:\Users\jim liu\.nuget\packages\microsoft.extensions.dependencyinjection\6.0.0\lib\net6.0\Microsoft.Extensions.DependencyInjection.dll
                                     NuGetPackageId=Microsoft.Extensions.DependencyInjection
                                     NuGetPackageVersion=6.0.0
                                     NuGetSourceType=Package
                                     PathInPackage=lib/net6.0/Microsoft.Extensions.DependencyInjection.dll
                                     Private=false
                             C:\Users\jim liu\.nuget\packages\microsoft.extensions.dependencyinjection.abstractions\6.0.0\lib\net6.0\Microsoft.Extensions.DependencyInjection.Abstractions.dll
                                     ExternallyResolved=true
                                     HintPath=C:\Users\jim liu\.nuget\packages\microsoft.extensions.dependencyinjection.abstractions\6.0.0\lib\net6.0\Microsoft.Extensions.DependencyInjection.Abstractions.dll
                                     NuGetPackageId=Microsoft.Extensions.DependencyInjection.Abstractions
                                     NuGetPackageVersion=6.0.0
                                     NuGetSourceType=Package
                                     PathInPackage=lib/net6.0/Microsoft.Extensions.DependencyInjection.Abstractions.dll
                                     Private=false
                             C:\Users\jim liu\.nuget\packages\microsoft.extensions.logging\6.0.0\lib\netstandard2.1\Microsoft.Extensions.Logging.dll
                                     ExternallyResolved=true
                                     HintPath=C:\Users\jim liu\.nuget\packages\microsoft.extensions.logging\6.0.0\lib\netstandard2.1\Microsoft.Extensions.Logging.dll
                                     NuGetPackageId=Microsoft.Extensions.Logging
                                     NuGetPackageVersion=6.0.0
                                     NuGetSourceType=Package
                                     PathInPackage=lib/netstandard2.1/Microsoft.Extensions.Logging.dll
                                     Private=false
                             C:\Users\jim liu\.nuget\packages\microsoft.extensions.logging.abstractions\6.0.0\lib\net6.0\Microsoft.Extensions.Logging.Abstractions.dll
                                     ExternallyResolved=true
                                     HintPath=C:\Users\jim liu\.nuget\packages\microsoft.extensions.logging.abstractions\6.0.0\lib\net6.0\Microsoft.Extensions.Logging.Abstractions.dll
                                     NuGetPackageId=Microsoft.Extensions.Logging.Abstractions
                                     NuGetPackageVersion=6.0.0
                                     NuGetSourceType=Package
                                     PathInPackage=lib/net6.0/Microsoft.Extensions.Logging.Abstractions.dll
                                     Private=false
                             C:\Users\jim liu\.nuget\packages\microsoft.extensions.options\6.0.0\lib\netstandard2.1\Microsoft.Extensions.Options.dll
                                     ExternallyResolved=true
                                     HintPath=C:\Users\jim liu\.nuget\packages\microsoft.extensions.options\6.0.0\lib\netstandard2.1\Microsoft.Extensions.Options.dll
                                     NuGetPackageId=Microsoft.Extensions.Options
                                     NuGetPackageVersion=6.0.0
                                     NuGetSourceType=Package
                                     PathInPackage=lib/netstandard2.1/Microsoft.Extensions.Options.dll
                                     Private=false
                             C:\Users\jim liu\.nuget\packages\microsoft.extensions.primitives\6.0.0\lib\net6.0\Microsoft.Extensions.Primitives.dll
                                     ExternallyResolved=true
                                     HintPath=C:\Users\jim liu\.nuget\packages\microsoft.extensions.primitives\6.0.0\lib\net6.0\Microsoft.Extensions.Primitives.dll
                                     NuGetPackageId=Microsoft.Extensions.Primitives
                                     NuGetPackageVersion=6.0.0
                                     NuGetSourceType=Package
                                     PathInPackage=lib/net6.0/Microsoft.Extensions.Primitives.dll
                                     Private=false
                             C:\Users\jim liu\.nuget\packages\scottplot\5.1.58\lib\net10.0\ScottPlot.dll
                                     ExternallyResolved=true
                                     HintPath=C:\Users\jim liu\.nuget\packages\scottplot\5.1.58\lib\net10.0\ScottPlot.dll
                                     NuGetPackageId=ScottPlot
                                     NuGetPackageVersion=5.1.58
                                     NuGetSourceType=Package
                                     PathInPackage=lib/net10.0/ScottPlot.dll
                                     Private=false
                             C:\Users\jim liu\.nuget\packages\skiasharp\3.119.0\ref\net8.0\SkiaSharp.dll
                                     ExternallyResolved=true
                                     HintPath=C:\Users\jim liu\.nuget\packages\skiasharp\3.119.0\ref\net8.0\SkiaSharp.dll
                                     NuGetPackageId=SkiaSharp
                                     NuGetPackageVersion=3.119.0
                                     NuGetSourceType=Package
                                     PathInPackage=ref/net8.0/SkiaSharp.dll
                                     Private=false
                             C:\Users\jim liu\.nuget\packages\skiasharp.harfbuzz\3.119.0\lib\net8.0\SkiaSharp.HarfBuzz.dll
                                     ExternallyResolved=true
                                     HintPath=C:\Users\jim liu\.nuget\packages\skiasharp.harfbuzz\3.119.0\lib\net8.0\SkiaSharp.HarfBuzz.dll
                                     NuGetPackageId=SkiaSharp.HarfBuzz
                                     NuGetPackageVersion=3.119.0
                                     NuGetSourceType=Package
                                     PathInPackage=lib/net8.0/SkiaSharp.HarfBuzz.dll
                                     Private=false
                             C:\Users\jim liu\.nuget\packages\sqlitepclraw.bundle_e_sqlite3\2.1.11\lib\netstandard2.0\SQLitePCLRaw.batteries_v2.dll
                                     ExternallyResolved=true
                                     HintPath=C:\Users\jim liu\.nuget\packages\sqlitepclraw.bundle_e_sqlite3\2.1.11\lib\netstandard2.0\SQLitePCLRaw.batteries_v2.dll
                                     NuGetPackageId=SQLitePCLRaw.bundle_e_sqlite3
                                     NuGetPackageVersion=2.1.11
                                     NuGetSourceType=Package
                                     PathInPackage=lib/netstandard2.0/SQLitePCLRaw.batteries_v2.dll
                                     Private=false
                             C:\Users\jim liu\.nuget\packages\sqlitepclraw.core\2.1.11\lib\netstandard2.0\SQLitePCLRaw.core.dll
                                     ExternallyResolved=true
                                     HintPath=C:\Users\jim liu\.nuget\packages\sqlitepclraw.core\2.1.11\lib\netstandard2.0\SQLitePCLRaw.core.dll
                                     NuGetPackageId=SQLitePCLRaw.core
                                     NuGetPackageVersion=2.1.11
                                     NuGetSourceType=Package
                                     PathInPackage=lib/netstandard2.0/SQLitePCLRaw.core.dll
                                     Private=false
                             C:\Users\jim liu\.nuget\packages\sqlitepclraw.provider.e_sqlite3\2.1.11\lib\net6.0-windows7.0\SQLitePCLRaw.provider.e_sqlite3.dll
                                     ExternallyResolved=true
                                     HintPath=C:\Users\jim liu\.nuget\packages\sqlitepclraw.provider.e_sqlite3\2.1.11\lib\net6.0-windows7.0\SQLitePCLRaw.provider.e_sqlite3.dll
                                     NuGetPackageId=SQLitePCLRaw.provider.e_sqlite3
                                     NuGetPackageVersion=2.1.11
                                     NuGetSourceType=Package
                                     PathInPackage=lib/net6.0-windows7.0/SQLitePCLRaw.provider.e_sqlite3.dll
                                     Private=false (任务 ID: 23)
                     输出项: 
                         AssetsFilePackageFolder=
                             C:\Users\jim liu\.nuget\packages\
                             d:\Program Files\Microsoft Visual Studio\Shared\NuGetPackages (任务 ID: 23)
                     输出项: 
                         PackageDependencies=
                             HarfBuzzSharp
                             HarfBuzzSharp.NativeAssets.Linux
                             HarfBuzzSharp.NativeAssets.macOS
                             HarfBuzzSharp.NativeAssets.Win32
                             Microsoft.Data.Sqlite
                             Microsoft.Data.Sqlite.Core
                             Microsoft.Diagnostics.NETCore.Client
                             Microsoft.Diagnostics.Tracing.TraceEvent
                             Microsoft.Extensions.DependencyInjection
                             Microsoft.Extensions.DependencyInjection.Abstractions
                             Microsoft.Extensions.Logging
                             Microsoft.Extensions.Logging.Abstractions
                             Microsoft.Extensions.Options
                             Microsoft.Extensions.Primitives
                             ScottPlot
                             SkiaSharp
                             SkiaSharp.HarfBuzz
                             SkiaSharp.NativeAssets.Linux.NoDependencies
                             SkiaSharp.NativeAssets.macOS
                             SkiaSharp.NativeAssets.Win32
                             SQLitePCLRaw.bundle_e_sqlite3
                             SQLitePCLRaw.core
                             SQLitePCLRaw.lib.e_sqlite3
                             SQLitePCLRaw.provider.e_sqlite3
                             System.Reflection.TypeExtensions (任务 ID: 23)
                     输出项: 
                         _PackageDependenciesDesignTime=
                             Microsoft.Data.Sqlite/10.0.5
                                     IsImplicitlyDefined=False
                                     Name=Microsoft.Data.Sqlite
                                     Path=C:\Users\jim liu\.nuget\packages\microsoft.data.sqlite\10.0.5
                                     Resolved=True
                                     Version=10.0.5
                             ScottPlot/5.1.58
                                     IsImplicitlyDefined=False
                                     Name=ScottPlot
                                     Path=C:\Users\jim liu\.nuget\packages\scottplot\5.1.58
                                     Resolved=True
                                     Version=5.1.58 (任务 ID: 23)
                   已完成执行任务“ResolvePackageAssets”的操作。 (任务 ID: 23)
13:40:40.843     1>已完成在项目“WinFormsApp1.Desktop.csproj”中生成目标“ResolvePackageAssets”的操作。: (目标 ID: 46)
13:40:40.843     1>来自项目“F:\C#\WinFormsApp1.WpfRefactor\WinFormsApp1.Desktop\WinFormsApp1.Desktop.csproj”的文件“C:\Program Files\dotnet\sdk\10.0.201\Sdks\Microsoft.NET.Sdk\targets\Microsoft.PackageDependencyResolution.targets”中的目标“ResolveLockFileReferences: (目标 ID: 47)”(目标“ResolvePackageDependenciesForBuild”依赖于它):
                   正在使用程序集“C:\Program Files\dotnet\sdk\10.0.201\Sdks\Microsoft.NET.Sdk\targets\..\tools\net10.0\Microsoft.NET.Build.Tasks.dll”中的“JoinItems”任务。
                   任务“JoinItems” (任务 ID: 24)
                     任务参数:RightMetadata=* (任务 ID: 24)
                     任务参数:LeftKey=FileName (任务 ID: 24)
                     任务参数:
                         Left=
                             C:\Users\jim liu\.nuget\packages\harfbuzzsharp\8.3.1.1\lib\net8.0\HarfBuzzSharp.dll
                                     ExternallyResolved=true
                                     HintPath=C:\Users\jim liu\.nuget\packages\harfbuzzsharp\8.3.1.1\lib\net8.0\HarfBuzzSharp.dll
                                     NuGetPackageId=HarfBuzzSharp
                                     NuGetPackageVersion=8.3.1.1
                                     NuGetSourceType=Package
                                     PathInPackage=lib/net8.0/HarfBuzzSharp.dll
                                     Private=false
                             C:\Users\jim liu\.nuget\packages\microsoft.data.sqlite.core\10.0.5\lib\net8.0\Microsoft.Data.Sqlite.dll
                                     ExternallyResolved=true
                                     HintPath=C:\Users\jim liu\.nuget\packages\microsoft.data.sqlite.core\10.0.5\lib\net8.0\Microsoft.Data.Sqlite.dll
                                     NuGetPackageId=Microsoft.Data.Sqlite.Core
                                     NuGetPackageVersion=10.0.5
                                     NuGetSourceType=Package
                                     PathInPackage=lib/net8.0/Microsoft.Data.Sqlite.dll
                                     Private=false
                             C:\Users\jim liu\.nuget\packages\microsoft.diagnostics.netcore.client\0.2.510501\lib\net6.0\Microsoft.Diagnostics.NETCore.Client.dll
                                     ExternallyResolved=true
                                     HintPath=C:\Users\jim liu\.nuget\packages\microsoft.diagnostics.netcore.client\0.2.510501\lib\net6.0\Microsoft.Diagnostics.NETCore.Client.dll
                                     NuGetPackageId=Microsoft.Diagnostics.NETCore.Client
                                     NuGetPackageVersion=0.2.510501
                                     NuGetSourceType=Package
                                     PathInPackage=lib/net6.0/Microsoft.Diagnostics.NETCore.Client.dll
                                     Private=false
                             C:\Users\jim liu\.nuget\packages\microsoft.diagnostics.tracing.traceevent\3.1.30\lib\netstandard2.0\Dia2Lib.dll
                                     ExternallyResolved=true
                                     HintPath=C:\Users\jim liu\.nuget\packages\microsoft.diagnostics.tracing.traceevent\3.1.30\lib\netstandard2.0\Dia2Lib.dll
                                     NuGetPackageId=Microsoft.Diagnostics.Tracing.TraceEvent
                                     NuGetPackageVersion=3.1.30
                                     NuGetSourceType=Package
                                     PathInPackage=lib/netstandard2.0/Dia2Lib.dll
                                     Private=false
                             C:\Users\jim liu\.nuget\packages\microsoft.diagnostics.tracing.traceevent\3.1.30\lib\netstandard2.0\Microsoft.Diagnostics.FastSerialization.dll
                                     ExternallyResolved=true
                                     HintPath=C:\Users\jim liu\.nuget\packages\microsoft.diagnostics.tracing.traceevent\3.1.30\lib\netstandard2.0\Microsoft.Diagnostics.FastSerialization.dll
                                     NuGetPackageId=Microsoft.Diagnostics.Tracing.TraceEvent
                                     NuGetPackageVersion=3.1.30
                                     NuGetSourceType=Package
                                     PathInPackage=lib/netstandard2.0/Microsoft.Diagnostics.FastSerialization.dll
                                     Private=false
                             C:\Users\jim liu\.nuget\packages\microsoft.diagnostics.tracing.traceevent\3.1.30\lib\netstandard2.0\Microsoft.Diagnostics.Tracing.TraceEvent.dll
                                     ExternallyResolved=true
                                     HintPath=C:\Users\jim liu\.nuget\packages\microsoft.diagnostics.tracing.traceevent\3.1.30\lib\netstandard2.0\Microsoft.Diagnostics.Tracing.TraceEvent.dll
                                     NuGetPackageId=Microsoft.Diagnostics.Tracing.TraceEvent
                                     NuGetPackageVersion=3.1.30
                                     NuGetSourceType=Package
                                     PathInPackage=lib/netstandard2.0/Microsoft.Diagnostics.Tracing.TraceEvent.dll
                                     Private=false
                             C:\Users\jim liu\.nuget\packages\microsoft.diagnostics.tracing.traceevent\3.1.30\lib\netstandard2.0\TraceReloggerLib.dll
                                     ExternallyResolved=true
                                     HintPath=C:\Users\jim liu\.nuget\packages\microsoft.diagnostics.tracing.traceevent\3.1.30\lib\netstandard2.0\TraceReloggerLib.dll
                                     NuGetPackageId=Microsoft.Diagnostics.Tracing.TraceEvent
                                     NuGetPackageVersion=3.1.30
                                     NuGetSourceType=Package
                                     PathInPackage=lib/netstandard2.0/TraceReloggerLib.dll
                                     Private=false
                             C:\Users\jim liu\.nuget\packages\microsoft.extensions.dependencyinjection\6.0.0\lib\net6.0\Microsoft.Extensions.DependencyInjection.dll
                                     ExternallyResolved=true
                                     HintPath=C:\Users\jim liu\.nuget\packages\microsoft.extensions.dependencyinjection\6.0.0\lib\net6.0\Microsoft.Extensions.DependencyInjection.dll
                                     NuGetPackageId=Microsoft.Extensions.DependencyInjection
                                     NuGetPackageVersion=6.0.0
                                     NuGetSourceType=Package
                                     PathInPackage=lib/net6.0/Microsoft.Extensions.DependencyInjection.dll
                                     Private=false
                             C:\Users\jim liu\.nuget\packages\microsoft.extensions.dependencyinjection.abstractions\6.0.0\lib\net6.0\Microsoft.Extensions.DependencyInjection.Abstractions.dll
                                     ExternallyResolved=true
                                     HintPath=C:\Users\jim liu\.nuget\packages\microsoft.extensions.dependencyinjection.abstractions\6.0.0\lib\net6.0\Microsoft.Extensions.DependencyInjection.Abstractions.dll
                                     NuGetPackageId=Microsoft.Extensions.DependencyInjection.Abstractions
                                     NuGetPackageVersion=6.0.0
                                     NuGetSourceType=Package
                                     PathInPackage=lib/net6.0/Microsoft.Extensions.DependencyInjection.Abstractions.dll
                                     Private=false
                             C:\Users\jim liu\.nuget\packages\microsoft.extensions.logging\6.0.0\lib\netstandard2.1\Microsoft.Extensions.Logging.dll
                                     ExternallyResolved=true
                                     HintPath=C:\Users\jim liu\.nuget\packages\microsoft.extensions.logging\6.0.0\lib\netstandard2.1\Microsoft.Extensions.Logging.dll
                                     NuGetPackageId=Microsoft.Extensions.Logging
                                     NuGetPackageVersion=6.0.0
                                     NuGetSourceType=Package
                                     PathInPackage=lib/netstandard2.1/Microsoft.Extensions.Logging.dll
                                     Private=false
                             C:\Users\jim liu\.nuget\packages\microsoft.extensions.logging.abstractions\6.0.0\lib\net6.0\Microsoft.Extensions.Logging.Abstractions.dll
                                     ExternallyResolved=true
                                     HintPath=C:\Users\jim liu\.nuget\packages\microsoft.extensions.logging.abstractions\6.0.0\lib\net6.0\Microsoft.Extensions.Logging.Abstractions.dll
                                     NuGetPackageId=Microsoft.Extensions.Logging.Abstractions
                                     NuGetPackageVersion=6.0.0
                                     NuGetSourceType=Package
                                     PathInPackage=lib/net6.0/Microsoft.Extensions.Logging.Abstractions.dll
                                     Private=false
                             C:\Users\jim liu\.nuget\packages\microsoft.extensions.options\6.0.0\lib\netstandard2.1\Microsoft.Extensions.Options.dll
                                     ExternallyResolved=true
                                     HintPath=C:\Users\jim liu\.nuget\packages\microsoft.extensions.options\6.0.0\lib\netstandard2.1\Microsoft.Extensions.Options.dll
                                     NuGetPackageId=Microsoft.Extensions.Options
                                     NuGetPackageVersion=6.0.0
                                     NuGetSourceType=Package
                                     PathInPackage=lib/netstandard2.1/Microsoft.Extensions.Options.dll
                                     Private=false
                             C:\Users\jim liu\.nuget\packages\microsoft.extensions.primitives\6.0.0\lib\net6.0\Microsoft.Extensions.Primitives.dll
                                     ExternallyResolved=true
                                     HintPath=C:\Users\jim liu\.nuget\packages\microsoft.extensions.primitives\6.0.0\lib\net6.0\Microsoft.Extensions.Primitives.dll
                                     NuGetPackageId=Microsoft.Extensions.Primitives
                                     NuGetPackageVersion=6.0.0
                                     NuGetSourceType=Package
                                     PathInPackage=lib/net6.0/Microsoft.Extensions.Primitives.dll
                                     Private=false
                             C:\Users\jim liu\.nuget\packages\scottplot\5.1.58\lib\net10.0\ScottPlot.dll
                                     ExternallyResolved=true
                                     HintPath=C:\Users\jim liu\.nuget\packages\scottplot\5.1.58\lib\net10.0\ScottPlot.dll
                                     NuGetPackageId=ScottPlot
                                     NuGetPackageVersion=5.1.58
                                     NuGetSourceType=Package
                                     PathInPackage=lib/net10.0/ScottPlot.dll
                                     Private=false
                             C:\Users\jim liu\.nuget\packages\skiasharp\3.119.0\ref\net8.0\SkiaSharp.dll
                                     ExternallyResolved=true
                                     HintPath=C:\Users\jim liu\.nuget\packages\skiasharp\3.119.0\ref\net8.0\SkiaSharp.dll
                                     NuGetPackageId=SkiaSharp
                                     NuGetPackageVersion=3.119.0
                                     NuGetSourceType=Package
                                     PathInPackage=ref/net8.0/SkiaSharp.dll
                                     Private=false
                             C:\Users\jim liu\.nuget\packages\skiasharp.harfbuzz\3.119.0\lib\net8.0\SkiaSharp.HarfBuzz.dll
                                     ExternallyResolved=true
                                     HintPath=C:\Users\jim liu\.nuget\packages\skiasharp.harfbuzz\3.119.0\lib\net8.0\SkiaSharp.HarfBuzz.dll
                                     NuGetPackageId=SkiaSharp.HarfBuzz
                                     NuGetPackageVersion=3.119.0
                                     NuGetSourceType=Package
                                     PathInPackage=lib/net8.0/SkiaSharp.HarfBuzz.dll
                                     Private=false
                             C:\Users\jim liu\.nuget\packages\sqlitepclraw.bundle_e_sqlite3\2.1.11\lib\netstandard2.0\SQLitePCLRaw.batteries_v2.dll
                                     ExternallyResolved=true
                                     HintPath=C:\Users\jim liu\.nuget\packages\sqlitepclraw.bundle_e_sqlite3\2.1.11\lib\netstandard2.0\SQLitePCLRaw.batteries_v2.dll
                                     NuGetPackageId=SQLitePCLRaw.bundle_e_sqlite3
                                     NuGetPackageVersion=2.1.11
                                     NuGetSourceType=Package
                                     PathInPackage=lib/netstandard2.0/SQLitePCLRaw.batteries_v2.dll
                                     Private=false
                             C:\Users\jim liu\.nuget\packages\sqlitepclraw.core\2.1.11\lib\netstandard2.0\SQLitePCLRaw.core.dll
                                     ExternallyResolved=true
                                     HintPath=C:\Users\jim liu\.nuget\packages\sqlitepclraw.core\2.1.11\lib\netstandard2.0\SQLitePCLRaw.core.dll
                                     NuGetPackageId=SQLitePCLRaw.core
                                     NuGetPackageVersion=2.1.11
                                     NuGetSourceType=Package
                                     PathInPackage=lib/netstandard2.0/SQLitePCLRaw.core.dll
                                     Private=false
                             C:\Users\jim liu\.nuget\packages\sqlitepclraw.provider.e_sqlite3\2.1.11\lib\net6.0-windows7.0\SQLitePCLRaw.provider.e_sqlite3.dll
                                     ExternallyResolved=true
                                     HintPath=C:\Users\jim liu\.nuget\packages\sqlitepclraw.provider.e_sqlite3\2.1.11\lib\net6.0-windows7.0\SQLitePCLRaw.provider.e_sqlite3.dll
                                     NuGetPackageId=SQLitePCLRaw.provider.e_sqlite3
                                     NuGetPackageVersion=2.1.11
                                     NuGetSourceType=Package
                                     PathInPackage=lib/net6.0-windows7.0/SQLitePCLRaw.provider.e_sqlite3.dll
                                     Private=false (任务 ID: 24)
                     任务参数:LeftMetadata=* (任务 ID: 24)
                   已完成执行任务“JoinItems”的操作。 (任务 ID: 24)
                   添加的项: 
                       ResolvedCompileFileDefinitionsToAdd=
                           C:\Users\jim liu\.nuget\packages\harfbuzzsharp\8.3.1.1\lib\net8.0\HarfBuzzSharp.dll
                                   ExternallyResolved=true
                                   HintPath=C:\Users\jim liu\.nuget\packages\harfbuzzsharp\8.3.1.1\lib\net8.0\HarfBuzzSharp.dll
                                   NuGetPackageId=HarfBuzzSharp
                                   NuGetPackageVersion=8.3.1.1
                                   NuGetSourceType=Package
                                   PathInPackage=lib/net8.0/HarfBuzzSharp.dll
                                   Private=false
                           C:\Users\jim liu\.nuget\packages\microsoft.data.sqlite.core\10.0.5\lib\net8.0\Microsoft.Data.Sqlite.dll
                                   ExternallyResolved=true
                                   HintPath=C:\Users\jim liu\.nuget\packages\microsoft.data.sqlite.core\10.0.5\lib\net8.0\Microsoft.Data.Sqlite.dll
                                   NuGetPackageId=Microsoft.Data.Sqlite.Core
                                   NuGetPackageVersion=10.0.5
                                   NuGetSourceType=Package
                                   PathInPackage=lib/net8.0/Microsoft.Data.Sqlite.dll
                                   Private=false
                           C:\Users\jim liu\.nuget\packages\microsoft.diagnostics.netcore.client\0.2.510501\lib\net6.0\Microsoft.Diagnostics.NETCore.Client.dll
                                   ExternallyResolved=true
                                   HintPath=C:\Users\jim liu\.nuget\packages\microsoft.diagnostics.netcore.client\0.2.510501\lib\net6.0\Microsoft.Diagnostics.NETCore.Client.dll
                                   NuGetPackageId=Microsoft.Diagnostics.NETCore.Client
                                   NuGetPackageVersion=0.2.510501
                                   NuGetSourceType=Package
                                   PathInPackage=lib/net6.0/Microsoft.Diagnostics.NETCore.Client.dll
                                   Private=false
                           C:\Users\jim liu\.nuget\packages\microsoft.diagnostics.tracing.traceevent\3.1.30\lib\netstandard2.0\Dia2Lib.dll
                                   ExternallyResolved=true
                                   HintPath=C:\Users\jim liu\.nuget\packages\microsoft.diagnostics.tracing.traceevent\3.1.30\lib\netstandard2.0\Dia2Lib.dll
                                   NuGetPackageId=Microsoft.Diagnostics.Tracing.TraceEvent
                                   NuGetPackageVersion=3.1.30
                                   NuGetSourceType=Package
                                   PathInPackage=lib/netstandard2.0/Dia2Lib.dll
                                   Private=false
                           C:\Users\jim liu\.nuget\packages\microsoft.diagnostics.tracing.traceevent\3.1.30\lib\netstandard2.0\Microsoft.Diagnostics.FastSerialization.dll
                                   ExternallyResolved=true
                                   HintPath=C:\Users\jim liu\.nuget\packages\microsoft.diagnostics.tracing.traceevent\3.1.30\lib\netstandard2.0\Microsoft.Diagnostics.FastSerialization.dll
                                   NuGetPackageId=Microsoft.Diagnostics.Tracing.TraceEvent
                                   NuGetPackageVersion=3.1.30
                                   NuGetSourceType=Package
                                   PathInPackage=lib/netstandard2.0/Microsoft.Diagnostics.FastSerialization.dll
                                   Private=false
                           C:\Users\jim liu\.nuget\packages\microsoft.diagnostics.tracing.traceevent\3.1.30\lib\netstandard2.0\Microsoft.Diagnostics.Tracing.TraceEvent.dll
                                   ExternallyResolved=true
                                   HintPath=C:\Users\jim liu\.nuget\packages\microsoft.diagnostics.tracing.traceevent\3.1.30\lib\netstandard2.0\Microsoft.Diagnostics.Tracing.TraceEvent.dll
                                   NuGetPackageId=Microsoft.Diagnostics.Tracing.TraceEvent
                                   NuGetPackageVersion=3.1.30
                                   NuGetSourceType=Package
                                   PathInPackage=lib/netstandard2.0/Microsoft.Diagnostics.Tracing.TraceEvent.dll
                                   Private=false
                           C:\Users\jim liu\.nuget\packages\microsoft.diagnostics.tracing.traceevent\3.1.30\lib\netstandard2.0\TraceReloggerLib.dll
                                   ExternallyResolved=true
                                   HintPath=C:\Users\jim liu\.nuget\packages\microsoft.diagnostics.tracing.traceevent\3.1.30\lib\netstandard2.0\TraceReloggerLib.dll
                                   NuGetPackageId=Microsoft.Diagnostics.Tracing.TraceEvent
                                   NuGetPackageVersion=3.1.30
                                   NuGetSourceType=Package
                                   PathInPackage=lib/netstandard2.0/TraceReloggerLib.dll
                                   Private=false
                           C:\Users\jim liu\.nuget\packages\microsoft.extensions.dependencyinjection\6.0.0\lib\net6.0\Microsoft.Extensions.DependencyInjection.dll
                                   ExternallyResolved=true
                                   HintPath=C:\Users\jim liu\.nuget\packages\microsoft.extensions.dependencyinjection\6.0.0\lib\net6.0\Microsoft.Extensions.DependencyInjection.dll
                                   NuGetPackageId=Microsoft.Extensions.DependencyInjection
                                   NuGetPackageVersion=6.0.0
                                   NuGetSourceType=Package
                                   PathInPackage=lib/net6.0/Microsoft.Extensions.DependencyInjection.dll
                                   Private=false
                           C:\Users\jim liu\.nuget\packages\microsoft.extensions.dependencyinjection.abstractions\6.0.0\lib\net6.0\Microsoft.Extensions.DependencyInjection.Abstractions.dll
                                   ExternallyResolved=true
                                   HintPath=C:\Users\jim liu\.nuget\packages\microsoft.extensions.dependencyinjection.abstractions\6.0.0\lib\net6.0\Microsoft.Extensions.DependencyInjection.Abstractions.dll
                                   NuGetPackageId=Microsoft.Extensions.DependencyInjection.Abstractions
                                   NuGetPackageVersion=6.0.0
                                   NuGetSourceType=Package
                                   PathInPackage=lib/net6.0/Microsoft.Extensions.DependencyInjection.Abstractions.dll
                                   Private=false
                           C:\Users\jim liu\.nuget\packages\microsoft.extensions.logging\6.0.0\lib\netstandard2.1\Microsoft.Extensions.Logging.dll
                                   ExternallyResolved=true
                                   HintPath=C:\Users\jim liu\.nuget\packages\microsoft.extensions.logging\6.0.0\lib\netstandard2.1\Microsoft.Extensions.Logging.dll
                                   NuGetPackageId=Microsoft.Extensions.Logging
                                   NuGetPackageVersion=6.0.0
                                   NuGetSourceType=Package
                                   PathInPackage=lib/netstandard2.1/Microsoft.Extensions.Logging.dll
                                   Private=false
                           C:\Users\jim liu\.nuget\packages\microsoft.extensions.logging.abstractions\6.0.0\lib\net6.0\Microsoft.Extensions.Logging.Abstractions.dll
                                   ExternallyResolved=true
                                   HintPath=C:\Users\jim liu\.nuget\packages\microsoft.extensions.logging.abstractions\6.0.0\lib\net6.0\Microsoft.Extensions.Logging.Abstractions.dll
                                   NuGetPackageId=Microsoft.Extensions.Logging.Abstractions
                                   NuGetPackageVersion=6.0.0
                                   NuGetSourceType=Package
                                   PathInPackage=lib/net6.0/Microsoft.Extensions.Logging.Abstractions.dll
                                   Private=false
                           C:\Users\jim liu\.nuget\packages\microsoft.extensions.options\6.0.0\lib\netstandard2.1\Microsoft.Extensions.Options.dll
                                   ExternallyResolved=true
                                   HintPath=C:\Users\jim liu\.nuget\packages\microsoft.extensions.options\6.0.0\lib\netstandard2.1\Microsoft.Extensions.Options.dll
                                   NuGetPackageId=Microsoft.Extensions.Options
                                   NuGetPackageVersion=6.0.0
                                   NuGetSourceType=Package
                                   PathInPackage=lib/netstandard2.1/Microsoft.Extensions.Options.dll
                                   Private=false
                           C:\Users\jim liu\.nuget\packages\microsoft.extensions.primitives\6.0.0\lib\net6.0\Microsoft.Extensions.Primitives.dll
                                   ExternallyResolved=true
                                   HintPath=C:\Users\jim liu\.nuget\packages\microsoft.extensions.primitives\6.0.0\lib\net6.0\Microsoft.Extensions.Primitives.dll
                                   NuGetPackageId=Microsoft.Extensions.Primitives
                                   NuGetPackageVersion=6.0.0
                                   NuGetSourceType=Package
                                   PathInPackage=lib/net6.0/Microsoft.Extensions.Primitives.dll
                                   Private=false
                           C:\Users\jim liu\.nuget\packages\scottplot\5.1.58\lib\net10.0\ScottPlot.dll
                                   ExternallyResolved=true
                                   HintPath=C:\Users\jim liu\.nuget\packages\scottplot\5.1.58\lib\net10.0\ScottPlot.dll
                                   NuGetPackageId=ScottPlot
                                   NuGetPackageVersion=5.1.58
                                   NuGetSourceType=Package
                                   PathInPackage=lib/net10.0/ScottPlot.dll
                                   Private=false
                           C:\Users\jim liu\.nuget\packages\skiasharp\3.119.0\ref\net8.0\SkiaSharp.dll
                                   ExternallyResolved=true
                                   HintPath=C:\Users\jim liu\.nuget\packages\skiasharp\3.119.0\ref\net8.0\SkiaSharp.dll
                                   NuGetPackageId=SkiaSharp
                                   NuGetPackageVersion=3.119.0
                                   NuGetSourceType=Package
                                   PathInPackage=ref/net8.0/SkiaSharp.dll
                                   Private=false
                           C:\Users\jim liu\.nuget\packages\skiasharp.harfbuzz\3.119.0\lib\net8.0\SkiaSharp.HarfBuzz.dll
                                   ExternallyResolved=true
                                   HintPath=C:\Users\jim liu\.nuget\packages\skiasharp.harfbuzz\3.119.0\lib\net8.0\SkiaSharp.HarfBuzz.dll
                                   NuGetPackageId=SkiaSharp.HarfBuzz
                                   NuGetPackageVersion=3.119.0
                                   NuGetSourceType=Package
                                   PathInPackage=lib/net8.0/SkiaSharp.HarfBuzz.dll
                                   Private=false
                           C:\Users\jim liu\.nuget\packages\sqlitepclraw.bundle_e_sqlite3\2.1.11\lib\netstandard2.0\SQLitePCLRaw.batteries_v2.dll
                                   ExternallyResolved=true
                                   HintPath=C:\Users\jim liu\.nuget\packages\sqlitepclraw.bundle_e_sqlite3\2.1.11\lib\netstandard2.0\SQLitePCLRaw.batteries_v2.dll
                                   NuGetPackageId=SQLitePCLRaw.bundle_e_sqlite3
                                   NuGetPackageVersion=2.1.11
                                   NuGetSourceType=Package
                                   PathInPackage=lib/netstandard2.0/SQLitePCLRaw.batteries_v2.dll
                                   Private=false
                           C:\Users\jim liu\.nuget\packages\sqlitepclraw.core\2.1.11\lib\netstandard2.0\SQLitePCLRaw.core.dll
                                   ExternallyResolved=true
                                   HintPath=C:\Users\jim liu\.nuget\packages\sqlitepclraw.core\2.1.11\lib\netstandard2.0\SQLitePCLRaw.core.dll
                                   NuGetPackageId=SQLitePCLRaw.core
                                   NuGetPackageVersion=2.1.11
                                   NuGetSourceType=Package
                                   PathInPackage=lib/netstandard2.0/SQLitePCLRaw.core.dll
                                   Private=false
                           C:\Users\jim liu\.nuget\packages\sqlitepclraw.provider.e_sqlite3\2.1.11\lib\net6.0-windows7.0\SQLitePCLRaw.provider.e_sqlite3.dll
                                   ExternallyResolved=true
                                   HintPath=C:\Users\jim liu\.nuget\packages\sqlitepclraw.provider.e_sqlite3\2.1.11\lib\net6.0-windows7.0\SQLitePCLRaw.provider.e_sqlite3.dll
                                   NuGetPackageId=SQLitePCLRaw.provider.e_sqlite3
                                   NuGetPackageVersion=2.1.11
                                   NuGetSourceType=Package
                                   PathInPackage=lib/net6.0-windows7.0/SQLitePCLRaw.provider.e_sqlite3.dll
                                   Private=false
                   添加的项: 
                       Reference=
                           C:\Users\jim liu\.nuget\packages\harfbuzzsharp\8.3.1.1\lib\net8.0\HarfBuzzSharp.dll
                                   ExternallyResolved=true
                                   HintPath=C:\Users\jim liu\.nuget\packages\harfbuzzsharp\8.3.1.1\lib\net8.0\HarfBuzzSharp.dll
                                   NuGetPackageId=HarfBuzzSharp
                                   NuGetPackageVersion=8.3.1.1
                                   NuGetSourceType=Package
                                   PathInPackage=lib/net8.0/HarfBuzzSharp.dll
                                   Private=false
                           C:\Users\jim liu\.nuget\packages\microsoft.data.sqlite.core\10.0.5\lib\net8.0\Microsoft.Data.Sqlite.dll
                                   ExternallyResolved=true
                                   HintPath=C:\Users\jim liu\.nuget\packages\microsoft.data.sqlite.core\10.0.5\lib\net8.0\Microsoft.Data.Sqlite.dll
                                   NuGetPackageId=Microsoft.Data.Sqlite.Core
                                   NuGetPackageVersion=10.0.5
                                   NuGetSourceType=Package
                                   PathInPackage=lib/net8.0/Microsoft.Data.Sqlite.dll
                                   Private=false
                           C:\Users\jim liu\.nuget\packages\microsoft.diagnostics.netcore.client\0.2.510501\lib\net6.0\Microsoft.Diagnostics.NETCore.Client.dll
                                   ExternallyResolved=true
                                   HintPath=C:\Users\jim liu\.nuget\packages\microsoft.diagnostics.netcore.client\0.2.510501\lib\net6.0\Microsoft.Diagnostics.NETCore.Client.dll
                                   NuGetPackageId=Microsoft.Diagnostics.NETCore.Client
                                   NuGetPackageVersion=0.2.510501
                                   NuGetSourceType=Package
                                   PathInPackage=lib/net6.0/Microsoft.Diagnostics.NETCore.Client.dll
                                   Private=false
                           C:\Users\jim liu\.nuget\packages\microsoft.diagnostics.tracing.traceevent\3.1.30\lib\netstandard2.0\Dia2Lib.dll
                                   ExternallyResolved=true
                                   HintPath=C:\Users\jim liu\.nuget\packages\microsoft.diagnostics.tracing.traceevent\3.1.30\lib\netstandard2.0\Dia2Lib.dll
                                   NuGetPackageId=Microsoft.Diagnostics.Tracing.TraceEvent
                                   NuGetPackageVersion=3.1.30
                                   NuGetSourceType=Package
                                   PathInPackage=lib/netstandard2.0/Dia2Lib.dll
                                   Private=false
                           C:\Users\jim liu\.nuget\packages\microsoft.diagnostics.tracing.traceevent\3.1.30\lib\netstandard2.0\Microsoft.Diagnostics.FastSerialization.dll
                                   ExternallyResolved=true
                                   HintPath=C:\Users\jim liu\.nuget\packages\microsoft.diagnostics.tracing.traceevent\3.1.30\lib\netstandard2.0\Microsoft.Diagnostics.FastSerialization.dll
                                   NuGetPackageId=Microsoft.Diagnostics.Tracing.TraceEvent
                                   NuGetPackageVersion=3.1.30
                                   NuGetSourceType=Package
                                   PathInPackage=lib/netstandard2.0/Microsoft.Diagnostics.FastSerialization.dll
                                   Private=false
                           C:\Users\jim liu\.nuget\packages\microsoft.diagnostics.tracing.traceevent\3.1.30\lib\netstandard2.0\Microsoft.Diagnostics.Tracing.TraceEvent.dll
                                   ExternallyResolved=true
                                   HintPath=C:\Users\jim liu\.nuget\packages\microsoft.diagnostics.tracing.traceevent\3.1.30\lib\netstandard2.0\Microsoft.Diagnostics.Tracing.TraceEvent.dll
                                   NuGetPackageId=Microsoft.Diagnostics.Tracing.TraceEvent
                                   NuGetPackageVersion=3.1.30
                                   NuGetSourceType=Package
                                   PathInPackage=lib/netstandard2.0/Microsoft.Diagnostics.Tracing.TraceEvent.dll
                                   Private=false
                           C:\Users\jim liu\.nuget\packages\microsoft.diagnostics.tracing.traceevent\3.1.30\lib\netstandard2.0\TraceReloggerLib.dll
                                   ExternallyResolved=true
                                   HintPath=C:\Users\jim liu\.nuget\packages\microsoft.diagnostics.tracing.traceevent\3.1.30\lib\netstandard2.0\TraceReloggerLib.dll
                                   NuGetPackageId=Microsoft.Diagnostics.Tracing.TraceEvent
                                   NuGetPackageVersion=3.1.30
                                   NuGetSourceType=Package
                                   PathInPackage=lib/netstandard2.0/TraceReloggerLib.dll
                                   Private=false
                           C:\Users\jim liu\.nuget\packages\microsoft.extensions.dependencyinjection\6.0.0\lib\net6.0\Microsoft.Extensions.DependencyInjection.dll
                                   ExternallyResolved=true
                                   HintPath=C:\Users\jim liu\.nuget\packages\microsoft.extensions.dependencyinjection\6.0.0\lib\net6.0\Microsoft.Extensions.DependencyInjection.dll
                                   NuGetPackageId=Microsoft.Extensions.DependencyInjection
                                   NuGetPackageVersion=6.0.0
                                   NuGetSourceType=Package
                                   PathInPackage=lib/net6.0/Microsoft.Extensions.DependencyInjection.dll
                                   Private=false
                           C:\Users\jim liu\.nuget\packages\microsoft.extensions.dependencyinjection.abstractions\6.0.0\lib\net6.0\Microsoft.Extensions.DependencyInjection.Abstractions.dll
                                   ExternallyResolved=true
                                   HintPath=C:\Users\jim liu\.nuget\packages\microsoft.extensions.dependencyinjection.abstractions\6.0.0\lib\net6.0\Microsoft.Extensions.DependencyInjection.Abstractions.dll
                                   NuGetPackageId=Microsoft.Extensions.DependencyInjection.Abstractions
                                   NuGetPackageVersion=6.0.0
                                   NuGetSourceType=Package
                                   PathInPackage=lib/net6.0/Microsoft.Extensions.DependencyInjection.Abstractions.dll
                                   Private=false
                           C:\Users\jim liu\.nuget\packages\microsoft.extensions.logging\6.0.0\lib\netstandard2.1\Microsoft.Extensions.Logging.dll
                                   ExternallyResolved=true
                                   HintPath=C:\Users\jim liu\.nuget\packages\microsoft.extensions.logging\6.0.0\lib\netstandard2.1\Microsoft.Extensions.Logging.dll
                                   NuGetPackageId=Microsoft.Extensions.Logging
                                   NuGetPackageVersion=6.0.0
                                   NuGetSourceType=Package
                                   PathInPackage=lib/netstandard2.1/Microsoft.Extensions.Logging.dll
                                   Private=false
                           C:\Users\jim liu\.nuget\packages\microsoft.extensions.logging.abstractions\6.0.0\lib\net6.0\Microsoft.Extensions.Logging.Abstractions.dll
                                   ExternallyResolved=true
                                   HintPath=C:\Users\jim liu\.nuget\packages\microsoft.extensions.logging.abstractions\6.0.0\lib\net6.0\Microsoft.Extensions.Logging.Abstractions.dll
                                   NuGetPackageId=Microsoft.Extensions.Logging.Abstractions
                                   NuGetPackageVersion=6.0.0
                                   NuGetSourceType=Package
                                   PathInPackage=lib/net6.0/Microsoft.Extensions.Logging.Abstractions.dll
                                   Private=false
                           C:\Users\jim liu\.nuget\packages\microsoft.extensions.options\6.0.0\lib\netstandard2.1\Microsoft.Extensions.Options.dll
                                   ExternallyResolved=true
                                   HintPath=C:\Users\jim liu\.nuget\packages\microsoft.extensions.options\6.0.0\lib\netstandard2.1\Microsoft.Extensions.Options.dll
                                   NuGetPackageId=Microsoft.Extensions.Options
                                   NuGetPackageVersion=6.0.0
                                   NuGetSourceType=Package
                                   PathInPackage=lib/netstandard2.1/Microsoft.Extensions.Options.dll
                                   Private=false
                           C:\Users\jim liu\.nuget\packages\microsoft.extensions.primitives\6.0.0\lib\net6.0\Microsoft.Extensions.Primitives.dll
                                   ExternallyResolved=true
                                   HintPath=C:\Users\jim liu\.nuget\packages\microsoft.extensions.primitives\6.0.0\lib\net6.0\Microsoft.Extensions.Primitives.dll
                                   NuGetPackageId=Microsoft.Extensions.Primitives
                                   NuGetPackageVersion=6.0.0
                                   NuGetSourceType=Package
                                   PathInPackage=lib/net6.0/Microsoft.Extensions.Primitives.dll
                                   Private=false
                           C:\Users\jim liu\.nuget\packages\scottplot\5.1.58\lib\net10.0\ScottPlot.dll
                                   ExternallyResolved=true
                                   HintPath=C:\Users\jim liu\.nuget\packages\scottplot\5.1.58\lib\net10.0\ScottPlot.dll
                                   NuGetPackageId=ScottPlot
                                   NuGetPackageVersion=5.1.58
                                   NuGetSourceType=Package
                                   PathInPackage=lib/net10.0/ScottPlot.dll
                                   Private=false
                           C:\Users\jim liu\.nuget\packages\skiasharp\3.119.0\ref\net8.0\SkiaSharp.dll
                                   ExternallyResolved=true
                                   HintPath=C:\Users\jim liu\.nuget\packages\skiasharp\3.119.0\ref\net8.0\SkiaSharp.dll
                                   NuGetPackageId=SkiaSharp
                                   NuGetPackageVersion=3.119.0
                                   NuGetSourceType=Package
                                   PathInPackage=ref/net8.0/SkiaSharp.dll
                                   Private=false
                           C:\Users\jim liu\.nuget\packages\skiasharp.harfbuzz\3.119.0\lib\net8.0\SkiaSharp.HarfBuzz.dll
                                   ExternallyResolved=true
                                   HintPath=C:\Users\jim liu\.nuget\packages\skiasharp.harfbuzz\3.119.0\lib\net8.0\SkiaSharp.HarfBuzz.dll
                                   NuGetPackageId=SkiaSharp.HarfBuzz
                                   NuGetPackageVersion=3.119.0
                                   NuGetSourceType=Package
                                   PathInPackage=lib/net8.0/SkiaSharp.HarfBuzz.dll
                                   Private=false
                           C:\Users\jim liu\.nuget\packages\sqlitepclraw.bundle_e_sqlite3\2.1.11\lib\netstandard2.0\SQLitePCLRaw.batteries_v2.dll
                                   ExternallyResolved=true
                                   HintPath=C:\Users\jim liu\.nuget\packages\sqlitepclraw.bundle_e_sqlite3\2.1.11\lib\netstandard2.0\SQLitePCLRaw.batteries_v2.dll
                                   NuGetPackageId=SQLitePCLRaw.bundle_e_sqlite3
                                   NuGetPackageVersion=2.1.11
                                   NuGetSourceType=Package
                                   PathInPackage=lib/netstandard2.0/SQLitePCLRaw.batteries_v2.dll
                                   Private=false
                           C:\Users\jim liu\.nuget\packages\sqlitepclraw.core\2.1.11\lib\netstandard2.0\SQLitePCLRaw.core.dll
                                   ExternallyResolved=true
                                   HintPath=C:\Users\jim liu\.nuget\packages\sqlitepclraw.core\2.1.11\lib\netstandard2.0\SQLitePCLRaw.core.dll
                                   NuGetPackageId=SQLitePCLRaw.core
                                   NuGetPackageVersion=2.1.11
                                   NuGetSourceType=Package
                                   PathInPackage=lib/netstandard2.0/SQLitePCLRaw.core.dll
                                   Private=false
                           C:\Users\jim liu\.nuget\packages\sqlitepclraw.provider.e_sqlite3\2.1.11\lib\net6.0-windows7.0\SQLitePCLRaw.provider.e_sqlite3.dll
                                   ExternallyResolved=true
                                   HintPath=C:\Users\jim liu\.nuget\packages\sqlitepclraw.provider.e_sqlite3\2.1.11\lib\net6.0-windows7.0\SQLitePCLRaw.provider.e_sqlite3.dll
                                   NuGetPackageId=SQLitePCLRaw.provider.e_sqlite3
                                   NuGetPackageVersion=2.1.11
                                   NuGetSourceType=Package
                                   PathInPackage=lib/net6.0-windows7.0/SQLitePCLRaw.provider.e_sqlite3.dll
                                   Private=false
13:40:40.844     1>已完成在项目“WinFormsApp1.Desktop.csproj”中生成目标“ResolveLockFileReferences”的操作。: (目标 ID: 47)
                   已跳过目标“ResolvePackageAssets”。以前的生成已成功。
13:40:40.844     1>来自项目“F:\C#\WinFormsApp1.WpfRefactor\WinFormsApp1.Desktop\WinFormsApp1.Desktop.csproj”的文件“C:\Program Files\dotnet\sdk\10.0.201\Sdks\Microsoft.NET.Sdk\targets\Microsoft.PackageDependencyResolution.targets”中的目标“ResolveLockFileAnalyzers: (目标 ID: 48)”(目标“ResolvePackageDependenciesForBuild”依赖于它):
                   添加的项: 
                       Analyzer=
                           C:\Users\jim liu\.nuget\packages\microsoft.extensions.logging.abstractions\6.0.0\analyzers\dotnet\roslyn4.0\cs\Microsoft.Extensions.Logging.Generators.dll
                                   NuGetPackageId=Microsoft.Extensions.Logging.Abstractions
                                   NuGetPackageVersion=6.0.0
13:40:40.844     1>已完成在项目“WinFormsApp1.Desktop.csproj”中生成目标“ResolveLockFileAnalyzers”的操作。: (目标 ID: 48)
                   已跳过目标“ResolvePackageAssets”。以前的生成已成功。
13:40:40.844     1>来自项目“F:\C#\WinFormsApp1.WpfRefactor\WinFormsApp1.Desktop\WinFormsApp1.Desktop.csproj”的文件“C:\Program Files\dotnet\sdk\10.0.201\Sdks\Microsoft.NET.Sdk\targets\Microsoft.PackageDependencyResolution.targets”中的目标“ResolveLockFileCopyLocalFiles: (目标 ID: 49)”(目标“ResolvePackageDependenciesForBuild”依赖于它):
                   添加的项: 
                       _ResolvedCopyLocalBuildAssets=
                           C:\Users\jim liu\.nuget\packages\harfbuzzsharp\8.3.1.1\lib\net8.0\HarfBuzzSharp.dll
                                   AssetType=runtime
                                   CopyLocal=true
                                   DestinationSubPath=HarfBuzzSharp.dll
                                   NuGetPackageId=HarfBuzzSharp
                                   NuGetPackageVersion=8.3.1.1
                                   PathInPackage=lib/net8.0/HarfBuzzSharp.dll
                           C:\Users\jim liu\.nuget\packages\microsoft.data.sqlite.core\10.0.5\lib\net8.0\Microsoft.Data.Sqlite.dll
                                   AssetType=runtime
                                   CopyLocal=true
                                   DestinationSubPath=Microsoft.Data.Sqlite.dll
                                   NuGetPackageId=Microsoft.Data.Sqlite.Core
                                   NuGetPackageVersion=10.0.5
                                   PathInPackage=lib/net8.0/Microsoft.Data.Sqlite.dll
                           C:\Users\jim liu\.nuget\packages\microsoft.diagnostics.netcore.client\0.2.510501\lib\net6.0\Microsoft.Diagnostics.NETCore.Client.dll
                                   AssetType=runtime
                                   CopyLocal=true
                                   DestinationSubPath=Microsoft.Diagnostics.NETCore.Client.dll
                                   NuGetPackageId=Microsoft.Diagnostics.NETCore.Client
                                   NuGetPackageVersion=0.2.510501
                                   PathInPackage=lib/net6.0/Microsoft.Diagnostics.NETCore.Client.dll
                           C:\Users\jim liu\.nuget\packages\microsoft.diagnostics.tracing.traceevent\3.1.30\lib\netstandard2.0\Dia2Lib.dll
                                   AssetType=runtime
                                   CopyLocal=true
                                   DestinationSubPath=Dia2Lib.dll
                                   NuGetPackageId=Microsoft.Diagnostics.Tracing.TraceEvent
                                   NuGetPackageVersion=3.1.30
                                   PathInPackage=lib/netstandard2.0/Dia2Lib.dll
                           C:\Users\jim liu\.nuget\packages\microsoft.diagnostics.tracing.traceevent\3.1.30\lib\netstandard2.0\Microsoft.Diagnostics.FastSerialization.dll
                                   AssetType=runtime
                                   CopyLocal=true
                                   DestinationSubPath=Microsoft.Diagnostics.FastSerialization.dll
                                   NuGetPackageId=Microsoft.Diagnostics.Tracing.TraceEvent
                                   NuGetPackageVersion=3.1.30
                                   PathInPackage=lib/netstandard2.0/Microsoft.Diagnostics.FastSerialization.dll
                           C:\Users\jim liu\.nuget\packages\microsoft.diagnostics.tracing.traceevent\3.1.30\lib\netstandard2.0\Microsoft.Diagnostics.Tracing.TraceEvent.dll
                                   AssetType=runtime
                                   CopyLocal=true
                                   DestinationSubPath=Microsoft.Diagnostics.Tracing.TraceEvent.dll
                                   NuGetPackageId=Microsoft.Diagnostics.Tracing.TraceEvent
                                   NuGetPackageVersion=3.1.30
                                   PathInPackage=lib/netstandard2.0/Microsoft.Diagnostics.Tracing.TraceEvent.dll
                           C:\Users\jim liu\.nuget\packages\microsoft.diagnostics.tracing.traceevent\3.1.30\lib\netstandard2.0\TraceReloggerLib.dll
                                   AssetType=runtime
                                   CopyLocal=true
                                   DestinationSubPath=TraceReloggerLib.dll
                                   NuGetPackageId=Microsoft.Diagnostics.Tracing.TraceEvent
                                   NuGetPackageVersion=3.1.30
                                   PathInPackage=lib/netstandard2.0/TraceReloggerLib.dll
                           C:\Users\jim liu\.nuget\packages\microsoft.extensions.dependencyinjection\6.0.0\lib\net6.0\Microsoft.Extensions.DependencyInjection.dll
                                   AssetType=runtime
                                   CopyLocal=true
                                   DestinationSubPath=Microsoft.Extensions.DependencyInjection.dll
                                   NuGetPackageId=Microsoft.Extensions.DependencyInjection
                                   NuGetPackageVersion=6.0.0
                                   PathInPackage=lib/net6.0/Microsoft.Extensions.DependencyInjection.dll
                           C:\Users\jim liu\.nuget\packages\microsoft.extensions.dependencyinjection.abstractions\6.0.0\lib\net6.0\Microsoft.Extensions.DependencyInjection.Abstractions.dll
                                   AssetType=runtime
                                   CopyLocal=true
                                   DestinationSubPath=Microsoft.Extensions.DependencyInjection.Abstractions.dll
                                   NuGetPackageId=Microsoft.Extensions.DependencyInjection.Abstractions
                                   NuGetPackageVersion=6.0.0
                                   PathInPackage=lib/net6.0/Microsoft.Extensions.DependencyInjection.Abstractions.dll
                           C:\Users\jim liu\.nuget\packages\microsoft.extensions.logging\6.0.0\lib\netstandard2.1\Microsoft.Extensions.Logging.dll
                                   AssetType=runtime
                                   CopyLocal=true
                                   DestinationSubPath=Microsoft.Extensions.Logging.dll
                                   NuGetPackageId=Microsoft.Extensions.Logging
                                   NuGetPackageVersion=6.0.0
                                   PathInPackage=lib/netstandard2.1/Microsoft.Extensions.Logging.dll
                           C:\Users\jim liu\.nuget\packages\microsoft.extensions.logging.abstractions\6.0.0\lib\net6.0\Microsoft.Extensions.Logging.Abstractions.dll
                                   AssetType=runtime
                                   CopyLocal=true
                                   DestinationSubPath=Microsoft.Extensions.Logging.Abstractions.dll
                                   NuGetPackageId=Microsoft.Extensions.Logging.Abstractions
                                   NuGetPackageVersion=6.0.0
                                   PathInPackage=lib/net6.0/Microsoft.Extensions.Logging.Abstractions.dll
                           C:\Users\jim liu\.nuget\packages\microsoft.extensions.options\6.0.0\lib\netstandard2.1\Microsoft.Extensions.Options.dll
                                   AssetType=runtime
                                   CopyLocal=true
                                   DestinationSubPath=Microsoft.Extensions.Options.dll
                                   NuGetPackageId=Microsoft.Extensions.Options
                                   NuGetPackageVersion=6.0.0
                                   PathInPackage=lib/netstandard2.1/Microsoft.Extensions.Options.dll
                           C:\Users\jim liu\.nuget\packages\microsoft.extensions.primitives\6.0.0\lib\net6.0\Microsoft.Extensions.Primitives.dll
                                   AssetType=runtime
                                   CopyLocal=true
                                   DestinationSubPath=Microsoft.Extensions.Primitives.dll
                                   NuGetPackageId=Microsoft.Extensions.Primitives
                                   NuGetPackageVersion=6.0.0
                                   PathInPackage=lib/net6.0/Microsoft.Extensions.Primitives.dll
                           C:\Users\jim liu\.nuget\packages\scottplot\5.1.58\lib\net10.0\ScottPlot.dll
                                   AssetType=runtime
                                   CopyLocal=true
                                   DestinationSubPath=ScottPlot.dll
                                   NuGetPackageId=ScottPlot
                                   NuGetPackageVersion=5.1.58
                                   PathInPackage=lib/net10.0/ScottPlot.dll
                           C:\Users\jim liu\.nuget\packages\skiasharp\3.119.0\lib\net8.0\SkiaSharp.dll
                                   AssetType=runtime
                                   CopyLocal=true
                                   DestinationSubPath=SkiaSharp.dll
                                   NuGetPackageId=SkiaSharp
                                   NuGetPackageVersion=3.119.0
                                   PathInPackage=lib/net8.0/SkiaSharp.dll
                           C:\Users\jim liu\.nuget\packages\skiasharp.harfbuzz\3.119.0\lib\net8.0\SkiaSharp.HarfBuzz.dll
                                   AssetType=runtime
                                   CopyLocal=true
                                   DestinationSubPath=SkiaSharp.HarfBuzz.dll
                                   NuGetPackageId=SkiaSharp.HarfBuzz
                                   NuGetPackageVersion=3.119.0
                                   PathInPackage=lib/net8.0/SkiaSharp.HarfBuzz.dll
                           C:\Users\jim liu\.nuget\packages\sqlitepclraw.bundle_e_sqlite3\2.1.11\lib\netstandard2.0\SQLitePCLRaw.batteries_v2.dll
                                   AssetType=runtime
                                   CopyLocal=true
                                   DestinationSubPath=SQLitePCLRaw.batteries_v2.dll
                                   NuGetPackageId=SQLitePCLRaw.bundle_e_sqlite3
                                   NuGetPackageVersion=2.1.11
                                   PathInPackage=lib/netstandard2.0/SQLitePCLRaw.batteries_v2.dll
                           C:\Users\jim liu\.nuget\packages\sqlitepclraw.core\2.1.11\lib\netstandard2.0\SQLitePCLRaw.core.dll
                                   AssetType=runtime
                                   CopyLocal=true
                                   DestinationSubPath=SQLitePCLRaw.core.dll
                                   NuGetPackageId=SQLitePCLRaw.core
                                   NuGetPackageVersion=2.1.11
                                   PathInPackage=lib/netstandard2.0/SQLitePCLRaw.core.dll
                           C:\Users\jim liu\.nuget\packages\sqlitepclraw.provider.e_sqlite3\2.1.11\lib\net6.0-windows7.0\SQLitePCLRaw.provider.e_sqlite3.dll
                                   AssetType=runtime
                                   CopyLocal=true
                                   DestinationSubPath=SQLitePCLRaw.provider.e_sqlite3.dll
                                   NuGetPackageId=SQLitePCLRaw.provider.e_sqlite3
                                   NuGetPackageVersion=2.1.11
                                   PathInPackage=lib/net6.0-windows7.0/SQLitePCLRaw.provider.e_sqlite3.dll
                   添加的项: 
                       _ResolvedCopyLocalBuildAssets=
                           C:\Users\jim liu\.nuget\packages\harfbuzzsharp.nativeassets.linux\8.3.1.1\runtimes\linux-arm\native\libHarfBuzzSharp.so
                                   AssetType=native
                                   CopyLocal=true
                                   DestinationSubDirectory=runtimes\linux-arm\native\
                                   DestinationSubPath=runtimes\linux-arm\native\libHarfBuzzSharp.so
                                   NuGetPackageId=HarfBuzzSharp.NativeAssets.Linux
                                   NuGetPackageVersion=8.3.1.1
                                   PathInPackage=runtimes/linux-arm/native/libHarfBuzzSharp.so
                                   RuntimeIdentifier=linux-arm
                           C:\Users\jim liu\.nuget\packages\harfbuzzsharp.nativeassets.linux\8.3.1.1\runtimes\linux-arm64\native\libHarfBuzzSharp.so
                                   AssetType=native
                                   CopyLocal=true
                                   DestinationSubDirectory=runtimes\linux-arm64\native\
                                   DestinationSubPath=runtimes\linux-arm64\native\libHarfBuzzSharp.so
                                   NuGetPackageId=HarfBuzzSharp.NativeAssets.Linux
                                   NuGetPackageVersion=8.3.1.1
                                   PathInPackage=runtimes/linux-arm64/native/libHarfBuzzSharp.so
                                   RuntimeIdentifier=linux-arm64
                           C:\Users\jim liu\.nuget\packages\harfbuzzsharp.nativeassets.linux\8.3.1.1\runtimes\linux-loongarch64\native\libHarfBuzzSharp.so
                                   AssetType=native
                                   CopyLocal=true
                                   DestinationSubDirectory=runtimes\linux-loongarch64\native\
                                   DestinationSubPath=runtimes\linux-loongarch64\native\libHarfBuzzSharp.so
                                   NuGetPackageId=HarfBuzzSharp.NativeAssets.Linux
                                   NuGetPackageVersion=8.3.1.1
                                   PathInPackage=runtimes/linux-loongarch64/native/libHarfBuzzSharp.so
                                   RuntimeIdentifier=linux-loongarch64
                           C:\Users\jim liu\.nuget\packages\harfbuzzsharp.nativeassets.linux\8.3.1.1\runtimes\linux-musl-arm\native\libHarfBuzzSharp.so
                                   AssetType=native
                                   CopyLocal=true
                                   DestinationSubDirectory=runtimes\linux-musl-arm\native\
                                   DestinationSubPath=runtimes\linux-musl-arm\native\libHarfBuzzSharp.so
                                   NuGetPackageId=HarfBuzzSharp.NativeAssets.Linux
                                   NuGetPackageVersion=8.3.1.1
                                   PathInPackage=runtimes/linux-musl-arm/native/libHarfBuzzSharp.so
                                   RuntimeIdentifier=linux-musl-arm
                           C:\Users\jim liu\.nuget\packages\harfbuzzsharp.nativeassets.linux\8.3.1.1\runtimes\linux-musl-arm64\native\libHarfBuzzSharp.so
                                   AssetType=native
                                   CopyLocal=true
                                   DestinationSubDirectory=runtimes\linux-musl-arm64\native\
                                   DestinationSubPath=runtimes\linux-musl-arm64\native\libHarfBuzzSharp.so
                                   NuGetPackageId=HarfBuzzSharp.NativeAssets.Linux
                                   NuGetPackageVersion=8.3.1.1
                                   PathInPackage=runtimes/linux-musl-arm64/native/libHarfBuzzSharp.so
                                   RuntimeIdentifier=linux-musl-arm64
                           C:\Users\jim liu\.nuget\packages\harfbuzzsharp.nativeassets.linux\8.3.1.1\runtimes\linux-musl-loongarch64\native\libHarfBuzzSharp.so
                                   AssetType=native
                                   CopyLocal=true
                                   DestinationSubDirectory=runtimes\linux-musl-loongarch64\native\
                                   DestinationSubPath=runtimes\linux-musl-loongarch64\native\libHarfBuzzSharp.so
                                   NuGetPackageId=HarfBuzzSharp.NativeAssets.Linux
                                   NuGetPackageVersion=8.3.1.1
                                   PathInPackage=runtimes/linux-musl-loongarch64/native/libHarfBuzzSharp.so
                                   RuntimeIdentifier=linux-musl-loongarch64
                           C:\Users\jim liu\.nuget\packages\harfbuzzsharp.nativeassets.linux\8.3.1.1\runtimes\linux-musl-riscv64\native\libHarfBuzzSharp.so
                                   AssetType=native
                                   CopyLocal=true
                                   DestinationSubDirectory=runtimes\linux-musl-riscv64\native\
                                   DestinationSubPath=runtimes\linux-musl-riscv64\native\libHarfBuzzSharp.so
                                   NuGetPackageId=HarfBuzzSharp.NativeAssets.Linux
                                   NuGetPackageVersion=8.3.1.1
                                   PathInPackage=runtimes/linux-musl-riscv64/native/libHarfBuzzSharp.so
                                   RuntimeIdentifier=linux-musl-riscv64
                           C:\Users\jim liu\.nuget\packages\harfbuzzsharp.nativeassets.linux\8.3.1.1\runtimes\linux-musl-x64\native\libHarfBuzzSharp.so
                                   AssetType=native
                                   CopyLocal=true
                                   DestinationSubDirectory=runtimes\linux-musl-x64\native\
                                   DestinationSubPath=runtimes\linux-musl-x64\native\libHarfBuzzSharp.so
                                   NuGetPackageId=HarfBuzzSharp.NativeAssets.Linux
                                   NuGetPackageVersion=8.3.1.1
                                   PathInPackage=runtimes/linux-musl-x64/native/libHarfBuzzSharp.so
                                   RuntimeIdentifier=linux-musl-x64
                           C:\Users\jim liu\.nuget\packages\harfbuzzsharp.nativeassets.linux\8.3.1.1\runtimes\linux-riscv64\native\libHarfBuzzSharp.so
                                   AssetType=native
                                   CopyLocal=true
                                   DestinationSubDirectory=runtimes\linux-riscv64\native\
                                   DestinationSubPath=runtimes\linux-riscv64\native\libHarfBuzzSharp.so
                                   NuGetPackageId=HarfBuzzSharp.NativeAssets.Linux
                                   NuGetPackageVersion=8.3.1.1
                                   PathInPackage=runtimes/linux-riscv64/native/libHarfBuzzSharp.so
                                   RuntimeIdentifier=linux-riscv64
                           C:\Users\jim liu\.nuget\packages\harfbuzzsharp.nativeassets.linux\8.3.1.1\runtimes\linux-x64\native\libHarfBuzzSharp.so
                                   AssetType=native
                                   CopyLocal=true
                                   DestinationSubDirectory=runtimes\linux-x64\native\
                                   DestinationSubPath=runtimes\linux-x64\native\libHarfBuzzSharp.so
                                   NuGetPackageId=HarfBuzzSharp.NativeAssets.Linux
                                   NuGetPackageVersion=8.3.1.1
                                   PathInPackage=runtimes/linux-x64/native/libHarfBuzzSharp.so
                                   RuntimeIdentifier=linux-x64
                           C:\Users\jim liu\.nuget\packages\harfbuzzsharp.nativeassets.linux\8.3.1.1\runtimes\linux-x86\native\libHarfBuzzSharp.so
                                   AssetType=native
                                   CopyLocal=true
                                   DestinationSubDirectory=runtimes\linux-x86\native\
                                   DestinationSubPath=runtimes\linux-x86\native\libHarfBuzzSharp.so
                                   NuGetPackageId=HarfBuzzSharp.NativeAssets.Linux
                                   NuGetPackageVersion=8.3.1.1
                                   PathInPackage=runtimes/linux-x86/native/libHarfBuzzSharp.so
                                   RuntimeIdentifier=linux-x86
                           C:\Users\jim liu\.nuget\packages\harfbuzzsharp.nativeassets.macos\8.3.1.1\runtimes\osx\native\libHarfBuzzSharp.dylib
                                   AssetType=native
                                   CopyLocal=true
                                   DestinationSubDirectory=runtimes\osx\native\
                                   DestinationSubPath=runtimes\osx\native\libHarfBuzzSharp.dylib
                                   NuGetPackageId=HarfBuzzSharp.NativeAssets.macOS
                                   NuGetPackageVersion=8.3.1.1
                                   PathInPackage=runtimes/osx/native/libHarfBuzzSharp.dylib
                                   RuntimeIdentifier=osx
                           C:\Users\jim liu\.nuget\packages\harfbuzzsharp.nativeassets.win32\8.3.1.1\runtimes\win-arm64\native\libHarfBuzzSharp.dll
                                   AssetType=native
                                   CopyLocal=true
                                   DestinationSubDirectory=runtimes\win-arm64\native\
                                   DestinationSubPath=runtimes\win-arm64\native\libHarfBuzzSharp.dll
                                   NuGetPackageId=HarfBuzzSharp.NativeAssets.Win32
                                   NuGetPackageVersion=8.3.1.1
                                   PathInPackage=runtimes/win-arm64/native/libHarfBuzzSharp.dll
                                   RuntimeIdentifier=win-arm64
                           C:\Users\jim liu\.nuget\packages\harfbuzzsharp.nativeassets.win32\8.3.1.1\runtimes\win-x64\native\libHarfBuzzSharp.dll
                                   AssetType=native
                                   CopyLocal=true
                                   DestinationSubDirectory=runtimes\win-x64\native\
                                   DestinationSubPath=runtimes\win-x64\native\libHarfBuzzSharp.dll
                                   NuGetPackageId=HarfBuzzSharp.NativeAssets.Win32
                                   NuGetPackageVersion=8.3.1.1
                                   PathInPackage=runtimes/win-x64/native/libHarfBuzzSharp.dll
                                   RuntimeIdentifier=win-x64
                           C:\Users\jim liu\.nuget\packages\harfbuzzsharp.nativeassets.win32\8.3.1.1\runtimes\win-x86\native\libHarfBuzzSharp.dll
                                   AssetType=native
                                   CopyLocal=true
                                   DestinationSubDirectory=runtimes\win-x86\native\
                                   DestinationSubPath=runtimes\win-x86\native\libHarfBuzzSharp.dll
                                   NuGetPackageId=HarfBuzzSharp.NativeAssets.Win32
                                   NuGetPackageVersion=8.3.1.1
                                   PathInPackage=runtimes/win-x86/native/libHarfBuzzSharp.dll
                                   RuntimeIdentifier=win-x86
                           C:\Users\jim liu\.nuget\packages\skiasharp.nativeassets.linux.nodependencies\3.119.0\runtimes\linux-arm\native\libSkiaSharp.so
                                   AssetType=native
                                   CopyLocal=true
                                   DestinationSubDirectory=runtimes\linux-arm\native\
                                   DestinationSubPath=runtimes\linux-arm\native\libSkiaSharp.so
                                   NuGetPackageId=SkiaSharp.NativeAssets.Linux.NoDependencies
                                   NuGetPackageVersion=3.119.0
                                   PathInPackage=runtimes/linux-arm/native/libSkiaSharp.so
                                   RuntimeIdentifier=linux-arm
                           C:\Users\jim liu\.nuget\packages\skiasharp.nativeassets.linux.nodependencies\3.119.0\runtimes\linux-arm64\native\libSkiaSharp.so
                                   AssetType=native
                                   CopyLocal=true
                                   DestinationSubDirectory=runtimes\linux-arm64\native\
                                   DestinationSubPath=runtimes\linux-arm64\native\libSkiaSharp.so
                                   NuGetPackageId=SkiaSharp.NativeAssets.Linux.NoDependencies
                                   NuGetPackageVersion=3.119.0
                                   PathInPackage=runtimes/linux-arm64/native/libSkiaSharp.so
                                   RuntimeIdentifier=linux-arm64
                           C:\Users\jim liu\.nuget\packages\skiasharp.nativeassets.linux.nodependencies\3.119.0\runtimes\linux-loongarch64\native\libSkiaSharp.so
                                   AssetType=native
                                   CopyLocal=true
                                   DestinationSubDirectory=runtimes\linux-loongarch64\native\
                                   DestinationSubPath=runtimes\linux-loongarch64\native\libSkiaSharp.so
                                   NuGetPackageId=SkiaSharp.NativeAssets.Linux.NoDependencies
                                   NuGetPackageVersion=3.119.0
                                   PathInPackage=runtimes/linux-loongarch64/native/libSkiaSharp.so
                                   RuntimeIdentifier=linux-loongarch64
                           C:\Users\jim liu\.nuget\packages\skiasharp.nativeassets.linux.nodependencies\3.119.0\runtimes\linux-musl-arm\native\libSkiaSharp.so
                                   AssetType=native
                                   CopyLocal=true
                                   DestinationSubDirectory=runtimes\linux-musl-arm\native\
                                   DestinationSubPath=runtimes\linux-musl-arm\native\libSkiaSharp.so
                                   NuGetPackageId=SkiaSharp.NativeAssets.Linux.NoDependencies
                                   NuGetPackageVersion=3.119.0
                                   PathInPackage=runtimes/linux-musl-arm/native/libSkiaSharp.so
                                   RuntimeIdentifier=linux-musl-arm
                           C:\Users\jim liu\.nuget\packages\skiasharp.nativeassets.linux.nodependencies\3.119.0\runtimes\linux-musl-arm64\native\libSkiaSharp.so
                                   AssetType=native
                                   CopyLocal=true
                                   DestinationSubDirectory=runtimes\linux-musl-arm64\native\
                                   DestinationSubPath=runtimes\linux-musl-arm64\native\libSkiaSharp.so
                                   NuGetPackageId=SkiaSharp.NativeAssets.Linux.NoDependencies
                                   NuGetPackageVersion=3.119.0
                                   PathInPackage=runtimes/linux-musl-arm64/native/libSkiaSharp.so
                                   RuntimeIdentifier=linux-musl-arm64
                           C:\Users\jim liu\.nuget\packages\skiasharp.nativeassets.linux.nodependencies\3.119.0\runtimes\linux-musl-loongarch64\native\libSkiaSharp.so
                                   AssetType=native
                                   CopyLocal=true
                                   DestinationSubDirectory=runtimes\linux-musl-loongarch64\native\
                                   DestinationSubPath=runtimes\linux-musl-loongarch64\native\libSkiaSharp.so
                                   NuGetPackageId=SkiaSharp.NativeAssets.Linux.NoDependencies
                                   NuGetPackageVersion=3.119.0
                                   PathInPackage=runtimes/linux-musl-loongarch64/native/libSkiaSharp.so
                                   RuntimeIdentifier=linux-musl-loongarch64
                           C:\Users\jim liu\.nuget\packages\skiasharp.nativeassets.linux.nodependencies\3.119.0\runtimes\linux-musl-riscv64\native\libSkiaSharp.so
                                   AssetType=native
                                   CopyLocal=true
                                   DestinationSubDirectory=runtimes\linux-musl-riscv64\native\
                                   DestinationSubPath=runtimes\linux-musl-riscv64\native\libSkiaSharp.so
                                   NuGetPackageId=SkiaSharp.NativeAssets.Linux.NoDependencies
                                   NuGetPackageVersion=3.119.0
                                   PathInPackage=runtimes/linux-musl-riscv64/native/libSkiaSharp.so
                                   RuntimeIdentifier=linux-musl-riscv64
                           C:\Users\jim liu\.nuget\packages\skiasharp.nativeassets.linux.nodependencies\3.119.0\runtimes\linux-musl-x64\native\libSkiaSharp.so
                                   AssetType=native
                                   CopyLocal=true
                                   DestinationSubDirectory=runtimes\linux-musl-x64\native\
                                   DestinationSubPath=runtimes\linux-musl-x64\native\libSkiaSharp.so
                                   NuGetPackageId=SkiaSharp.NativeAssets.Linux.NoDependencies
                                   NuGetPackageVersion=3.119.0
                                   PathInPackage=runtimes/linux-musl-x64/native/libSkiaSharp.so
                                   RuntimeIdentifier=linux-musl-x64
                           C:\Users\jim liu\.nuget\packages\skiasharp.nativeassets.linux.nodependencies\3.119.0\runtimes\linux-riscv64\native\libSkiaSharp.so
                                   AssetType=native
                                   CopyLocal=true
                                   DestinationSubDirectory=runtimes\linux-riscv64\native\
                                   DestinationSubPath=runtimes\linux-riscv64\native\libSkiaSharp.so
                                   NuGetPackageId=SkiaSharp.NativeAssets.Linux.NoDependencies
                                   NuGetPackageVersion=3.119.0
                                   PathInPackage=runtimes/linux-riscv64/native/libSkiaSharp.so
                                   RuntimeIdentifier=linux-riscv64
                           C:\Users\jim liu\.nuget\packages\skiasharp.nativeassets.linux.nodependencies\3.119.0\runtimes\linux-x64\native\libSkiaSharp.so
                                   AssetType=native
                                   CopyLocal=true
                                   DestinationSubDirectory=runtimes\linux-x64\native\
                                   DestinationSubPath=runtimes\linux-x64\native\libSkiaSharp.so
                                   NuGetPackageId=SkiaSharp.NativeAssets.Linux.NoDependencies
                                   NuGetPackageVersion=3.119.0
                                   PathInPackage=runtimes/linux-x64/native/libSkiaSharp.so
                                   RuntimeIdentifier=linux-x64
                           C:\Users\jim liu\.nuget\packages\skiasharp.nativeassets.linux.nodependencies\3.119.0\runtimes\linux-x86\native\libSkiaSharp.so
                                   AssetType=native
                                   CopyLocal=true
                                   DestinationSubDirectory=runtimes\linux-x86\native\
                                   DestinationSubPath=runtimes\linux-x86\native\libSkiaSharp.so
                                   NuGetPackageId=SkiaSharp.NativeAssets.Linux.NoDependencies
                                   NuGetPackageVersion=3.119.0
                                   PathInPackage=runtimes/linux-x86/native/libSkiaSharp.so
                                   RuntimeIdentifier=linux-x86
                           C:\Users\jim liu\.nuget\packages\skiasharp.nativeassets.macos\3.119.0\runtimes\osx\native\libSkiaSharp.dylib
                                   AssetType=native
                                   CopyLocal=true
                                   DestinationSubDirectory=runtimes\osx\native\
                                   DestinationSubPath=runtimes\osx\native\libSkiaSharp.dylib
                                   NuGetPackageId=SkiaSharp.NativeAssets.macOS
                                   NuGetPackageVersion=3.119.0
                                   PathInPackage=runtimes/osx/native/libSkiaSharp.dylib
                                   RuntimeIdentifier=osx
                           C:\Users\jim liu\.nuget\packages\skiasharp.nativeassets.win32\3.119.0\runtimes\win-arm64\native\libSkiaSharp.dll
                                   AssetType=native
                                   CopyLocal=true
                                   DestinationSubDirectory=runtimes\win-arm64\native\
                                   DestinationSubPath=runtimes\win-arm64\native\libSkiaSharp.dll
                                   NuGetPackageId=SkiaSharp.NativeAssets.Win32
                                   NuGetPackageVersion=3.119.0
                                   PathInPackage=runtimes/win-arm64/native/libSkiaSharp.dll
                                   RuntimeIdentifier=win-arm64
                           C:\Users\jim liu\.nuget\packages\skiasharp.nativeassets.win32\3.119.0\runtimes\win-x64\native\libSkiaSharp.dll
                                   AssetType=native
                                   CopyLocal=true
                                   DestinationSubDirectory=runtimes\win-x64\native\
                                   DestinationSubPath=runtimes\win-x64\native\libSkiaSharp.dll
                                   NuGetPackageId=SkiaSharp.NativeAssets.Win32
                                   NuGetPackageVersion=3.119.0
                                   PathInPackage=runtimes/win-x64/native/libSkiaSharp.dll
                                   RuntimeIdentifier=win-x64
                           C:\Users\jim liu\.nuget\packages\skiasharp.nativeassets.win32\3.119.0\runtimes\win-x86\native\libSkiaSharp.dll
                                   AssetType=native
                                   CopyLocal=true
                                   DestinationSubDirectory=runtimes\win-x86\native\
                                   DestinationSubPath=runtimes\win-x86\native\libSkiaSharp.dll
                                   NuGetPackageId=SkiaSharp.NativeAssets.Win32
                                   NuGetPackageVersion=3.119.0
                                   PathInPackage=runtimes/win-x86/native/libSkiaSharp.dll
                                   RuntimeIdentifier=win-x86
                           C:\Users\jim liu\.nuget\packages\sqlitepclraw.lib.e_sqlite3\2.1.11\runtimes\browser-wasm\nativeassets\net9.0\e_sqlite3.a
                                   AssetType=native
                                   CopyLocal=true
                                   DestinationSubDirectory=runtimes\browser-wasm\nativeassets\net9.0\
                                   DestinationSubPath=runtimes\browser-wasm\nativeassets\net9.0\e_sqlite3.a
                                   NuGetPackageId=SQLitePCLRaw.lib.e_sqlite3
                                   NuGetPackageVersion=2.1.11
                                   PathInPackage=runtimes/browser-wasm/nativeassets/net9.0/e_sqlite3.a
                                   RuntimeIdentifier=browser-wasm
                           C:\Users\jim liu\.nuget\packages\sqlitepclraw.lib.e_sqlite3\2.1.11\runtimes\linux-arm\native\libe_sqlite3.so
                                   AssetType=native
                                   CopyLocal=true
                                   DestinationSubDirectory=runtimes\linux-arm\native\
                                   DestinationSubPath=runtimes\linux-arm\native\libe_sqlite3.so
                                   NuGetPackageId=SQLitePCLRaw.lib.e_sqlite3
                                   NuGetPackageVersion=2.1.11
                                   PathInPackage=runtimes/linux-arm/native/libe_sqlite3.so
                                   RuntimeIdentifier=linux-arm
                           C:\Users\jim liu\.nuget\packages\sqlitepclraw.lib.e_sqlite3\2.1.11\runtimes\linux-arm64\native\libe_sqlite3.so
                                   AssetType=native
                                   CopyLocal=true
                                   DestinationSubDirectory=runtimes\linux-arm64\native\
                                   DestinationSubPath=runtimes\linux-arm64\native\libe_sqlite3.so
                                   NuGetPackageId=SQLitePCLRaw.lib.e_sqlite3
                                   NuGetPackageVersion=2.1.11
                                   PathInPackage=runtimes/linux-arm64/native/libe_sqlite3.so
                                   RuntimeIdentifier=linux-arm64
                           C:\Users\jim liu\.nuget\packages\sqlitepclraw.lib.e_sqlite3\2.1.11\runtimes\linux-armel\native\libe_sqlite3.so
                                   AssetType=native
                                   CopyLocal=true
                                   DestinationSubDirectory=runtimes\linux-armel\native\
                                   DestinationSubPath=runtimes\linux-armel\native\libe_sqlite3.so
                                   NuGetPackageId=SQLitePCLRaw.lib.e_sqlite3
                                   NuGetPackageVersion=2.1.11
                                   PathInPackage=runtimes/linux-armel/native/libe_sqlite3.so
                                   RuntimeIdentifier=linux-armel
                           C:\Users\jim liu\.nuget\packages\sqlitepclraw.lib.e_sqlite3\2.1.11\runtimes\linux-mips64\native\libe_sqlite3.so
                                   AssetType=native
                                   CopyLocal=true
                                   DestinationSubDirectory=runtimes\linux-mips64\native\
                                   DestinationSubPath=runtimes\linux-mips64\native\libe_sqlite3.so
                                   NuGetPackageId=SQLitePCLRaw.lib.e_sqlite3
                                   NuGetPackageVersion=2.1.11
                                   PathInPackage=runtimes/linux-mips64/native/libe_sqlite3.so
                                   RuntimeIdentifier=linux-mips64
                           C:\Users\jim liu\.nuget\packages\sqlitepclraw.lib.e_sqlite3\2.1.11\runtimes\linux-musl-arm\native\libe_sqlite3.so
                                   AssetType=native
                                   CopyLocal=true
                                   DestinationSubDirectory=runtimes\linux-musl-arm\native\
                                   DestinationSubPath=runtimes\linux-musl-arm\native\libe_sqlite3.so
                                   NuGetPackageId=SQLitePCLRaw.lib.e_sqlite3
                                   NuGetPackageVersion=2.1.11
                                   PathInPackage=runtimes/linux-musl-arm/native/libe_sqlite3.so
                                   RuntimeIdentifier=linux-musl-arm
                           C:\Users\jim liu\.nuget\packages\sqlitepclraw.lib.e_sqlite3\2.1.11\runtimes\linux-musl-arm64\native\libe_sqlite3.so
                                   AssetType=native
                                   CopyLocal=true
                                   DestinationSubDirectory=runtimes\linux-musl-arm64\native\
                                   DestinationSubPath=runtimes\linux-musl-arm64\native\libe_sqlite3.so
                                   NuGetPackageId=SQLitePCLRaw.lib.e_sqlite3
                                   NuGetPackageVersion=2.1.11
                                   PathInPackage=runtimes/linux-musl-arm64/native/libe_sqlite3.so
                                   RuntimeIdentifier=linux-musl-arm64
                           C:\Users\jim liu\.nuget\packages\sqlitepclraw.lib.e_sqlite3\2.1.11\runtimes\linux-musl-riscv64\native\libe_sqlite3.so
                                   AssetType=native
                                   CopyLocal=true
                                   DestinationSubDirectory=runtimes\linux-musl-riscv64\native\
                                   DestinationSubPath=runtimes\linux-musl-riscv64\native\libe_sqlite3.so
                                   NuGetPackageId=SQLitePCLRaw.lib.e_sqlite3
                                   NuGetPackageVersion=2.1.11
                                   PathInPackage=runtimes/linux-musl-riscv64/native/libe_sqlite3.so
                                   RuntimeIdentifier=linux-musl-riscv64
                           C:\Users\jim liu\.nuget\packages\sqlitepclraw.lib.e_sqlite3\2.1.11\runtimes\linux-musl-s390x\native\libe_sqlite3.so
                                   AssetType=native
                                   CopyLocal=true
                                   DestinationSubDirectory=runtimes\linux-musl-s390x\native\
                                   DestinationSubPath=runtimes\linux-musl-s390x\native\libe_sqlite3.so
                                   NuGetPackageId=SQLitePCLRaw.lib.e_sqlite3
                                   NuGetPackageVersion=2.1.11
                                   PathInPackage=runtimes/linux-musl-s390x/native/libe_sqlite3.so
                                   RuntimeIdentifier=linux-musl-s390x
                           C:\Users\jim liu\.nuget\packages\sqlitepclraw.lib.e_sqlite3\2.1.11\runtimes\linux-musl-x64\native\libe_sqlite3.so
                                   AssetType=native
                                   CopyLocal=true
                                   DestinationSubDirectory=runtimes\linux-musl-x64\native\
                                   DestinationSubPath=runtimes\linux-musl-x64\native\libe_sqlite3.so
                                   NuGetPackageId=SQLitePCLRaw.lib.e_sqlite3
                                   NuGetPackageVersion=2.1.11
                                   PathInPackage=runtimes/linux-musl-x64/native/libe_sqlite3.so
                                   RuntimeIdentifier=linux-musl-x64
                           C:\Users\jim liu\.nuget\packages\sqlitepclraw.lib.e_sqlite3\2.1.11\runtimes\linux-ppc64le\native\libe_sqlite3.so
                                   AssetType=native
                                   CopyLocal=true
                                   DestinationSubDirectory=runtimes\linux-ppc64le\native\
                                   DestinationSubPath=runtimes\linux-ppc64le\native\libe_sqlite3.so
                                   NuGetPackageId=SQLitePCLRaw.lib.e_sqlite3
                                   NuGetPackageVersion=2.1.11
                                   PathInPackage=runtimes/linux-ppc64le/native/libe_sqlite3.so
                                   RuntimeIdentifier=linux-ppc64le
                           C:\Users\jim liu\.nuget\packages\sqlitepclraw.lib.e_sqlite3\2.1.11\runtimes\linux-riscv64\native\libe_sqlite3.so
                                   AssetType=native
                                   CopyLocal=true
                                   DestinationSubDirectory=runtimes\linux-riscv64\native\
                                   DestinationSubPath=runtimes\linux-riscv64\native\libe_sqlite3.so
                                   NuGetPackageId=SQLitePCLRaw.lib.e_sqlite3
                                   NuGetPackageVersion=2.1.11
                                   PathInPackage=runtimes/linux-riscv64/native/libe_sqlite3.so
                                   RuntimeIdentifier=linux-riscv64
                           C:\Users\jim liu\.nuget\packages\sqlitepclraw.lib.e_sqlite3\2.1.11\runtimes\linux-s390x\native\libe_sqlite3.so
                                   AssetType=native
                                   CopyLocal=true
                                   DestinationSubDirectory=runtimes\linux-s390x\native\
                                   DestinationSubPath=runtimes\linux-s390x\native\libe_sqlite3.so
                                   NuGetPackageId=SQLitePCLRaw.lib.e_sqlite3
                                   NuGetPackageVersion=2.1.11
                                   PathInPackage=runtimes/linux-s390x/native/libe_sqlite3.so
                                   RuntimeIdentifier=linux-s390x
                           C:\Users\jim liu\.nuget\packages\sqlitepclraw.lib.e_sqlite3\2.1.11\runtimes\linux-x64\native\libe_sqlite3.so
                                   AssetType=native
                                   CopyLocal=true
                                   DestinationSubDirectory=runtimes\linux-x64\native\
                                   DestinationSubPath=runtimes\linux-x64\native\libe_sqlite3.so
                                   NuGetPackageId=SQLitePCLRaw.lib.e_sqlite3
                                   NuGetPackageVersion=2.1.11
                                   PathInPackage=runtimes/linux-x64/native/libe_sqlite3.so
                                   RuntimeIdentifier=linux-x64
                           C:\Users\jim liu\.nuget\packages\sqlitepclraw.lib.e_sqlite3\2.1.11\runtimes\linux-x86\native\libe_sqlite3.so
                                   AssetType=native
                                   CopyLocal=true
                                   DestinationSubDirectory=runtimes\linux-x86\native\
                                   DestinationSubPath=runtimes\linux-x86\native\libe_sqlite3.so
                                   NuGetPackageId=SQLitePCLRaw.lib.e_sqlite3
                                   NuGetPackageVersion=2.1.11
                                   PathInPackage=runtimes/linux-x86/native/libe_sqlite3.so
                                   RuntimeIdentifier=linux-x86
                           C:\Users\jim liu\.nuget\packages\sqlitepclraw.lib.e_sqlite3\2.1.11\runtimes\maccatalyst-arm64\native\libe_sqlite3.dylib
                                   AssetType=native
                                   CopyLocal=true
                                   DestinationSubDirectory=runtimes\maccatalyst-arm64\native\
                                   DestinationSubPath=runtimes\maccatalyst-arm64\native\libe_sqlite3.dylib
                                   NuGetPackageId=SQLitePCLRaw.lib.e_sqlite3
                                   NuGetPackageVersion=2.1.11
                                   PathInPackage=runtimes/maccatalyst-arm64/native/libe_sqlite3.dylib
                                   RuntimeIdentifier=maccatalyst-arm64
                           C:\Users\jim liu\.nuget\packages\sqlitepclraw.lib.e_sqlite3\2.1.11\runtimes\maccatalyst-x64\native\libe_sqlite3.dylib
                                   AssetType=native
                                   CopyLocal=true
                                   DestinationSubDirectory=runtimes\maccatalyst-x64\native\
                                   DestinationSubPath=runtimes\maccatalyst-x64\native\libe_sqlite3.dylib
                                   NuGetPackageId=SQLitePCLRaw.lib.e_sqlite3
                                   NuGetPackageVersion=2.1.11
                                   PathInPackage=runtimes/maccatalyst-x64/native/libe_sqlite3.dylib
                                   RuntimeIdentifier=maccatalyst-x64
                           C:\Users\jim liu\.nuget\packages\sqlitepclraw.lib.e_sqlite3\2.1.11\runtimes\osx-arm64\native\libe_sqlite3.dylib
                                   AssetType=native
                                   CopyLocal=true
                                   DestinationSubDirectory=runtimes\osx-arm64\native\
                                   DestinationSubPath=runtimes\osx-arm64\native\libe_sqlite3.dylib
                                   NuGetPackageId=SQLitePCLRaw.lib.e_sqlite3
                                   NuGetPackageVersion=2.1.11
                                   PathInPackage=runtimes/osx-arm64/native/libe_sqlite3.dylib
                                   RuntimeIdentifier=osx-arm64
                           C:\Users\jim liu\.nuget\packages\sqlitepclraw.lib.e_sqlite3\2.1.11\runtimes\osx-x64\native\libe_sqlite3.dylib
                                   AssetType=native
                                   CopyLocal=true
                                   DestinationSubDirectory=runtimes\osx-x64\native\
                                   DestinationSubPath=runtimes\osx-x64\native\libe_sqlite3.dylib
                                   NuGetPackageId=SQLitePCLRaw.lib.e_sqlite3
                                   NuGetPackageVersion=2.1.11
                                   PathInPackage=runtimes/osx-x64/native/libe_sqlite3.dylib
                                   RuntimeIdentifier=osx-x64
                           C:\Users\jim liu\.nuget\packages\sqlitepclraw.lib.e_sqlite3\2.1.11\runtimes\win-arm\native\e_sqlite3.dll
                                   AssetType=native
                                   CopyLocal=true
                                   DestinationSubDirectory=runtimes\win-arm\native\
                                   DestinationSubPath=runtimes\win-arm\native\e_sqlite3.dll
                                   NuGetPackageId=SQLitePCLRaw.lib.e_sqlite3
                                   NuGetPackageVersion=2.1.11
                                   PathInPackage=runtimes/win-arm/native/e_sqlite3.dll
                                   RuntimeIdentifier=win-arm
                           C:\Users\jim liu\.nuget\packages\sqlitepclraw.lib.e_sqlite3\2.1.11\runtimes\win-arm64\native\e_sqlite3.dll
                                   AssetType=native
                                   CopyLocal=true
                                   DestinationSubDirectory=runtimes\win-arm64\native\
                                   DestinationSubPath=runtimes\win-arm64\native\e_sqlite3.dll
                                   NuGetPackageId=SQLitePCLRaw.lib.e_sqlite3
                                   NuGetPackageVersion=2.1.11
                                   PathInPackage=runtimes/win-arm64/native/e_sqlite3.dll
                                   RuntimeIdentifier=win-arm64
                           C:\Users\jim liu\.nuget\packages\sqlitepclraw.lib.e_sqlite3\2.1.11\runtimes\win-x64\native\e_sqlite3.dll
                                   AssetType=native
                                   CopyLocal=true
                                   DestinationSubDirectory=runtimes\win-x64\native\
                                   DestinationSubPath=runtimes\win-x64\native\e_sqlite3.dll
                                   NuGetPackageId=SQLitePCLRaw.lib.e_sqlite3
                                   NuGetPackageVersion=2.1.11
                                   PathInPackage=runtimes/win-x64/native/e_sqlite3.dll
                                   RuntimeIdentifier=win-x64
                           C:\Users\jim liu\.nuget\packages\sqlitepclraw.lib.e_sqlite3\2.1.11\runtimes\win-x86\native\e_sqlite3.dll
                                   AssetType=native
                                   CopyLocal=true
                                   DestinationSubDirectory=runtimes\win-x86\native\
                                   DestinationSubPath=runtimes\win-x86\native\e_sqlite3.dll
                                   NuGetPackageId=SQLitePCLRaw.lib.e_sqlite3
                                   NuGetPackageVersion=2.1.11
                                   PathInPackage=runtimes/win-x86/native/e_sqlite3.dll
                                   RuntimeIdentifier=win-x86
                   添加的项: 
                       ReferenceCopyLocalPaths=
                           C:\Users\jim liu\.nuget\packages\harfbuzzsharp\8.3.1.1\lib\net8.0\HarfBuzzSharp.dll
                                   AssetType=runtime
                                   CopyLocal=true
                                   DestinationSubPath=HarfBuzzSharp.dll
                                   NuGetPackageId=HarfBuzzSharp
                                   NuGetPackageVersion=8.3.1.1
                                   PathInPackage=lib/net8.0/HarfBuzzSharp.dll
                           C:\Users\jim liu\.nuget\packages\microsoft.data.sqlite.core\10.0.5\lib\net8.0\Microsoft.Data.Sqlite.dll
                                   AssetType=runtime
                                   CopyLocal=true
                                   DestinationSubPath=Microsoft.Data.Sqlite.dll
                                   NuGetPackageId=Microsoft.Data.Sqlite.Core
                                   NuGetPackageVersion=10.0.5
                                   PathInPackage=lib/net8.0/Microsoft.Data.Sqlite.dll
                           C:\Users\jim liu\.nuget\packages\microsoft.diagnostics.netcore.client\0.2.510501\lib\net6.0\Microsoft.Diagnostics.NETCore.Client.dll
                                   AssetType=runtime
                                   CopyLocal=true
                                   DestinationSubPath=Microsoft.Diagnostics.NETCore.Client.dll
                                   NuGetPackageId=Microsoft.Diagnostics.NETCore.Client
                                   NuGetPackageVersion=0.2.510501
                                   PathInPackage=lib/net6.0/Microsoft.Diagnostics.NETCore.Client.dll
                           C:\Users\jim liu\.nuget\packages\microsoft.diagnostics.tracing.traceevent\3.1.30\lib\netstandard2.0\Dia2Lib.dll
                                   AssetType=runtime
                                   CopyLocal=true
                                   DestinationSubPath=Dia2Lib.dll
                                   NuGetPackageId=Microsoft.Diagnostics.Tracing.TraceEvent
                                   NuGetPackageVersion=3.1.30
                                   PathInPackage=lib/netstandard2.0/Dia2Lib.dll
                           C:\Users\jim liu\.nuget\packages\microsoft.diagnostics.tracing.traceevent\3.1.30\lib\netstandard2.0\Microsoft.Diagnostics.FastSerialization.dll
                                   AssetType=runtime
                                   CopyLocal=true
                                   DestinationSubPath=Microsoft.Diagnostics.FastSerialization.dll
                                   NuGetPackageId=Microsoft.Diagnostics.Tracing.TraceEvent
                                   NuGetPackageVersion=3.1.30
                                   PathInPackage=lib/netstandard2.0/Microsoft.Diagnostics.FastSerialization.dll
                           C:\Users\jim liu\.nuget\packages\microsoft.diagnostics.tracing.traceevent\3.1.30\lib\netstandard2.0\Microsoft.Diagnostics.Tracing.TraceEvent.dll
                                   AssetType=runtime
                                   CopyLocal=true
                                   DestinationSubPath=Microsoft.Diagnostics.Tracing.TraceEvent.dll
                                   NuGetPackageId=Microsoft.Diagnostics.Tracing.TraceEvent
                                   NuGetPackageVersion=3.1.30
                                   PathInPackage=lib/netstandard2.0/Microsoft.Diagnostics.Tracing.TraceEvent.dll
                           C:\Users\jim liu\.nuget\packages\microsoft.diagnostics.tracing.traceevent\3.1.30\lib\netstandard2.0\TraceReloggerLib.dll
                                   AssetType=runtime
                                   CopyLocal=true
                                   DestinationSubPath=TraceReloggerLib.dll
                                   NuGetPackageId=Microsoft.Diagnostics.Tracing.TraceEvent
                                   NuGetPackageVersion=3.1.30
                                   PathInPackage=lib/netstandard2.0/TraceReloggerLib.dll
                           C:\Users\jim liu\.nuget\packages\microsoft.extensions.dependencyinjection\6.0.0\lib\net6.0\Microsoft.Extensions.DependencyInjection.dll
                                   AssetType=runtime
                                   CopyLocal=true
                                   DestinationSubPath=Microsoft.Extensions.DependencyInjection.dll
                                   NuGetPackageId=Microsoft.Extensions.DependencyInjection
                                   NuGetPackageVersion=6.0.0
                                   PathInPackage=lib/net6.0/Microsoft.Extensions.DependencyInjection.dll
                           C:\Users\jim liu\.nuget\packages\microsoft.extensions.dependencyinjection.abstractions\6.0.0\lib\net6.0\Microsoft.Extensions.DependencyInjection.Abstractions.dll
                                   AssetType=runtime
                                   CopyLocal=true
                                   DestinationSubPath=Microsoft.Extensions.DependencyInjection.Abstractions.dll
                                   NuGetPackageId=Microsoft.Extensions.DependencyInjection.Abstractions
                                   NuGetPackageVersion=6.0.0
                                   PathInPackage=lib/net6.0/Microsoft.Extensions.DependencyInjection.Abstractions.dll
                           C:\Users\jim liu\.nuget\packages\microsoft.extensions.logging\6.0.0\lib\netstandard2.1\Microsoft.Extensions.Logging.dll
                                   AssetType=runtime
                                   CopyLocal=true
                                   DestinationSubPath=Microsoft.Extensions.Logging.dll
                                   NuGetPackageId=Microsoft.Extensions.Logging
                                   NuGetPackageVersion=6.0.0
                                   PathInPackage=lib/netstandard2.1/Microsoft.Extensions.Logging.dll
                           C:\Users\jim liu\.nuget\packages\microsoft.extensions.logging.abstractions\6.0.0\lib\net6.0\Microsoft.Extensions.Logging.Abstractions.dll
                                   AssetType=runtime
                                   CopyLocal=true
                                   DestinationSubPath=Microsoft.Extensions.Logging.Abstractions.dll
                                   NuGetPackageId=Microsoft.Extensions.Logging.Abstractions
                                   NuGetPackageVersion=6.0.0
                                   PathInPackage=lib/net6.0/Microsoft.Extensions.Logging.Abstractions.dll
                           C:\Users\jim liu\.nuget\packages\microsoft.extensions.options\6.0.0\lib\netstandard2.1\Microsoft.Extensions.Options.dll
                                   AssetType=runtime
                                   CopyLocal=true
                                   DestinationSubPath=Microsoft.Extensions.Options.dll
                                   NuGetPackageId=Microsoft.Extensions.Options
                                   NuGetPackageVersion=6.0.0
                                   PathInPackage=lib/netstandard2.1/Microsoft.Extensions.Options.dll
                           C:\Users\jim liu\.nuget\packages\microsoft.extensions.primitives\6.0.0\lib\net6.0\Microsoft.Extensions.Primitives.dll
                                   AssetType=runtime
                                   CopyLocal=true
                                   DestinationSubPath=Microsoft.Extensions.Primitives.dll
                                   NuGetPackageId=Microsoft.Extensions.Primitives
                                   NuGetPackageVersion=6.0.0
                                   PathInPackage=lib/net6.0/Microsoft.Extensions.Primitives.dll
                           C:\Users\jim liu\.nuget\packages\scottplot\5.1.58\lib\net10.0\ScottPlot.dll
                                   AssetType=runtime
                                   CopyLocal=true
                                   DestinationSubPath=ScottPlot.dll
                                   NuGetPackageId=ScottPlot
                                   NuGetPackageVersion=5.1.58
                                   PathInPackage=lib/net10.0/ScottPlot.dll
                           C:\Users\jim liu\.nuget\packages\skiasharp\3.119.0\lib\net8.0\SkiaSharp.dll
                                   AssetType=runtime
                                   CopyLocal=true
                                   DestinationSubPath=SkiaSharp.dll
                                   NuGetPackageId=SkiaSharp
                                   NuGetPackageVersion=3.119.0
                                   PathInPackage=lib/net8.0/SkiaSharp.dll
                           C:\Users\jim liu\.nuget\packages\skiasharp.harfbuzz\3.119.0\lib\net8.0\SkiaSharp.HarfBuzz.dll
                                   AssetType=runtime
                                   CopyLocal=true
                                   DestinationSubPath=SkiaSharp.HarfBuzz.dll
                                   NuGetPackageId=SkiaSharp.HarfBuzz
                                   NuGetPackageVersion=3.119.0
                                   PathInPackage=lib/net8.0/SkiaSharp.HarfBuzz.dll
                           C:\Users\jim liu\.nuget\packages\sqlitepclraw.bundle_e_sqlite3\2.1.11\lib\netstandard2.0\SQLitePCLRaw.batteries_v2.dll
                                   AssetType=runtime
                                   CopyLocal=true
                                   DestinationSubPath=SQLitePCLRaw.batteries_v2.dll
                                   NuGetPackageId=SQLitePCLRaw.bundle_e_sqlite3
                                   NuGetPackageVersion=2.1.11
                                   PathInPackage=lib/netstandard2.0/SQLitePCLRaw.batteries_v2.dll
                           C:\Users\jim liu\.nuget\packages\sqlitepclraw.core\2.1.11\lib\netstandard2.0\SQLitePCLRaw.core.dll
                                   AssetType=runtime
                                   CopyLocal=true
                                   DestinationSubPath=SQLitePCLRaw.core.dll
                                   NuGetPackageId=SQLitePCLRaw.core
                                   NuGetPackageVersion=2.1.11
                                   PathInPackage=lib/netstandard2.0/SQLitePCLRaw.core.dll
                           C:\Users\jim liu\.nuget\packages\sqlitepclraw.provider.e_sqlite3\2.1.11\lib\net6.0-windows7.0\SQLitePCLRaw.provider.e_sqlite3.dll
                                   AssetType=runtime
                                   CopyLocal=true
                                   DestinationSubPath=SQLitePCLRaw.provider.e_sqlite3.dll
                                   NuGetPackageId=SQLitePCLRaw.provider.e_sqlite3
                                   NuGetPackageVersion=2.1.11
                                   PathInPackage=lib/net6.0-windows7.0/SQLitePCLRaw.provider.e_sqlite3.dll
                           C:\Users\jim liu\.nuget\packages\harfbuzzsharp.nativeassets.linux\8.3.1.1\runtimes\linux-arm\native\libHarfBuzzSharp.so
                                   AssetType=native
                                   CopyLocal=true
                                   DestinationSubDirectory=runtimes\linux-arm\native\
                                   DestinationSubPath=runtimes\linux-arm\native\libHarfBuzzSharp.so
                                   NuGetPackageId=HarfBuzzSharp.NativeAssets.Linux
                                   NuGetPackageVersion=8.3.1.1
                                   PathInPackage=runtimes/linux-arm/native/libHarfBuzzSharp.so
                                   RuntimeIdentifier=linux-arm
                           C:\Users\jim liu\.nuget\packages\harfbuzzsharp.nativeassets.linux\8.3.1.1\runtimes\linux-arm64\native\libHarfBuzzSharp.so
                                   AssetType=native
                                   CopyLocal=true
                                   DestinationSubDirectory=runtimes\linux-arm64\native\
                                   DestinationSubPath=runtimes\linux-arm64\native\libHarfBuzzSharp.so
                                   NuGetPackageId=HarfBuzzSharp.NativeAssets.Linux
                                   NuGetPackageVersion=8.3.1.1
                                   PathInPackage=runtimes/linux-arm64/native/libHarfBuzzSharp.so
                                   RuntimeIdentifier=linux-arm64
                           C:\Users\jim liu\.nuget\packages\harfbuzzsharp.nativeassets.linux\8.3.1.1\runtimes\linux-loongarch64\native\libHarfBuzzSharp.so
                                   AssetType=native
                                   CopyLocal=true
                                   DestinationSubDirectory=runtimes\linux-loongarch64\native\
                                   DestinationSubPath=runtimes\linux-loongarch64\native\libHarfBuzzSharp.so
                                   NuGetPackageId=HarfBuzzSharp.NativeAssets.Linux
                                   NuGetPackageVersion=8.3.1.1
                                   PathInPackage=runtimes/linux-loongarch64/native/libHarfBuzzSharp.so
                                   RuntimeIdentifier=linux-loongarch64
                           C:\Users\jim liu\.nuget\packages\harfbuzzsharp.nativeassets.linux\8.3.1.1\runtimes\linux-musl-arm\native\libHarfBuzzSharp.so
                                   AssetType=native
                                   CopyLocal=true
                                   DestinationSubDirectory=runtimes\linux-musl-arm\native\
                                   DestinationSubPath=runtimes\linux-musl-arm\native\libHarfBuzzSharp.so
                                   NuGetPackageId=HarfBuzzSharp.NativeAssets.Linux
                                   NuGetPackageVersion=8.3.1.1
                                   PathInPackage=runtimes/linux-musl-arm/native/libHarfBuzzSharp.so
                                   RuntimeIdentifier=linux-musl-arm
                           C:\Users\jim liu\.nuget\packages\harfbuzzsharp.nativeassets.linux\8.3.1.1\runtimes\linux-musl-arm64\native\libHarfBuzzSharp.so
                                   AssetType=native
                                   CopyLocal=true
                                   DestinationSubDirectory=runtimes\linux-musl-arm64\native\
                                   DestinationSubPath=runtimes\linux-musl-arm64\native\libHarfBuzzSharp.so
                                   NuGetPackageId=HarfBuzzSharp.NativeAssets.Linux
                                   NuGetPackageVersion=8.3.1.1
                                   PathInPackage=runtimes/linux-musl-arm64/native/libHarfBuzzSharp.so
                                   RuntimeIdentifier=linux-musl-arm64
                           C:\Users\jim liu\.nuget\packages\harfbuzzsharp.nativeassets.linux\8.3.1.1\runtimes\linux-musl-loongarch64\native\libHarfBuzzSharp.so
                                   AssetType=native
                                   CopyLocal=true
                                   DestinationSubDirectory=runtimes\linux-musl-loongarch64\native\
                                   DestinationSubPath=runtimes\linux-musl-loongarch64\native\libHarfBuzzSharp.so
                                   NuGetPackageId=HarfBuzzSharp.NativeAssets.Linux
                                   NuGetPackageVersion=8.3.1.1
                                   PathInPackage=runtimes/linux-musl-loongarch64/native/libHarfBuzzSharp.so
                                   RuntimeIdentifier=linux-musl-loongarch64
                           C:\Users\jim liu\.nuget\packages\harfbuzzsharp.nativeassets.linux\8.3.1.1\runtimes\linux-musl-riscv64\native\libHarfBuzzSharp.so
                                   AssetType=native
                                   CopyLocal=true
                                   DestinationSubDirectory=runtimes\linux-musl-riscv64\native\
                                   DestinationSubPath=runtimes\linux-musl-riscv64\native\libHarfBuzzSharp.so
                                   NuGetPackageId=HarfBuzzSharp.NativeAssets.Linux
                                   NuGetPackageVersion=8.3.1.1
                                   PathInPackage=runtimes/linux-musl-riscv64/native/libHarfBuzzSharp.so
                                   RuntimeIdentifier=linux-musl-riscv64
                           C:\Users\jim liu\.nuget\packages\harfbuzzsharp.nativeassets.linux\8.3.1.1\runtimes\linux-musl-x64\native\libHarfBuzzSharp.so
                                   AssetType=native
                                   CopyLocal=true
                                   DestinationSubDirectory=runtimes\linux-musl-x64\native\
                                   DestinationSubPath=runtimes\linux-musl-x64\native\libHarfBuzzSharp.so
                                   NuGetPackageId=HarfBuzzSharp.NativeAssets.Linux
                                   NuGetPackageVersion=8.3.1.1
                                   PathInPackage=runtimes/linux-musl-x64/native/libHarfBuzzSharp.so
                                   RuntimeIdentifier=linux-musl-x64
                           C:\Users\jim liu\.nuget\packages\harfbuzzsharp.nativeassets.linux\8.3.1.1\runtimes\linux-riscv64\native\libHarfBuzzSharp.so
                                   AssetType=native
                                   CopyLocal=true
                                   DestinationSubDirectory=runtimes\linux-riscv64\native\
                                   DestinationSubPath=runtimes\linux-riscv64\native\libHarfBuzzSharp.so
                                   NuGetPackageId=HarfBuzzSharp.NativeAssets.Linux
                                   NuGetPackageVersion=8.3.1.1
                                   PathInPackage=runtimes/linux-riscv64/native/libHarfBuzzSharp.so
                                   RuntimeIdentifier=linux-riscv64
                           C:\Users\jim liu\.nuget\packages\harfbuzzsharp.nativeassets.linux\8.3.1.1\runtimes\linux-x64\native\libHarfBuzzSharp.so
                                   AssetType=native
                                   CopyLocal=true
                                   DestinationSubDirectory=runtimes\linux-x64\native\
                                   DestinationSubPath=runtimes\linux-x64\native\libHarfBuzzSharp.so
                                   NuGetPackageId=HarfBuzzSharp.NativeAssets.Linux
                                   NuGetPackageVersion=8.3.1.1
                                   PathInPackage=runtimes/linux-x64/native/libHarfBuzzSharp.so
                                   RuntimeIdentifier=linux-x64
                           C:\Users\jim liu\.nuget\packages\harfbuzzsharp.nativeassets.linux\8.3.1.1\runtimes\linux-x86\native\libHarfBuzzSharp.so
                                   AssetType=native
                                   CopyLocal=true
                                   DestinationSubDirectory=runtimes\linux-x86\native\
                                   DestinationSubPath=runtimes\linux-x86\native\libHarfBuzzSharp.so
                                   NuGetPackageId=HarfBuzzSharp.NativeAssets.Linux
                                   NuGetPackageVersion=8.3.1.1
                                   PathInPackage=runtimes/linux-x86/native/libHarfBuzzSharp.so
                                   RuntimeIdentifier=linux-x86
                           C:\Users\jim liu\.nuget\packages\harfbuzzsharp.nativeassets.macos\8.3.1.1\runtimes\osx\native\libHarfBuzzSharp.dylib
                                   AssetType=native
                                   CopyLocal=true
                                   DestinationSubDirectory=runtimes\osx\native\
                                   DestinationSubPath=runtimes\osx\native\libHarfBuzzSharp.dylib
                                   NuGetPackageId=HarfBuzzSharp.NativeAssets.macOS
                                   NuGetPackageVersion=8.3.1.1
                                   PathInPackage=runtimes/osx/native/libHarfBuzzSharp.dylib
                                   RuntimeIdentifier=osx
                           C:\Users\jim liu\.nuget\packages\harfbuzzsharp.nativeassets.win32\8.3.1.1\runtimes\win-arm64\native\libHarfBuzzSharp.dll
                                   AssetType=native
                                   CopyLocal=true
                                   DestinationSubDirectory=runtimes\win-arm64\native\
                                   DestinationSubPath=runtimes\win-arm64\native\libHarfBuzzSharp.dll
                                   NuGetPackageId=HarfBuzzSharp.NativeAssets.Win32
                                   NuGetPackageVersion=8.3.1.1
                                   PathInPackage=runtimes/win-arm64/native/libHarfBuzzSharp.dll
                                   RuntimeIdentifier=win-arm64
                           C:\Users\jim liu\.nuget\packages\harfbuzzsharp.nativeassets.win32\8.3.1.1\runtimes\win-x64\native\libHarfBuzzSharp.dll
                                   AssetType=native
                                   CopyLocal=true
                                   DestinationSubDirectory=runtimes\win-x64\native\
                                   DestinationSubPath=runtimes\win-x64\native\libHarfBuzzSharp.dll
                                   NuGetPackageId=HarfBuzzSharp.NativeAssets.Win32
                                   NuGetPackageVersion=8.3.1.1
                                   PathInPackage=runtimes/win-x64/native/libHarfBuzzSharp.dll
                                   RuntimeIdentifier=win-x64
                           C:\Users\jim liu\.nuget\packages\harfbuzzsharp.nativeassets.win32\8.3.1.1\runtimes\win-x86\native\libHarfBuzzSharp.dll
                                   AssetType=native
                                   CopyLocal=true
                                   DestinationSubDirectory=runtimes\win-x86\native\
                                   DestinationSubPath=runtimes\win-x86\native\libHarfBuzzSharp.dll
                                   NuGetPackageId=HarfBuzzSharp.NativeAssets.Win32
                                   NuGetPackageVersion=8.3.1.1
                                   PathInPackage=runtimes/win-x86/native/libHarfBuzzSharp.dll
                                   RuntimeIdentifier=win-x86
                           C:\Users\jim liu\.nuget\packages\skiasharp.nativeassets.linux.nodependencies\3.119.0\runtimes\linux-arm\native\libSkiaSharp.so
                                   AssetType=native
                                   CopyLocal=true
                                   DestinationSubDirectory=runtimes\linux-arm\native\
                                   DestinationSubPath=runtimes\linux-arm\native\libSkiaSharp.so
                                   NuGetPackageId=SkiaSharp.NativeAssets.Linux.NoDependencies
                                   NuGetPackageVersion=3.119.0
                                   PathInPackage=runtimes/linux-arm/native/libSkiaSharp.so
                                   RuntimeIdentifier=linux-arm
                           C:\Users\jim liu\.nuget\packages\skiasharp.nativeassets.linux.nodependencies\3.119.0\runtimes\linux-arm64\native\libSkiaSharp.so
                                   AssetType=native
                                   CopyLocal=true
                                   DestinationSubDirectory=runtimes\linux-arm64\native\
                                   DestinationSubPath=runtimes\linux-arm64\native\libSkiaSharp.so
                                   NuGetPackageId=SkiaSharp.NativeAssets.Linux.NoDependencies
                                   NuGetPackageVersion=3.119.0
                                   PathInPackage=runtimes/linux-arm64/native/libSkiaSharp.so
                                   RuntimeIdentifier=linux-arm64
                           C:\Users\jim liu\.nuget\packages\skiasharp.nativeassets.linux.nodependencies\3.119.0\runtimes\linux-loongarch64\native\libSkiaSharp.so
                                   AssetType=native
                                   CopyLocal=true
                                   DestinationSubDirectory=runtimes\linux-loongarch64\native\
                                   DestinationSubPath=runtimes\linux-loongarch64\native\libSkiaSharp.so
                                   NuGetPackageId=SkiaSharp.NativeAssets.Linux.NoDependencies
                                   NuGetPackageVersion=3.119.0
                                   PathInPackage=runtimes/linux-loongarch64/native/libSkiaSharp.so
                                   RuntimeIdentifier=linux-loongarch64
                           C:\Users\jim liu\.nuget\packages\skiasharp.nativeassets.linux.nodependencies\3.119.0\runtimes\linux-musl-arm\native\libSkiaSharp.so
                                   AssetType=native
                                   CopyLocal=true
                                   DestinationSubDirectory=runtimes\linux-musl-arm\native\
                                   DestinationSubPath=runtimes\linux-musl-arm\native\libSkiaSharp.so
                                   NuGetPackageId=SkiaSharp.NativeAssets.Linux.NoDependencies
                                   NuGetPackageVersion=3.119.0
                                   PathInPackage=runtimes/linux-musl-arm/native/libSkiaSharp.so
                                   RuntimeIdentifier=linux-musl-arm
                           C:\Users\jim liu\.nuget\packages\skiasharp.nativeassets.linux.nodependencies\3.119.0\runtimes\linux-musl-arm64\native\libSkiaSharp.so
                                   AssetType=native
                                   CopyLocal=true
                                   DestinationSubDirectory=runtimes\linux-musl-arm64\native\
                                   DestinationSubPath=runtimes\linux-musl-arm64\native\libSkiaSharp.so
                                   NuGetPackageId=SkiaSharp.NativeAssets.Linux.NoDependencies
                                   NuGetPackageVersion=3.119.0
                                   PathInPackage=runtimes/linux-musl-arm64/native/libSkiaSharp.so
                                   RuntimeIdentifier=linux-musl-arm64
                           C:\Users\jim liu\.nuget\packages\skiasharp.nativeassets.linux.nodependencies\3.119.0\runtimes\linux-musl-loongarch64\native\libSkiaSharp.so
                                   AssetType=native
                                   CopyLocal=true
                                   DestinationSubDirectory=runtimes\linux-musl-loongarch64\native\
                                   DestinationSubPath=runtimes\linux-musl-loongarch64\native\libSkiaSharp.so
                                   NuGetPackageId=SkiaSharp.NativeAssets.Linux.NoDependencies
                                   NuGetPackageVersion=3.119.0
                                   PathInPackage=runtimes/linux-musl-loongarch64/native/libSkiaSharp.so
                                   RuntimeIdentifier=linux-musl-loongarch64
                           C:\Users\jim liu\.nuget\packages\skiasharp.nativeassets.linux.nodependencies\3.119.0\runtimes\linux-musl-riscv64\native\libSkiaSharp.so
                                   AssetType=native
                                   CopyLocal=true
                                   DestinationSubDirectory=runtimes\linux-musl-riscv64\native\
                                   DestinationSubPath=runtimes\linux-musl-riscv64\native\libSkiaSharp.so
                                   NuGetPackageId=SkiaSharp.NativeAssets.Linux.NoDependencies
                                   NuGetPackageVersion=3.119.0
                                   PathInPackage=runtimes/linux-musl-riscv64/native/libSkiaSharp.so
                                   RuntimeIdentifier=linux-musl-riscv64
                           C:\Users\jim liu\.nuget\packages\skiasharp.nativeassets.linux.nodependencies\3.119.0\runtimes\linux-musl-x64\native\libSkiaSharp.so
                                   AssetType=native
                                   CopyLocal=true
                                   DestinationSubDirectory=runtimes\linux-musl-x64\native\
                                   DestinationSubPath=runtimes\linux-musl-x64\native\libSkiaSharp.so
                                   NuGetPackageId=SkiaSharp.NativeAssets.Linux.NoDependencies
                                   NuGetPackageVersion=3.119.0
                                   PathInPackage=runtimes/linux-musl-x64/native/libSkiaSharp.so
                                   RuntimeIdentifier=linux-musl-x64
                           C:\Users\jim liu\.nuget\packages\skiasharp.nativeassets.linux.nodependencies\3.119.0\runtimes\linux-riscv64\native\libSkiaSharp.so
                                   AssetType=native
                                   CopyLocal=true
                                   DestinationSubDirectory=runtimes\linux-riscv64\native\
                                   DestinationSubPath=runtimes\linux-riscv64\native\libSkiaSharp.so
                                   NuGetPackageId=SkiaSharp.NativeAssets.Linux.NoDependencies
                                   NuGetPackageVersion=3.119.0
                                   PathInPackage=runtimes/linux-riscv64/native/libSkiaSharp.so
                                   RuntimeIdentifier=linux-riscv64
                           C:\Users\jim liu\.nuget\packages\skiasharp.nativeassets.linux.nodependencies\3.119.0\runtimes\linux-x64\native\libSkiaSharp.so
                                   AssetType=native
                                   CopyLocal=true
                                   DestinationSubDirectory=runtimes\linux-x64\native\
                                   DestinationSubPath=runtimes\linux-x64\native\libSkiaSharp.so
                                   NuGetPackageId=SkiaSharp.NativeAssets.Linux.NoDependencies
                                   NuGetPackageVersion=3.119.0
                                   PathInPackage=runtimes/linux-x64/native/libSkiaSharp.so
                                   RuntimeIdentifier=linux-x64
                           C:\Users\jim liu\.nuget\packages\skiasharp.nativeassets.linux.nodependencies\3.119.0\runtimes\linux-x86\native\libSkiaSharp.so
                                   AssetType=native
                                   CopyLocal=true
                                   DestinationSubDirectory=runtimes\linux-x86\native\
                                   DestinationSubPath=runtimes\linux-x86\native\libSkiaSharp.so
                                   NuGetPackageId=SkiaSharp.NativeAssets.Linux.NoDependencies
                                   NuGetPackageVersion=3.119.0
                                   PathInPackage=runtimes/linux-x86/native/libSkiaSharp.so
                                   RuntimeIdentifier=linux-x86
                           C:\Users\jim liu\.nuget\packages\skiasharp.nativeassets.macos\3.119.0\runtimes\osx\native\libSkiaSharp.dylib
                                   AssetType=native
                                   CopyLocal=true
                                   DestinationSubDirectory=runtimes\osx\native\
                                   DestinationSubPath=runtimes\osx\native\libSkiaSharp.dylib
                                   NuGetPackageId=SkiaSharp.NativeAssets.macOS
                                   NuGetPackageVersion=3.119.0
                                   PathInPackage=runtimes/osx/native/libSkiaSharp.dylib
                                   RuntimeIdentifier=osx
                           C:\Users\jim liu\.nuget\packages\skiasharp.nativeassets.win32\3.119.0\runtimes\win-arm64\native\libSkiaSharp.dll
                                   AssetType=native
                                   CopyLocal=true
                                   DestinationSubDirectory=runtimes\win-arm64\native\
                                   DestinationSubPath=runtimes\win-arm64\native\libSkiaSharp.dll
                                   NuGetPackageId=SkiaSharp.NativeAssets.Win32
                                   NuGetPackageVersion=3.119.0
                                   PathInPackage=runtimes/win-arm64/native/libSkiaSharp.dll
                                   RuntimeIdentifier=win-arm64
                           C:\Users\jim liu\.nuget\packages\skiasharp.nativeassets.win32\3.119.0\runtimes\win-x64\native\libSkiaSharp.dll
                                   AssetType=native
                                   CopyLocal=true
                                   DestinationSubDirectory=runtimes\win-x64\native\
                                   DestinationSubPath=runtimes\win-x64\native\libSkiaSharp.dll
                                   NuGetPackageId=SkiaSharp.NativeAssets.Win32
                                   NuGetPackageVersion=3.119.0
                                   PathInPackage=runtimes/win-x64/native/libSkiaSharp.dll
                                   RuntimeIdentifier=win-x64
                           C:\Users\jim liu\.nuget\packages\skiasharp.nativeassets.win32\3.119.0\runtimes\win-x86\native\libSkiaSharp.dll
                                   AssetType=native
                                   CopyLocal=true
                                   DestinationSubDirectory=runtimes\win-x86\native\
                                   DestinationSubPath=runtimes\win-x86\native\libSkiaSharp.dll
                                   NuGetPackageId=SkiaSharp.NativeAssets.Win32
                                   NuGetPackageVersion=3.119.0
                                   PathInPackage=runtimes/win-x86/native/libSkiaSharp.dll
                                   RuntimeIdentifier=win-x86
                           C:\Users\jim liu\.nuget\packages\sqlitepclraw.lib.e_sqlite3\2.1.11\runtimes\browser-wasm\nativeassets\net9.0\e_sqlite3.a
                                   AssetType=native
                                   CopyLocal=true
                                   DestinationSubDirectory=runtimes\browser-wasm\nativeassets\net9.0\
                                   DestinationSubPath=runtimes\browser-wasm\nativeassets\net9.0\e_sqlite3.a
                                   NuGetPackageId=SQLitePCLRaw.lib.e_sqlite3
                                   NuGetPackageVersion=2.1.11
                                   PathInPackage=runtimes/browser-wasm/nativeassets/net9.0/e_sqlite3.a
                                   RuntimeIdentifier=browser-wasm
                           C:\Users\jim liu\.nuget\packages\sqlitepclraw.lib.e_sqlite3\2.1.11\runtimes\linux-arm\native\libe_sqlite3.so
                                   AssetType=native
                                   CopyLocal=true
                                   DestinationSubDirectory=runtimes\linux-arm\native\
                                   DestinationSubPath=runtimes\linux-arm\native\libe_sqlite3.so
                                   NuGetPackageId=SQLitePCLRaw.lib.e_sqlite3
                                   NuGetPackageVersion=2.1.11
                                   PathInPackage=runtimes/linux-arm/native/libe_sqlite3.so
                                   RuntimeIdentifier=linux-arm
                           C:\Users\jim liu\.nuget\packages\sqlitepclraw.lib.e_sqlite3\2.1.11\runtimes\linux-arm64\native\libe_sqlite3.so
                                   AssetType=native
                                   CopyLocal=true
                                   DestinationSubDirectory=runtimes\linux-arm64\native\
                                   DestinationSubPath=runtimes\linux-arm64\native\libe_sqlite3.so
                                   NuGetPackageId=SQLitePCLRaw.lib.e_sqlite3
                                   NuGetPackageVersion=2.1.11
                                   PathInPackage=runtimes/linux-arm64/native/libe_sqlite3.so
                                   RuntimeIdentifier=linux-arm64
                           C:\Users\jim liu\.nuget\packages\sqlitepclraw.lib.e_sqlite3\2.1.11\runtimes\linux-armel\native\libe_sqlite3.so
                                   AssetType=native
                                   CopyLocal=true
                                   DestinationSubDirectory=runtimes\linux-armel\native\
                                   DestinationSubPath=runtimes\linux-armel\native\libe_sqlite3.so
                                   NuGetPackageId=SQLitePCLRaw.lib.e_sqlite3
                                   NuGetPackageVersion=2.1.11
                                   PathInPackage=runtimes/linux-armel/native/libe_sqlite3.so
                                   RuntimeIdentifier=linux-armel
                           C:\Users\jim liu\.nuget\packages\sqlitepclraw.lib.e_sqlite3\2.1.11\runtimes\linux-mips64\native\libe_sqlite3.so
                                   AssetType=native
                                   CopyLocal=true
                                   DestinationSubDirectory=runtimes\linux-mips64\native\
                                   DestinationSubPath=runtimes\linux-mips64\native\libe_sqlite3.so
                                   NuGetPackageId=SQLitePCLRaw.lib.e_sqlite3
                                   NuGetPackageVersion=2.1.11
                                   PathInPackage=runtimes/linux-mips64/native/libe_sqlite3.so
                                   RuntimeIdentifier=linux-mips64
                           C:\Users\jim liu\.nuget\packages\sqlitepclraw.lib.e_sqlite3\2.1.11\runtimes\linux-musl-arm\native\libe_sqlite3.so
                                   AssetType=native
                                   CopyLocal=true
                                   DestinationSubDirectory=runtimes\linux-musl-arm\native\
                                   DestinationSubPath=runtimes\linux-musl-arm\native\libe_sqlite3.so
                                   NuGetPackageId=SQLitePCLRaw.lib.e_sqlite3
                                   NuGetPackageVersion=2.1.11
                                   PathInPackage=runtimes/linux-musl-arm/native/libe_sqlite3.so
                                   RuntimeIdentifier=linux-musl-arm
                           C:\Users\jim liu\.nuget\packages\sqlitepclraw.lib.e_sqlite3\2.1.11\runtimes\linux-musl-arm64\native\libe_sqlite3.so
                                   AssetType=native
                                   CopyLocal=true
                                   DestinationSubDirectory=runtimes\linux-musl-arm64\native\
                                   DestinationSubPath=runtimes\linux-musl-arm64\native\libe_sqlite3.so
                                   NuGetPackageId=SQLitePCLRaw.lib.e_sqlite3
                                   NuGetPackageVersion=2.1.11
                                   PathInPackage=runtimes/linux-musl-arm64/native/libe_sqlite3.so
                                   RuntimeIdentifier=linux-musl-arm64
                           C:\Users\jim liu\.nuget\packages\sqlitepclraw.lib.e_sqlite3\2.1.11\runtimes\linux-musl-riscv64\native\libe_sqlite3.so
                                   AssetType=native
                                   CopyLocal=true
                                   DestinationSubDirectory=runtimes\linux-musl-riscv64\native\
                                   DestinationSubPath=runtimes\linux-musl-riscv64\native\libe_sqlite3.so
                                   NuGetPackageId=SQLitePCLRaw.lib.e_sqlite3
                                   NuGetPackageVersion=2.1.11
                                   PathInPackage=runtimes/linux-musl-riscv64/native/libe_sqlite3.so
                                   RuntimeIdentifier=linux-musl-riscv64
                           C:\Users\jim liu\.nuget\packages\sqlitepclraw.lib.e_sqlite3\2.1.11\runtimes\linux-musl-s390x\native\libe_sqlite3.so
                                   AssetType=native
                                   CopyLocal=true
                                   DestinationSubDirectory=runtimes\linux-musl-s390x\native\
                                   DestinationSubPath=runtimes\linux-musl-s390x\native\libe_sqlite3.so
                                   NuGetPackageId=SQLitePCLRaw.lib.e_sqlite3
                                   NuGetPackageVersion=2.1.11
                                   PathInPackage=runtimes/linux-musl-s390x/native/libe_sqlite3.so
                                   RuntimeIdentifier=linux-musl-s390x
                           C:\Users\jim liu\.nuget\packages\sqlitepclraw.lib.e_sqlite3\2.1.11\runtimes\linux-musl-x64\native\libe_sqlite3.so
                                   AssetType=native
                                   CopyLocal=true
                                   DestinationSubDirectory=runtimes\linux-musl-x64\native\
                                   DestinationSubPath=runtimes\linux-musl-x64\native\libe_sqlite3.so
                                   NuGetPackageId=SQLitePCLRaw.lib.e_sqlite3
                                   NuGetPackageVersion=2.1.11
                                   PathInPackage=runtimes/linux-musl-x64/native/libe_sqlite3.so
                                   RuntimeIdentifier=linux-musl-x64
                           C:\Users\jim liu\.nuget\packages\sqlitepclraw.lib.e_sqlite3\2.1.11\runtimes\linux-ppc64le\native\libe_sqlite3.so
                                   AssetType=native
                                   CopyLocal=true
                                   DestinationSubDirectory=runtimes\linux-ppc64le\native\
                                   DestinationSubPath=runtimes\linux-ppc64le\native\libe_sqlite3.so
                                   NuGetPackageId=SQLitePCLRaw.lib.e_sqlite3
                                   NuGetPackageVersion=2.1.11
                                   PathInPackage=runtimes/linux-ppc64le/native/libe_sqlite3.so
                                   RuntimeIdentifier=linux-ppc64le
                           C:\Users\jim liu\.nuget\packages\sqlitepclraw.lib.e_sqlite3\2.1.11\runtimes\linux-riscv64\native\libe_sqlite3.so
                                   AssetType=native
                                   CopyLocal=true
                                   DestinationSubDirectory=runtimes\linux-riscv64\native\
                                   DestinationSubPath=runtimes\linux-riscv64\native\libe_sqlite3.so
                                   NuGetPackageId=SQLitePCLRaw.lib.e_sqlite3
                                   NuGetPackageVersion=2.1.11
                                   PathInPackage=runtimes/linux-riscv64/native/libe_sqlite3.so
                                   RuntimeIdentifier=linux-riscv64
                           C:\Users\jim liu\.nuget\packages\sqlitepclraw.lib.e_sqlite3\2.1.11\runtimes\linux-s390x\native\libe_sqlite3.so
                                   AssetType=native
                                   CopyLocal=true
                                   DestinationSubDirectory=runtimes\linux-s390x\native\
                                   DestinationSubPath=runtimes\linux-s390x\native\libe_sqlite3.so
                                   NuGetPackageId=SQLitePCLRaw.lib.e_sqlite3
                                   NuGetPackageVersion=2.1.11
                                   PathInPackage=runtimes/linux-s390x/native/libe_sqlite3.so
                                   RuntimeIdentifier=linux-s390x
                           C:\Users\jim liu\.nuget\packages\sqlitepclraw.lib.e_sqlite3\2.1.11\runtimes\linux-x64\native\libe_sqlite3.so
                                   AssetType=native
                                   CopyLocal=true
                                   DestinationSubDirectory=runtimes\linux-x64\native\
                                   DestinationSubPath=runtimes\linux-x64\native\libe_sqlite3.so
                                   NuGetPackageId=SQLitePCLRaw.lib.e_sqlite3
                                   NuGetPackageVersion=2.1.11
                                   PathInPackage=runtimes/linux-x64/native/libe_sqlite3.so
                                   RuntimeIdentifier=linux-x64
                           C:\Users\jim liu\.nuget\packages\sqlitepclraw.lib.e_sqlite3\2.1.11\runtimes\linux-x86\native\libe_sqlite3.so
                                   AssetType=native
                                   CopyLocal=true
                                   DestinationSubDirectory=runtimes\linux-x86\native\
                                   DestinationSubPath=runtimes\linux-x86\native\libe_sqlite3.so
                                   NuGetPackageId=SQLitePCLRaw.lib.e_sqlite3
                                   NuGetPackageVersion=2.1.11
                                   PathInPackage=runtimes/linux-x86/native/libe_sqlite3.so
                                   RuntimeIdentifier=linux-x86
                           C:\Users\jim liu\.nuget\packages\sqlitepclraw.lib.e_sqlite3\2.1.11\runtimes\maccatalyst-arm64\native\libe_sqlite3.dylib
                                   AssetType=native
                                   CopyLocal=true
                                   DestinationSubDirectory=runtimes\maccatalyst-arm64\native\
                                   DestinationSubPath=runtimes\maccatalyst-arm64\native\libe_sqlite3.dylib
                                   NuGetPackageId=SQLitePCLRaw.lib.e_sqlite3
                                   NuGetPackageVersion=2.1.11
                                   PathInPackage=runtimes/maccatalyst-arm64/native/libe_sqlite3.dylib
                                   RuntimeIdentifier=maccatalyst-arm64
                           C:\Users\jim liu\.nuget\packages\sqlitepclraw.lib.e_sqlite3\2.1.11\runtimes\maccatalyst-x64\native\libe_sqlite3.dylib
                                   AssetType=native
                                   CopyLocal=true
                                   DestinationSubDirectory=runtimes\maccatalyst-x64\native\
                                   DestinationSubPath=runtimes\maccatalyst-x64\native\libe_sqlite3.dylib
                                   NuGetPackageId=SQLitePCLRaw.lib.e_sqlite3
                                   NuGetPackageVersion=2.1.11
                                   PathInPackage=runtimes/maccatalyst-x64/native/libe_sqlite3.dylib
                                   RuntimeIdentifier=maccatalyst-x64
                           C:\Users\jim liu\.nuget\packages\sqlitepclraw.lib.e_sqlite3\2.1.11\runtimes\osx-arm64\native\libe_sqlite3.dylib
                                   AssetType=native
                                   CopyLocal=true
                                   DestinationSubDirectory=runtimes\osx-arm64\native\
                                   DestinationSubPath=runtimes\osx-arm64\native\libe_sqlite3.dylib
                                   NuGetPackageId=SQLitePCLRaw.lib.e_sqlite3
                                   NuGetPackageVersion=2.1.11
                                   PathInPackage=runtimes/osx-arm64/native/libe_sqlite3.dylib
                                   RuntimeIdentifier=osx-arm64
                           C:\Users\jim liu\.nuget\packages\sqlitepclraw.lib.e_sqlite3\2.1.11\runtimes\osx-x64\native\libe_sqlite3.dylib
                                   AssetType=native
                                   CopyLocal=true
                                   DestinationSubDirectory=runtimes\osx-x64\native\
                                   DestinationSubPath=runtimes\osx-x64\native\libe_sqlite3.dylib
                                   NuGetPackageId=SQLitePCLRaw.lib.e_sqlite3
                                   NuGetPackageVersion=2.1.11
                                   PathInPackage=runtimes/osx-x64/native/libe_sqlite3.dylib
                                   RuntimeIdentifier=osx-x64
                           C:\Users\jim liu\.nuget\packages\sqlitepclraw.lib.e_sqlite3\2.1.11\runtimes\win-arm\native\e_sqlite3.dll
                                   AssetType=native
                                   CopyLocal=true
                                   DestinationSubDirectory=runtimes\win-arm\native\
                                   DestinationSubPath=runtimes\win-arm\native\e_sqlite3.dll
                                   NuGetPackageId=SQLitePCLRaw.lib.e_sqlite3
                                   NuGetPackageVersion=2.1.11
                                   PathInPackage=runtimes/win-arm/native/e_sqlite3.dll
                                   RuntimeIdentifier=win-arm
                           C:\Users\jim liu\.nuget\packages\sqlitepclraw.lib.e_sqlite3\2.1.11\runtimes\win-arm64\native\e_sqlite3.dll
                                   AssetType=native
                                   CopyLocal=true
                                   DestinationSubDirectory=runtimes\win-arm64\native\
                                   DestinationSubPath=runtimes\win-arm64\native\e_sqlite3.dll
                                   NuGetPackageId=SQLitePCLRaw.lib.e_sqlite3
                                   NuGetPackageVersion=2.1.11
                                   PathInPackage=runtimes/win-arm64/native/e_sqlite3.dll
                                   RuntimeIdentifier=win-arm64
                           C:\Users\jim liu\.nuget\packages\sqlitepclraw.lib.e_sqlite3\2.1.11\runtimes\win-x64\native\e_sqlite3.dll
                                   AssetType=native
                                   CopyLocal=true
                                   DestinationSubDirectory=runtimes\win-x64\native\
                                   DestinationSubPath=runtimes\win-x64\native\e_sqlite3.dll
                                   NuGetPackageId=SQLitePCLRaw.lib.e_sqlite3
                                   NuGetPackageVersion=2.1.11
                                   PathInPackage=runtimes/win-x64/native/e_sqlite3.dll
                                   RuntimeIdentifier=win-x64
                           C:\Users\jim liu\.nuget\packages\sqlitepclraw.lib.e_sqlite3\2.1.11\runtimes\win-x86\native\e_sqlite3.dll
                                   AssetType=native
                                   CopyLocal=true
                                   DestinationSubDirectory=runtimes\win-x86\native\
                                   DestinationSubPath=runtimes\win-x86\native\e_sqlite3.dll
                                   NuGetPackageId=SQLitePCLRaw.lib.e_sqlite3
                                   NuGetPackageVersion=2.1.11
                                   PathInPackage=runtimes/win-x86/native/e_sqlite3.dll
                                   RuntimeIdentifier=win-x86
13:40:40.844     1>已完成在项目“WinFormsApp1.Desktop.csproj”中生成目标“ResolveLockFileCopyLocalFiles”的操作。: (目标 ID: 49)
                   已跳过目标“ResolvePackageAssets”。以前的生成已成功。
13:40:40.844     1>来自项目“F:\C#\WinFormsApp1.WpfRefactor\WinFormsApp1.Desktop\WinFormsApp1.Desktop.csproj”的文件“C:\Program Files\dotnet\sdk\10.0.201\Sdks\Microsoft.NET.Sdk\targets\Microsoft.PackageDependencyResolution.targets”中的目标“IncludeTransitiveProjectReferences: (目标 ID: 50)”(目标“ResolvePackageDependenciesForBuild”依赖于它):
13:40:40.844     1>已完成在项目“WinFormsApp1.Desktop.csproj”中生成目标“IncludeTransitiveProjectReferences”的操作。: (目标 ID: 50)
13:40:40.844     1>来自项目“F:\C#\WinFormsApp1.WpfRefactor\WinFormsApp1.Desktop\WinFormsApp1.Desktop.csproj”的文件“C:\Program Files\dotnet\sdk\10.0.201\Sdks\Microsoft.NET.Sdk\targets\Microsoft.PackageDependencyResolution.targets”中的目标“ResolvePackageDependenciesForBuild: (目标 ID: 51)”(目标“AssignProjectConfiguration”依赖于它):
13:40:40.844     1>已完成在项目“WinFormsApp1.Desktop.csproj”中生成目标“ResolvePackageDependenciesForBuild”的操作。: (目标 ID: 51)
13:40:40.844     1>来自项目“F:\C#\WinFormsApp1.WpfRefactor\WinFormsApp1.Desktop\WinFormsApp1.Desktop.csproj”的文件“C:\Program Files\dotnet\sdk\10.0.201\Microsoft.Common.CurrentVersion.targets”中的目标“AssignProjectConfiguration: (目标 ID: 52)”(目标“ResolveReferences”依赖于它):
                   设置属性: OnlyReferenceAndBuildProjectsEnabledInSolutionConfiguration=true
                   设置属性: ShouldUnsetParentConfigurationAndPlatform=false
                   设置属性: AddSyntheticProjectReferencesForSolutionDependencies=true
                   正在使用程序集“Microsoft.Build.Tasks.Core, Version=15.1.0.0, Culture=neutral, PublicKeyToken=b03f5f7f11d50a3a”中的“AssignProjectConfiguration”任务。
                   任务“AssignProjectConfiguration” (任务 ID: 25)
                     任务参数:AddSyntheticProjectReferencesForSolutionDependencies=True (任务 ID: 25)
                     任务参数:CurrentProject=F:\C#\WinFormsApp1.WpfRefactor\WinFormsApp1.Desktop\WinFormsApp1.Desktop.csproj (任务 ID: 25)
                     任务参数:OnlyReferenceAndBuildProjectsEnabledInSolutionConfiguration=True (任务 ID: 25)
                     任务参数:ResolveConfigurationPlatformUsingMappings=False (任务 ID: 25)
                     任务参数:CurrentProjectConfiguration=Debug (任务 ID: 25)
                     任务参数:
                         ProjectReferences=
                             ..\WinFormsApp1.Application\WinFormsApp1.Application.csproj
                                     OutputItemType=
                                     ReferenceSourceTarget=ProjectReference
                                     Targets=
                             ..\WinFormsApp1.Infrastructure\WinFormsApp1.Infrastructure.csproj
                                     OutputItemType=
                                     ReferenceSourceTarget=ProjectReference
                                     Targets=
                             ..\WinFormsApp1.Domain\WinFormsApp1.Domain.csproj
                                     OutputItemType=
                                     ReferenceSourceTarget=ProjectReference
                                     Targets= (任务 ID: 25)
                     任务参数:OutputType=WinExe (任务 ID: 25)
                     任务参数:ShouldUnsetParentConfigurationAndPlatform=False (任务 ID: 25)
                     任务参数:CurrentProjectPlatform=AnyCPU (任务 ID: 25)
                     尚未解析项目引用“..\WinFormsApp1.Application\WinFormsApp1.Application.csproj”。 (任务 ID: 25)
                     尚未解析项目引用“..\WinFormsApp1.Infrastructure\WinFormsApp1.Infrastructure.csproj”。 (任务 ID: 25)
                     尚未解析项目引用“..\WinFormsApp1.Domain\WinFormsApp1.Domain.csproj”。 (任务 ID: 25)
                     输出项: 
                         _ProjectReferenceWithConfiguration=
                             ..\WinFormsApp1.Application\WinFormsApp1.Application.csproj
                                     OutputItemType=
                                     ReferenceSourceTarget=ProjectReference
                                     Targets=
                             ..\WinFormsApp1.Infrastructure\WinFormsApp1.Infrastructure.csproj
                                     OutputItemType=
                                     ReferenceSourceTarget=ProjectReference
                                     Targets=
                             ..\WinFormsApp1.Domain\WinFormsApp1.Domain.csproj
                                     OutputItemType=
                                     ReferenceSourceTarget=ProjectReference
                                     Targets= (任务 ID: 25)
                     输出项: 
                         ProjectReferenceWithConfiguration=
                             ..\WinFormsApp1.Application\WinFormsApp1.Application.csproj
                                     OutputItemType=
                                     ReferenceSourceTarget=ProjectReference
                                     Targets=
                             ..\WinFormsApp1.Infrastructure\WinFormsApp1.Infrastructure.csproj
                                     OutputItemType=
                                     ReferenceSourceTarget=ProjectReference
                                     Targets=
                             ..\WinFormsApp1.Domain\WinFormsApp1.Domain.csproj
                                     OutputItemType=
                                     ReferenceSourceTarget=ProjectReference
                                     Targets= (任务 ID: 25)
                   已完成执行任务“AssignProjectConfiguration”的操作。 (任务 ID: 25)
13:40:40.846     1>已完成在项目“WinFormsApp1.Desktop.csproj”中生成目标“AssignProjectConfiguration”的操作。: (目标 ID: 52)
                   已跳过目标“AssignProjectConfiguration”。以前的生成已成功。
13:40:40.846     1>来自项目“F:\C#\WinFormsApp1.WpfRefactor\WinFormsApp1.Desktop\WinFormsApp1.Desktop.csproj”的文件“C:\Program Files\dotnet\sdk\10.0.201\Microsoft.Common.CurrentVersion.targets”中的目标“_SplitProjectReferencesByFileExistence: (目标 ID: 53)”(目标“PrepareProjectReferences”依赖于它):
                   添加的项: 
                       _MSBuildProjectReference=
                           ..\WinFormsApp1.Application\WinFormsApp1.Application.csproj
                                   BuildReference=true
                                   OutputItemType=
                                   ReferenceOutputAssembly=true
                                   ReferenceSourceTarget=ProjectReference
                                   Targets=
                           ..\WinFormsApp1.Infrastructure\WinFormsApp1.Infrastructure.csproj
                                   BuildReference=true
                                   OutputItemType=
                                   ReferenceOutputAssembly=true
                                   ReferenceSourceTarget=ProjectReference
                                   Targets=
                           ..\WinFormsApp1.Domain\WinFormsApp1.Domain.csproj
                                   BuildReference=true
                                   OutputItemType=
                                   ReferenceOutputAssembly=true
                                   ReferenceSourceTarget=ProjectReference
                                   Targets=
                   添加的项: 
                       _MSBuildProjectReferenceExistent=
                           ..\WinFormsApp1.Application\WinFormsApp1.Application.csproj
                                   BuildReference=true
                                   OutputItemType=
                                   ReferenceOutputAssembly=true
                                   ReferenceSourceTarget=ProjectReference
                                   Targets=
                   添加的项: 
                       _MSBuildProjectReferenceExistent=
                           ..\WinFormsApp1.Infrastructure\WinFormsApp1.Infrastructure.csproj
                                   BuildReference=true
                                   OutputItemType=
                                   ReferenceOutputAssembly=true
                                   ReferenceSourceTarget=ProjectReference
                                   Targets=
                   添加的项: 
                       _MSBuildProjectReferenceExistent=
                           ..\WinFormsApp1.Domain\WinFormsApp1.Domain.csproj
                                   BuildReference=true
                                   OutputItemType=
                                   ReferenceOutputAssembly=true
                                   ReferenceSourceTarget=ProjectReference
                                   Targets=
13:40:40.846     1>已完成在项目“WinFormsApp1.Desktop.csproj”中生成目标“_SplitProjectReferencesByFileExistence”的操作。: (目标 ID: 53)
13:40:40.846     1>来自项目“F:\C#\WinFormsApp1.WpfRefactor\WinFormsApp1.Desktop\WinFormsApp1.Desktop.csproj”的文件“C:\Program Files\dotnet\sdk\10.0.201\Microsoft.Common.CurrentVersion.targets”中的目标“_AddOutputPathToGlobalPropertiesToRemove: (目标 ID: 54)”(目标“_GetProjectReferenceTargetFrameworkProperties”依赖于它):
13:40:40.846     1>已完成在项目“WinFormsApp1.Desktop.csproj”中生成目标“_AddOutputPathToGlobalPropertiesToRemove”的操作。: (目标 ID: 54)
13:40:40.846     1>来自项目“F:\C#\WinFormsApp1.WpfRefactor\WinFormsApp1.Desktop\WinFormsApp1.Desktop.csproj”的文件“C:\Program Files\dotnet\sdk\10.0.201\Microsoft.Common.CurrentVersion.targets”中的目标“_GetProjectReferenceTargetFrameworkProperties: (目标 ID: 55)”(目标“PrepareProjectReferences”依赖于它):
                   设置属性: ReferringTargetFrameworkForProjectReferences=.NETCoreApp,Version=v10.0
                   正在使用程序集“Microsoft.Build.Tasks.Core, Version=15.1.0.0, Culture=neutral, PublicKeyToken=b03f5f7f11d50a3a”中的“MSBuild”任务。
                   任务“MSBuild” (任务 ID: 26)
                     任务参数:Targets=GetTargetFrameworks (任务 ID: 26)
                     任务参数:BuildInParallel=True (任务 ID: 26)
                     任务参数:RemoveProperties=;TargetFramework;RuntimeIdentifier;SelfContained; (任务 ID: 26)
                     任务参数:SkipNonexistentTargets=True (任务 ID: 26)
                     任务参数:
                         Projects=
                             ..\WinFormsApp1.Application\WinFormsApp1.Application.csproj
                                     BuildReference=true
                                     OutputItemType=
                                     ReferenceOutputAssembly=true
                                     ReferenceSourceTarget=ProjectReference
                                     Targets=
                             ..\WinFormsApp1.Infrastructure\WinFormsApp1.Infrastructure.csproj
                                     BuildReference=true
                                     OutputItemType=
                                     ReferenceOutputAssembly=true
                                     ReferenceSourceTarget=ProjectReference
                                     Targets=
                             ..\WinFormsApp1.Domain\WinFormsApp1.Domain.csproj
                                     BuildReference=true
                                     OutputItemType=
                                     ReferenceOutputAssembly=true
                                     ReferenceSourceTarget=ProjectReference
                                     Targets= (任务 ID: 26)
                     移除属性: (任务 ID: 26)
                       TargetFramework (任务 ID: 26)
                       RuntimeIdentifier (任务 ID: 26)
                       SelfContained (任务 ID: 26)
13:40:40.855     0>C:\Program Files\dotnet\sdk\10.0.201\Sdks\Microsoft.NET.Sdk\Sdk\Sdk.props(49,11): message : 值为“C:\Program Files\dotnet\sdk\10.0.201\”的属性“MSBuildExtensionsPath”从环境中展开。
                   C:\Program Files\dotnet\sdk\10.0.201\Current\Microsoft.Common.props(60,5): message : 在 C:\Program Files\dotnet\sdk\10.0.201\Current\Microsoft.Common.props (60,5) 处重新分配属性: $(MSBuildProjectExtensionsPath)=“F:\C#\WinFormsApp1.WpfRefactor\WinFormsApp1.Application\obj\”(先前值:“obj\”)
                   F:\C#\WinFormsApp1.WpfRefactor\WinFormsApp1.Application\obj\WinFormsApp1.Application.csproj.nuget.g.props(7,5): message : 值为“C:\Users\jim liu”的属性“USERPROFILE”从环境中展开。
                   C:\Program Files\dotnet\sdk\10.0.201\Current\Microsoft.Common.props(84,119): message : 值为“C:\Users\jim liu\AppData\Local\Microsoft\MSBuild”的属性“MSBuildUserExtensionsPath”从环境中展开。
                   C:\Program Files\dotnet\sdk\10.0.201\Sdks\Microsoft.NET.Sdk\targets\Microsoft.NET.Sdk.props(90,5): message : 在 C:\Program Files\dotnet\sdk\10.0.201\Sdks\Microsoft.NET.Sdk\targets\Microsoft.NET.Sdk.props (90,5) 处重新分配属性: $(AssemblySearchPaths)=“{CandidateAssemblyFiles};{HintPathFromItem}”(先前值:“{CandidateAssemblyFiles}”)
                   C:\Program Files\dotnet\sdk\10.0.201\Sdks\Microsoft.NET.Sdk\targets\Microsoft.NET.Sdk.props(91,5): message : 在 C:\Program Files\dotnet\sdk\10.0.201\Sdks\Microsoft.NET.Sdk\targets\Microsoft.NET.Sdk.props (91,5) 处重新分配属性: $(AssemblySearchPaths)=“{CandidateAssemblyFiles};{HintPathFromItem};{TargetFrameworkDirectory}”(先前值:“{CandidateAssemblyFiles};{HintPathFromItem}”)
                   C:\Program Files\dotnet\sdk\10.0.201\Sdks\Microsoft.NET.Sdk\targets\Microsoft.NET.Sdk.props(92,5): message : 在 C:\Program Files\dotnet\sdk\10.0.201\Sdks\Microsoft.NET.Sdk\targets\Microsoft.NET.Sdk.props (92,5) 处重新分配属性: $(AssemblySearchPaths)=“{CandidateAssemblyFiles};{HintPathFromItem};{TargetFrameworkDirectory};{RawFileName}”(先前值:“{CandidateAssemblyFiles};{HintPathFromItem};{TargetFrameworkDirectory}”)
                   C:\Program Files\dotnet\sdk\10.0.201\Sdks\Microsoft.NET.Sdk\targets\Microsoft.NET.Sdk.ImportPublishProfile.targets(28,5): message : 在 C:\Program Files\dotnet\sdk\10.0.201\Sdks\Microsoft.NET.Sdk\targets\Microsoft.NET.Sdk.ImportPublishProfile.targets (28,5) 处重新分配属性: $(PublishProfileImported)=“false”(先前值:“true”)
                   C:\Program Files\dotnet\sdk\10.0.201\Sdks\Microsoft.NET.Sdk\targets\Microsoft.NET.TargetFrameworkInference.targets(81,5): message : 在 C:\Program Files\dotnet\sdk\10.0.201\Sdks\Microsoft.NET.Sdk\targets\Microsoft.NET.TargetFrameworkInference.targets (81,5) 处重新分配属性: $(TargetPlatformVersion)=“”(先前值:“0.0”)
                   C:\Program Files\dotnet\sdk\10.0.201\Sdks\Microsoft.NET.Sdk\targets\Microsoft.NET.DefaultOutputPaths.targets(127,5): message : 在 C:\Program Files\dotnet\sdk\10.0.201\Sdks\Microsoft.NET.Sdk\targets\Microsoft.NET.DefaultOutputPaths.targets (127,5) 处重新分配属性: $(DefaultItemExcludes)=“;bin\Debug\/**;obj\Debug\/**”(先前值:“;bin\Debug\/**”)
                   C:\Program Files\dotnet\sdk\10.0.201\Sdks\Microsoft.NET.Sdk\targets\Microsoft.NET.DefaultOutputPaths.targets(142,5): message : 在 C:\Program Files\dotnet\sdk\10.0.201\Sdks\Microsoft.NET.Sdk\targets\Microsoft.NET.DefaultOutputPaths.targets (142,5) 处重新分配属性: $(OutputPath)=“bin\Debug\net10.0\”(先前值:“bin\Debug\”)
                   C:\Program Files\dotnet\sdk\10.0.201\Sdks\Microsoft.NET.Sdk\targets\Microsoft.NET.DefaultOutputPaths.targets(147,5): message : 在 C:\Program Files\dotnet\sdk\10.0.201\Sdks\Microsoft.NET.Sdk\targets\Microsoft.NET.DefaultOutputPaths.targets (147,5) 处重新分配属性: $(IntermediateOutputPath)=“obj\Debug\net10.0\”(先前值:“obj\Debug\”)
                   C:\Program Files\dotnet\sdk\10.0.201\Sdks\Microsoft.NET.Sdk\targets\Microsoft.NET.Sdk.BeforeCommon.targets(379,5): message : 在 C:\Program Files\dotnet\sdk\10.0.201\Sdks\Microsoft.NET.Sdk\targets\Microsoft.NET.Sdk.BeforeCommon.targets (379,5) 处重新分配属性: $(RoslynTargetsPath)=“C:\Program Files\dotnet\sdk\10.0.201\Sdks\Microsoft.NET.Sdk\targets\..\..\..\Roslyn”(先前值:“C:\Program Files\dotnet\sdk\10.0.201\Roslyn”)
                   C:\Program Files\dotnet\sdk\10.0.201\Roslyn\Microsoft.Managed.Core.targets(6,5): message : 在 C:\Program Files\dotnet\sdk\10.0.201\Roslyn\Microsoft.Managed.Core.targets (6,5) 处重新分配属性: $(_BuildTasksDirectory)=“C:\Program Files\dotnet\sdk\10.0.201\Sdks\Microsoft.NET.Sdk\targets\..\..\..\Roslyn\”(先前值:“C:\Program Files\dotnet\sdk\10.0.201\Roslyn\”)
                   C:\Program Files\dotnet\sdk\10.0.201\Roslyn\Microsoft.CSharp.Core.targets(205,5): message : 在 C:\Program Files\dotnet\sdk\10.0.201\Roslyn\Microsoft.CSharp.Core.targets (205,5) 处重新分配属性: $(CommandLineArgsForDesignTimeEvaluation)=“-langversion:14.0 -define:TRACE”(先前值:“-langversion:14.0”)
                   C:\Program Files\dotnet\sdk\10.0.201\Microsoft.Common.CurrentVersion.targets(34,26): message : 值为“18.0”的属性“VisualStudioVersion”从环境中展开。
                   C:\Program Files\dotnet\sdk\10.0.201\Microsoft.Common.CurrentVersion.targets(175,5): message : 在 C:\Program Files\dotnet\sdk\10.0.201\Microsoft.Common.CurrentVersion.targets (175,5) 处重新分配属性: $(_DebugSymbolsProduced)=“true”(先前值:“false”)
                   C:\Program Files\dotnet\sdk\10.0.201\Microsoft.Common.CurrentVersion.targets(185,5): message : 在 C:\Program Files\dotnet\sdk\10.0.201\Microsoft.Common.CurrentVersion.targets (185,5) 处重新分配属性: $(_DocumentationFileProduced)=“false”(先前值:“true”)
                   C:\Program Files\dotnet\sdk\10.0.201\Microsoft.Common.CurrentVersion.targets(348,16): message : 值为“D:\Program Files\Microsoft Visual Studio\2026\Community\Common7\IDE\”的属性“DevEnvDir”从环境中展开。
                   C:\Program Files\dotnet\sdk\10.0.201\Microsoft.Common.CurrentVersion.targets(392,5): message : 在 C:\Program Files\dotnet\sdk\10.0.201\Microsoft.Common.CurrentVersion.targets (392,5) 处重新分配属性: $(MSBuildCopyMarkerName)=“WinForms.3EEE9162”(先前值:“WinFormsApp1.Application.csproj”)
                   C:\Program Files\dotnet\sdk\10.0.201\Microsoft.Common.CurrentVersion.targets(393,5): message : 在 C:\Program Files\dotnet\sdk\10.0.201\Microsoft.Common.CurrentVersion.targets (393,5) 处重新分配属性: $(MSBuildCopyMarkerName)=“WinForms.3EEE9162.Up2Date”(先前值:“WinForms.3EEE9162”)
                   C:\Program Files\dotnet\sdk\10.0.201\Microsoft.Common.CurrentVersion.targets(541,5): message : 在 C:\Program Files\dotnet\sdk\10.0.201\Microsoft.Common.CurrentVersion.targets (541,5) 处重新分配属性: $(ProcessorArchitecture)=“msil”(先前值:“”)
                   C:\Program Files\dotnet\sdk\10.0.201\Microsoft.Common.CurrentVersion.targets(580,5): message : 在 C:\Program Files\dotnet\sdk\10.0.201\Microsoft.Common.CurrentVersion.targets (580,5) 处重新分配属性: $(DelaySign)=“”(先前值:“false”)
                   C:\Program Files\dotnet\sdk\10.0.201\Microsoft.Common.CurrentVersion.targets(1228,19): message : 值为“C:\Windows\Microsoft.NET\Framework\”的属性“FrameworkDir”从环境中展开。
                   C:\Program Files\dotnet\sdk\10.0.201\Microsoft.Common.CurrentVersion.targets(2620,5): message : 值为“C:\Users\jim liu\AppData\Local”的属性“LOCALAPPDATA”从环境中展开。
                   C:\Program Files\dotnet\sdk\10.0.201\Microsoft.Common.CurrentVersion.targets(3948,5): message : 在 C:\Program Files\dotnet\sdk\10.0.201\Microsoft.Common.CurrentVersion.targets (3948,5) 处重新分配属性: $(_SGenGenerateSerializationAssembliesConfig)=“Auto”(先前值:“”)
                   C:\Program Files\dotnet\sdk\10.0.201\Microsoft.Common.CurrentVersion.targets(3949,5): message : 在 C:\Program Files\dotnet\sdk\10.0.201\Microsoft.Common.CurrentVersion.targets (3949,5) 处重新分配属性: $(_SGenGenerateSerializationAssembliesConfig)=“Off”(先前值:“Auto”)
                   C:\Program Files\dotnet\sdk\10.0.201\Microsoft.Common.CurrentVersion.targets(5160,5): message : 在 C:\Program Files\dotnet\sdk\10.0.201\Microsoft.Common.CurrentVersion.targets (5160,5) 处重新分配属性: $(_TargetsThatPrepareProjectReferences)=“
                   C:\Program Files\dotnet\sdk\10.0.201\Microsoft.Common.CurrentVersion.targets(5160,5): message :       AssignProjectConfiguration;
                   C:\Program Files\dotnet\sdk\10.0.201\Microsoft.Common.CurrentVersion.targets(5160,5): message :       _SplitProjectReferencesByFileExistence
                   C:\Program Files\dotnet\sdk\10.0.201\Microsoft.Common.CurrentVersion.targets(5160,5): message :     ”(先前值:“_SplitProjectReferencesByFileExistence”)
                   C:\Program Files\dotnet\sdk\10.0.201\Microsoft.Common.CurrentVersion.targets(6973,5): message : 值为“C:\Program Files\dotnet\sdk\10.0.201”的属性“MSBuildExtensionsPath32”从环境中展开。
                   “NuGetInteractive”属性是全局属性，不能修改。
                   C:\Program Files\dotnet\sdk\10.0.201\Sdks\Microsoft.NET.Sdk\targets\Microsoft.PackageDependencyResolution.targets(29,5): message : 在 C:\Program Files\dotnet\sdk\10.0.201\Sdks\Microsoft.NET.Sdk\targets\Microsoft.PackageDependencyResolution.targets (29,5) 处重新分配属性: $(ProjectAssetsCacheFile)=“F:\C#\WinFormsApp1.WpfRefactor\WinFormsApp1.Application\obj\Debug\net10.0\WinFormsApp1.Application.assets.cache”(先前值:“obj\Debug\net10.0\WinFormsApp1.Application.assets.cache”)
                   C:\Program Files\dotnet\sdk\10.0.201\Sdks\Microsoft.NET.Sdk\targets\Microsoft.PackageDependencyResolution.targets(80,5): message : 在 C:\Program Files\dotnet\sdk\10.0.201\Sdks\Microsoft.NET.Sdk\targets\Microsoft.PackageDependencyResolution.targets (80,5) 处重新分配属性: $(ResolveAssemblyReferencesDependsOn)=“
                   C:\Program Files\dotnet\sdk\10.0.201\Sdks\Microsoft.NET.Sdk\targets\Microsoft.PackageDependencyResolution.targets(80,5): message :       
                   C:\Program Files\dotnet\sdk\10.0.201\Sdks\Microsoft.NET.Sdk\targets\Microsoft.PackageDependencyResolution.targets(80,5): message :       ResolveProjectReferences;
                   C:\Program Files\dotnet\sdk\10.0.201\Sdks\Microsoft.NET.Sdk\targets\Microsoft.PackageDependencyResolution.targets(80,5): message :       FindInvalidProjectReferences;
                   C:\Program Files\dotnet\sdk\10.0.201\Sdks\Microsoft.NET.Sdk\targets\Microsoft.PackageDependencyResolution.targets(80,5): message :       GetFrameworkPaths;
                   C:\Program Files\dotnet\sdk\10.0.201\Sdks\Microsoft.NET.Sdk\targets\Microsoft.PackageDependencyResolution.targets(80,5): message :       GetReferenceAssemblyPaths;
                   C:\Program Files\dotnet\sdk\10.0.201\Sdks\Microsoft.NET.Sdk\targets\Microsoft.PackageDependencyResolution.targets(80,5): message :       PrepareForBuild;
                   C:\Program Files\dotnet\sdk\10.0.201\Sdks\Microsoft.NET.Sdk\targets\Microsoft.PackageDependencyResolution.targets(80,5): message :       ResolveSDKReferences;
                   C:\Program Files\dotnet\sdk\10.0.201\Sdks\Microsoft.NET.Sdk\targets\Microsoft.PackageDependencyResolution.targets(80,5): message :       ExpandSDKReferences;
                   C:\Program Files\dotnet\sdk\10.0.201\Sdks\Microsoft.NET.Sdk\targets\Microsoft.PackageDependencyResolution.targets(80,5): message :     ;
                   C:\Program Files\dotnet\sdk\10.0.201\Sdks\Microsoft.NET.Sdk\targets\Microsoft.PackageDependencyResolution.targets(80,5): message :       ResolvePackageDependenciesForBuild;
                   C:\Program Files\dotnet\sdk\10.0.201\Sdks\Microsoft.NET.Sdk\targets\Microsoft.PackageDependencyResolution.targets(80,5): message :       _HandlePackageFileConflicts;
                   C:\Program Files\dotnet\sdk\10.0.201\Sdks\Microsoft.NET.Sdk\targets\Microsoft.PackageDependencyResolution.targets(80,5): message :     ”(先前值:“
                   C:\Program Files\dotnet\sdk\10.0.201\Sdks\Microsoft.NET.Sdk\targets\Microsoft.PackageDependencyResolution.targets(80,5): message :       ResolveProjectReferences;
                   C:\Program Files\dotnet\sdk\10.0.201\Sdks\Microsoft.NET.Sdk\targets\Microsoft.PackageDependencyResolution.targets(80,5): message :       FindInvalidProjectReferences;
                   C:\Program Files\dotnet\sdk\10.0.201\Sdks\Microsoft.NET.Sdk\targets\Microsoft.PackageDependencyResolution.targets(80,5): message :       GetFrameworkPaths;
                   C:\Program Files\dotnet\sdk\10.0.201\Sdks\Microsoft.NET.Sdk\targets\Microsoft.PackageDependencyResolution.targets(80,5): message :       GetReferenceAssemblyPaths;
                   C:\Program Files\dotnet\sdk\10.0.201\Sdks\Microsoft.NET.Sdk\targets\Microsoft.PackageDependencyResolution.targets(80,5): message :       PrepareForBuild;
                   C:\Program Files\dotnet\sdk\10.0.201\Sdks\Microsoft.NET.Sdk\targets\Microsoft.PackageDependencyResolution.targets(80,5): message :       ResolveSDKReferences;
                   C:\Program Files\dotnet\sdk\10.0.201\Sdks\Microsoft.NET.Sdk\targets\Microsoft.PackageDependencyResolution.targets(80,5): message :       ExpandSDKReferences;
                   C:\Program Files\dotnet\sdk\10.0.201\Sdks\Microsoft.NET.Sdk\targets\Microsoft.PackageDependencyResolution.targets(80,5): message :     ”)
                   C:\Program Files\dotnet\sdk\10.0.201\Sdks\Microsoft.NET.Sdk\targets\Microsoft.PackageDependencyResolution.targets(86,5): message : 在 C:\Program Files\dotnet\sdk\10.0.201\Sdks\Microsoft.NET.Sdk\targets\Microsoft.PackageDependencyResolution.targets (86,5) 处重新分配属性: $(PrepareResourcesDependsOn)=“
                   C:\Program Files\dotnet\sdk\10.0.201\Sdks\Microsoft.NET.Sdk\targets\Microsoft.PackageDependencyResolution.targets(86,5): message :       ResolvePackageDependenciesForBuild;
                   C:\Program Files\dotnet\sdk\10.0.201\Sdks\Microsoft.NET.Sdk\targets\Microsoft.PackageDependencyResolution.targets(86,5): message :       _HandlePackageFileConflicts;
                   C:\Program Files\dotnet\sdk\10.0.201\Sdks\Microsoft.NET.Sdk\targets\Microsoft.PackageDependencyResolution.targets(86,5): message :       
                   C:\Program Files\dotnet\sdk\10.0.201\Sdks\Microsoft.NET.Sdk\targets\Microsoft.PackageDependencyResolution.targets(86,5): message :       ;
                   C:\Program Files\dotnet\sdk\10.0.201\Sdks\Microsoft.NET.Sdk\targets\Microsoft.PackageDependencyResolution.targets(86,5): message :       PrepareResourceNames;
                   C:\Program Files\dotnet\sdk\10.0.201\Sdks\Microsoft.NET.Sdk\targets\Microsoft.PackageDependencyResolution.targets(86,5): message :       ResGen;
                   C:\Program Files\dotnet\sdk\10.0.201\Sdks\Microsoft.NET.Sdk\targets\Microsoft.PackageDependencyResolution.targets(86,5): message :       CompileLicxFiles
                   C:\Program Files\dotnet\sdk\10.0.201\Sdks\Microsoft.NET.Sdk\targets\Microsoft.PackageDependencyResolution.targets(86,5): message :     
                   C:\Program Files\dotnet\sdk\10.0.201\Sdks\Microsoft.NET.Sdk\targets\Microsoft.PackageDependencyResolution.targets(86,5): message :     ”(先前值:“
                   C:\Program Files\dotnet\sdk\10.0.201\Sdks\Microsoft.NET.Sdk\targets\Microsoft.PackageDependencyResolution.targets(86,5): message :       ;
                   C:\Program Files\dotnet\sdk\10.0.201\Sdks\Microsoft.NET.Sdk\targets\Microsoft.PackageDependencyResolution.targets(86,5): message :       PrepareResourceNames;
                   C:\Program Files\dotnet\sdk\10.0.201\Sdks\Microsoft.NET.Sdk\targets\Microsoft.PackageDependencyResolution.targets(86,5): message :       ResGen;
                   C:\Program Files\dotnet\sdk\10.0.201\Sdks\Microsoft.NET.Sdk\targets\Microsoft.PackageDependencyResolution.targets(86,5): message :       CompileLicxFiles
                   C:\Program Files\dotnet\sdk\10.0.201\Sdks\Microsoft.NET.Sdk\targets\Microsoft.PackageDependencyResolution.targets(86,5): message :     ”)
                   C:\Program Files\dotnet\sdk\10.0.201\Sdks\Microsoft.NET.Sdk\targets\Microsoft.NET.Sdk.DefaultItems.targets(35,5): message : 在 C:\Program Files\dotnet\sdk\10.0.201\Sdks\Microsoft.NET.Sdk\targets\Microsoft.NET.Sdk.DefaultItems.targets (35,5) 处重新分配属性: $(DefaultItemExcludes)=“;bin\Debug\/**;obj\Debug\/**;bin\/**”(先前值:“;bin\Debug\/**;obj\Debug\/**”)
                   C:\Program Files\dotnet\sdk\10.0.201\Sdks\Microsoft.NET.Sdk\targets\Microsoft.NET.Sdk.DefaultItems.targets(37,5): message : 在 C:\Program Files\dotnet\sdk\10.0.201\Sdks\Microsoft.NET.Sdk\targets\Microsoft.NET.Sdk.DefaultItems.targets (37,5) 处重新分配属性: $(DefaultItemExcludes)=“;bin\Debug\/**;obj\Debug\/**;bin\/**;obj\/**”(先前值:“;bin\Debug\/**;obj\Debug\/**;bin\/**”)
                   C:\Program Files\dotnet\sdk\10.0.201\Sdks\Microsoft.NET.Sdk\targets\Microsoft.NET.Sdk.DefaultItems.targets(41,5): message : 在 C:\Program Files\dotnet\sdk\10.0.201\Sdks\Microsoft.NET.Sdk\targets\Microsoft.NET.Sdk.DefaultItems.targets (41,5) 处重新分配属性: $(DefaultItemExcludes)=“;bin\Debug\/**;obj\Debug\/**;bin\/**;obj\/**;bin\Debug\net10.0\publish\/**”(先前值:“;bin\Debug\/**;obj\Debug\/**;bin\/**;obj\/**”)
                   C:\Program Files\dotnet\sdk\10.0.201\Sdks\Microsoft.NET.Sdk\targets\Microsoft.NET.Sdk.DefaultItems.targets(44,5): message : 在 C:\Program Files\dotnet\sdk\10.0.201\Sdks\Microsoft.NET.Sdk\targets\Microsoft.NET.Sdk.DefaultItems.targets (44,5) 处重新分配属性: $(DefaultItemExcludes)=“;bin\Debug\/**;obj\Debug\/**;bin\/**;obj\/**;bin\Debug\net10.0\publish\/**;**/*.user”(先前值:“;bin\Debug\/**;obj\Debug\/**;bin\/**;obj\/**;bin\Debug\net10.0\publish\/**”)
                   C:\Program Files\dotnet\sdk\10.0.201\Sdks\Microsoft.NET.Sdk\targets\Microsoft.NET.Sdk.DefaultItems.targets(45,5): message : 在 C:\Program Files\dotnet\sdk\10.0.201\Sdks\Microsoft.NET.Sdk\targets\Microsoft.NET.Sdk.DefaultItems.targets (45,5) 处重新分配属性: $(DefaultItemExcludes)=“;bin\Debug\/**;obj\Debug\/**;bin\/**;obj\/**;bin\Debug\net10.0\publish\/**;**/*.user;**/*.*proj”(先前值:“;bin\Debug\/**;obj\Debug\/**;bin\/**;obj\/**;bin\Debug\net10.0\publish\/**;**/*.user”)
                   C:\Program Files\dotnet\sdk\10.0.201\Sdks\Microsoft.NET.Sdk\targets\Microsoft.NET.Sdk.DefaultItems.targets(46,5): message : 在 C:\Program Files\dotnet\sdk\10.0.201\Sdks\Microsoft.NET.Sdk\targets\Microsoft.NET.Sdk.DefaultItems.targets (46,5) 处重新分配属性: $(DefaultItemExcludes)=“;bin\Debug\/**;obj\Debug\/**;bin\/**;obj\/**;bin\Debug\net10.0\publish\/**;**/*.user;**/*.*proj;**/*.sln”(先前值:“;bin\Debug\/**;obj\Debug\/**;bin\/**;obj\/**;bin\Debug\net10.0\publish\/**;**/*.user;**/*.*proj”)
                   C:\Program Files\dotnet\sdk\10.0.201\Sdks\Microsoft.NET.Sdk\targets\Microsoft.NET.Sdk.DefaultItems.targets(47,5): message : 在 C:\Program Files\dotnet\sdk\10.0.201\Sdks\Microsoft.NET.Sdk\targets\Microsoft.NET.Sdk.DefaultItems.targets (47,5) 处重新分配属性: $(DefaultItemExcludes)=“;bin\Debug\/**;obj\Debug\/**;bin\/**;obj\/**;bin\Debug\net10.0\publish\/**;**/*.user;**/*.*proj;**/*.sln;**/*.slnx”(先前值:“;bin\Debug\/**;obj\Debug\/**;bin\/**;obj\/**;bin\Debug\net10.0\publish\/**;**/*.user;**/*.*proj;**/*.sln”)
                   C:\Program Files\dotnet\sdk\10.0.201\Sdks\Microsoft.NET.Sdk\targets\Microsoft.NET.Sdk.DefaultItems.targets(48,5): message : 在 C:\Program Files\dotnet\sdk\10.0.201\Sdks\Microsoft.NET.Sdk\targets\Microsoft.NET.Sdk.DefaultItems.targets (48,5) 处重新分配属性: $(DefaultItemExcludes)=“;bin\Debug\/**;obj\Debug\/**;bin\/**;obj\/**;bin\Debug\net10.0\publish\/**;**/*.user;**/*.*proj;**/*.sln;**/*.slnx;**/*.vssscc”(先前值:“;bin\Debug\/**;obj\Debug\/**;bin\/**;obj\/**;bin\Debug\net10.0\publish\/**;**/*.user;**/*.*proj;**/*.sln;**/*.slnx”)
                   C:\Program Files\dotnet\sdk\10.0.201\Sdks\Microsoft.NET.Sdk\targets\Microsoft.NET.Sdk.DefaultItems.targets(49,5): message : 在 C:\Program Files\dotnet\sdk\10.0.201\Sdks\Microsoft.NET.Sdk\targets\Microsoft.NET.Sdk.DefaultItems.targets (49,5) 处重新分配属性: $(DefaultItemExcludes)=“;bin\Debug\/**;obj\Debug\/**;bin\/**;obj\/**;bin\Debug\net10.0\publish\/**;**/*.user;**/*.*proj;**/*.sln;**/*.slnx;**/*.vssscc;**/.DS_Store”(先前值:“;bin\Debug\/**;obj\Debug\/**;bin\/**;obj\/**;bin\Debug\net10.0\publish\/**;**/*.user;**/*.*proj;**/*.sln;**/*.slnx;**/*.vssscc”)
                   C:\Program Files\dotnet\sdk\10.0.201\Sdks\Microsoft.NET.Sdk\targets\Microsoft.NET.Sdk.FrameworkReferenceResolution.targets(14,5): message : 在 C:\Program Files\dotnet\sdk\10.0.201\Sdks\Microsoft.NET.Sdk\targets\Microsoft.NET.Sdk.FrameworkReferenceResolution.targets (14,5) 处重新分配属性: $(ResolveAssemblyReferencesDependsOn)=“
                   C:\Program Files\dotnet\sdk\10.0.201\Sdks\Microsoft.NET.Sdk\targets\Microsoft.NET.Sdk.FrameworkReferenceResolution.targets(14,5): message :       
                   C:\Program Files\dotnet\sdk\10.0.201\Sdks\Microsoft.NET.Sdk\targets\Microsoft.NET.Sdk.FrameworkReferenceResolution.targets(14,5): message :       
                   C:\Program Files\dotnet\sdk\10.0.201\Sdks\Microsoft.NET.Sdk\targets\Microsoft.NET.Sdk.FrameworkReferenceResolution.targets(14,5): message :       ResolveProjectReferences;
                   C:\Program Files\dotnet\sdk\10.0.201\Sdks\Microsoft.NET.Sdk\targets\Microsoft.NET.Sdk.FrameworkReferenceResolution.targets(14,5): message :       FindInvalidProjectReferences;
                   C:\Program Files\dotnet\sdk\10.0.201\Sdks\Microsoft.NET.Sdk\targets\Microsoft.NET.Sdk.FrameworkReferenceResolution.targets(14,5): message :       GetFrameworkPaths;
                   C:\Program Files\dotnet\sdk\10.0.201\Sdks\Microsoft.NET.Sdk\targets\Microsoft.NET.Sdk.FrameworkReferenceResolution.targets(14,5): message :       GetReferenceAssemblyPaths;
                   C:\Program Files\dotnet\sdk\10.0.201\Sdks\Microsoft.NET.Sdk\targets\Microsoft.NET.Sdk.FrameworkReferenceResolution.targets(14,5): message :       PrepareForBuild;
                   C:\Program Files\dotnet\sdk\10.0.201\Sdks\Microsoft.NET.Sdk\targets\Microsoft.NET.Sdk.FrameworkReferenceResolution.targets(14,5): message :       ResolveSDKReferences;
                   C:\Program Files\dotnet\sdk\10.0.201\Sdks\Microsoft.NET.Sdk\targets\Microsoft.NET.Sdk.FrameworkReferenceResolution.targets(14,5): message :       ExpandSDKReferences;
                   C:\Program Files\dotnet\sdk\10.0.201\Sdks\Microsoft.NET.Sdk\targets\Microsoft.NET.Sdk.FrameworkReferenceResolution.targets(14,5): message :     ;
                   C:\Program Files\dotnet\sdk\10.0.201\Sdks\Microsoft.NET.Sdk\targets\Microsoft.NET.Sdk.FrameworkReferenceResolution.targets(14,5): message :       ResolvePackageDependenciesForBuild;
                   C:\Program Files\dotnet\sdk\10.0.201\Sdks\Microsoft.NET.Sdk\targets\Microsoft.NET.Sdk.FrameworkReferenceResolution.targets(14,5): message :       _HandlePackageFileConflicts;
                   C:\Program Files\dotnet\sdk\10.0.201\Sdks\Microsoft.NET.Sdk\targets\Microsoft.NET.Sdk.FrameworkReferenceResolution.targets(14,5): message :     ;
                   C:\Program Files\dotnet\sdk\10.0.201\Sdks\Microsoft.NET.Sdk\targets\Microsoft.NET.Sdk.FrameworkReferenceResolution.targets(14,5): message :       ResolveTargetingPackAssets;
                   C:\Program Files\dotnet\sdk\10.0.201\Sdks\Microsoft.NET.Sdk\targets\Microsoft.NET.Sdk.FrameworkReferenceResolution.targets(14,5): message :     ”(先前值:“
                   C:\Program Files\dotnet\sdk\10.0.201\Sdks\Microsoft.NET.Sdk\targets\Microsoft.NET.Sdk.FrameworkReferenceResolution.targets(14,5): message :       
                   C:\Program Files\dotnet\sdk\10.0.201\Sdks\Microsoft.NET.Sdk\targets\Microsoft.NET.Sdk.FrameworkReferenceResolution.targets(14,5): message :       ResolveProjectReferences;
                   C:\Program Files\dotnet\sdk\10.0.201\Sdks\Microsoft.NET.Sdk\targets\Microsoft.NET.Sdk.FrameworkReferenceResolution.targets(14,5): message :       FindInvalidProjectReferences;
                   C:\Program Files\dotnet\sdk\10.0.201\Sdks\Microsoft.NET.Sdk\targets\Microsoft.NET.Sdk.FrameworkReferenceResolution.targets(14,5): message :       GetFrameworkPaths;
                   C:\Program Files\dotnet\sdk\10.0.201\Sdks\Microsoft.NET.Sdk\targets\Microsoft.NET.Sdk.FrameworkReferenceResolution.targets(14,5): message :       GetReferenceAssemblyPaths;
                   C:\Program Files\dotnet\sdk\10.0.201\Sdks\Microsoft.NET.Sdk\targets\Microsoft.NET.Sdk.FrameworkReferenceResolution.targets(14,5): message :       PrepareForBuild;
                   C:\Program Files\dotnet\sdk\10.0.201\Sdks\Microsoft.NET.Sdk\targets\Microsoft.NET.Sdk.FrameworkReferenceResolution.targets(14,5): message :       ResolveSDKReferences;
                   C:\Program Files\dotnet\sdk\10.0.201\Sdks\Microsoft.NET.Sdk\targets\Microsoft.NET.Sdk.FrameworkReferenceResolution.targets(14,5): message :       ExpandSDKReferences;
                   C:\Program Files\dotnet\sdk\10.0.201\Sdks\Microsoft.NET.Sdk\targets\Microsoft.NET.Sdk.FrameworkReferenceResolution.targets(14,5): message :     ;
                   C:\Program Files\dotnet\sdk\10.0.201\Sdks\Microsoft.NET.Sdk\targets\Microsoft.NET.Sdk.FrameworkReferenceResolution.targets(14,5): message :       ResolvePackageDependenciesForBuild;
                   C:\Program Files\dotnet\sdk\10.0.201\Sdks\Microsoft.NET.Sdk\targets\Microsoft.NET.Sdk.FrameworkReferenceResolution.targets(14,5): message :       _HandlePackageFileConflicts;
                   C:\Program Files\dotnet\sdk\10.0.201\Sdks\Microsoft.NET.Sdk\targets\Microsoft.NET.Sdk.FrameworkReferenceResolution.targets(14,5): message :     ”)
                   C:\Program Files\dotnet\sdk\10.0.201\Sdks\Microsoft.NET.Sdk\targets\Microsoft.NET.Sdk.targets(44,5): message : 在 C:\Program Files\dotnet\sdk\10.0.201\Sdks\Microsoft.NET.Sdk\targets\Microsoft.NET.Sdk.targets (44,5) 处重新分配属性: $(_GenerateRuntimeConfigurationPropertyInputsCache)=“F:\C#\WinFormsApp1.WpfRefactor\WinFormsApp1.Application\obj\Debug\net10.0\WinFormsApp1.Application.genruntimeconfig.cache”(先前值:“obj\Debug\net10.0\WinFormsApp1.Application.genruntimeconfig.cache”)
                   C:\Program Files\dotnet\sdk\10.0.201\Sdks\Microsoft.NET.Sdk\targets\Microsoft.NET.Sdk.targets(46,5): message : 在 C:\Program Files\dotnet\sdk\10.0.201\Sdks\Microsoft.NET.Sdk\targets\Microsoft.NET.Sdk.targets (46,5) 处重新分配属性: $(_GeneratePublishDependencyFilePropertyInputsCache)=“F:\C#\WinFormsApp1.WpfRefactor\WinFormsApp1.Application\obj\Debug\net10.0\WinFormsApp1.Application.genpublishdeps.cache”(先前值:“obj\Debug\net10.0\WinFormsApp1.Application.genpublishdeps.cache”)
                   C:\Program Files\dotnet\sdk\10.0.201\Sdks\Microsoft.NET.Sdk\targets\Microsoft.NET.Sdk.targets(48,5): message : 在 C:\Program Files\dotnet\sdk\10.0.201\Sdks\Microsoft.NET.Sdk\targets\Microsoft.NET.Sdk.targets (48,5) 处重新分配属性: $(_GenerateSingleFileBundlePropertyInputsCache)=“F:\C#\WinFormsApp1.WpfRefactor\WinFormsApp1.Application\obj\Debug\net10.0\WinFormsApp1.Application.genbundle.cache”(先前值:“obj\Debug\net10.0\WinFormsApp1.Application.genbundle.cache”)
                   C:\Program Files\dotnet\sdk\10.0.201\Sdks\Microsoft.NET.Sdk\targets\Microsoft.NET.Sdk.targets(81,5): message : 在 C:\Program Files\dotnet\sdk\10.0.201\Sdks\Microsoft.NET.Sdk\targets\Microsoft.NET.Sdk.targets (81,5) 处重新分配属性: $(GenerateRuntimeConfigDevFile)=“false”(先前值:“true”)
                   C:\Program Files\dotnet\sdk\10.0.201\Sdks\Microsoft.NET.Sdk\targets\Microsoft.NET.Sdk.targets(98,5): message : 在 C:\Program Files\dotnet\sdk\10.0.201\Sdks\Microsoft.NET.Sdk\targets\Microsoft.NET.Sdk.targets (98,5) 处重新分配属性: $(_DefaultUserProfileRuntimeStorePath)=“C:\Users\jim liu”(先前值:“”)
                   C:\Program Files\dotnet\sdk\10.0.201\Sdks\Microsoft.NET.Sdk\targets\Microsoft.NET.Sdk.targets(99,5): message : 在 C:\Program Files\dotnet\sdk\10.0.201\Sdks\Microsoft.NET.Sdk\targets\Microsoft.NET.Sdk.targets (99,5) 处重新分配属性: $(_DefaultUserProfileRuntimeStorePath)=“C:\Users\jim liu\.dotnet\store”(先前值:“C:\Users\jim liu”)
                   C:\Program Files\dotnet\sdk\10.0.201\Sdks\Microsoft.NET.Sdk\targets\Microsoft.NET.Sdk.targets(144,5): message : 在 C:\Program Files\dotnet\sdk\10.0.201\Sdks\Microsoft.NET.Sdk\targets\Microsoft.NET.Sdk.targets (144,5) 处重新分配属性: $(AvailablePlatforms)=“Any CPU,x86,x64,ARM32”(先前值:“Any CPU,x86,x64”)
                   C:\Program Files\dotnet\sdk\10.0.201\Sdks\Microsoft.NET.Sdk\targets\Microsoft.NET.Sdk.targets(148,5): message : 在 C:\Program Files\dotnet\sdk\10.0.201\Sdks\Microsoft.NET.Sdk\targets\Microsoft.NET.Sdk.targets (148,5) 处重新分配属性: $(AvailablePlatforms)=“Any CPU,x86,x64,ARM32,ARM64”(先前值:“Any CPU,x86,x64,ARM32”)
                   C:\Program Files\dotnet\sdk\10.0.201\Sdks\Microsoft.NET.Sdk\targets\Microsoft.NET.Sdk.targets(204,5): message : 在 C:\Program Files\dotnet\sdk\10.0.201\Sdks\Microsoft.NET.Sdk\targets\Microsoft.NET.Sdk.targets (204,5) 处重新分配属性: $(CoreBuildDependsOn)=“
                   C:\Program Files\dotnet\sdk\10.0.201\Sdks\Microsoft.NET.Sdk\targets\Microsoft.NET.Sdk.targets(204,5): message :       _CheckForBuildWithNoBuild;
                   C:\Program Files\dotnet\sdk\10.0.201\Sdks\Microsoft.NET.Sdk\targets\Microsoft.NET.Sdk.targets(204,5): message :       
                   C:\Program Files\dotnet\sdk\10.0.201\Sdks\Microsoft.NET.Sdk\targets\Microsoft.NET.Sdk.targets(204,5): message :       BuildOnlySettings;
                   C:\Program Files\dotnet\sdk\10.0.201\Sdks\Microsoft.NET.Sdk\targets\Microsoft.NET.Sdk.targets(204,5): message :       PrepareForBuild;
                   C:\Program Files\dotnet\sdk\10.0.201\Sdks\Microsoft.NET.Sdk\targets\Microsoft.NET.Sdk.targets(204,5): message :       PreBuildEvent;
                   C:\Program Files\dotnet\sdk\10.0.201\Sdks\Microsoft.NET.Sdk\targets\Microsoft.NET.Sdk.targets(204,5): message :       ResolveReferences;
                   C:\Program Files\dotnet\sdk\10.0.201\Sdks\Microsoft.NET.Sdk\targets\Microsoft.NET.Sdk.targets(204,5): message :       PrepareResources;
                   C:\Program Files\dotnet\sdk\10.0.201\Sdks\Microsoft.NET.Sdk\targets\Microsoft.NET.Sdk.targets(204,5): message :       ResolveKeySource;
                   C:\Program Files\dotnet\sdk\10.0.201\Sdks\Microsoft.NET.Sdk\targets\Microsoft.NET.Sdk.targets(204,5): message :       Compile;
                   C:\Program Files\dotnet\sdk\10.0.201\Sdks\Microsoft.NET.Sdk\targets\Microsoft.NET.Sdk.targets(204,5): message :       ExportWindowsMDFile;
                   C:\Program Files\dotnet\sdk\10.0.201\Sdks\Microsoft.NET.Sdk\targets\Microsoft.NET.Sdk.targets(204,5): message :       UnmanagedUnregistration;
                   C:\Program Files\dotnet\sdk\10.0.201\Sdks\Microsoft.NET.Sdk\targets\Microsoft.NET.Sdk.targets(204,5): message :       GenerateSerializationAssemblies;
                   C:\Program Files\dotnet\sdk\10.0.201\Sdks\Microsoft.NET.Sdk\targets\Microsoft.NET.Sdk.targets(204,5): message :       CreateSatelliteAssemblies;
                   C:\Program Files\dotnet\sdk\10.0.201\Sdks\Microsoft.NET.Sdk\targets\Microsoft.NET.Sdk.targets(204,5): message :       GenerateManifests;
                   C:\Program Files\dotnet\sdk\10.0.201\Sdks\Microsoft.NET.Sdk\targets\Microsoft.NET.Sdk.targets(204,5): message :       GetTargetPath;
                   C:\Program Files\dotnet\sdk\10.0.201\Sdks\Microsoft.NET.Sdk\targets\Microsoft.NET.Sdk.targets(204,5): message :       PrepareForRun;
                   C:\Program Files\dotnet\sdk\10.0.201\Sdks\Microsoft.NET.Sdk\targets\Microsoft.NET.Sdk.targets(204,5): message :       UnmanagedRegistration;
                   C:\Program Files\dotnet\sdk\10.0.201\Sdks\Microsoft.NET.Sdk\targets\Microsoft.NET.Sdk.targets(204,5): message :       IncrementalClean;
                   C:\Program Files\dotnet\sdk\10.0.201\Sdks\Microsoft.NET.Sdk\targets\Microsoft.NET.Sdk.targets(204,5): message :       PostBuildEvent
                   C:\Program Files\dotnet\sdk\10.0.201\Sdks\Microsoft.NET.Sdk\targets\Microsoft.NET.Sdk.targets(204,5): message :     ;
                   C:\Program Files\dotnet\sdk\10.0.201\Sdks\Microsoft.NET.Sdk\targets\Microsoft.NET.Sdk.targets(204,5): message :       GenerateBuildDependencyFile;
                   C:\Program Files\dotnet\sdk\10.0.201\Sdks\Microsoft.NET.Sdk\targets\Microsoft.NET.Sdk.targets(204,5): message :       GenerateBuildRuntimeConfigurationFiles
                   C:\Program Files\dotnet\sdk\10.0.201\Sdks\Microsoft.NET.Sdk\targets\Microsoft.NET.Sdk.targets(204,5): message :     ”(先前值:“
                   C:\Program Files\dotnet\sdk\10.0.201\Sdks\Microsoft.NET.Sdk\targets\Microsoft.NET.Sdk.targets(204,5): message :       BuildOnlySettings;
                   C:\Program Files\dotnet\sdk\10.0.201\Sdks\Microsoft.NET.Sdk\targets\Microsoft.NET.Sdk.targets(204,5): message :       PrepareForBuild;
                   C:\Program Files\dotnet\sdk\10.0.201\Sdks\Microsoft.NET.Sdk\targets\Microsoft.NET.Sdk.targets(204,5): message :       PreBuildEvent;
                   C:\Program Files\dotnet\sdk\10.0.201\Sdks\Microsoft.NET.Sdk\targets\Microsoft.NET.Sdk.targets(204,5): message :       ResolveReferences;
                   C:\Program Files\dotnet\sdk\10.0.201\Sdks\Microsoft.NET.Sdk\targets\Microsoft.NET.Sdk.targets(204,5): message :       PrepareResources;
                   C:\Program Files\dotnet\sdk\10.0.201\Sdks\Microsoft.NET.Sdk\targets\Microsoft.NET.Sdk.targets(204,5): message :       ResolveKeySource;
                   C:\Program Files\dotnet\sdk\10.0.201\Sdks\Microsoft.NET.Sdk\targets\Microsoft.NET.Sdk.targets(204,5): message :       Compile;
                   C:\Program Files\dotnet\sdk\10.0.201\Sdks\Microsoft.NET.Sdk\targets\Microsoft.NET.Sdk.targets(204,5): message :       ExportWindowsMDFile;
                   C:\Program Files\dotnet\sdk\10.0.201\Sdks\Microsoft.NET.Sdk\targets\Microsoft.NET.Sdk.targets(204,5): message :       UnmanagedUnregistration;
                   C:\Program Files\dotnet\sdk\10.0.201\Sdks\Microsoft.NET.Sdk\targets\Microsoft.NET.Sdk.targets(204,5): message :       GenerateSerializationAssemblies;
                   C:\Program Files\dotnet\sdk\10.0.201\Sdks\Microsoft.NET.Sdk\targets\Microsoft.NET.Sdk.targets(204,5): message :       CreateSatelliteAssemblies;
                   C:\Program Files\dotnet\sdk\10.0.201\Sdks\Microsoft.NET.Sdk\targets\Microsoft.NET.Sdk.targets(204,5): message :       GenerateManifests;
                   C:\Program Files\dotnet\sdk\10.0.201\Sdks\Microsoft.NET.Sdk\targets\Microsoft.NET.Sdk.targets(204,5): message :       GetTargetPath;
                   C:\Program Files\dotnet\sdk\10.0.201\Sdks\Microsoft.NET.Sdk\targets\Microsoft.NET.Sdk.targets(204,5): message :       PrepareForRun;
                   C:\Program Files\dotnet\sdk\10.0.201\Sdks\Microsoft.NET.Sdk\targets\Microsoft.NET.Sdk.targets(204,5): message :       UnmanagedRegistration;
                   C:\Program Files\dotnet\sdk\10.0.201\Sdks\Microsoft.NET.Sdk\targets\Microsoft.NET.Sdk.targets(204,5): message :       IncrementalClean;
                   C:\Program Files\dotnet\sdk\10.0.201\Sdks\Microsoft.NET.Sdk\targets\Microsoft.NET.Sdk.targets(204,5): message :       PostBuildEvent
                   C:\Program Files\dotnet\sdk\10.0.201\Sdks\Microsoft.NET.Sdk\targets\Microsoft.NET.Sdk.targets(204,5): message :     ”)
                   C:\Program Files\dotnet\sdk\10.0.201\Sdks\Microsoft.NET.Sdk\targets\Microsoft.NET.Sdk.targets(213,5): message : 在 C:\Program Files\dotnet\sdk\10.0.201\Sdks\Microsoft.NET.Sdk\targets\Microsoft.NET.Sdk.targets (213,5) 处重新分配属性: $(CoreCleanDependsOn)=“
                   C:\Program Files\dotnet\sdk\10.0.201\Sdks\Microsoft.NET.Sdk\targets\Microsoft.NET.Sdk.targets(213,5): message :       _SdkBeforeClean;
                   C:\Program Files\dotnet\sdk\10.0.201\Sdks\Microsoft.NET.Sdk\targets\Microsoft.NET.Sdk.targets(213,5): message :       
                   C:\Program Files\dotnet\sdk\10.0.201\Sdks\Microsoft.NET.Sdk\targets\Microsoft.NET.Sdk.targets(213,5): message :     ”(先前值:“”)
                   C:\Program Files\dotnet\sdk\10.0.201\Sdks\Microsoft.NET.Sdk\targets\Microsoft.NET.Sdk.targets(220,5): message : 在 C:\Program Files\dotnet\sdk\10.0.201\Sdks\Microsoft.NET.Sdk\targets\Microsoft.NET.Sdk.targets (220,5) 处重新分配属性: $(RebuildDependsOn)=“
                   C:\Program Files\dotnet\sdk\10.0.201\Sdks\Microsoft.NET.Sdk\targets\Microsoft.NET.Sdk.targets(220,5): message :       _SdkBeforeRebuild;
                   C:\Program Files\dotnet\sdk\10.0.201\Sdks\Microsoft.NET.Sdk\targets\Microsoft.NET.Sdk.targets(220,5): message :       
                   C:\Program Files\dotnet\sdk\10.0.201\Sdks\Microsoft.NET.Sdk\targets\Microsoft.NET.Sdk.targets(220,5): message :       BeforeRebuild;
                   C:\Program Files\dotnet\sdk\10.0.201\Sdks\Microsoft.NET.Sdk\targets\Microsoft.NET.Sdk.targets(220,5): message :       Clean;
                   C:\Program Files\dotnet\sdk\10.0.201\Sdks\Microsoft.NET.Sdk\targets\Microsoft.NET.Sdk.targets(220,5): message :       Build;
                   C:\Program Files\dotnet\sdk\10.0.201\Sdks\Microsoft.NET.Sdk\targets\Microsoft.NET.Sdk.targets(220,5): message :       AfterRebuild;
                   C:\Program Files\dotnet\sdk\10.0.201\Sdks\Microsoft.NET.Sdk\targets\Microsoft.NET.Sdk.targets(220,5): message :     
                   C:\Program Files\dotnet\sdk\10.0.201\Sdks\Microsoft.NET.Sdk\targets\Microsoft.NET.Sdk.targets(220,5): message :     ”(先前值:“
                   C:\Program Files\dotnet\sdk\10.0.201\Sdks\Microsoft.NET.Sdk\targets\Microsoft.NET.Sdk.targets(220,5): message :       BeforeRebuild;
                   C:\Program Files\dotnet\sdk\10.0.201\Sdks\Microsoft.NET.Sdk\targets\Microsoft.NET.Sdk.targets(220,5): message :       Clean;
                   C:\Program Files\dotnet\sdk\10.0.201\Sdks\Microsoft.NET.Sdk\targets\Microsoft.NET.Sdk.targets(220,5): message :       Build;
                   C:\Program Files\dotnet\sdk\10.0.201\Sdks\Microsoft.NET.Sdk\targets\Microsoft.NET.Sdk.targets(220,5): message :       AfterRebuild;
                   C:\Program Files\dotnet\sdk\10.0.201\Sdks\Microsoft.NET.Sdk\targets\Microsoft.NET.Sdk.targets(220,5): message :     ”)
                   C:\Program Files\dotnet\sdk\10.0.201\Sdks\Microsoft.NET.Sdk\targets\Microsoft.NET.Sdk.targets(799,5): message : 在 C:\Program Files\dotnet\sdk\10.0.201\Sdks\Microsoft.NET.Sdk\targets\Microsoft.NET.Sdk.targets (799,5) 处重新分配属性: $(CompileDependsOn)=“
                   C:\Program Files\dotnet\sdk\10.0.201\Sdks\Microsoft.NET.Sdk\targets\Microsoft.NET.Sdk.targets(799,5): message :       
                   C:\Program Files\dotnet\sdk\10.0.201\Sdks\Microsoft.NET.Sdk\targets\Microsoft.NET.Sdk.targets(799,5): message :       ResolveReferences;
                   C:\Program Files\dotnet\sdk\10.0.201\Sdks\Microsoft.NET.Sdk\targets\Microsoft.NET.Sdk.targets(799,5): message :       ResolveKeySource;
                   C:\Program Files\dotnet\sdk\10.0.201\Sdks\Microsoft.NET.Sdk\targets\Microsoft.NET.Sdk.targets(799,5): message :       SetWin32ManifestProperties;
                   C:\Program Files\dotnet\sdk\10.0.201\Sdks\Microsoft.NET.Sdk\targets\Microsoft.NET.Sdk.targets(799,5): message :       _SetPreferNativeArm64Win32ManifestProperties;
                   C:\Program Files\dotnet\sdk\10.0.201\Sdks\Microsoft.NET.Sdk\targets\Microsoft.NET.Sdk.targets(799,5): message :       FindReferenceAssembliesForReferences;
                   C:\Program Files\dotnet\sdk\10.0.201\Sdks\Microsoft.NET.Sdk\targets\Microsoft.NET.Sdk.targets(799,5): message :       _GenerateCompileInputs;
                   C:\Program Files\dotnet\sdk\10.0.201\Sdks\Microsoft.NET.Sdk\targets\Microsoft.NET.Sdk.targets(799,5): message :       BeforeCompile;
                   C:\Program Files\dotnet\sdk\10.0.201\Sdks\Microsoft.NET.Sdk\targets\Microsoft.NET.Sdk.targets(799,5): message :       _TimeStampBeforeCompile;
                   C:\Program Files\dotnet\sdk\10.0.201\Sdks\Microsoft.NET.Sdk\targets\Microsoft.NET.Sdk.targets(799,5): message :       _GenerateCompileDependencyCache;
                   C:\Program Files\dotnet\sdk\10.0.201\Sdks\Microsoft.NET.Sdk\targets\Microsoft.NET.Sdk.targets(799,5): message :       CoreCompile;
                   C:\Program Files\dotnet\sdk\10.0.201\Sdks\Microsoft.NET.Sdk\targets\Microsoft.NET.Sdk.targets(799,5): message :       _TimeStampAfterCompile;
                   C:\Program Files\dotnet\sdk\10.0.201\Sdks\Microsoft.NET.Sdk\targets\Microsoft.NET.Sdk.targets(799,5): message :       AfterCompile;
                   C:\Program Files\dotnet\sdk\10.0.201\Sdks\Microsoft.NET.Sdk\targets\Microsoft.NET.Sdk.targets(799,5): message :     ;
                   C:\Program Files\dotnet\sdk\10.0.201\Sdks\Microsoft.NET.Sdk\targets\Microsoft.NET.Sdk.targets(799,5): message :       _CreateAppHost;
                   C:\Program Files\dotnet\sdk\10.0.201\Sdks\Microsoft.NET.Sdk\targets\Microsoft.NET.Sdk.targets(799,5): message :       _CreateComHost;
                   C:\Program Files\dotnet\sdk\10.0.201\Sdks\Microsoft.NET.Sdk\targets\Microsoft.NET.Sdk.targets(799,5): message :       _GetIjwHostPaths;
                   C:\Program Files\dotnet\sdk\10.0.201\Sdks\Microsoft.NET.Sdk\targets\Microsoft.NET.Sdk.targets(799,5): message :     ”(先前值:“
                   C:\Program Files\dotnet\sdk\10.0.201\Sdks\Microsoft.NET.Sdk\targets\Microsoft.NET.Sdk.targets(799,5): message :       ResolveReferences;
                   C:\Program Files\dotnet\sdk\10.0.201\Sdks\Microsoft.NET.Sdk\targets\Microsoft.NET.Sdk.targets(799,5): message :       ResolveKeySource;
                   C:\Program Files\dotnet\sdk\10.0.201\Sdks\Microsoft.NET.Sdk\targets\Microsoft.NET.Sdk.targets(799,5): message :       SetWin32ManifestProperties;
                   C:\Program Files\dotnet\sdk\10.0.201\Sdks\Microsoft.NET.Sdk\targets\Microsoft.NET.Sdk.targets(799,5): message :       _SetPreferNativeArm64Win32ManifestProperties;
                   C:\Program Files\dotnet\sdk\10.0.201\Sdks\Microsoft.NET.Sdk\targets\Microsoft.NET.Sdk.targets(799,5): message :       FindReferenceAssembliesForReferences;
                   C:\Program Files\dotnet\sdk\10.0.201\Sdks\Microsoft.NET.Sdk\targets\Microsoft.NET.Sdk.targets(799,5): message :       _GenerateCompileInputs;
                   C:\Program Files\dotnet\sdk\10.0.201\Sdks\Microsoft.NET.Sdk\targets\Microsoft.NET.Sdk.targets(799,5): message :       BeforeCompile;
                   C:\Program Files\dotnet\sdk\10.0.201\Sdks\Microsoft.NET.Sdk\targets\Microsoft.NET.Sdk.targets(799,5): message :       _TimeStampBeforeCompile;
                   C:\Program Files\dotnet\sdk\10.0.201\Sdks\Microsoft.NET.Sdk\targets\Microsoft.NET.Sdk.targets(799,5): message :       _GenerateCompileDependencyCache;
                   C:\Program Files\dotnet\sdk\10.0.201\Sdks\Microsoft.NET.Sdk\targets\Microsoft.NET.Sdk.targets(799,5): message :       CoreCompile;
                   C:\Program Files\dotnet\sdk\10.0.201\Sdks\Microsoft.NET.Sdk\targets\Microsoft.NET.Sdk.targets(799,5): message :       _TimeStampAfterCompile;
                   C:\Program Files\dotnet\sdk\10.0.201\Sdks\Microsoft.NET.Sdk\targets\Microsoft.NET.Sdk.targets(799,5): message :       AfterCompile;
                   C:\Program Files\dotnet\sdk\10.0.201\Sdks\Microsoft.NET.Sdk\targets\Microsoft.NET.Sdk.targets(799,5): message :     ”)
                   C:\Program Files\dotnet\sdk\10.0.201\Sdks\Microsoft.NET.Sdk\targets\Microsoft.NET.Sdk.targets(1131,5): message : 在 C:\Program Files\dotnet\sdk\10.0.201\Sdks\Microsoft.NET.Sdk\targets\Microsoft.NET.Sdk.targets (1131,5) 处重新分配属性: $(CreateSatelliteAssembliesDependsOn)=“
                   C:\Program Files\dotnet\sdk\10.0.201\Sdks\Microsoft.NET.Sdk\targets\Microsoft.NET.Sdk.targets(1131,5): message :       
                   C:\Program Files\dotnet\sdk\10.0.201\Sdks\Microsoft.NET.Sdk\targets\Microsoft.NET.Sdk.targets(1131,5): message :       ;
                   C:\Program Files\dotnet\sdk\10.0.201\Sdks\Microsoft.NET.Sdk\targets\Microsoft.NET.Sdk.targets(1131,5): message :       _GenerateSatelliteAssemblyInputs;
                   C:\Program Files\dotnet\sdk\10.0.201\Sdks\Microsoft.NET.Sdk\targets\Microsoft.NET.Sdk.targets(1131,5): message :       ComputeIntermediateSatelliteAssemblies;
                   C:\Program Files\dotnet\sdk\10.0.201\Sdks\Microsoft.NET.Sdk\targets\Microsoft.NET.Sdk.targets(1131,5): message :       GenerateSatelliteAssemblies
                   C:\Program Files\dotnet\sdk\10.0.201\Sdks\Microsoft.NET.Sdk\targets\Microsoft.NET.Sdk.targets(1131,5): message :     ;
                   C:\Program Files\dotnet\sdk\10.0.201\Sdks\Microsoft.NET.Sdk\targets\Microsoft.NET.Sdk.targets(1131,5): message :       CoreGenerateSatelliteAssemblies
                   C:\Program Files\dotnet\sdk\10.0.201\Sdks\Microsoft.NET.Sdk\targets\Microsoft.NET.Sdk.targets(1131,5): message :     ”(先前值:“
                   C:\Program Files\dotnet\sdk\10.0.201\Sdks\Microsoft.NET.Sdk\targets\Microsoft.NET.Sdk.targets(1131,5): message :       ;
                   C:\Program Files\dotnet\sdk\10.0.201\Sdks\Microsoft.NET.Sdk\targets\Microsoft.NET.Sdk.targets(1131,5): message :       _GenerateSatelliteAssemblyInputs;
                   C:\Program Files\dotnet\sdk\10.0.201\Sdks\Microsoft.NET.Sdk\targets\Microsoft.NET.Sdk.targets(1131,5): message :       ComputeIntermediateSatelliteAssemblies;
                   C:\Program Files\dotnet\sdk\10.0.201\Sdks\Microsoft.NET.Sdk\targets\Microsoft.NET.Sdk.targets(1131,5): message :       GenerateSatelliteAssemblies
                   C:\Program Files\dotnet\sdk\10.0.201\Sdks\Microsoft.NET.Sdk\targets\Microsoft.NET.Sdk.targets(1131,5): message :     ”)
                   C:\Program Files\dotnet\sdk\10.0.201\Sdks\Microsoft.SourceLink.GitLab\build\Microsoft.SourceLink.GitLab.targets(12,5): message : 在 C:\Program Files\dotnet\sdk\10.0.201\Sdks\Microsoft.SourceLink.GitLab\build\Microsoft.SourceLink.GitLab.targets (12,5) 处重新分配属性: $(SourceLinkUrlInitializerTargets)=“;_InitializeGitHubSourceLinkUrl;_InitializeGitLabSourceLinkUrl”(先前值:“;_InitializeGitHubSourceLinkUrl”)
                   C:\Program Files\dotnet\sdk\10.0.201\Sdks\Microsoft.SourceLink.GitLab\build\Microsoft.SourceLink.GitLab.targets(13,5): message : 在 C:\Program Files\dotnet\sdk\10.0.201\Sdks\Microsoft.SourceLink.GitLab\build\Microsoft.SourceLink.GitLab.targets (13,5) 处重新分配属性: $(SourceControlManagerUrlTranslationTargets)=“;TranslateGitHubUrlsInSourceControlInformation;TranslateGitLabUrlsInSourceControlInformation”(先前值:“;TranslateGitHubUrlsInSourceControlInformation”)
                   C:\Program Files\dotnet\sdk\10.0.201\Sdks\Microsoft.SourceLink.AzureRepos.Git\build\Microsoft.SourceLink.AzureRepos.Git.targets(12,5): message : 在 C:\Program Files\dotnet\sdk\10.0.201\Sdks\Microsoft.SourceLink.AzureRepos.Git\build\Microsoft.SourceLink.AzureRepos.Git.targets (12,5) 处重新分配属性: $(SourceLinkUrlInitializerTargets)=“;_InitializeGitHubSourceLinkUrl;_InitializeGitLabSourceLinkUrl;_InitializeAzureReposGitSourceLinkUrl”(先前值:“;_InitializeGitHubSourceLinkUrl;_InitializeGitLabSourceLinkUrl”)
                   C:\Program Files\dotnet\sdk\10.0.201\Sdks\Microsoft.SourceLink.AzureRepos.Git\build\Microsoft.SourceLink.AzureRepos.Git.targets(13,5): message : 在 C:\Program Files\dotnet\sdk\10.0.201\Sdks\Microsoft.SourceLink.AzureRepos.Git\build\Microsoft.SourceLink.AzureRepos.Git.targets (13,5) 处重新分配属性: $(SourceControlManagerUrlTranslationTargets)=“;TranslateGitHubUrlsInSourceControlInformation;TranslateGitLabUrlsInSourceControlInformation;TranslateAzureReposGitUrlsInSourceControlInformation”(先前值:“;TranslateGitHubUrlsInSourceControlInformation;TranslateGitLabUrlsInSourceControlInformation”)
                   C:\Program Files\dotnet\sdk\10.0.201\Sdks\Microsoft.SourceLink.Bitbucket.Git\build\Microsoft.SourceLink.Bitbucket.Git.targets(12,5): message : 在 C:\Program Files\dotnet\sdk\10.0.201\Sdks\Microsoft.SourceLink.Bitbucket.Git\build\Microsoft.SourceLink.Bitbucket.Git.targets (12,5) 处重新分配属性: $(SourceLinkUrlInitializerTargets)=“;_InitializeGitHubSourceLinkUrl;_InitializeGitLabSourceLinkUrl;_InitializeAzureReposGitSourceLinkUrl;_InitializeBitbucketGitSourceLinkUrl”(先前值:“;_InitializeGitHubSourceLinkUrl;_InitializeGitLabSourceLinkUrl;_InitializeAzureReposGitSourceLinkUrl”)
                   C:\Program Files\dotnet\sdk\10.0.201\Sdks\Microsoft.SourceLink.Bitbucket.Git\build\Microsoft.SourceLink.Bitbucket.Git.targets(13,5): message : 在 C:\Program Files\dotnet\sdk\10.0.201\Sdks\Microsoft.SourceLink.Bitbucket.Git\build\Microsoft.SourceLink.Bitbucket.Git.targets (13,5) 处重新分配属性: $(SourceControlManagerUrlTranslationTargets)=“;TranslateGitHubUrlsInSourceControlInformation;TranslateGitLabUrlsInSourceControlInformation;TranslateAzureReposGitUrlsInSourceControlInformation;TranslateBitbucketGitUrlsInSourceControlInformation”(先前值:“;TranslateGitHubUrlsInSourceControlInformation;TranslateGitLabUrlsInSourceControlInformation;TranslateAzureReposGitUrlsInSourceControlInformation”)
                   C:\Program Files\dotnet\sdk\10.0.201\Sdks\Microsoft.NET.Sdk\targets\Microsoft.NET.DesignerSupport.targets(21,5): message : 在 C:\Program Files\dotnet\sdk\10.0.201\Sdks\Microsoft.NET.Sdk\targets\Microsoft.NET.DesignerSupport.targets (21,5) 处重新分配属性: $(DesignerRuntimeImplementationProjectOutputGroupDependsOn)=“
                   C:\Program Files\dotnet\sdk\10.0.201\Sdks\Microsoft.NET.Sdk\targets\Microsoft.NET.DesignerSupport.targets(21,5): message :       
                   C:\Program Files\dotnet\sdk\10.0.201\Sdks\Microsoft.NET.Sdk\targets\Microsoft.NET.DesignerSupport.targets(21,5): message :       ;
                   C:\Program Files\dotnet\sdk\10.0.201\Sdks\Microsoft.NET.Sdk\targets\Microsoft.NET.DesignerSupport.targets(21,5): message :       
                   C:\Program Files\dotnet\sdk\10.0.201\Sdks\Microsoft.NET.Sdk\targets\Microsoft.NET.DesignerSupport.targets(21,5): message :       ;
                   C:\Program Files\dotnet\sdk\10.0.201\Sdks\Microsoft.NET.Sdk\targets\Microsoft.NET.DesignerSupport.targets(21,5): message :       BuildOnlySettings;
                   C:\Program Files\dotnet\sdk\10.0.201\Sdks\Microsoft.NET.Sdk\targets\Microsoft.NET.DesignerSupport.targets(21,5): message :       PrepareForBuild;
                   C:\Program Files\dotnet\sdk\10.0.201\Sdks\Microsoft.NET.Sdk\targets\Microsoft.NET.DesignerSupport.targets(21,5): message :       AssignTargetPaths;
                   C:\Program Files\dotnet\sdk\10.0.201\Sdks\Microsoft.NET.Sdk\targets\Microsoft.NET.DesignerSupport.targets(21,5): message :       ResolveReferences
                   C:\Program Files\dotnet\sdk\10.0.201\Sdks\Microsoft.NET.Sdk\targets\Microsoft.NET.DesignerSupport.targets(21,5): message :     
                   C:\Program Files\dotnet\sdk\10.0.201\Sdks\Microsoft.NET.Sdk\targets\Microsoft.NET.DesignerSupport.targets(21,5): message :     ;
                   C:\Program Files\dotnet\sdk\10.0.201\Sdks\Microsoft.NET.Sdk\targets\Microsoft.NET.DesignerSupport.targets(21,5): message :       _GenerateDesignerDepsFile;
                   C:\Program Files\dotnet\sdk\10.0.201\Sdks\Microsoft.NET.Sdk\targets\Microsoft.NET.DesignerSupport.targets(21,5): message :       _GenerateDesignerRuntimeConfigFile;
                   C:\Program Files\dotnet\sdk\10.0.201\Sdks\Microsoft.NET.Sdk\targets\Microsoft.NET.DesignerSupport.targets(21,5): message :       GetCopyToOutputDirectoryItems;
                   C:\Program Files\dotnet\sdk\10.0.201\Sdks\Microsoft.NET.Sdk\targets\Microsoft.NET.DesignerSupport.targets(21,5): message :       _GatherDesignerShadowCopyFiles;
                   C:\Program Files\dotnet\sdk\10.0.201\Sdks\Microsoft.NET.Sdk\targets\Microsoft.NET.DesignerSupport.targets(21,5): message :     ”(先前值:“
                   C:\Program Files\dotnet\sdk\10.0.201\Sdks\Microsoft.NET.Sdk\targets\Microsoft.NET.DesignerSupport.targets(21,5): message :       ;
                   C:\Program Files\dotnet\sdk\10.0.201\Sdks\Microsoft.NET.Sdk\targets\Microsoft.NET.DesignerSupport.targets(21,5): message :       
                   C:\Program Files\dotnet\sdk\10.0.201\Sdks\Microsoft.NET.Sdk\targets\Microsoft.NET.DesignerSupport.targets(21,5): message :       ;
                   C:\Program Files\dotnet\sdk\10.0.201\Sdks\Microsoft.NET.Sdk\targets\Microsoft.NET.DesignerSupport.targets(21,5): message :       BuildOnlySettings;
                   C:\Program Files\dotnet\sdk\10.0.201\Sdks\Microsoft.NET.Sdk\targets\Microsoft.NET.DesignerSupport.targets(21,5): message :       PrepareForBuild;
                   C:\Program Files\dotnet\sdk\10.0.201\Sdks\Microsoft.NET.Sdk\targets\Microsoft.NET.DesignerSupport.targets(21,5): message :       AssignTargetPaths;
                   C:\Program Files\dotnet\sdk\10.0.201\Sdks\Microsoft.NET.Sdk\targets\Microsoft.NET.DesignerSupport.targets(21,5): message :       ResolveReferences
                   C:\Program Files\dotnet\sdk\10.0.201\Sdks\Microsoft.NET.Sdk\targets\Microsoft.NET.DesignerSupport.targets(21,5): message :     
                   C:\Program Files\dotnet\sdk\10.0.201\Sdks\Microsoft.NET.Sdk\targets\Microsoft.NET.DesignerSupport.targets(21,5): message :     ”)
                   C:\Program Files\dotnet\sdk\10.0.201\Sdks\Microsoft.NET.Sdk\targets\Microsoft.NET.Sdk.CSharp.targets(31,5): message : 在 C:\Program Files\dotnet\sdk\10.0.201\Sdks\Microsoft.NET.Sdk\targets\Microsoft.NET.Sdk.CSharp.targets (31,5) 处重新分配属性: $(DefineConstants)=“TRACE;DEBUG”(先前值:“TRACE”)
                   C:\Program Files\dotnet\sdk\10.0.201\Sdks\Microsoft.NET.Sdk\targets\Microsoft.NET.Sdk.CSharp.targets(45,5): message : 在 C:\Program Files\dotnet\sdk\10.0.201\Sdks\Microsoft.NET.Sdk\targets\Microsoft.NET.Sdk.CSharp.targets (45,5) 处重新分配属性: $(WarningsAsErrors)=“;NU1605;SYSLIB0011”(先前值:“;NU1605”)
                   C:\Program Files\dotnet\sdk\10.0.201\NuGet.Build.Tasks.Pack.targets(34,5): message : 在 C:\Program Files\dotnet\sdk\10.0.201\NuGet.Build.Tasks.Pack.targets (34,5) 处重新分配属性: $(PackageDescription)=“Package Description”(先前值:“”)
                   C:\Program Files\dotnet\sdk\10.0.201\NuGet.Build.Tasks.Pack.targets(59,5): message : 在 C:\Program Files\dotnet\sdk\10.0.201\NuGet.Build.Tasks.Pack.targets (59,5) 处重新分配属性: $(GenerateNuspecDependsOn)=“Build;_LoadPackInputItems; _GetTargetFrameworksOutput; _WalkEachTargetPerFramework; _GetPackageFiles; ”(先前值:“_LoadPackInputItems; _GetTargetFrameworksOutput; _WalkEachTargetPerFramework; _GetPackageFiles; ”)
                   C:\Program Files\dotnet\sdk\10.0.201\Sdks\Microsoft.NET.Sdk\Sdk\Sdk.targets(59,5): message : 在 C:\Program Files\dotnet\sdk\10.0.201\Sdks\Microsoft.NET.Sdk\Sdk\Sdk.targets (59,5) 处重新分配属性: $(_IsNotSetContainersTargetsDir)=“true”(先前值:“false”)
                   C:\Program Files\dotnet\sdk\10.0.201\Containers\build\Microsoft.NET.Build.Containers.targets(5,5): message : 在 C:\Program Files\dotnet\sdk\10.0.201\Containers\build\Microsoft.NET.Build.Containers.targets (5,5) 处重新分配属性: $(_IsSDKContainerAllowedVersion)=“true”(先前值:“false”)
                   C:\Program Files\dotnet\sdk\10.0.201\Containers\build\Microsoft.NET.Build.Containers.targets(15,5): message : 在 C:\Program Files\dotnet\sdk\10.0.201\Containers\build\Microsoft.NET.Build.Containers.targets (15,5) 处重新分配属性: $(_ContainerIsTargetingNet8TFM)=“true”(先前值:“false”)
                   在 Evaluation 期间加载的程序集: System.IO.Pipes, Version=10.0.0.0, Culture=neutral, PublicKeyToken=b03f5f7f11d50a3a (位置: C:\Program Files\dotnet\shared\Microsoft.NETCore.App\10.0.5\System.IO.Pipes.dll，MVID: 8a6a0eaa-8748-4f7d-bc73-d55a505924e1，AssemblyLoadContext: Default)
                   正在使用项目“C:\Program Files\dotnet\sdk\10.0.201\Sdks\Microsoft.NET.Sdk\targets\Microsoft.NET.Sdk.FrameworkReferenceResolution.targets”中的目标“ResolveFrameworkReferences”重写项目“C:\Program Files\dotnet\sdk\10.0.201\Microsoft.Common.CurrentVersion.targets”中的目标“ResolveFrameworkReferences”。
                   正在使用项目“C:\Program Files\dotnet\sdk\10.0.201\Sdks\Microsoft.NET.Sdk\targets\Microsoft.NET.Sdk.targets”中的目标“GenerateSupportedTargetFrameworkAlias”重写项目“C:\Program Files\dotnet\sdk\10.0.201\Microsoft.Common.CurrentVersion.targets”中的目标“GenerateSupportedTargetFrameworkAlias”。
                   正在使用项目“C:\Program Files\dotnet\sdk\10.0.201\Sdks\Microsoft.NET.Sdk\targets\Microsoft.NET.DisableStandardFrameworkResolution.targets”中的目标“GetReferenceAssemblyPaths”重写项目“C:\Program Files\dotnet\sdk\10.0.201\Microsoft.Common.CurrentVersion.targets”中的目标“GetReferenceAssemblyPaths”。
                   正在使用项目“C:\Program Files\dotnet\sdk\10.0.201\Sdks\Microsoft.NET.Sdk\targets\Microsoft.NET.DisableStandardFrameworkResolution.targets”中的目标“GetFrameworkPaths”重写项目“C:\Program Files\dotnet\sdk\10.0.201\Microsoft.Common.CurrentVersion.targets”中的目标“GetFrameworkPaths”。
                   正在使用项目“C:\Program Files\dotnet\sdk\10.0.201\Sdks\Microsoft.NET.Sdk\targets\Microsoft.NET.DesignerSupport.targets”中的目标“DesignerRuntimeImplementationProjectOutputGroup”重写项目“C:\Program Files\dotnet\sdk\10.0.201\Microsoft.Common.CurrentVersion.targets”中的目标“DesignerRuntimeImplementationProjectOutputGroup”。
                   正在使用项目“C:\Program Files\dotnet\sdk\10.0.201\Sdks\Microsoft.NET.Sdk\targets\Microsoft.NET.Publish.targets”中的目标“Publish”重写项目“C:\Program Files\dotnet\sdk\10.0.201\Microsoft.Common.CurrentVersion.targets”中的目标“Publish”。
                   正在使用项目“C:\Program Files\dotnet\sdk\10.0.201\Sdks\Microsoft.NET.Sdk\targets\Microsoft.NET.Publish.targets”中的目标“ResolveReadyToRunCompilers”重写项目“C:\Program Files\dotnet\sdk\10.0.201\Sdks\Microsoft.NET.Sdk\targets\Microsoft.NET.CrossGen.targets”中的目标“ResolveReadyToRunCompilers”。
                   正在使用项目“C:\Program Files\dotnet\sdk\10.0.201\Sdks\Microsoft.NET.Sdk\targets\Microsoft.NET.Publish.targets”中的目标“GetCopyToPublishDirectoryItems”重写项目“C:\Program Files\dotnet\sdk\10.0.201\Microsoft.Common.CurrentVersion.targets”中的目标“GetCopyToPublishDirectoryItems”。
                   正在使用项目“C:\Program Files\dotnet\sdk\10.0.201\Sdks\Microsoft.NET.Sdk\targets\Microsoft.NET.Sdk.targets”中的目标“Run”重写项目“C:\Program Files\dotnet\sdk\10.0.201\Microsoft.Common.CurrentVersion.targets”中的目标“Run”。
13:40:40.870     0>初始属性:
                   __WindowsAppSdkDefaultImageIncludes = **/*.png;**/*.bmp;**/*.jpg;**/*.dds;**/*.tif;**/*.tga;**/*.gif
                   _AfterSdkPublishDependsOn = Publish
                   _ApiCompatValidatePackageSemaphoreFile = obj\Debug\net10.0\Microsoft.NET.ApiCompat.ValidatePackage.semaphore
                   _BeforePublishNoBuildTargets = 
                         BuildOnlySettings;
                         _PreventProjectReferencesFromBuilding;
                         ResolveReferences;
                         PrepareResourceNames;
                         ComputeIntermediateSatelliteAssemblies;
                         ComputeEmbeddedApphostPaths;
                       
                   _BinaryFormatterObsoleteAsError = true
                   _BuildTasksAssemblyName = Microsoft.Build.Tasks.CodeAnalysis
                   _BuildTasksDirectory = C:\Program Files\dotnet\sdk\10.0.201\Sdks\Microsoft.NET.Sdk\targets\..\..\..\Roslyn\
                   _ContainerIsSelfContained = false
                   _ContainerIsTargetingNet8TFM = true
                   _ContainersTargetsDir = C:\Program Files\dotnet\sdk\10.0.201\Sdks\Microsoft.NET.Sdk\Sdk\..\..\..\Containers\build\
                   _CorePublishTargets = 
                         PrepareForPublish;
                         ComputeAndCopyFilesToPublishDirectory;
                         ;
                         PublishItemsOutputGroup;
                       
                   _DebugSymbolsProduced = true
                   _DefaultArtifactsPathPropsImported = true
                   _DefaultUserProfileRuntimeStorePath = C:\Users\jim liu\.dotnet\store
                   _DeploymentApplicationManifestIdentity = Native.WinFormsApp1.Application
                   _DeploymentBuiltUpdateInterval = 0
                   _DeploymentBuiltUpdateIntervalUnits = Days
                   _DeploymentDeployManifestIdentity = WinFormsApp1.Application.application
                   _DeploymentFileMappingExtension = 
                   _DeploymentLauncherBased = true
                   _DeploymentTargetApplicationManifestFileName = Native.WinFormsApp1.Application.manifest
                   _DeploymentUrl = 
                   _DesignerDepsFileName = WinFormsApp1.Application.designer.deps.json
                   _DesignerDepsFilePath = obj\Debug\net10.0\WinFormsApp1.Application.designer.deps.json
                   _DesignerRuntimeConfigFileName = WinFormsApp1.Application.designer.runtimeconfig.json
                   _DesignerRuntimeConfigFilePath = obj\Debug\net10.0\WinFormsApp1.Application.designer.runtimeconfig.json
                   _DirectoryBuildPropsBasePath = F:\C#\WinFormsApp1.WpfRefactor
                   _DirectoryBuildPropsFile = Directory.Build.props
                   _DirectoryBuildTargetsBasePath = 
                   _DirectoryBuildTargetsFile = Directory.Build.targets
                   _DirectoryPackagesPropsBasePath = 
                   _DirectoryPackagesPropsFile = Directory.Packages.props
                   _DocumentationFileProduced = false
                   _DotNetAppHostExecutableName = apphost
                   _DotNetAppHostExecutableNameWithoutExtension = apphost
                   _DotNetComHostLibraryName = comhost
                   _DotNetComHostLibraryNameWithoutExtension = comhost
                   _DotNetHostExecutableName = dotnet
                   _DotNetHostFxrLibraryName = libhostfxr.so
                   _DotNetHostPolicyLibraryName = libhostpolicy.so
                   _DotNetIjwHostLibraryName = Ijwhost
                   _DotNetIjwHostLibraryNameWithoutExtension = Ijwhost
                   _DotNetSingleFileHostExecutableNameWithoutExtension = singlefilehost
                   _EnableDefaultWindowsPlatform = false
                   _FirstTargetFrameworkToSupportAot = net7.0
                   _FirstTargetFrameworkToSupportSingleFile = net6.0
                   _FirstTargetFrameworkToSupportTrimming = net6.0
                   _FirstTargetFrameworkVersionToSupportAotAnalyzer = 7.0
                   _FirstTargetFrameworkVersionToSupportSingleFileAnalyzer = 6.0
                   _FirstTargetFrameworkVersionToSupportTrimAnalyzer = 6.0
                   _GenerateBindingRedirectsIntermediateAppConfig = obj\Debug\net10.0\WinFormsApp1.Application.dll.config
                   _GeneratePublishDependencyFilePropertyInputsCache = F:\C#\WinFormsApp1.WpfRefactor\WinFormsApp1.Application\obj\Debug\net10.0\WinFormsApp1.Application.genpublishdeps.cache
                   _GenerateRestoreGraphProjectEntryInputProperties = ExcludeRestorePackageImports=true
                   _GenerateRuntimeConfigurationPropertyInputsCache = F:\C#\WinFormsApp1.WpfRefactor\WinFormsApp1.Application\obj\Debug\net10.0\WinFormsApp1.Application.genruntimeconfig.cache
                   _GenerateSingleFileBundlePropertyInputsCache = F:\C#\WinFormsApp1.WpfRefactor\WinFormsApp1.Application\obj\Debug\net10.0\WinFormsApp1.Application.genbundle.cache
                   _GenerateSourceLinkFileBeforeTargets = CoreCompile
                   _GenerateSourceLinkFileDependsOnTargets = 
                   _GenerateSupportedRuntimeIntermediateAppConfig = obj\Debug\net10.0\WinFormsApp1.Application.dll.withSupportedRuntime.config
                   _GetChildProjectCopyToOutputDirectoryItems = true
                   _GetChildProjectCopyToPublishDirectoryItems = true
                   _InitialBaseIntermediateOutputPath = obj\
                   _InitialMSBuildProjectExtensionsPath = F:\C#\WinFormsApp1.WpfRefactor\WinFormsApp1.Application\obj\
                   _IsDisjointMSBuildVersion = False
                   _IsNETCoreOrNETStandard = true
                   _IsNotSetContainersTargetsDir = true
                   _IsSDKContainerAllowedVersion = true
                   _LatestAnalysisLevel = 10.0
                   _MaxAvailableLangVersion = 14.0
                   _MaxSupportedLangVersion = 14.0
                   _MicrosoftSourceLinkCommonAssemblyFile = C:\Program Files\dotnet\sdk\10.0.201\Sdks\Microsoft.SourceLink.Common\build\..\tools\net\Microsoft.SourceLink.Common.dll
                   _MinimumNonEolSupportedNetCoreTargetFramework = net8.0
                   _MSBuildVersionMajorMinor = 18.3
                   _NativeLibraryExtension = .so
                   _NativeLibraryPrefix = lib
                   _NETAnalyzersSDKAssemblyVersion = 10.0.201
                   _NETCoreSdkIsPreview = false
                   _NetFrameworkHostedCompilersVersion = 5.3.0-2.26153.122
                   _NoneAnalysisLevel = 4.0
                   _NugetFallbackFolder = C:\Program Files\dotnet\sdk\10.0.201\Sdks\Microsoft.NET.Sdk\targets\..\..\..\..\NuGetFallbackFolder
                   _NugetTargetMonikerAndRID = .NETCoreApp,Version=v10.0
                   _OriginalConfiguration = Debug
                   _OriginalPlatform = AnyCPU
                   _PlatformWithoutConfigurationInference = AnyCPU
                   _PreviewAnalysisLevel = 11.0
                   _ProjectDefaultTargets = Build
                   _PublishNoBuildAlternativeDependsOn = 
                         BuildOnlySettings;
                         _PreventProjectReferencesFromBuilding;
                         ResolveReferences;
                         PrepareResourceNames;
                         ComputeIntermediateSatelliteAssemblies;
                         ComputeEmbeddedApphostPaths;
                       ;
                         PrepareForPublish;
                         ComputeAndCopyFilesToPublishDirectory;
                         ;
                         PublishItemsOutputGroup;
                       
                   _PublishProfileDesignerFolder = Properties
                   _PublishProfileRootFolder = F:\C#\WinFormsApp1.WpfRefactor\WinFormsApp1.Application\Properties\PublishProfiles\
                   _RecursiveTargetForContentCopying = GetCopyToOutputDirectoryItems
                   _ResolveReferenceDependencies = false
                   _SGenDllCreated = false
                   _SGenDllName = WinFormsApp1.Application.XmlSerializers.dll
                   _SGenGenerateSerializationAssembliesConfig = Off
                   _SourceLinkAzureReposGitAssemblyFile = C:\Program Files\dotnet\sdk\10.0.201\Sdks\Microsoft.SourceLink.AzureRepos.Git\build\..\tools\net\Microsoft.SourceLink.AzureRepos.Git.dll
                   _SourceLinkBitbucketAssemblyFile = C:\Program Files\dotnet\sdk\10.0.201\Sdks\Microsoft.SourceLink.Bitbucket.Git\build\..\tools\net\Microsoft.SourceLink.Bitbucket.Git.dll
                   _SourceLinkGitHubAssemblyFile = C:\Program Files\dotnet\sdk\10.0.201\Sdks\Microsoft.SourceLink.GitHub\build\..\tools\net\Microsoft.SourceLink.GitHub.dll
                   _SourceLinkGitLabAssemblyFile = C:\Program Files\dotnet\sdk\10.0.201\Sdks\Microsoft.SourceLink.GitLab\build\..\tools\net\Microsoft.SourceLink.GitLab.dll
                   _SourceLinkPropsImported = true
                   _SourceLinkSdkSubDir = build
                   _SupportedArchitectures = amd64 arm64
                   _SupportedPlatformList = @(SupportedPlatform, ',')
                   _TargetFrameworkDirectories = 
                   _TargetFrameworkVersionValue = 0.0
                   _TargetFrameworkVersionWithoutV = 10.0
                   _TargetLatestRuntimePatchIsDefault = true
                   _TargetPlatformVersionUsesCsWinRT3 = false
                   _TargetsThatPrepareProjectReferences = 
                         AssignProjectConfiguration;
                         _SplitProjectReferencesByFileExistence
                       
                   _UseAttributeForTargetFrameworkInfoPropertyNames = true
                   _UsingDefaultForHasRuntimeOutput = true
                   _UsingDefaultPlatformTarget = true
                   _WindowsDesktopSdkTargetFrameworkVersionFloor = 3.0
                   _WorkloadLibraryPacksFolder = C:\Program Files\dotnet\library-packs
                   AddAdditionalExplicitAssemblyReferences = false
                   AllowedOutputExtensionsInPackageBuildOutputFolder = .dll; .exe; .winmd; .json; .pri; .xml ;
                   AllowedOutputExtensionsInSymbolsPackageBuildOutputFolder = .pdb; .mdb; .dll; .exe; .winmd; .json; .pri; .xml ;; 
                   AllowedReferenceAssemblyFileExtensions = 
                         .winmd;
                         .dll;
                         .exe
                       
                   AllowedReferenceRelatedFileExtensions = 
                         .pdb;
                         .xml;
                         .pri;
                         .dll.config;
                         .exe.config
                       
                   AllowUnsafeBlocks = false
                   AlwaysIncludeCoreFrameworkInRuntimeConfig = true
                   AlwaysUseNumericalSuffixInItemNames = true
                   AnalysisLevel = latest
                   AppDesignerFolder = Properties
                   AppendPlatformToOutputPath = false
                   AppendRuntimeIdentifierToOutputPath = true
                   AppendTargetFrameworkToOutputPath = true
                   AssemblyFoldersConfigFile = C:\Program Files\dotnet\sdk\10.0.201\AssemblyFolders.config
                   AssemblyFoldersSuffix = AssemblyFoldersEx
                   AssemblyName = WinFormsApp1.Application
                   AssemblySearchPaths = {CandidateAssemblyFiles};{HintPathFromItem};{TargetFrameworkDirectory};{RawFileName}
                   AssemblyTitle = WinFormsApp1.Application
                   AssetTargetFallback = ;net461;net462;net47;net471;net472;net48;net481
                   AssignTargetPathsDependsOn = 
                   Authors = WinFormsApp1.Application
                   AutomaticallyUseReferenceAssemblyPackages = true
                   AutoUnifyAssemblyReferences = true
                   AvailablePlatforms = Any CPU,x86,x64,ARM32,ARM64
                   BaseIntermediateOutputPath = obj\
                   BaseOutputPath = bin\
                   BaseOutputPathWasSpecified = true
                   BuildCompileAction = Build
                   BuildDependsOn = 
                         BeforeBuild;
                         CoreBuild;
                         AfterBuild
                       
                   BuildGenerateSourcesAction = Build
                   BuildingProject = false
                   BuildInParallel = true
                   BuildLinkAction = Build
                   BuildOutputTargetFolder = lib
                   BuildProjectReferences = true
                   BuiltProjectOutputGroupDependenciesDependsOn = 
                         ;
                         
                         ;
                         BuildOnlySettings;
                         PrepareForBuild;
                         AssignTargetPaths;
                         ResolveReferences
                       
                       
                   BuiltProjectOutputGroupDependsOn = PrepareForBuild
                   BundledMSBuildVersion = 18.3.0
                   BundledNETCoreAppPackageVersion = 10.0.5
                   BundledNETCoreAppTargetFrameworkVersion = 10.0
                   BundledNETCorePlatformsPackageVersion = 10.0.5-servicing.26153.111
                   BundledNETStandardPackageVersion = 2.1.0
                   BundledNETStandardTargetFrameworkVersion = 2.1
                   BundledRuntimeIdentifierGraphFile = C:\Program Files\dotnet\sdk\10.0.201\RuntimeIdentifierGraph.json
                   CheckEolWorkloads = true
                   CheckForOverflowUnderflow = false
                   CleanDependsOn = 
                         BeforeClean;
                         UnmanagedUnregistration;
                         CoreClean;
                         CleanReferencedProjects;
                         CleanPublishFolder;
                         AfterClean
                       
                   CleanFile = WinFormsApp1.Application.csproj.FileListAbsolute.txt
                   ClickOncePublishDir = bin\Debug\net10.0\publish\
                   CodeAnalysisRuleIds = CA1000;CA1001;CA1002;CA1003;CA1005;CA1008;CA1010;CA1012;CA1014;CA1016;CA1017;CA1018;CA1019;CA1021;CA1024;CA1027;CA1028;CA1030;CA1031;CA1032;CA1033;CA1034;CA1036;CA1040;CA1041;CA1043;CA1044;CA1045;CA1046;CA1047;CA1050;CA1051;CA1052;CA1054;CA1055;CA1056;CA1058;CA1060;CA1061;CA1062;CA1063;CA1064;CA1065;CA1066;CA1067;CA1068;CA1069;CA1070;CA1200;CA1303;CA1304;CA1305;CA1307;CA1308;CA1309;CA1310;CA1311;CA1401;CA1416;CA1417;CA1418;CA1419;CA1420;CA1421;CA1422;CA1501;CA1502;CA1505;CA1506;CA1507;CA1508;CA1509;CA1510;CA1511;CA1512;CA1513;CA1514;CA1515;CA1516;CA1700;CA1707;CA1708;CA1710;CA1711;CA1712;CA1713;CA1715;CA1716;CA1720;CA1721;CA1724;CA1725;CA1727;CA1802;CA1805;CA1806;CA1810;CA1812;CA1813;CA1814;CA1815;CA1816;CA1819;CA1820;CA1821;CA1822;CA1823;CA1824;CA1825;CA1826;CA1827;CA1828;CA1829;CA1830;CA1831;CA1832;CA1833;CA1834;CA1835;CA1836;CA1837;CA1838;CA1839;CA1840;CA1841;CA1842;CA1843;CA1844;CA1845;CA1846;CA1847;CA1848;CA1849;CA1850;CA1851;CA1852;CA1853;CA1854;CA1855;CA1856;CA1857;CA1858;CA1859;CA1860;CA1861;CA1862;CA1863;CA1864;CA1865;CA1866;CA1867;CA1868;CA1869;CA1870;CA1871;CA1872;CA1873;CA1874;CA1875;CA2000;CA2002;CA2007;CA2008;CA2009;CA2011;CA2012;CA2013;CA2014;CA2015;CA2016;CA2017;CA2018;CA2019;CA2020;CA2021;CA2022;CA2023;CA2024;CA2025;CA2100;CA2101;CA2119;CA2153;CA2200;CA2201;CA2207;CA2208;CA2211;CA2213;CA2214;CA2215;CA2216;CA2217;CA2218;CA2219;CA2224;CA2225;CA2226;CA2227;CA2231;CA2234;CA2235;CA2237;CA2241;CA2242;CA2243;CA2244;CA2245;CA2246;CA2247;CA2248;CA2249;CA2250;CA2251;CA2252;CA2253;CA2254;CA2255;CA2256;CA2257;CA2258;CA2259;CA2260;CA2261;CA2262;CA2263;CA2264;CA2265;CA2300;CA2301;CA2302;CA2305;CA2310;CA2311;CA2312;CA2315;CA2321;CA2322;CA2326;CA2327;CA2328;CA2329;CA2330;CA2350;CA2351;CA2352;CA2353;CA2354;CA2355;CA2356;CA2361;CA2362;CA3001;CA3002;CA3003;CA3004;CA3005;CA3006;CA3007;CA3008;CA3009;CA3010;CA3011;CA3012;CA3061;CA3075;CA3076;CA3077;CA3147;CA5350;CA5351;CA5358;CA5359;CA5360;CA5361;CA5362;CA5363;CA5364;CA5365;CA5366;CA5367;CA5368;CA5369;CA5370;CA5371;CA5372;CA5373;CA5374;CA5375;CA5376;CA5377;CA5378;CA5379;CA5380;CA5381;CA5382;CA5383;CA5384;CA5385;CA5386;CA5387;CA5388;CA5389;CA5390;CA5391;CA5392;CA5393;CA5394;CA5395;CA5396;CA5397;CA5398;CA5399;CA5400;CA5401;CA5402;CA5403;CA5404;CA5405
                   CodeAnalysisTargets = C:\Program Files\dotnet\sdk\10.0.201\Microsoft\VisualStudio\v18.0\CodeAnalysis\Microsoft.CodeAnalysis.targets
                   CommandLineArgsForDesignTimeEvaluation = -langversion:14.0 -define:TRACE
                   CommonOutputGroupsDependsOn = 
                         ;
                         BuildOnlySettings;
                         PrepareForBuild;
                         AssignTargetPaths;
                         ResolveReferences
                       
                   CommonTargetsPath = C:\Program Files\dotnet\sdk\10.0.201\Microsoft.Common.CurrentVersion.targets
                   CommonXamlResourcesDirectory = C:\Program Files\dotnet\sdk\10.0.201\\
                   Company = WinFormsApp1.Application
                   CompileDependsOn = 
                         
                         ResolveReferences;
                         ResolveKeySource;
                         SetWin32ManifestProperties;
                         _SetPreferNativeArm64Win32ManifestProperties;
                         FindReferenceAssembliesForReferences;
                         _GenerateCompileInputs;
                         BeforeCompile;
                         _TimeStampBeforeCompile;
                         _GenerateCompileDependencyCache;
                         CoreCompile;
                         _TimeStampAfterCompile;
                         AfterCompile;
                       ;
                         _CreateAppHost;
                         _CreateComHost;
                         _GetIjwHostPaths;
                       
                   CompileLicxFilesDependsOn = 
                   CompilerApiVersion = roslyn5.3
                   CompilerGeneratedFilesOutputPath = 
                   COMPLUS_FusionEnableForcedFullClosureWalk = 1
                   COMPlus_ThreadPool_UsePortableThreadPool = 0
                   ComputeIntermediateSatelliteAssembliesDependsOn = 
                         CreateManifestResourceNames
                       
                   ComputeNETCoreBuildOutputFiles = true
                   ComReferenceExecuteAsTool = false
                   ComReferenceNoClassMembers = false
                   Configuration = Debug
                   ConfigurationName = Debug
                   Configurations = Debug;Release
                   ConsiderPlatformAsProcessorArchitecture = true
                   ContainerCustomTasksAssembly = C:\Program Files\dotnet\sdk\10.0.201\Containers\build\..\tasks\net10.0\Microsoft.NET.Build.Containers.dll
                   ContainerCustomTasksFolder = C:\Program Files\dotnet\sdk\10.0.201\Containers\build\..\tasks\net10.0\
                   ContainerizeFolder = C:\Program Files\dotnet\sdk\10.0.201\Containers\build\..\containerize\
                   ContainerizeFolderName = containerize
                   ContainerTaskFolderName = tasks
                   ContainerTaskFramework = net10.0
                   ContentFilesProjectOutputGroupDependsOn = PrepareForBuild;AssignTargetPaths
                   ContentPreprocessorOutputDirectory = obj\Debug\net10.0\NuGet\
                   ContentTargetFolders = content;contentFiles
                   ContinueOnError = false
                   CopyBuildOutputToPublishDirectory = true
                   CopyConflictingTransitiveContent = false
                   CopyLocalLockFileAssemblies = false
                   CopyOutputSymbolsToPublishDirectory = true
                   CoreBuildDependsOn = 
                         _CheckForBuildWithNoBuild;
                         
                         BuildOnlySettings;
                         PrepareForBuild;
                         PreBuildEvent;
                         ResolveReferences;
                         PrepareResources;
                         ResolveKeySource;
                         Compile;
                         ExportWindowsMDFile;
                         UnmanagedUnregistration;
                         GenerateSerializationAssemblies;
                         CreateSatelliteAssemblies;
                         GenerateManifests;
                         GetTargetPath;
                         PrepareForRun;
                         UnmanagedRegistration;
                         IncrementalClean;
                         PostBuildEvent
                       ;
                         GenerateBuildDependencyFile;
                         GenerateBuildRuntimeConfigurationFiles
                       
                   CoreCleanDependsOn = 
                         _SdkBeforeClean;
                         
                       
                   CoreCompileDependsOn = ;_ComputeNonExistentFileProperty;ResolveCodeAnalysisRuleSet
                   CoreResGenDependsOn = FindReferenceAssembliesForReferences
                   CreateCustomManifestResourceNamesDependsOn = 
                   CreateHardLinksForCopyAdditionalFilesIfPossible = false
                   CreateManifestResourceNamesDependsOn = 
                   CreateSatelliteAssembliesDependsOn = 
                         
                         ;
                         _GenerateSatelliteAssemblyInputs;
                         ComputeIntermediateSatelliteAssemblies;
                         GenerateSatelliteAssemblies
                       ;
                         CoreGenerateSatelliteAssemblies
                       
                   CreateSymbolicLinksForCopyAdditionalFilesIfPossible = false
                   CSharpCoreTargetsPath = C:\Program Files\dotnet\sdk\10.0.201\Sdks\Microsoft.NET.Sdk\targets\..\..\..\Roslyn\Microsoft.CSharp.Core.targets
                   CSharpDesignTimeTargetsPath = C:\Program Files\dotnet\sdk\10.0.201\\Microsoft\VisualStudio\Managed\Microsoft.CSharp.DesignTime.targets
                   CSharpTargetsPath = C:\Program Files\dotnet\sdk\10.0.201\Microsoft.CSharp.CurrentVersion.targets
                   CustomAfterDirectoryBuildProps = ;C:\Program Files\dotnet\sdk\10.0.201\Sdks\Microsoft.NET.Sdk\Sdk\UseArtifactsOutputPath.props
                   CustomAfterMicrosoftCommonProps = C:\Program Files\dotnet\sdk\10.0.201\\vCurrent\Custom.After.Microsoft.Common.props
                   CustomAfterMicrosoftCommonTargets = C:\Program Files\dotnet\sdk\10.0.201\\vCurrent\Custom.After.Microsoft.Common.targets
                   CustomAfterMicrosoftCSharpTargets = C:\Program Files\dotnet\sdk\10.0.201\\vCurrent\Custom.After.Microsoft.CSharp.targets
                   CustomBeforeMicrosoftCommonProps = C:\Program Files\dotnet\sdk\10.0.201\\vCurrent\Custom.Before.Microsoft.Common.props
                   CustomBeforeMicrosoftCommonTargets = C:\Program Files\dotnet\sdk\10.0.201\\vCurrent\Custom.Before.Microsoft.Common.targets
                   CustomBeforeMicrosoftCSharpTargets = C:\Program Files\dotnet\sdk\10.0.201\\vCurrent\Custom.Before.Microsoft.CSharp.targets
                   DebugSymbols = true
                   DebugSymbolsProjectOutputGroupDependenciesDependsOn = 
                         ;
                         
                         ;
                         BuildOnlySettings;
                         PrepareForBuild;
                         AssignTargetPaths;
                         ResolveReferences
                       
                       
                   DebugSymbolsProjectOutputGroupDependsOn = 
                   DebugType = portable
                   DefaultAllowedOutputExtensionsInPackageBuildOutputFolder = .dll; .exe; .winmd; .json; .pri; .xml
                   DefaultCopyToPublishDirectoryMetadata = true
                   DefaultExcludesInProjectFolder = ;;**/.*/**
                   DefaultImplicitPackages = Microsoft.NETCore.App;NETStandard.Library
                   DefaultItemExcludes = ;bin\Debug\/**;obj\Debug\/**;bin\/**;obj\/**;bin\Debug\net10.0\publish\/**;**/*.user;**/*.*proj;**/*.sln;**/*.slnx;**/*.vssscc;**/.DS_Store
                   DefaultLanguageSourceExtension = .cs
                   DefaultProjectTypeGuid = {FAE04EC0-301F-11D3-BF4B-00C04F79EFBC}
                   DefineCommonCapabilities = true
                   DefineCommonItemSchemas = true
                   DefineCommonReferenceSchemas = true
                   DefineConstants = TRACE;DEBUG
                   DelaySign = 
                   DeploymentComputeClickOnceManifestInfoDependsOn = 
                         CleanPublishFolder;
                         GetCopyToOutputDirectoryItems;
                         _DeploymentGenerateTrustInfo;
                         
                       
                   DesignerRuntimeImplementationProjectOutputGroupDependsOn = 
                         
                         ;
                         
                         ;
                         BuildOnlySettings;
                         PrepareForBuild;
                         AssignTargetPaths;
                         ResolveReferences
                       
                       ;
                         _GenerateDesignerDepsFile;
                         _GenerateDesignerRuntimeConfigFile;
                         GetCopyToOutputDirectoryItems;
                         _GatherDesignerShadowCopyFiles;
                       
                   DesignTimeAssemblySearchPaths = {CandidateAssemblyFiles};{HintPathFromItem};{TargetFrameworkDirectory};{RawFileName}
                   DesignTimeAutoUnify = true
                   DesignTimeResolveAssemblyReferencesDependsOn = 
                         GetFrameworkPaths;
                         GetReferenceAssemblyPaths;
                         ResolveReferences
                       
                   Deterministic = true
                   DirectoryBuildPropsPath = F:\C#\WinFormsApp1.WpfRefactor\Directory.Build.props
                   DisableHandlePackageFileConflicts = true
                   DisableLogTaskParameter_ConvertToAbsolutePath_Path = true
                   DisableLogTaskParameter_FindUnderPath_OutOfPath = true
                   DisableLogTaskParameter_RemoveDuplicates_Inputs = true
                   DisableLogTaskParameterItemMetadata_ConvertToAbsolutePath_AbsolutePaths = true
                   DisableLogTaskParameterItemMetadata_Copy_CopiedFiles = true
                   DisableLogTaskParameterItemMetadata_Copy_DestinationFiles = true
                   DisableLogTaskParameterItemMetadata_Copy_SourceFiles = true
                   DisableLogTaskParameterItemMetadata_FindUnderPath_Files = true
                   DisableLogTaskParameterItemMetadata_FindUnderPath_InPath = true
                   DisableLogTaskParameterItemMetadata_GenerateResource_FilesWritten = true
                   DisableLogTaskParameterItemMetadata_Hash_ItemsToHash = true
                   DisableLogTaskParameterItemMetadata_RemoveDuplicates_Filtered = true
                   DisableLogTaskParameterItemMetadata_WriteLinesToFile_Lines = true
                   DisableStandardFrameworkResolution = true
                   DocumentationFile = 
                   DocumentationProjectOutputGroupDependenciesDependsOn = 
                         ;
                         
                         ;
                         BuildOnlySettings;
                         PrepareForBuild;
                         AssignTargetPaths;
                         ResolveReferences
                       
                       
                   DocumentationProjectOutputGroupDependsOn = 
                   DOTNET_CLI_HOME = F:\C#\WinFormsApp1.WpfRefactor\.dotnet
                   DOTNET_CLI_TELEMETRY_OPTOUT = 1
                   DOTNET_CLI_UI_LANGUAGE = zh-CN
                   DOTNET_gcConcurrent = 0
                   DOTNET_GCHeapCount = 2
                   DOTNET_GCNoAffinitize = 1
                   DOTNET_HOST_PATH = C:\Program Files\dotnet\dotnet.exe
                   DOTNET_MULTILEVEL_LOOKUP = 0
                   DOTNET_TC_CallCountThreshold = 1000
                   DOTNET_ThreadPool_UnfairSemaphoreSpinLimit = 0
                   DotNetApiCompatTaskAssembly = C:\Program Files\dotnet\sdk\10.0.201\Sdks\Microsoft.NET.Sdk\targets\..\tools\net10.0\Microsoft.DotNet.ApiCompat.Task.dll
                   DotnetCliToolTargetFramework = netcoreapp2.2
                   EffectiveAnalysisLevel = 10.0
                   EffectiveCodeAnalysisTreatWarningsAsErrors = 
                   EffectiveTargetPlatformVersion = 
                   EmbeddedResourceUseDependentUponConvention = true
                   EmbeddedWin32Manifest = 
                   EmbedUntrackedSources = true
                   EmitAssetsLogMessages = true
                   EmitCompilerGeneratedFiles = false
                   EmitLegacyAssetsFileItems = false
                   EnableAppxPackageTargetsForUwpClassLibraries = true
                   EnableDefaultCompileItems = true
                   EnableDefaultEmbeddedResourceItems = true
                   EnableDefaultItems = true
                   EnableDefaultNoneItems = true
                   EnableFrameworkPathOverride = false
                   EnableNETAnalyzers = true
                   EnableSourceControlManagerQueries = true
                   EnableSourceLink = true
                   EnableUnsafeBinaryFormatterSerialization = false
                   EnableWebSdkImplicitPackageVersions = false
                   EnforceCodeStyleInBuild = false
                   ErrorReport = prompt
                   ExpandSDKAllowedReferenceExtensions = 
                         .winmd;
                         .dll
                       
                   ExpandSDKReferencesDependsOn = 
                         ResolveSDKReferences
                       
                   FileAlignment = 512
                   FindInvalidProjectReferencesDependsOn = 
                         GetReferenceTargetPlatformMonikers
                       
                   Framework20Dir = @(_TargetFramework20DirectoryItem)
                   Framework30Dir = @(_TargetFramework30DirectoryItem)
                   Framework35Dir = @(_TargetFramework35DirectoryItem)
                   Framework40Dir = @(_TargetFramework40DirectoryItem)
                   FrameworkPathOverride = 
                   FrameworkRegistryBase = Software\Microsoft\.NETCoreApp
                   FrameworkSDKDir = @(_TargetFrameworkSDKDirectoryItem)
                   FullReferenceAssemblyNames = Full
                   GenerateAssemblyCompanyAttribute = true
                   GenerateAssemblyConfigurationAttribute = true
                   GenerateAssemblyCopyrightAttribute = true
                   GenerateAssemblyDescriptionAttribute = true
                   GenerateAssemblyFileVersionAttribute = true
                   GenerateAssemblyInfo = true
                   GenerateAssemblyInformationalVersionAttribute = true
                   GenerateAssemblyMetadataAttributes = true
                   GenerateAssemblyProductAttribute = true
                   GenerateAssemblyTitleAttribute = true
                   GenerateAssemblyTrademarkAttribute = true
                   GenerateAssemblyVersionAttribute = true
                   GeneratedAssemblyInfoFile = obj\Debug\net10.0\WinFormsApp1.Application.AssemblyInfo.cs
                   GenerateDependencyFile = true
                   GeneratedGlobalUsingsFile = obj\Debug\net10.0\WinFormsApp1.Application.GlobalUsings.g.cs
                   GenerateDisableRuntimeMarshallingAttribute = true
                   GenerateDocumentationFile = false
                   GenerateFullPaths = true
                   GenerateInternalsVisibleToAttributes = true
                   GenerateManifestsDependsOn = 
                         SetWin32ManifestProperties;
                         GenerateApplicationManifest;
                         GenerateDeploymentManifest
                       
                   GenerateNeutralResourcesLanguageAttribute = true
                   GenerateNuspecDependsOn = Build;_LoadPackInputItems; _GetTargetFrameworksOutput; _WalkEachTargetPerFramework; _GetPackageFiles; 
                   GeneratePackageOnBuild = false
                   GenerateRepositoryUrlAttribute = true
                   GenerateRequiresPreviewFeaturesAttribute = true
                   GenerateResourceMSBuildArchitecture = CurrentArchitecture
                   GenerateResourceMSBuildRuntime = CurrentRuntime
                   GenerateResourceUsePreserializedResources = true
                   GenerateRuntimeConfigDevFile = false
                   GenerateSatelliteAssembliesForCore = true
                   GenerateSupportedOSPlatformAttribute = true
                   GenerateTargetFrameworkAttribute = true
                   GenerateTargetPlatformAttribute = true
                   GetCopyToOutputDirectoryItemsDependsOn = 
                         AssignTargetPaths;
                         
                         AssignProjectConfiguration;
                         _SplitProjectReferencesByFileExistence
                       ;
                         _GetProjectReferenceTargetFrameworkProperties;
                         _PopulateCommonStateForGetCopyToOutputDirectoryItems
                       
                   GetFrameworkPathsDependsOn = 
                   GetReferenceNearestTargetFrameworkTaskSupportsTargetPlatformParameter = true
                   GetTargetPathWithTargetPlatformMonikerDependsOn = 
                   HasRuntimeOutput = 
                   HideWarningsAndErrors = false
                   HighEntropyVA = true
                   ImplicitConfigurationDefine = DEBUG
                   ImplicitUsings = enable
                   ImportByWildcardAfterMicrosoftCommonProps = true
                   ImportByWildcardAfterMicrosoftCommonTargets = true
                   ImportByWildcardAfterMicrosoftCSharpTargets = true
                   ImportByWildcardBeforeMicrosoftCommonProps = true
                   ImportByWildcardBeforeMicrosoftCommonTargets = true
                   ImportByWildcardBeforeMicrosoftCSharpTargets = true
                   ImportDirectoryBuildProps = true
                   ImportDirectoryBuildTargets = true
                   ImportDirectoryPackagesProps = true
                   ImportFrameworkWinFXTargets = false
                   ImportNuGetBuildTasksPackTargetsFromSdk = true
                   ImportProjectExtensionProps = true
                   ImportProjectExtensionTargets = true
                   ImportUserLocationsByWildcardAfterMicrosoftCommonProps = true
                   ImportUserLocationsByWildcardAfterMicrosoftCommonTargets = true
                   ImportUserLocationsByWildcardAfterMicrosoftCSharpTargets = true
                   ImportUserLocationsByWildcardBeforeMicrosoftCommonProps = true
                   ImportUserLocationsByWildcardBeforeMicrosoftCommonTargets = true
                   ImportUserLocationsByWildcardBeforeMicrosoftCSharpTargets = true
                   IncludeBuildOutput = true
                   IncludeContentInPack = true
                   IncludeFileVersionsInDependencyFile = true
                   IncludeMainProjectInDepsFile = true
                   IncludeProjectsNotInAssetsFileInDepsFile = true
                   IncludeSourceRevisionInInformationalVersion = true
                   IncludeSymbolsInSingleFile = false
                   InnerBuildProperty = TargetFramework
                   InnerBuildPropertyValues = TargetFrameworks
                   InterceptorsPreviewNamespaces = ;Microsoft.Extensions.Validation.Generated
                   IntermediateOutputPath = obj\Debug\net10.0\
                   IsNetCoreAppTargetingLatestTFM = true
                   IsPackable = true
                   IsPublishable = true
                   IsRestoreTargetsFileLoaded = true
                   IsRidAgnostic = true
                   Language = C#
                   LanguageTargets = C:\Program Files\dotnet\sdk\10.0.201\Microsoft.CSharp.targets
                   LangVersion = 14.0
                   MarkPackageReferencesAsExternallyResolved = true
                   MaxSupportedLangVersion = 14.0
                   MaxTargetPath = 100
                   MicrosoftBuildTasksGitAssemblyFile = C:\Program Files\dotnet\sdk\10.0.201\Sdks\Microsoft.Build.Tasks.Git\build\..\tools\net\Microsoft.Build.Tasks.Git.dll
                   MicrosoftCommonPropsHasBeenImported = true
                   MicrosoftNETBuildExtensionsTargets = C:\Program Files\dotnet\sdk\10.0.201\\Microsoft\Microsoft.NET.Build.Extensions\Microsoft.NET.Build.Extensions.targets
                   MicrosoftNETBuildExtensionsTasksAssembly = C:\Program Files\dotnet\sdk\10.0.201\Microsoft\Microsoft.NET.Build.Extensions\\tools\net10.0\Microsoft.NET.Build.Extensions.Tasks.dll
                   MicrosoftNETBuildTasksAssembly = C:\Program Files\dotnet\sdk\10.0.201\Sdks\Microsoft.NET.Sdk\targets\..\tools\net10.0\Microsoft.NET.Build.Tasks.dll
                   MicrosoftNETBuildTasksDirectory = C:\Program Files\dotnet\sdk\10.0.201\Sdks\Microsoft.NET.Sdk\targets\..\tools\net10.0\
                   MicrosoftNETBuildTasksDirectoryRoot = C:\Program Files\dotnet\sdk\10.0.201\Sdks\Microsoft.NET.Sdk\targets\..\tools\
                   MicrosoftNETBuildTasksTFM = net10.0
                   MicrosoftNETFrameworkReferenceAssembliesLatestPackageVersion = 1.0.3
                   MicrosoftNETWindowsWorkloadInstalled = true
                   MinimumMSBuildVersion = 18.0.0
                   MinimumVisualStudioVersionForUnsupportedTargetFrameworkVersion = 17.16
                   MsAppxPackageTargets = C:\Program Files\dotnet\sdk\10.0.201\Microsoft\VisualStudio\v18.0\AppxPackage\Microsoft.AppXPackage.Targets
                   MSBuildAllProjects = F:\C#\WinFormsApp1.WpfRefactor\WinFormsApp1.Application\WinFormsApp1.Application.csproj;;C:\Program Files\dotnet\sdk\10.0.201\Current\Microsoft.Common.targets\ImportAfter\Microsoft.TestPlatform.ImportAfter.targets
                   MSBuildAssemblyVersion = 18.0
                   MSBuildBinPath = C:\Program Files\dotnet\sdk\10.0.201
                   MSBuildCopyContentTransitively = true
                   MSBuildCopyMarkerName = WinForms.3EEE9162.Up2Date
                   MSBuildDisableFeaturesFromVersion = 999.999
                   MSBuildEnableWorkloadResolver = false
                   MSBuildExtensionsPath = C:\Program Files\dotnet\sdk\10.0.201\
                   MSBuildExtensionsPath32 = C:\Program Files\dotnet\sdk\10.0.201
                   MSBuildExtensionsPath64 = C:\Program Files\dotnet\sdk\10.0.201
                   MSBUILDFAILONDRIVEENUMERATINGWILDCARD = 1
                   MSBuildFileVersion = 18.3.0.15422
                   MSBuildLoadMicrosoftTargetsReadOnly = true
                   MSBuildNodeCount = 16
                   MSBuildProgramFiles32 = C:\Program Files (x86)
                   MSBuildProjectDefaultTargets = Build
                   MSBuildProjectDirectory = F:\C#\WinFormsApp1.WpfRefactor\WinFormsApp1.Application
                   MSBuildProjectDirectoryNoRoot = C#\WinFormsApp1.WpfRefactor\WinFormsApp1.Application
                   MSBuildProjectExtension = .csproj
                   MSBuildProjectExtensionsPath = F:\C#\WinFormsApp1.WpfRefactor\WinFormsApp1.Application\obj\
                   MSBuildProjectFile = WinFormsApp1.Application.csproj
                   MSBuildProjectFullPath = F:\C#\WinFormsApp1.WpfRefactor\WinFormsApp1.Application\WinFormsApp1.Application.csproj
                   MSBuildProjectName = WinFormsApp1.Application
                   MSBuildRuntimeType = Core
                   MSBuildSDKsPath = C:\Program Files\dotnet\sdk\10.0.201\Sdks
                   MSBuildSemanticVersion = 18.3.0-release-26153-122+4d3023de6
                   MSBuildStartupDirectory = F:\C#\WinFormsApp1.WpfRefactor
                   MSBuildToolsPath = C:\Program Files\dotnet\sdk\10.0.201
                   MSBuildToolsVersion = Current
                   MSBuildUserExtensionsPath = C:\Users\jim liu\AppData\Local\Microsoft\MSBuild
                   MSBUILDUSESERVER = 0
                   MSBuildUseVisualStudioDirectoryLayout = False
                   MSBuildVersion = 18.3.0
                   MSBuildWarningsAsErrors = ;NU1605
                   MSBuildWarningsAsMessages = ;1701;1702
                   MSBuildWarningsNotAsErrors = 
                   MsTestToolsTargets = C:\Program Files\dotnet\sdk\10.0.201\Microsoft\VisualStudio\v18.0\TeamTest\Microsoft.TeamTest.targets
                   NETCoreAppMaximumVersion = 10.0
                   NetCoreRoot = C:\Program Files\dotnet\
                   NETCoreSdkBundledCliToolsProps = C:\Program Files\dotnet\sdk\10.0.201\Sdks\Microsoft.NET.Sdk\targets\..\..\..\Microsoft.NETCoreSdk.BundledCliTools.props
                   NETCoreSdkBundledMSBuildInformationProps = C:\Program Files\dotnet\sdk\10.0.201\Sdks\Microsoft.NET.Sdk\targets\..\..\..\Microsoft.NETCoreSdk.BundledMSBuildInformation.props
                   NETCoreSdkBundledVersionsProps = C:\Program Files\dotnet\sdk\10.0.201\Sdks\Microsoft.NET.Sdk\targets\..\..\..\Microsoft.NETCoreSdk.BundledVersions.props
                   NETCoreSdkPortableRuntimeIdentifier = win-x64
                   NETCoreSdkRuntimeIdentifier = win-x64
                   NETCoreSdkVersion = 10.0.201
                   NetCoreTargetingPackRoot = C:\Program Files\dotnet\packs
                   NoCompilerStandardLib = true
                   NoStdLib = true
                   NoWarn = 1701;1702
                   NuGetAudit = true
                   NuGetAuditLevel = low
                   NuGetAuditMode = all
                   NuGetBuildTasksPackTargets = C:\Program Files\dotnet\sdk\10.0.201\Sdks\Microsoft.NET.Sdk\Sdk\..\..\..\NuGet.Build.Tasks.Pack.targets
                   NuGetInteractive = false
                   NuGetPackageFolders = C:\Users\jim liu\.nuget\packages\;d:\Program Files\Microsoft Visual Studio\Shared\NuGetPackages
                   NuGetPackageRoot = C:\Users\jim liu\.nuget\packages\
                   NuGetPackTaskAssemblyFile = NuGet.Build.Tasks.Pack.dll
                   NuGetProjectStyle = PackageReference
                   NuGetPropsFile = C:\Program Files\dotnet\sdk\10.0.201\NuGet.props
                   NuGetRestoreTargets = C:\Program Files\dotnet\sdk\10.0.201\NuGet.targets
                   NuGetTargetMoniker = .NETCoreApp,Version=v10.0
                   NuGetToolVersion = 7.0.0
                   Nullable = enable
                   NuspecOutputPath = obj\Debug\
                   Optimize = false
                   OutDir = bin\Debug\net10.0\
                   OutputPath = bin\Debug\net10.0\
                   OutputType = Library
                   OverwriteReadOnlyFiles = false
                   PackageDescription = Package Description
                   PackageDownloadSupported = true
                   PackageId = WinFormsApp1.Application
                   PackageOutputPath = bin\Debug\
                   PackageRequireLicenseAcceptance = false
                   PackageVersion = 1.0.0
                   PackDependsOn = ; _GetRestoreProjectStyle; _IntermediatePack; GenerateNuspec; 
                   PackRelease = true
                   Platform = AnyCPU
                   PlatformName = AnyCPU
                   Platforms = AnyCPU
                   PostBuildEventDependsOn = 
                   PreBuildEventDependsOn = 
                   Prefer32Bit = false
                   PreferNativeArm64 = false
                   PrepareForBuildDependsOn = ;GetFrameworkPaths;GetReferenceAssemblyPaths;AssignLinkMetadata
                   PrepareForRunDependsOn = 
                         CopyFilesToOutputDirectory
                       
                   PrepareProjectReferencesDependsOn = 
                         AssignProjectConfiguration;
                         _SplitProjectReferencesByFileExistence;
                         _GetProjectReferenceTargetFrameworkProperties;
                         _GetProjectReferencePlatformProperties
                       
                   PrepareResourceNamesDependsOn = 
                         AssignTargetPaths;
                         SplitResourcesByCulture;
                         CreateManifestResourceNames;
                         CreateCustomManifestResourceNames
                       
                   PrepareResourcesDependsOn = 
                         ResolvePackageDependenciesForBuild;
                         _HandlePackageFileConflicts;
                         
                         ;
                         PrepareResourceNames;
                         ResGen;
                         CompileLicxFiles
                       
                       
                   PreserveCompilationReferences = 
                   ProcessorArchitecture = msil
                   ProcessorArchitectureAsPlatform = AnyCPU
                   ProduceReferenceAssembly = true
                   Product = WinFormsApp1.Application
                   ProjectAssetsCacheFile = F:\C#\WinFormsApp1.WpfRefactor\WinFormsApp1.Application\obj\Debug\net10.0\WinFormsApp1.Application.assets.cache
                   ProjectAssetsFile = F:\C#\WinFormsApp1.WpfRefactor\WinFormsApp1.Application\obj\project.assets.json
                   ProjectDepsFileName = WinFormsApp1.Application.deps.json
                   ProjectDepsFilePath = F:\C#\WinFormsApp1.WpfRefactor\WinFormsApp1.Application\bin\Debug\net10.0\WinFormsApp1.Application.deps.json
                   ProjectDesignTimeAssemblyResolutionSearchPaths = 
                         {CandidateAssemblyFiles};
                         ;
                         {HintPathFromItem};
                         {TargetFrameworkDirectory};
                         {Registry:Software\Microsoft\.NETCoreApp,v10.0,AssemblyFoldersEx};
                         {RawFileName};
                         F:\C#\WinFormsApp1.WpfRefactor\WinFormsApp1.Application\bin\Debug\net10.0\
                       
                   ProjectDir = F:\C#\WinFormsApp1.WpfRefactor\WinFormsApp1.Application\
                   ProjectExt = .csproj
                   ProjectFileName = WinFormsApp1.Application.csproj
                   ProjectFlavor = Client
                   ProjectName = WinFormsApp1.Application
                   ProjectPath = F:\C#\WinFormsApp1.WpfRefactor\WinFormsApp1.Application\WinFormsApp1.Application.csproj
                   ProjectRuntimeConfigFileName = WinFormsApp1.Application.runtimeconfig.json
                   ProjectRuntimeConfigFilePath = F:\C#\WinFormsApp1.WpfRefactor\WinFormsApp1.Application\bin\Debug\net10.0\WinFormsApp1.Application.runtimeconfig.json
                   PrunePackageDataRoot = C:\Program Files\dotnet\sdk\10.0.201\PrunePackageData
                   PublishableProject = 
                   PublishBuildDependsOn = 
                         BuildOnlySettings;
                         PrepareForBuild;
                         ResolveReferences;
                         PrepareResources;
                         ResolveKeySource;
                         GenerateSerializationAssemblies;
                         CreateSatelliteAssemblies;
                       
                   PublishContainerDependsOn = 
                         _ContainerVerifySDKVersion;
                         ComputeContainerConfig;
                         _CheckContainersPackage;
                       
                   PublishDependsOn = 
                         _DeploymentUnpublishable
                       
                   PublishDir = bin\Debug\net10.0\publish\
                   PublishDirName = publish
                   PublishDocumentationFile = true
                   PublishDocumentationFiles = true
                   PublishItemsOutputGroupDependsOn = 
                         ;
                         ResolveReferences;
                         ComputeResolvedFilesToPublishList;
                         _ComputeFilesToBundle;
                       
                   PublishOnlyDependsOn = 
                         SetGenerateManifests;
                         PublishBuild;
                         BeforePublish;
                         GenerateManifests;
                         CopyFilesToOutputDirectory;
                         _CopyFilesToPublishFolder;
                         _DeploymentGenerateBootstrapper;
                         ResolveKeySource;
                         _DeploymentSignClickOnceDeployment;
                         AfterPublish
                       
                   PublishProfileImported = false
                   PublishReadyToRunComposite = false
                   PublishReadyToRunPerfmapFormatVersion = 1
                   PublishReadyToRunUseCrossgen2 = true
                   PublishReadyToRunUseRuntimePackOptimizationData = true
                   PublishReferencesDocumentationFiles = true
                   PublishRelease = true
                   RebuildDependsOn = 
                         _SdkBeforeRebuild;
                         
                         BeforeRebuild;
                         Clean;
                         Build;
                         AfterRebuild;
                       
                       
                   RefAssembliesFolderName = refs
                   ReferenceCopyLocalPathsOutputGroupDependsOn = 
                         ;
                         
                         ;
                         BuildOnlySettings;
                         PrepareForBuild;
                         AssignTargetPaths;
                         ResolveReferences
                       
                       
                   ReportingServicesTargets = C:\Program Files\dotnet\sdk\10.0.201\\Microsoft\VisualStudio\v18.0\ReportingServices\Microsoft.ReportingServices.targets
                   ResGenDependsOn = ResolveAssemblyReferences;SplitResourcesByCulture;BeforeResGen;CoreResGen;AfterResGen
                   ResGenExecuteAsTool = false
                   ResolveAssemblyReferenceOutputUnresolvedAssemblyConflicts = true
                   ResolveAssemblyReferencesDependsOn = 
                         
                         
                         ResolveProjectReferences;
                         FindInvalidProjectReferences;
                         GetFrameworkPaths;
                         GetReferenceAssemblyPaths;
                         PrepareForBuild;
                         ResolveSDKReferences;
                         ExpandSDKReferences;
                       ;
                         ResolvePackageDependenciesForBuild;
                         _HandlePackageFileConflicts;
                       ;
                         ResolveTargetingPackAssets;
                       
                   ResolveNuGetPackages = false
                   ResolvePackageDependenciesForBuildDependsOn = 
                         ResolveLockFileReferences;
                         ResolveLockFileAnalyzers;
                         ResolveLockFileCopyLocalFiles;
                         ResolveRuntimePackAssets;
                         RunProduceContentAssets;
                         IncludeTransitiveProjectReferences
                       
                   ResolveReferencesDependsOn = 
                         BeforeResolveReferences;
                         AssignProjectConfiguration;
                         ResolveProjectReferences;
                         FindInvalidProjectReferences;
                         ResolveNativeReferences;
                         ResolveAssemblyReferences;
                         GenerateBindingRedirects;
                         GenerateBindingRedirectsUpdateAppConfig;
                         ResolveComReferences;
                         AfterResolveReferences
                       
                   ResolveSDKReferencesDependsOn = 
                         GetInstalledSDKLocations
                       
                   RespectAlreadyAssignedItemCulture = true
                   RestoreAdditionalProjectSources = ;C:\Program Files\dotnet\library-packs
                   RestoreBuildInParallel = true
                   RestoreContinueOnError = WarnAndContinue
                   RestoreEnablePackagePruning = true
                   RestoreOutputPath = F:\C#\WinFormsApp1.WpfRefactor\WinFormsApp1.Application\obj\
                   RestorePackagePruningDefault = true
                   RestoreProjectStyle = PackageReference
                   RestoreRecursive = true
                   RestoreSuccess = True
                   RestoreTaskAssemblyFile = NuGet.Build.Tasks.dll
                   RestoreTool = NuGet
                   RestoreUseSkipNonexistentTargets = true
                   RootNamespace = WinFormsApp1.Application
                   RoslynAssembliesPath = C:\Program Files\dotnet\sdk\10.0.201\Sdks\Microsoft.NET.Sdk\targets\..\..\..\Roslyn\bincore
                   RoslynCompilerType = Core
                   RoslynCoreAssembliesPath = C:\Program Files\dotnet\sdk\10.0.201\Sdks\Microsoft.NET.Sdk\targets\..\..\..\Roslyn\bincore
                   RoslynTargetsPath = C:\Program Files\dotnet\sdk\10.0.201\Sdks\Microsoft.NET.Sdk\targets\..\..\..\Roslyn
                   RoslynTasksAssembly = C:\Program Files\dotnet\sdk\10.0.201\Sdks\Microsoft.NET.Sdk\targets\..\..\..\Roslyn\Microsoft.Build.Tasks.CodeAnalysis.dll
                   RunDependsOn = 
                   RunPackageValidationDependsOn = CollectApiCompatInputs;_GetReferencePathFromInnerProjects;
                   RuntimeIdentifierGraphPath = C:\Program Files\dotnet\sdk\10.0.201/PortableRuntimeIdentifierGraph.json
                   RunWorkingDirectory = 
                   SatelliteDllsProjectOutputGroupDependenciesDependsOn = 
                         ;
                         
                         ;
                         BuildOnlySettings;
                         PrepareForBuild;
                         AssignTargetPaths;
                         ResolveReferences
                       
                       
                   SatelliteDllsProjectOutputGroupDependsOn = ;PrepareForBuild;PrepareResourceNames
                   SdkAnalysisLevel = 10.0.200
                   SDKContainerSupportEnabled = true
                   SDKRedistOutputGroupDependsOn = ResolveSDKReferences;ExpandSDKReferences
                   SDKReferenceDirectoryRoot = C:\Users\jim liu\AppData\Local\Microsoft SDKs;C:\Program Files (x86)\Microsoft SDKs
                   SDKReferenceRegistryRoot = Software\Microsoft\Microsoft SDKs
                   SGenFilesOutputGroupDependenciesDependsOn = 
                         ;
                         
                         ;
                         BuildOnlySettings;
                         PrepareForBuild;
                         AssignTargetPaths;
                         ResolveReferences
                       
                       
                   SGenFilesOutputGroupDependsOn = 
                   SGenShouldGenerateSerializer = true
                   SGenUseKeep = false
                   SGenUseProxyTypes = true
                   ShouldMarkCertainSDKReferencesAsRuntimeOnly = true
                   SignAssembly = false
                   SkipCopyUnchangedFiles = true
                   SkipImportNuGetBuildTargets = true
                   SkipImportNuGetProps = true
                   SolutionDir = *Undefined*
                   SolutionExt = *Undefined*
                   SolutionFileName = *Undefined*
                   SolutionName = *Undefined*
                   SolutionPath = *Undefined*
                   SourceControlInformationFeatureSupported = true
                   SourceControlManagerUrlTranslationTargets = ;TranslateGitHubUrlsInSourceControlInformation;TranslateGitLabUrlsInSourceControlInformation;TranslateAzureReposGitUrlsInSourceControlInformation;TranslateBitbucketGitUrlsInSourceControlInformation
                   SourceFilesProjectOutputGroupDependsOn = PrepareForBuild;AssignTargetPaths
                   SourceLinkUrlInitializerTargets = ;_InitializeGitHubSourceLinkUrl;_InitializeGitLabSourceLinkUrl;_InitializeAzureReposGitSourceLinkUrl;_InitializeBitbucketGitSourceLinkUrl
                   SourceRootMappedPathsFeatureSupported = true
                   SupportedOSPlatformVersion = 
                   SupportsRoslynComponentVersioning = true
                   SuppressDependenciesWhenPacking = false
                   SymbolPackageFormat = symbols.nupkg
                   TargetCulture = *
                   TargetDeployManifestFileName = WinFormsApp1.Application.application
                   TargetDir = F:\C#\WinFormsApp1.WpfRefactor\WinFormsApp1.Application\bin\Debug\net10.0\
                   TargetedFrameworkDir = @(_TargetedFrameworkDirectoryItem)
                   TargetedSDKArchitecture = msil
                   TargetedSDKConfiguration = Debug
                   TargetExt = .dll
                   TargetFileName = WinFormsApp1.Application.dll
                   TargetFramework = net10.0
                   TargetFrameworkDirectory = 
                   TargetFrameworkIdentifier = .NETCoreApp
                   TargetFrameworkMoniker = .NETCoreApp,Version=v10.0
                   TargetFrameworkMonikerAssemblyAttributesPath = obj\Debug\net10.0\.NETCoreApp,Version=v10.0.AssemblyAttributes.cs
                   TargetFrameworkMonikerDisplayName = .NET 10.0
                   TargetFrameworkSDKToolsDirectory = 
                   TargetFrameworkVersion = v10.0
                   TargetLatestRuntimePatch = false
                   TargetName = WinFormsApp1.Application
                   TargetPath = F:\C#\WinFormsApp1.WpfRefactor\WinFormsApp1.Application\bin\Debug\net10.0\WinFormsApp1.Application.dll
                   TargetPlatformDisplayName =  
                   TargetPlatformIdentifier = 
                   TargetPlatformRegistryBase = Software\Microsoft\Microsoft SDKs\
                   TargetPlatformSdkPath = 
                   TargetPlatformVersion = 
                   TargetRefPath = F:\C#\WinFormsApp1.WpfRefactor\WinFormsApp1.Application\obj\Debug\net10.0\ref\WinFormsApp1.Application.dll
                   TargetRuntime = Managed
                   TargetsForTfmSpecificContentInPackage = ;_PackProjectToolValidation
                   ToolDepsJsonGeneratorProject = C:\Program Files\dotnet\sdk\10.0.201\Sdks\Microsoft.NET.Sdk\targets\GenerateDeps\GenerateDeps.proj
                   TreatWarningsAsErrors = false
                   TrimDepsJsonLibrariesWithoutAssets = true
                   UnmanagedRegistrationDependsOn = 
                   UnmanagedUnregistrationDependsOn = 
                   UnsupportedTargetFrameworkVersion = 11.0
                   UseCommonOutputDirectory = false
                   UseDefaultPlatformLookupTables = true
                   UseHostCompilerIfAvailable = true
                   UseMSBuildTestInfrastructure = false
                   UseOSWinMdReferences = false
                   UseRidGraph = false
                   UserProfileRuntimeStorePath = C:\Users\jim liu\.dotnet\store
                   UserRuntimeConfig = F:\C#\WinFormsApp1.WpfRefactor\WinFormsApp1.Application/runtimeconfig.template.json
                   UseSourcePath = true
                   UsingMicrosoftNETSdk = true
                   UsingNETSdkDefaults = true
                   Utf8Output = true
                   ValidateRuntimeIdentifierCompatibility = false
                   VerifyMatchingImplicitPackageVersion = true
                   Version = 1.0.0
                   VersionPrefix = 1.0.0
                   VisualBasicCoreTargetsPath = C:\Program Files\dotnet\sdk\10.0.201\Sdks\Microsoft.NET.Sdk\targets\..\..\..\Roslyn\Microsoft.VisualBasic.Core.targets
                   VSTestConsolePath = C:\Program Files\dotnet\sdk\10.0.201\vstest.console.dll
                   VSTestNoBuild = False
                   VSTestTargets = C:\Program Files\dotnet\sdk\10.0.201\\Microsoft.TestPlatform.targets
                   VSTestTaskAssemblyFile = Microsoft.TestPlatform.Build.dll
                   VsTestUseMSBuildOutput = False
                   WarningLevel = 10
                   WarningsAsErrors = ;NU1605;SYSLIB0011
                   WarnOnPackingNonPackableProject = false
                   WebReference_EnableLegacyEventingModel = false
                   WebReference_EnableProperties = true
                   WebReference_EnableSQLTypes = true
                   WMSJSProject = WJProject
                   WMSJSProjectDirectory = JavaScript
                   YieldDuringToolExecution = true

13:40:40.870     0>初始项:
                   _AdditionalTargetFrameworkInfoPropertyWithValue
                       _IsExecutable
                           Value = 
                       _SelfContainedWasSpecified
                           Value = 
                       IsRidAgnostic
                           Value = true
                       SelfContained
                           Value = 
                       ShouldBeValidatedAsExecutableReference
                           Value = 
                   _AllDirectoriesAbove
                       F:\
                       F:\C#
                       F:\C#\WinFormsApp1.WpfRefactor
                       F:\C#\WinFormsApp1.WpfRefactor\WinFormsApp1.Application
                       F:\C#\WinFormsApp1.WpfRefactor\WinFormsApp1.Application\Abstractions
                   _ApplicationManifestFinal
                       bin\Debug\net10.0\Native.WinFormsApp1.Application.manifest
                           TargetPath = Native.WinFormsApp1.Application.manifest
                   _DebugSymbolsIntermediatePath
                       obj\Debug\net10.0\WinFormsApp1.Application.pdb
                   _DebugSymbolsOutputPath
                       bin\Debug\net10.0\WinFormsApp1.Application.pdb
                   _DeploymentManifestEntryPoint
                       obj\Debug\net10.0\WinFormsApp1.Application.dll
                           TargetPath = WinFormsApp1.Application.dll
                   _EolNetCoreTargetFrameworkVersions
                       1.0
                       1.1
                       2.0
                       2.1
                       2.2
                       3.0
                       3.1
                       5.0
                       6.0
                       7.0
                   _ExcludedKnownRuntimeIdentiferPlatforms
                       rhel.6
                       rhel.6
                       rhel.6
                       rhel.6
                       rhel.6
                       rhel.6
                       rhel.6
                       rhel.6
                       rhel.6
                       rhel.6
                       rhel.6
                       rhel.6
                       rhel.6
                       rhel.6
                       rhel.6
                       rhel.6
                       rhel.6
                       tizen.4.0.0
                       tizen.4.0.0
                       tizen.4.0.0
                       tizen.4.0.0
                       tizen.4.0.0
                       tizen.4.0.0
                       tizen.4.0.0
                       tizen.4.0.0
                       tizen.4.0.0
                       tizen.4.0.0
                       tizen.4.0.0
                       tizen.4.0.0
                       tizen.4.0.0
                       tizen.4.0.0
                       tizen.4.0.0
                       tizen.4.0.0
                       tizen.4.0.0
                       tizen.4.0.0
                       tizen.4.0.0
                       tizen.4.0.0
                       tizen.4.0.0
                       tizen.4.0.0
                       tizen.4.0.0
                       tizen.4.0.0
                       tizen.4.0.0
                       tizen.4.0.0
                       tizen.4.0.0
                       tizen.4.0.0
                       tizen.4.0.0
                       tizen.4.0.0
                       tizen.4.0.0
                       tizen.4.0.0
                       tizen.4.0.0
                       tizen.4.0.0
                       tizen.4.0.0
                       tizen.4.0.0
                       tizen.4.0.0
                       tizen.4.0.0
                       tizen.4.0.0
                       tizen.5.0.0
                       tizen.5.0.0
                       tizen.5.0.0
                       tizen.5.0.0
                       tizen.5.0.0
                       tizen.5.0.0
                       tizen.5.0.0
                       tizen.5.0.0
                       tizen.5.0.0
                       tizen.5.0.0
                       tizen.5.0.0
                       tizen.5.0.0
                       tizen.5.0.0
                       tizen.5.0.0
                       tizen.5.0.0
                       tizen.5.0.0
                       tizen.5.0.0
                       tizen.5.0.0
                       tizen.5.0.0
                       tizen.5.0.0
                       tizen.5.0.0
                       tizen.5.0.0
                       tizen.5.0.0
                       tizen.5.0.0
                       tizen.5.0.0
                       tizen.5.0.0
                       tizen.5.0.0
                       tizen.5.0.0
                       tizen.5.0.0
                       tizen.5.0.0
                       tizen.5.0.0
                       tizen.5.0.0
                       tizen.5.0.0
                       tizen.5.0.0
                       tizen.5.0.0
                       tizen.5.0.0
                       tizen.5.0.0
                       tizen.5.0.0
                       tizen.5.0.0
                   _KnownRuntimeIdentiferPlatforms
                       any
                       any
                       any
                       any
                       any
                       any
                       any
                       any
                       any
                       any
                       any
                       any
                       any
                       any
                       any
                       any
                       any
                       any
                       any
                       any
                       any
                       any
                       any
                       any
                       any
                       any
                       any
                       any
                       any
                       any
                       any
                       any
                       any
                       any
                       any
                       any
                       any
                       any
                       aot
                       aot
                       aot
                       aot
                       aot
                       aot
                       aot
                       aot
                       aot
                       aot
                       aot
                       aot
                       aot
                       aot
                       aot
                       aot
                       aot
                       aot
                       aot
                       aot
                       aot
                       aot
                       aot
                       aot
                       aot
                       aot
                       aot
                       aot
                       aot
                       aot
                       aot
                       aot
                       aot
                       aot
                       aot
                       aot
                       aot
                       aot
                       freebsd
                       freebsd
                       freebsd
                       freebsd
                       freebsd
                       freebsd
                       freebsd
                       freebsd
                       freebsd
                       freebsd
                       freebsd
                       freebsd
                       freebsd
                       freebsd
                       freebsd
                       freebsd
                       freebsd
                       freebsd
                       freebsd
                       freebsd
                       freebsd
                       freebsd
                       freebsd
                       freebsd
                       freebsd
                       freebsd
                       freebsd
                       freebsd
                       freebsd
                       freebsd
                       freebsd
                       freebsd
                       freebsd
                       freebsd
                       freebsd
                       freebsd
                       freebsd
                       freebsd
                       illumos
                       illumos
                       illumos
                       illumos
                       illumos
                       illumos
                       illumos
                       illumos
                       illumos
                       illumos
                       illumos
                       illumos
                       illumos
                       illumos
                       illumos
                       illumos
                       illumos
                       illumos
                       illumos
                       illumos
                       illumos
                       illumos
                       illumos
                       illumos
                       illumos
                       illumos
                       illumos
                       illumos
                       illumos
                       illumos
                       illumos
                       illumos
                       illumos
                       illumos
                       illumos
                       illumos
                       illumos
                       illumos
                       solaris
                       solaris
                       solaris
                       solaris
                       solaris
                       solaris
                       solaris
                       solaris
                       solaris
                       solaris
                       solaris
                       solaris
                       solaris
                       solaris
                       solaris
                       solaris
                       solaris
                       solaris
                       solaris
                       solaris
                       solaris
                       solaris
                       solaris
                       solaris
                       solaris
                       solaris
                       solaris
                       solaris
                       solaris
                       solaris
                       solaris
                       solaris
                       solaris
                       solaris
                       solaris
                       solaris
                       solaris
                       solaris
                       unix
                       unix
                       unix
                       unix
                       unix
                       unix
                       unix
                       unix
                       unix
                       unix
                       unix
                       unix
                       unix
                       unix
                       unix
                       unix
                       unix
                       unix
                       unix
                       unix
                       unix
                       unix
                       unix
                       unix
                       unix
                       unix
                       unix
                       unix
                       unix
                       unix
                       unix
                       unix
                       unix
                       unix
                       unix
                       unix
                       unix
                       unix
                   _OutputPathItem
                       bin\Debug\net10.0\
                   _ResolveComReferenceCache
                       obj\Debug\net10.0\WinFormsApp1.Application.csproj.ResolveComReference.cache
                   _TargetFrameworkInfo
                       net10.0
                           TargetPlatformMonikers = None
                           AdditionalPropertiesFromProject = <TargetFramework Name="net10.0">
                     <SelfContained></SelfContained>
                     <_IsExecutable></_IsExecutable>
                     <IsRidAgnostic>true</IsRidAgnostic>
                     <ShouldBeValidatedAsExecutableReference></ShouldBeValidatedAsExecutableReference>
                     <_SelfContainedWasSpecified></_SelfContainedWasSpecified>
                   </TargetFramework>
                           TargetFrameworkMonikers = .NETCoreApp,Version=v10.0
                           TargetFrameworks = net10.0
                           IsRidAgnostic = true
                   _ThisProjectBuildMetadata
                       F:\C#\WinFormsApp1.WpfRefactor\WinFormsApp1.Application\WinFormsApp1.Application.csproj
                           HasSingleTargetFramework = true
                           TargetPlatformMonikers = None
                           Platform = AnyCPU
                           AdditionalPropertiesFromProject = <AdditionalProjectProperties>
                     <TargetFramework Name="net10.0">
                       <SelfContained></SelfContained>
                       <_IsExecutable></_IsExecutable>
                       <IsRidAgnostic>true</IsRidAgnostic>
                       <ShouldBeValidatedAsExecutableReference></ShouldBeValidatedAsExecutableReference>
                       <_SelfContainedWasSpecified></_SelfContainedWasSpecified>
                     </TargetFramework>
                   </AdditionalProjectProperties>
                           TargetFrameworkMonikers = .NETCoreApp,Version=v10.0
                           TargetFrameworks = net10.0
                           IsRidAgnostic = true
                           Platforms = AnyCPU
                   _UnmanagedRegistrationCache
                       obj\WinFormsApp1.Application.csproj.UnmanagedRegistration.cache
                   AdditionalTargetFrameworkInfoProperty
                       _IsExecutable
                       _SelfContainedWasSpecified
                       IsRidAgnostic
                       SelfContained
                       ShouldBeValidatedAsExecutableReference
                   Analyzer
                       C:\Program Files\dotnet\sdk\10.0.201\Sdks\Microsoft.NET.Sdk\targets\..\analyzers\Microsoft.CodeAnalysis.CSharp.NetAnalyzers.dll
                           IsImplicitlyDefined = true
                       C:\Program Files\dotnet\sdk\10.0.201\Sdks\Microsoft.NET.Sdk\targets\..\analyzers\Microsoft.CodeAnalysis.NetAnalyzers.dll
                           IsImplicitlyDefined = true
                   AppConfigFileDestination
                       bin\Debug\net10.0\WinFormsApp1.Application.dll.config
                   ApplicationManifest
                       obj\Debug\net10.0\Native.WinFormsApp1.Application.manifest
                           TargetPath = Native.WinFormsApp1.Application.manifest
                   BuiltProjectOutputGroupKeyOutput
                       F:\C#\WinFormsApp1.WpfRefactor\WinFormsApp1.Application\obj\Debug\net10.0\WinFormsApp1.Application.dll
                           IsKeyOutput = true
                           FinalOutputPath = F:\C#\WinFormsApp1.WpfRefactor\WinFormsApp1.Application\bin\Debug\net10.0\WinFormsApp1.Application.dll
                           TargetPath = WinFormsApp1.Application.dll
                   ClsidMap
                       obj\Debug\net10.0\WinFormsApp1.Application.clsidmap
                   Compile
                       Abstractions\IDailyProcessActivityStore.cs
                       Abstractions\IMonitoringDashboardService.cs
                       Abstractions\IProcessNetworkUsageSource.cs
                       Abstractions\IProcessSnapshotProvider.cs
                       Abstractions\IWhitelistStore.cs
                   CompilerVisibleProperty
                       _SupportedPlatformList
                       EnableComHosting
                       EnableGeneratedComInterfaceComImportInterop
                       EnforceExtendedAnalyzerRules
                       InvariantGlobalization
                       PlatformNeutralAssembly
                       ProjectDir
                       ProjectTypeGuids
                       RootNamespace
                       TargetFramework
                       TargetFrameworkIdentifier
                       TargetFrameworkVersion
                       TargetPlatformMinVersion
                       UsingMicrosoftNETSdkWeb
                   CopyUpToDateMarker
                       F:\C#\WinFormsApp1.WpfRefactor\WinFormsApp1.Application\obj\Debug\net10.0\WinForms.3EEE9162.Up2Date
                   CreateDirectory
                       F:\C#\WinFormsApp1.WpfRefactor\WinFormsApp1.Application\obj\Debug\net10.0\refint\
                       obj\Debug\net10.0\ref
                   DebugSymbolsProjectOutputGroupOutput
                       F:\C#\WinFormsApp1.WpfRefactor\WinFormsApp1.Application\obj\Debug\net10.0\WinFormsApp1.Application.pdb
                           FinalOutputPath = F:\C#\WinFormsApp1.WpfRefactor\WinFormsApp1.Application\bin\Debug\net10.0\WinFormsApp1.Application.pdb
                           TargetPath = WinFormsApp1.Application.pdb
                   DeployManifest
                       obj\Debug\net10.0\WinFormsApp1.Application.application
                           TargetPath = WinFormsApp1.Application.application
                   EmbedInBinlog
                       F:\C#\WinFormsApp1.WpfRefactor\WinFormsApp1.Application\obj\project.assets.json
                   FrameworkReference
                       Microsoft.NETCore.App
                           IsImplicitlyDefined = true
                           PrivateAssets = All
                           Pack = false
                   GenerateRuntimeConfigurationFilesInputs
                       F:\C#\WinFormsApp1.WpfRefactor\WinFormsApp1.Application\obj\Debug\net10.0\WinFormsApp1.Application.assets.cache
                       F:\C#\WinFormsApp1.WpfRefactor\WinFormsApp1.Application\obj\project.assets.json
                   GlobalAnalyzerConfigFiles
                       F:\.globalconfig
                       F:\C#\.globalconfig
                       F:\C#\WinFormsApp1.WpfRefactor\.globalconfig
                       F:\C#\WinFormsApp1.WpfRefactor\WinFormsApp1.Application\.globalconfig
                       F:\C#\WinFormsApp1.WpfRefactor\WinFormsApp1.Application\Abstractions\.globalconfig
                   ImplicitPackageReferenceVersion
                       Microsoft.AspNetCore.All
                           LatestVersion = 2.1.30
                           DefaultVersion = 2.1.1
                           TargetFrameworkVersion = 2.1
                       Microsoft.AspNetCore.All
                           LatestVersion = 2.2.8
                           DefaultVersion = 2.2.0
                           TargetFrameworkVersion = 2.2
                       Microsoft.AspNetCore.App
                           LatestVersion = 2.1.30
                           DefaultVersion = 2.1.1
                           TargetFrameworkVersion = 2.1
                       Microsoft.AspNetCore.App
                           LatestVersion = 2.2.8
                           DefaultVersion = 2.2.0
                           TargetFrameworkVersion = 2.2
                       Microsoft.NETCore.App
                           LatestVersion = 1.0.16
                           DefaultVersion = 1.0.5
                           TargetFrameworkVersion = 1.0
                       Microsoft.NETCore.App
                           LatestVersion = 1.1.13
                           DefaultVersion = 1.1.2
                           TargetFrameworkVersion = 1.1
                       Microsoft.NETCore.App
                           LatestVersion = 2.0.9
                           DefaultVersion = 2.0.0
                           TargetFrameworkVersion = 2.0
                       Microsoft.NETCore.App
                           LatestVersion = 2.1.30
                           DefaultVersion = 2.1.0
                           TargetFrameworkVersion = 2.1
                       Microsoft.NETCore.App
                           LatestVersion = 2.2.8
                           DefaultVersion = 2.2.0
                           TargetFrameworkVersion = 2.2
                   IntermediateAssembly
                       obj\Debug\net10.0\WinFormsApp1.Application.dll
                   IntermediateRefAssembly
                       obj\Debug\net10.0\refint\WinFormsApp1.Application.dll
                   KnownAppHostPack
                       Microsoft.NETCore.App
                           ExcludedRuntimeIdentifiers = android
                           AppHostRuntimeIdentifiers = linux-arm;linux-arm64;linux-musl-arm64;linux-musl-x64;linux-x64;osx-x64;tizen.4.0.0-armel;tizen.5.0.0-armel;win-arm64;win-x64;win-x86;linux-musl-arm;osx-arm64;linux-s390x;linux-loongarch64;linux-bionic-arm;linux-bionic-arm64;linux-bionic-x64;linux-bionic-x86;linux-ppc64le;freebsd-x64;freebsd-arm64;linux-riscv64;linux-musl-riscv64;linux-musl-loongarch64
                           TargetFramework = net10.0
                           AppHostPackNamePattern = Microsoft.NETCore.App.Host.**RID**
                           AppHostPackVersion = 10.0.5
                       Microsoft.NETCore.App
                           ExcludedRuntimeIdentifiers = android
                           AppHostRuntimeIdentifiers = linux-arm;linux-arm64;linux-musl-arm64;linux-musl-x64;linux-x64;osx-x64;tizen.4.0.0-armel;tizen.5.0.0-armel;win-arm64;win-x64;win-x86;linux-musl-arm;osx-arm64;linux-s390x;linux-loongarch64;linux-bionic-arm;linux-bionic-arm64;linux-bionic-x64;linux-bionic-x86;linux-ppc64le;freebsd-x64;freebsd-arm64;linux-riscv64;linux-musl-riscv64;linux-musl-loongarch64
                           TargetFramework = net9.0
                           AppHostPackNamePattern = Microsoft.NETCore.App.Host.**RID**
                           AppHostPackVersion = 9.0.14
                       Microsoft.NETCore.App
                           ExcludedRuntimeIdentifiers = android
                           AppHostRuntimeIdentifiers = linux-arm;linux-arm64;linux-musl-arm64;linux-musl-x64;linux-x64;osx-x64;tizen.4.0.0-armel;tizen.5.0.0-armel;win-arm64;win-x64;win-x86;linux-musl-arm;osx-arm64;linux-s390x;linux-loongarch64;linux-bionic-arm;linux-bionic-arm64;linux-bionic-x64;linux-bionic-x86;linux-ppc64le;freebsd-x64;freebsd-arm64
                           TargetFramework = net8.0
                           AppHostPackNamePattern = Microsoft.NETCore.App.Host.**RID**
                           AppHostPackVersion = 8.0.25
                       Microsoft.NETCore.App
                           ExcludedRuntimeIdentifiers = android
                           AppHostRuntimeIdentifiers = linux-arm;linux-arm64;linux-musl-arm64;linux-musl-x64;linux-x64;osx-x64;tizen.4.0.0-armel;tizen.5.0.0-armel;win-arm;win-arm64;win-x64;win-x86;linux-musl-arm;osx-arm64;linux-s390x;linux-loongarch64;linux-bionic-arm;linux-bionic-arm64;linux-bionic-x64;linux-bionic-x86;linux-ppc64le
                           TargetFramework = net7.0
                           AppHostPackNamePattern = Microsoft.NETCore.App.Host.**RID**
                           AppHostPackVersion = 7.0.20
                       Microsoft.NETCore.App
                           ExcludedRuntimeIdentifiers = android
                           AppHostRuntimeIdentifiers = linux-arm;linux-arm64;linux-musl-arm64;linux-musl-x64;linux-x64;osx-x64;tizen.4.0.0-armel;tizen.5.0.0-armel;win-arm;win-arm64;win-x64;win-x86;linux-musl-arm;osx-arm64;linux-s390x;linux-loongarch64
                           TargetFramework = net6.0
                           AppHostPackNamePattern = Microsoft.NETCore.App.Host.**RID**
                           AppHostPackVersion = 6.0.36
                       Microsoft.NETCore.App
                           AppHostRuntimeIdentifiers = linux-arm;linux-arm64;linux-musl-arm64;linux-musl-x64;linux-x64;osx-x64;tizen.4.0.0-armel;tizen.5.0.0-armel;win-arm;win-arm64;win-x64;win-x86;linux-musl-arm
                           TargetFramework = net5.0
                           AppHostPackNamePattern = Microsoft.NETCore.App.Host.**RID**
                           AppHostPackVersion = 5.0.17
                       Microsoft.NETCore.App
                           AppHostRuntimeIdentifiers = linux-arm;linux-arm64;linux-musl-arm64;linux-musl-x64;linux-x64;osx-x64;tizen.4.0.0-armel;tizen.5.0.0-armel;win-arm;win-arm64;win-x64;win-x86
                           TargetFramework = netcoreapp3.1
                           AppHostPackNamePattern = Microsoft.NETCore.App.Host.**RID**
                           AppHostPackVersion = 3.1.32
                       Microsoft.NETCore.App
                           AppHostRuntimeIdentifiers = linux-arm;linux-arm64;linux-musl-arm64;linux-musl-x64;linux-x64;osx-x64;tizen.4.0.0-armel;tizen.5.0.0-armel;win-arm;win-arm64;win-x64;win-x86
                           TargetFramework = netcoreapp3.0
                           AppHostPackNamePattern = Microsoft.NETCore.App.Host.**RID**
                           AppHostPackVersion = 3.0.3
                   KnownAspNetCorePack
                       Microsoft.AspNetCore.App.Internal.Assets
                           TargetFramework = net10.0
                           AspNetCorePackVersion = 10.0.5
                   KnownCrossgen2Pack
                       Microsoft.NETCore.App.Crossgen2
                           Crossgen2RuntimeIdentifiers = linux-musl-x64;linux-x64;win-x64;linux-arm;linux-arm64;linux-musl-arm;linux-musl-arm64;osx-arm64;osx-x64;win-arm64;win-x86;freebsd-x64;freebsd-arm64;linux-riscv64;linux-musl-riscv64;linux-loongarch64;linux-musl-loongarch64
                           TargetFramework = net10.0
                           Crossgen2PackNamePattern = Microsoft.NETCore.App.Crossgen2.**RID**
                           Crossgen2PackVersion = 10.0.5
                           Crossgen2PortableRuntimeIdentifiers = linux-musl-x64;linux-x64;win-x64;linux-arm;linux-arm64;linux-musl-arm;linux-musl-arm64;osx-arm64;osx-x64;win-arm64;win-x86;freebsd-x64;freebsd-arm64;linux-riscv64;linux-musl-riscv64;linux-loongarch64;linux-musl-loongarch64
                       Microsoft.NETCore.App.Crossgen2
                           Crossgen2RuntimeIdentifiers = linux-musl-x64;linux-x64;win-x64;linux-arm;linux-arm64;linux-musl-arm;linux-musl-arm64;osx-arm64;osx-x64;win-arm64;win-x86;freebsd-x64;freebsd-arm64;linux-riscv64;linux-musl-riscv64;linux-loongarch64;linux-musl-loongarch64
                           TargetFramework = net9.0
                           Crossgen2PackNamePattern = Microsoft.NETCore.App.Crossgen2.**RID**
                           Crossgen2PackVersion = 9.0.14
                       Microsoft.NETCore.App.Crossgen2
                           Crossgen2RuntimeIdentifiers = linux-musl-x64;linux-x64;win-x64;linux-arm;linux-arm64;linux-musl-arm;linux-musl-arm64;osx-arm64;osx-x64;win-arm64;win-x86;freebsd-x64;freebsd-arm64
                           TargetFramework = net8.0
                           Crossgen2PackNamePattern = Microsoft.NETCore.App.Crossgen2.**RID**
                           Crossgen2PackVersion = 8.0.25
                       Microsoft.NETCore.App.Crossgen2
                           Crossgen2RuntimeIdentifiers = linux-musl-x64;linux-x64;win-x64;linux-arm;linux-arm64;linux-musl-arm;linux-musl-arm64;osx-arm64;osx-x64;win-arm;win-arm64;win-x86
                           TargetFramework = net7.0
                           Crossgen2PackNamePattern = Microsoft.NETCore.App.Crossgen2.**RID**
                           Crossgen2PackVersion = 7.0.20
                       Microsoft.NETCore.App.Crossgen2
                           Crossgen2RuntimeIdentifiers = linux-musl-x64;linux-x64;win-x64;linux-arm;linux-arm64;linux-musl-arm;linux-musl-arm64;osx-arm64;osx-x64;win-arm;win-arm64;win-x86
                           TargetFramework = net6.0
                           Crossgen2PackNamePattern = Microsoft.NETCore.App.Crossgen2.**RID**
                           Crossgen2PackVersion = 6.0.36
                       Microsoft.NETCore.App.Crossgen2
                           Crossgen2RuntimeIdentifiers = linux-musl-x64;linux-x64;win-x64
                           TargetFramework = net5.0
                           Crossgen2PackNamePattern = Microsoft.NETCore.App.Crossgen2.**RID**
                           Crossgen2PackVersion = 5.0.17
                   KnownFrameworkReference
                       Microsoft.AspNetCore.App
                           TargetFramework = netcoreapp3.1
                           DefaultRuntimeFrameworkVersion = 3.1.0
                           TargetingPackName = Microsoft.AspNetCore.App.Ref
                           LatestRuntimeFrameworkVersion = 3.1.32
                           RuntimePackRuntimeIdentifiers = win-x64;win-x86;win-arm;osx-x64;linux-musl-x64;linux-musl-arm64;linux-x64;linux-arm;linux-arm64
                           RuntimePackNamePatterns = Microsoft.AspNetCore.App.Runtime.**RID**
                           TargetingPackVersion = 3.1.10
                           RuntimeFrameworkName = Microsoft.AspNetCore.App
                       Microsoft.AspNetCore.App
                           TargetFramework = net10.0
                           DefaultRuntimeFrameworkVersion = 10.0.0
                           TargetingPackName = Microsoft.AspNetCore.App.Ref
                           LatestRuntimeFrameworkVersion = 10.0.5
                           RuntimePackExcludedRuntimeIdentifiers = android;linux-bionic
                           RuntimePackRuntimeIdentifiers = win-x64;win-x86;osx-x64;linux-musl-x64;linux-musl-arm64;linux-x64;linux-arm;linux-arm64;linux-musl-arm;win-arm64;osx-arm64;linux-s390x;linux-loongarch64;linux-ppc64le;freebsd-x64;freebsd-arm64;linux-riscv64;linux-musl-riscv64;linux-loongarch64;linux-musl-loongarch64
                           RuntimePackNamePatterns = Microsoft.AspNetCore.App.Runtime.**RID**
                           TargetingPackVersion = 10.0.5
                           RuntimeFrameworkName = Microsoft.AspNetCore.App
                       Microsoft.AspNetCore.App
                           TargetFramework = net5.0
                           DefaultRuntimeFrameworkVersion = 5.0.0
                           TargetingPackName = Microsoft.AspNetCore.App.Ref
                           LatestRuntimeFrameworkVersion = 5.0.17
                           RuntimePackRuntimeIdentifiers = win-x64;win-x86;win-arm;osx-x64;linux-musl-x64;linux-musl-arm64;linux-x64;linux-arm;linux-arm64;linux-musl-arm;win-arm64
                           RuntimePackNamePatterns = Microsoft.AspNetCore.App.Runtime.**RID**
                           TargetingPackVersion = 5.0.0
                           RuntimeFrameworkName = Microsoft.AspNetCore.App
                       Microsoft.AspNetCore.App
                           TargetFramework = net6.0
                           DefaultRuntimeFrameworkVersion = 6.0.0
                           TargetingPackName = Microsoft.AspNetCore.App.Ref
                           LatestRuntimeFrameworkVersion = 6.0.36
                           RuntimePackRuntimeIdentifiers = win-x64;win-x86;win-arm;osx-x64;linux-musl-x64;linux-musl-arm64;linux-x64;linux-arm;linux-arm64;linux-musl-arm;win-arm64;osx-arm64;linux-s390x;linux-loongarch64
                           RuntimePackNamePatterns = Microsoft.AspNetCore.App.Runtime.**RID**
                           TargetingPackVersion = 6.0.36
                           RuntimeFrameworkName = Microsoft.AspNetCore.App
                       Microsoft.AspNetCore.App
                           TargetFramework = netcoreapp3.0
                           DefaultRuntimeFrameworkVersion = 3.0.0
                           TargetingPackName = Microsoft.AspNetCore.App.Ref
                           LatestRuntimeFrameworkVersion = 3.0.3
                           RuntimePackRuntimeIdentifiers = win-x64;win-x86;win-arm;osx-x64;linux-musl-x64;linux-musl-arm64;linux-x64;linux-arm;linux-arm64
                           RuntimePackNamePatterns = Microsoft.AspNetCore.App.Runtime.**RID**
                           TargetingPackVersion = 3.0.1
                           RuntimeFrameworkName = Microsoft.AspNetCore.App
                       Microsoft.AspNetCore.App
                           TargetFramework = net9.0
                           DefaultRuntimeFrameworkVersion = 9.0.0
                           TargetingPackName = Microsoft.AspNetCore.App.Ref
                           LatestRuntimeFrameworkVersion = 9.0.14
                           RuntimePackExcludedRuntimeIdentifiers = android;linux-bionic
                           RuntimePackRuntimeIdentifiers = win-x64;win-x86;osx-x64;linux-musl-x64;linux-musl-arm64;linux-x64;linux-arm;linux-arm64;linux-musl-arm;win-arm64;osx-arm64;linux-s390x;linux-loongarch64;linux-ppc64le;freebsd-x64;freebsd-arm64;linux-riscv64;linux-musl-riscv64;linux-loongarch64;linux-musl-loongarch64
                           RuntimePackNamePatterns = Microsoft.AspNetCore.App.Runtime.**RID**
                           TargetingPackVersion = 9.0.14
                           RuntimeFrameworkName = Microsoft.AspNetCore.App
                       Microsoft.AspNetCore.App
                           TargetFramework = net7.0
                           DefaultRuntimeFrameworkVersion = 7.0.0
                           TargetingPackName = Microsoft.AspNetCore.App.Ref
                           LatestRuntimeFrameworkVersion = 7.0.20
                           RuntimePackExcludedRuntimeIdentifiers = android
                           RuntimePackRuntimeIdentifiers = win-x64;win-x86;win-arm;osx-x64;linux-musl-x64;linux-musl-arm64;linux-x64;linux-arm;linux-arm64;linux-musl-arm;win-arm64;osx-arm64;linux-s390x;linux-loongarch64;linux-ppc64le
                           RuntimePackNamePatterns = Microsoft.AspNetCore.App.Runtime.**RID**
                           TargetingPackVersion = 7.0.20
                           RuntimeFrameworkName = Microsoft.AspNetCore.App
                       Microsoft.AspNetCore.App
                           TargetFramework = net8.0
                           DefaultRuntimeFrameworkVersion = 8.0.0
                           TargetingPackName = Microsoft.AspNetCore.App.Ref
                           LatestRuntimeFrameworkVersion = 8.0.25
                           RuntimePackExcludedRuntimeIdentifiers = android;linux-bionic
                           RuntimePackRuntimeIdentifiers = win-x64;win-x86;osx-x64;linux-musl-x64;linux-musl-arm64;linux-x64;linux-arm;linux-arm64;linux-musl-arm;win-arm64;osx-arm64;linux-s390x;linux-loongarch64;linux-ppc64le;freebsd-x64;freebsd-arm64
                           RuntimePackNamePatterns = Microsoft.AspNetCore.App.Runtime.**RID**
                           TargetingPackVersion = 8.0.25
                           RuntimeFrameworkName = Microsoft.AspNetCore.App
                       Microsoft.NETCore.App
                           TargetFramework = net10.0
                           DefaultRuntimeFrameworkVersion = 10.0.0
                           TargetingPackName = Microsoft.NETCore.App.Ref
                           LatestRuntimeFrameworkVersion = 10.0.5
                           RuntimePackRuntimeIdentifiers = linux-arm;linux-arm64;linux-musl-arm64;linux-musl-x64;linux-x64;osx-x64;tizen.4.0.0-armel;tizen.5.0.0-armel;win-arm64;win-x64;win-x86;linux-musl-arm;osx-arm64;linux-s390x;linux-loongarch64;linux-bionic-arm;linux-bionic-arm64;linux-bionic-x64;linux-bionic-x86;linux-ppc64le;freebsd-x64;freebsd-arm64;linux-riscv64;linux-musl-riscv64;linux-musl-loongarch64;android-arm64;android-x64
                           RuntimePackNamePatterns = Microsoft.NETCore.App.Runtime.**RID**
                           TargetingPackVersion = 10.0.5
                           RuntimeFrameworkName = Microsoft.NETCore.App
                       Microsoft.NETCore.App
                           TargetFramework = netcoreapp3.0
                           DefaultRuntimeFrameworkVersion = 3.0.0
                           TargetingPackName = Microsoft.NETCore.App.Ref
                           LatestRuntimeFrameworkVersion = 3.0.3
                           RuntimePackRuntimeIdentifiers = linux-arm;linux-arm64;linux-musl-arm64;linux-musl-x64;linux-x64;osx-x64;tizen.4.0.0-armel;tizen.5.0.0-armel;win-arm;win-arm64;win-x64;win-x86
                           RuntimePackNamePatterns = Microsoft.NETCore.App.Runtime.**RID**
                           TargetingPackVersion = 3.0.0
                           IsTrimmable = true
                           RuntimeFrameworkName = Microsoft.NETCore.App
                       Microsoft.NETCore.App
                           TargetFramework = netcoreapp3.1
                           DefaultRuntimeFrameworkVersion = 3.1.0
                           TargetingPackName = Microsoft.NETCore.App.Ref
                           LatestRuntimeFrameworkVersion = 3.1.32
                           RuntimePackRuntimeIdentifiers = linux-arm;linux-arm64;linux-musl-arm64;linux-musl-x64;linux-x64;osx-x64;tizen.4.0.0-armel;tizen.5.0.0-armel;win-arm;win-arm64;win-x64;win-x86
                           RuntimePackNamePatterns = Microsoft.NETCore.App.Runtime.**RID**
                           TargetingPackVersion = 3.1.0
                           IsTrimmable = true
                           RuntimeFrameworkName = Microsoft.NETCore.App
                       Microsoft.NETCore.App
                           TargetFramework = net5.0
                           DefaultRuntimeFrameworkVersion = 5.0.0
                           TargetingPackName = Microsoft.NETCore.App.Ref
                           LatestRuntimeFrameworkVersion = 5.0.17
                           RuntimePackRuntimeIdentifiers = linux-arm;linux-arm64;linux-musl-arm64;linux-musl-x64;linux-x64;osx-x64;tizen.4.0.0-armel;tizen.5.0.0-armel;win-arm;win-arm64;win-x64;win-x86;linux-musl-arm;browser-wasm
                           RuntimePackNamePatterns = Microsoft.NETCore.App.Runtime.**RID**
                           TargetingPackVersion = 5.0.0
                           IsTrimmable = true
                           RuntimeFrameworkName = Microsoft.NETCore.App
                       Microsoft.NETCore.App
                           TargetFramework = net7.0
                           DefaultRuntimeFrameworkVersion = 7.0.0
                           TargetingPackName = Microsoft.NETCore.App.Ref
                           LatestRuntimeFrameworkVersion = 7.0.20
                           RuntimePackRuntimeIdentifiers = linux-arm;linux-arm64;linux-musl-arm64;linux-musl-x64;linux-x64;osx-x64;tizen.4.0.0-armel;tizen.5.0.0-armel;win-arm;win-arm64;win-x64;win-x86;linux-musl-arm;osx-arm64;linux-s390x;linux-loongarch64;linux-bionic-arm;linux-bionic-arm64;linux-bionic-x64;linux-bionic-x86;linux-ppc64le
                           RuntimePackNamePatterns = Microsoft.NETCore.App.Runtime.**RID**
                           TargetingPackVersion = 7.0.20
                           RuntimeFrameworkName = Microsoft.NETCore.App
                       Microsoft.NETCore.App
                           TargetFramework = net6.0
                           DefaultRuntimeFrameworkVersion = 6.0.0
                           TargetingPackName = Microsoft.NETCore.App.Ref
                           LatestRuntimeFrameworkVersion = 6.0.36
                           RuntimePackRuntimeIdentifiers = linux-arm;linux-arm64;linux-musl-arm64;linux-musl-x64;linux-x64;osx-x64;tizen.4.0.0-armel;tizen.5.0.0-armel;win-arm;win-arm64;win-x64;win-x86;linux-musl-arm;osx-arm64;linux-s390x;linux-loongarch64
                           RuntimePackNamePatterns = Microsoft.NETCore.App.Runtime.**RID**
                           TargetingPackVersion = 6.0.36
                           RuntimeFrameworkName = Microsoft.NETCore.App
                       Microsoft.NETCore.App
                           TargetFramework = net8.0
                           DefaultRuntimeFrameworkVersion = 8.0.0
                           TargetingPackName = Microsoft.NETCore.App.Ref
                           LatestRuntimeFrameworkVersion = 8.0.25
                           RuntimePackRuntimeIdentifiers = linux-arm;linux-arm64;linux-musl-arm64;linux-musl-x64;linux-x64;osx-x64;tizen.4.0.0-armel;tizen.5.0.0-armel;win-arm64;win-x64;win-x86;linux-musl-arm;osx-arm64;linux-s390x;linux-loongarch64;linux-bionic-arm;linux-bionic-arm64;linux-bionic-x64;linux-bionic-x86;linux-ppc64le;freebsd-x64;freebsd-arm64
                           RuntimePackNamePatterns = Microsoft.NETCore.App.Runtime.**RID**
                           TargetingPackVersion = 8.0.25
                           RuntimeFrameworkName = Microsoft.NETCore.App
                       Microsoft.NETCore.App
                           TargetFramework = net9.0
                           DefaultRuntimeFrameworkVersion = 9.0.0
                           TargetingPackName = Microsoft.NETCore.App.Ref
                           LatestRuntimeFrameworkVersion = 9.0.14
                           RuntimePackRuntimeIdentifiers = linux-arm;linux-arm64;linux-musl-arm64;linux-musl-x64;linux-x64;osx-x64;tizen.4.0.0-armel;tizen.5.0.0-armel;win-arm64;win-x64;win-x86;linux-musl-arm;osx-arm64;linux-s390x;linux-loongarch64;linux-bionic-arm;linux-bionic-arm64;linux-bionic-x64;linux-bionic-x86;linux-ppc64le;freebsd-x64;freebsd-arm64;linux-riscv64;linux-musl-riscv64;linux-musl-loongarch64
                           RuntimePackNamePatterns = Microsoft.NETCore.App.Runtime.**RID**
                           TargetingPackVersion = 9.0.14
                           RuntimeFrameworkName = Microsoft.NETCore.App
                       Microsoft.WindowsDesktop.App
                           TargetFramework = net8.0
                           DefaultRuntimeFrameworkVersion = 8.0.0
                           TargetingPackName = Microsoft.WindowsDesktop.App.Ref
                           IsWindowsOnly = true
                           LatestRuntimeFrameworkVersion = 8.0.25
                           RuntimePackRuntimeIdentifiers = win-x64;win-x86;win-arm64
                           RuntimePackNamePatterns = Microsoft.WindowsDesktop.App.Runtime.**RID**
                           TargetingPackVersion = 8.0.25
                           RuntimeFrameworkName = Microsoft.WindowsDesktop.App
                       Microsoft.WindowsDesktop.App
                           TargetFramework = net7.0
                           DefaultRuntimeFrameworkVersion = 7.0.0
                           TargetingPackName = Microsoft.WindowsDesktop.App.Ref
                           IsWindowsOnly = true
                           LatestRuntimeFrameworkVersion = 7.0.20
                           RuntimePackRuntimeIdentifiers = win-x64;win-x86;win-arm64
                           RuntimePackNamePatterns = Microsoft.WindowsDesktop.App.Runtime.**RID**
                           TargetingPackVersion = 7.0.20
                           RuntimeFrameworkName = Microsoft.WindowsDesktop.App
                       Microsoft.WindowsDesktop.App
                           TargetFramework = netcoreapp3.1
                           DefaultRuntimeFrameworkVersion = 3.1.0
                           TargetingPackName = Microsoft.WindowsDesktop.App.Ref
                           IsWindowsOnly = true
                           LatestRuntimeFrameworkVersion = 3.1.32
                           RuntimePackRuntimeIdentifiers = win-x64;win-x86
                           RuntimePackNamePatterns = Microsoft.WindowsDesktop.App.Runtime.**RID**
                           TargetingPackVersion = 3.1.0
                           RuntimeFrameworkName = Microsoft.WindowsDesktop.App
                       Microsoft.WindowsDesktop.App
                           TargetFramework = net6.0
                           DefaultRuntimeFrameworkVersion = 6.0.0
                           TargetingPackName = Microsoft.WindowsDesktop.App.Ref
                           IsWindowsOnly = true
                           LatestRuntimeFrameworkVersion = 6.0.36
                           RuntimePackRuntimeIdentifiers = win-x64;win-x86;win-arm64
                           RuntimePackNamePatterns = Microsoft.WindowsDesktop.App.Runtime.**RID**
                           TargetingPackVersion = 6.0.36
                           RuntimeFrameworkName = Microsoft.WindowsDesktop.App
                       Microsoft.WindowsDesktop.App
                           TargetFramework = net10.0
                           DefaultRuntimeFrameworkVersion = 10.0.0
                           TargetingPackName = Microsoft.WindowsDesktop.App.Ref
                           IsWindowsOnly = true
                           LatestRuntimeFrameworkVersion = 10.0.5
                           RuntimePackRuntimeIdentifiers = win-x64;win-x86;win-arm64
                           RuntimePackNamePatterns = Microsoft.WindowsDesktop.App.Runtime.**RID**
                           TargetingPackVersion = 10.0.5
                           RuntimeFrameworkName = Microsoft.WindowsDesktop.App
                       Microsoft.WindowsDesktop.App
                           TargetFramework = netcoreapp3.0
                           DefaultRuntimeFrameworkVersion = 3.0.0
                           TargetingPackName = Microsoft.WindowsDesktop.App.Ref
                           IsWindowsOnly = true
                           LatestRuntimeFrameworkVersion = 3.0.3
                           RuntimePackRuntimeIdentifiers = win-x64;win-x86
                           RuntimePackNamePatterns = Microsoft.WindowsDesktop.App.Runtime.**RID**
                           TargetingPackVersion = 3.0.0
                           RuntimeFrameworkName = Microsoft.WindowsDesktop.App
                       Microsoft.WindowsDesktop.App
                           TargetFramework = net9.0
                           DefaultRuntimeFrameworkVersion = 9.0.0
                           TargetingPackName = Microsoft.WindowsDesktop.App.Ref
                           IsWindowsOnly = true
                           LatestRuntimeFrameworkVersion = 9.0.14
                           RuntimePackRuntimeIdentifiers = win-x64;win-x86;win-arm64
                           RuntimePackNamePatterns = Microsoft.WindowsDesktop.App.Runtime.**RID**
                           TargetingPackVersion = 9.0.14
                           RuntimeFrameworkName = Microsoft.WindowsDesktop.App
                       Microsoft.WindowsDesktop.App
                           TargetFramework = net5.0
                           DefaultRuntimeFrameworkVersion = 5.0.0
                           TargetingPackName = Microsoft.WindowsDesktop.App.Ref
                           IsWindowsOnly = true
                           LatestRuntimeFrameworkVersion = 5.0.17
                           RuntimePackRuntimeIdentifiers = win-x64;win-x86;win-arm64
                           RuntimePackNamePatterns = Microsoft.WindowsDesktop.App.Runtime.**RID**
                           TargetingPackVersion = 5.0.0
                           RuntimeFrameworkName = Microsoft.WindowsDesktop.App
                       Microsoft.WindowsDesktop.App.WindowsForms
                           TargetFramework = net6.0
                           DefaultRuntimeFrameworkVersion = 6.0.0
                           TargetingPackName = Microsoft.WindowsDesktop.App.Ref
                           IsWindowsOnly = true
                           LatestRuntimeFrameworkVersion = 6.0.36
                           RuntimePackRuntimeIdentifiers = win-x64;win-x86;win-arm64
                           RuntimePackNamePatterns = Microsoft.WindowsDesktop.App.Runtime.**RID**
                           TargetingPackVersion = 6.0.36
                           Profile = WindowsForms
                           RuntimeFrameworkName = Microsoft.WindowsDesktop.App
                       Microsoft.WindowsDesktop.App.WindowsForms
                           TargetFramework = net10.0
                           DefaultRuntimeFrameworkVersion = 10.0.0
                           TargetingPackName = Microsoft.WindowsDesktop.App.Ref
                           IsWindowsOnly = true
                           LatestRuntimeFrameworkVersion = 10.0.5
                           RuntimePackRuntimeIdentifiers = win-x64;win-x86;win-arm64
                           RuntimePackNamePatterns = Microsoft.WindowsDesktop.App.Runtime.**RID**
                           TargetingPackVersion = 10.0.5
                           Profile = WindowsForms
                           RuntimeFrameworkName = Microsoft.WindowsDesktop.App
                       Microsoft.WindowsDesktop.App.WindowsForms
                           TargetFramework = net5.0
                           DefaultRuntimeFrameworkVersion = 5.0.0
                           TargetingPackName = Microsoft.WindowsDesktop.App.Ref
                           IsWindowsOnly = true
                           LatestRuntimeFrameworkVersion = 5.0.17
                           RuntimePackRuntimeIdentifiers = win-x64;win-x86;win-arm64
                           RuntimePackNamePatterns = Microsoft.WindowsDesktop.App.Runtime.**RID**
                           TargetingPackVersion = 5.0.0
                           Profile = WindowsForms
                           RuntimeFrameworkName = Microsoft.WindowsDesktop.App
                       Microsoft.WindowsDesktop.App.WindowsForms
                           TargetFramework = netcoreapp3.1
                           DefaultRuntimeFrameworkVersion = 3.1.0
                           TargetingPackName = Microsoft.WindowsDesktop.App.Ref
                           IsWindowsOnly = true
                           LatestRuntimeFrameworkVersion = 3.1.32
                           RuntimePackRuntimeIdentifiers = win-x64;win-x86
                           RuntimePackNamePatterns = Microsoft.WindowsDesktop.App.Runtime.**RID**
                           TargetingPackVersion = 3.1.0
                           Profile = WindowsForms
                           RuntimeFrameworkName = Microsoft.WindowsDesktop.App
                       Microsoft.WindowsDesktop.App.WindowsForms
                           TargetFramework = net9.0
                           DefaultRuntimeFrameworkVersion = 9.0.0
                           TargetingPackName = Microsoft.WindowsDesktop.App.Ref
                           IsWindowsOnly = true
                           LatestRuntimeFrameworkVersion = 9.0.14
                           RuntimePackRuntimeIdentifiers = win-x64;win-x86;win-arm64
                           RuntimePackNamePatterns = Microsoft.WindowsDesktop.App.Runtime.**RID**
                           TargetingPackVersion = 9.0.14
                           Profile = WindowsForms
                           RuntimeFrameworkName = Microsoft.WindowsDesktop.App
                       Microsoft.WindowsDesktop.App.WindowsForms
                           TargetFramework = net7.0
                           DefaultRuntimeFrameworkVersion = 7.0.0
                           TargetingPackName = Microsoft.WindowsDesktop.App.Ref
                           IsWindowsOnly = true
                           LatestRuntimeFrameworkVersion = 7.0.20
                           RuntimePackRuntimeIdentifiers = win-x64;win-x86;win-arm64
                           RuntimePackNamePatterns = Microsoft.WindowsDesktop.App.Runtime.**RID**
                           TargetingPackVersion = 7.0.20
                           Profile = WindowsForms
                           RuntimeFrameworkName = Microsoft.WindowsDesktop.App
                       Microsoft.WindowsDesktop.App.WindowsForms
                           TargetFramework = netcoreapp3.0
                           DefaultRuntimeFrameworkVersion = 3.0.0
                           TargetingPackName = Microsoft.WindowsDesktop.App.Ref
                           IsWindowsOnly = true
                           LatestRuntimeFrameworkVersion = 3.0.3
                           RuntimePackRuntimeIdentifiers = win-x64;win-x86
                           RuntimePackNamePatterns = Microsoft.WindowsDesktop.App.Runtime.**RID**
                           TargetingPackVersion = 3.0.0
                           Profile = WindowsForms
                           RuntimeFrameworkName = Microsoft.WindowsDesktop.App
                       Microsoft.WindowsDesktop.App.WindowsForms
                           TargetFramework = net8.0
                           DefaultRuntimeFrameworkVersion = 8.0.0
                           TargetingPackName = Microsoft.WindowsDesktop.App.Ref
                           IsWindowsOnly = true
                           LatestRuntimeFrameworkVersion = 8.0.25
                           RuntimePackRuntimeIdentifiers = win-x64;win-x86;win-arm64
                           RuntimePackNamePatterns = Microsoft.WindowsDesktop.App.Runtime.**RID**
                           TargetingPackVersion = 8.0.25
                           Profile = WindowsForms
                           RuntimeFrameworkName = Microsoft.WindowsDesktop.App
                       Microsoft.WindowsDesktop.App.WPF
                           TargetFramework = netcoreapp3.0
                           DefaultRuntimeFrameworkVersion = 3.0.0
                           TargetingPackName = Microsoft.WindowsDesktop.App.Ref
                           IsWindowsOnly = true
                           LatestRuntimeFrameworkVersion = 3.0.3
                           RuntimePackRuntimeIdentifiers = win-x64;win-x86
                           RuntimePackNamePatterns = Microsoft.WindowsDesktop.App.Runtime.**RID**
                           TargetingPackVersion = 3.0.0
                           Profile = WPF
                           RuntimeFrameworkName = Microsoft.WindowsDesktop.App
                       Microsoft.WindowsDesktop.App.WPF
                           TargetFramework = net8.0
                           DefaultRuntimeFrameworkVersion = 8.0.0
                           TargetingPackName = Microsoft.WindowsDesktop.App.Ref
                           IsWindowsOnly = true
                           LatestRuntimeFrameworkVersion = 8.0.25
                           RuntimePackRuntimeIdentifiers = win-x64;win-x86;win-arm64
                           RuntimePackNamePatterns = Microsoft.WindowsDesktop.App.Runtime.**RID**
                           TargetingPackVersion = 8.0.25
                           Profile = WPF
                           RuntimeFrameworkName = Microsoft.WindowsDesktop.App
                       Microsoft.WindowsDesktop.App.WPF
                           TargetFramework = net5.0
                           DefaultRuntimeFrameworkVersion = 5.0.0
                           TargetingPackName = Microsoft.WindowsDesktop.App.Ref
                           IsWindowsOnly = true
                           LatestRuntimeFrameworkVersion = 5.0.17
                           RuntimePackRuntimeIdentifiers = win-x64;win-x86;win-arm64
                           RuntimePackNamePatterns = Microsoft.WindowsDesktop.App.Runtime.**RID**
                           TargetingPackVersion = 5.0.0
                           Profile = WPF
                           RuntimeFrameworkName = Microsoft.WindowsDesktop.App
                       Microsoft.WindowsDesktop.App.WPF
                           TargetFramework = netcoreapp3.1
                           DefaultRuntimeFrameworkVersion = 3.1.0
                           TargetingPackName = Microsoft.WindowsDesktop.App.Ref
                           IsWindowsOnly = true
                           LatestRuntimeFrameworkVersion = 3.1.32
                           RuntimePackRuntimeIdentifiers = win-x64;win-x86
                           RuntimePackNamePatterns = Microsoft.WindowsDesktop.App.Runtime.**RID**
                           TargetingPackVersion = 3.1.0
                           Profile = WPF
                           RuntimeFrameworkName = Microsoft.WindowsDesktop.App
                       Microsoft.WindowsDesktop.App.WPF
                           TargetFramework = net9.0
                           DefaultRuntimeFrameworkVersion = 9.0.0
                           TargetingPackName = Microsoft.WindowsDesktop.App.Ref
                           IsWindowsOnly = true
                           LatestRuntimeFrameworkVersion = 9.0.14
                           RuntimePackRuntimeIdentifiers = win-x64;win-x86;win-arm64
                           RuntimePackNamePatterns = Microsoft.WindowsDesktop.App.Runtime.**RID**
                           TargetingPackVersion = 9.0.14
                           Profile = WPF
                           RuntimeFrameworkName = Microsoft.WindowsDesktop.App
                       Microsoft.WindowsDesktop.App.WPF
                           TargetFramework = net6.0
                           DefaultRuntimeFrameworkVersion = 6.0.0
                           TargetingPackName = Microsoft.WindowsDesktop.App.Ref
                           IsWindowsOnly = true
                           LatestRuntimeFrameworkVersion = 6.0.36
                           RuntimePackRuntimeIdentifiers = win-x64;win-x86;win-arm64
                           RuntimePackNamePatterns = Microsoft.WindowsDesktop.App.Runtime.**RID**
                           TargetingPackVersion = 6.0.36
                           Profile = WPF
                           RuntimeFrameworkName = Microsoft.WindowsDesktop.App
                       Microsoft.WindowsDesktop.App.WPF
                           TargetFramework = net7.0
                           DefaultRuntimeFrameworkVersion = 7.0.0
                           TargetingPackName = Microsoft.WindowsDesktop.App.Ref
                           IsWindowsOnly = true
                           LatestRuntimeFrameworkVersion = 7.0.20
                           RuntimePackRuntimeIdentifiers = win-x64;win-x86;win-arm64
                           RuntimePackNamePatterns = Microsoft.WindowsDesktop.App.Runtime.**RID**
                           TargetingPackVersion = 7.0.20
                           Profile = WPF
                           RuntimeFrameworkName = Microsoft.WindowsDesktop.App
                       Microsoft.WindowsDesktop.App.WPF
                           TargetFramework = net10.0
                           DefaultRuntimeFrameworkVersion = 10.0.0
                           TargetingPackName = Microsoft.WindowsDesktop.App.Ref
                           IsWindowsOnly = true
                           LatestRuntimeFrameworkVersion = 10.0.5
                           RuntimePackRuntimeIdentifiers = win-x64;win-x86;win-arm64
                           RuntimePackNamePatterns = Microsoft.WindowsDesktop.App.Runtime.**RID**
                           TargetingPackVersion = 10.0.5
                           Profile = WPF
                           RuntimeFrameworkName = Microsoft.WindowsDesktop.App
                       NETStandard.Library
                           TargetFramework = netstandard2.1
                           TargetingPackName = NETStandard.Library.Ref
                           TargetingPackVersion = 2.1.0
                   KnownILCompilerPack
                       Microsoft.DotNet.ILCompiler
                           ILCompilerPackNamePattern = runtime.**RID**.Microsoft.DotNet.ILCompiler
                           ILCompilerRuntimePackNamePattern = Microsoft.NETCore.App.Runtime.NativeAOT.**RID**
                           TargetFramework = net10.0
                           ILCompilerPackVersion = 10.0.5
                           ILCompilerRuntimeIdentifiers = linux-arm64;linux-musl-arm64;linux-musl-x64;linux-x64;win-arm64;win-x64;osx-x64;osx-arm64;freebsd-x64;freebsd-arm64;linux-arm;linux-musl-arm;linux-loongarch64;linux-musl-loongarch64;win-x86;linux-riscv64;linux-musl-riscv64
                           ILCompilerPortableRuntimeIdentifiers = linux-arm64;linux-musl-arm64;linux-musl-x64;linux-x64;win-arm64;win-x64;osx-x64;osx-arm64;freebsd-x64;freebsd-arm64;linux-arm;linux-musl-arm;linux-loongarch64;linux-musl-loongarch64;win-x86;linux-riscv64;linux-musl-riscv64
                       Microsoft.DotNet.ILCompiler
                           ILCompilerPackNamePattern = runtime.**RID**.Microsoft.DotNet.ILCompiler
                           TargetFramework = net9.0
                           ILCompilerPackVersion = 9.0.14
                           ILCompilerRuntimeIdentifiers = linux-arm64;linux-musl-arm64;linux-musl-x64;linux-x64;win-arm64;win-x64;osx-x64;osx-arm64;freebsd-x64;freebsd-arm64;linux-arm;linux-musl-arm;linux-loongarch64;linux-musl-loongarch64;win-x86
                       Microsoft.DotNet.ILCompiler
                           ILCompilerPackNamePattern = runtime.**RID**.Microsoft.DotNet.ILCompiler
                           TargetFramework = net8.0
                           ILCompilerPackVersion = 8.0.25
                           ILCompilerRuntimeIdentifiers = linux-arm64;linux-musl-arm64;linux-musl-x64;linux-x64;win-arm64;win-x64;osx-x64;osx-arm64;freebsd-x64;freebsd-arm64
                       Microsoft.DotNet.ILCompiler
                           ILCompilerPackNamePattern = runtime.**RID**.Microsoft.DotNet.ILCompiler
                           TargetFramework = net7.0
                           ILCompilerPackVersion = 7.0.20
                           ILCompilerRuntimeIdentifiers = linux-arm64;linux-musl-arm64;linux-musl-x64;linux-x64;win-arm64;win-x64
                   KnownILLinkPack
                       Microsoft.NET.ILLink.Tasks
                           TargetFramework = net10.0
                           ILLinkPackVersion = 10.0.5
                       Microsoft.NET.ILLink.Tasks
                           TargetFramework = net9.0
                           ILLinkPackVersion = 9.0.14
                       Microsoft.NET.ILLink.Tasks
                           TargetFramework = net8.0
                           ILLinkPackVersion = 8.0.25
                       Microsoft.NET.ILLink.Tasks
                           TargetFramework = net7.0
                           ILLinkPackVersion = 7.0.100-1.23211.1
                       Microsoft.NET.ILLink.Tasks
                           TargetFramework = net6.0
                           ILLinkPackVersion = 7.0.100-1.23211.1
                       Microsoft.NET.ILLink.Tasks
                           TargetFramework = net5.0
                           ILLinkPackVersion = 7.0.100-1.23211.1
                       Microsoft.NET.ILLink.Tasks
                           TargetFramework = netcoreapp3.1
                           ILLinkPackVersion = 7.0.100-1.23211.1
                       Microsoft.NET.ILLink.Tasks
                           TargetFramework = netcoreapp3.0
                           ILLinkPackVersion = 7.0.100-1.23211.1
                   KnownRuntimePack
                       Microsoft.NETCore.App
                           TargetFramework = net10.0
                           LatestRuntimeFrameworkVersion = 10.0.5
                           RuntimePackRuntimeIdentifiers = ios-arm64;iossimulator-arm64;iossimulator-x64;tvos-arm64;tvossimulator-arm64;tvossimulator-x64;maccatalyst-arm64;maccatalyst-x64;linux-bionic-arm64;linux-bionic-x64;osx-arm64;osx-x64;freebsd-arm64;freebsd-x64;linux-x64;linux-arm;linux-arm64;linux-loongarch64;linux-bionic-arm;linux-musl-x64;linux-musl-arm;linux-musl-arm64;linux-musl-loongarch64;win-x64;win-x86;win-arm64;browser-wasm;wasi-wasm;linux-riscv64;linux-musl-riscv64;android-arm64;android-x64
                           RuntimePackNamePatterns = Microsoft.NETCore.App.Runtime.NativeAOT.**RID**
                           RuntimePackLabels = NativeAOT
                           RuntimeFrameworkName = Microsoft.NETCore.App
                       Microsoft.NETCore.App
                           TargetFramework = net10.0
                           LatestRuntimeFrameworkVersion = 10.0.5
                           RuntimePackRuntimeIdentifiers = linux-arm;linux-arm64;linux-musl-arm64;linux-musl-x64;linux-x64;osx-x64;win-arm64;win-x64;win-x86;linux-musl-arm;osx-arm64;linux-s390x;linux-loongarch64;browser-wasm;ios-arm64;ios-arm;iossimulator-arm64;iossimulator-x64;iossimulator-x86;tvos-arm64;tvossimulator-arm64;tvossimulator-x64;maccatalyst-x64;maccatalyst-arm64;android-arm64;android-arm;android-x64;android-x86;freebsd-x64;freebsd-arm64;wasi-wasm;linux-riscv64;linux-musl-riscv64;linux-loongarch64;linux-musl-loongarch64
                           RuntimePackNamePatterns = Microsoft.NETCore.App.Runtime.Mono.**RID**
                           RuntimePackLabels = Mono
                           RuntimeFrameworkName = Microsoft.NETCore.App
                       Microsoft.NETCore.App
                           TargetFramework = net9.0
                           LatestRuntimeFrameworkVersion = 9.0.14
                           RuntimePackRuntimeIdentifiers = ios-arm64;iossimulator-arm64;iossimulator-x64;tvos-arm64;tvossimulator-arm64;tvossimulator-x64;maccatalyst-arm64;maccatalyst-x64;linux-bionic-arm64;linux-bionic-x64;osx-arm64;osx-x64;freebsd-arm64;freebsd-x64;linux-x64;linux-arm;linux-arm64;linux-loongarch64;linux-bionic-arm;linux-musl-x64;linux-musl-arm;linux-musl-arm64;linux-musl-loongarch64;win-x64;win-x86;win-arm64;browser-wasm;wasi-wasm
                           RuntimePackNamePatterns = Microsoft.NETCore.App.Runtime.NativeAOT.**RID**
                           RuntimePackLabels = NativeAOT
                           RuntimeFrameworkName = Microsoft.NETCore.App
                       Microsoft.NETCore.App
                           TargetFramework = net9.0
                           LatestRuntimeFrameworkVersion = 9.0.14
                           RuntimePackRuntimeIdentifiers = linux-arm;linux-arm64;linux-musl-arm64;linux-musl-x64;linux-x64;osx-x64;win-arm64;win-x64;win-x86;linux-musl-arm;osx-arm64;linux-s390x;linux-loongarch64;browser-wasm;ios-arm64;ios-arm;iossimulator-arm64;iossimulator-x64;iossimulator-x86;tvos-arm64;tvossimulator-arm64;tvossimulator-x64;maccatalyst-x64;maccatalyst-arm64;android-arm64;android-arm;android-x64;android-x86;freebsd-x64;freebsd-arm64;wasi-wasm;linux-riscv64;linux-musl-riscv64;linux-loongarch64;linux-musl-loongarch64
                           RuntimePackNamePatterns = Microsoft.NETCore.App.Runtime.Mono.**RID**
                           RuntimePackLabels = Mono
                           RuntimeFrameworkName = Microsoft.NETCore.App
                       Microsoft.NETCore.App
                           TargetFramework = net8.0
                           LatestRuntimeFrameworkVersion = 8.0.25
                           RuntimePackRuntimeIdentifiers = ios-arm64;iossimulator-arm64;iossimulator-x64;tvos-arm64;tvossimulator-arm64;tvossimulator-x64;maccatalyst-arm64;maccatalyst-x64;linux-bionic-arm64;linux-bionic-x64;osx-arm64;osx-x64;freebsd-arm64;freebsd-x64
                           RuntimePackNamePatterns = Microsoft.NETCore.App.Runtime.NativeAOT.**RID**
                           RuntimePackLabels = NativeAOT
                           RuntimeFrameworkName = Microsoft.NETCore.App
                       Microsoft.NETCore.App
                           TargetFramework = net8.0
                           LatestRuntimeFrameworkVersion = 8.0.25
                           RuntimePackRuntimeIdentifiers = linux-arm;linux-arm64;linux-musl-arm64;linux-musl-x64;linux-x64;osx-x64;win-arm64;win-x64;win-x86;linux-musl-arm;osx-arm64;linux-s390x;linux-loongarch64;browser-wasm;ios-arm64;ios-arm;iossimulator-arm64;iossimulator-x64;iossimulator-x86;tvos-arm64;tvossimulator-arm64;tvossimulator-x64;maccatalyst-x64;maccatalyst-arm64;android-arm64;android-arm;android-x64;android-x86;freebsd-x64;freebsd-arm64;wasi-wasm
                           RuntimePackNamePatterns = Microsoft.NETCore.App.Runtime.Mono.**RID**
                           RuntimePackLabels = Mono
                           RuntimeFrameworkName = Microsoft.NETCore.App
                       Microsoft.NETCore.App
                           TargetFramework = net7.0
                           LatestRuntimeFrameworkVersion = 7.0.20
                           RuntimePackRuntimeIdentifiers = linux-arm;linux-arm64;linux-musl-arm64;linux-musl-x64;linux-x64;osx-x64;win-arm;win-arm64;win-x64;win-x86;linux-musl-arm;osx-arm64;linux-s390x;linux-loongarch64;browser-wasm;ios-arm64;ios-arm;iossimulator-arm64;iossimulator-x64;iossimulator-x86;tvos-arm64;tvossimulator-arm64;tvossimulator-x64;maccatalyst-x64;maccatalyst-arm64;android-arm64;android-arm;android-x64;android-x86
                           RuntimePackNamePatterns = Microsoft.NETCore.App.Runtime.Mono.**RID**
                           RuntimePackLabels = Mono
                           RuntimeFrameworkName = Microsoft.NETCore.App
                       Microsoft.NETCore.App
                           TargetFramework = net6.0
                           LatestRuntimeFrameworkVersion = 6.0.36
                           RuntimePackRuntimeIdentifiers = linux-arm;linux-arm64;linux-musl-arm64;linux-musl-x64;linux-x64;osx-x64;win-arm;win-arm64;win-x64;win-x86;linux-musl-arm;osx-arm64;linux-s390x;linux-loongarch64;browser-wasm;ios-arm64;ios-arm;iossimulator-arm64;iossimulator-x64;iossimulator-x86;tvos-arm64;tvossimulator-arm64;tvossimulator-x64;maccatalyst-x64;maccatalyst-arm64;android-arm64;android-arm;android-x64;android-x86
                           RuntimePackNamePatterns = Microsoft.NETCore.App.Runtime.Mono.**RID**
                           RuntimePackLabels = Mono
                           RuntimeFrameworkName = Microsoft.NETCore.App
                   KnownWebAssemblySdkPack
                       Microsoft.NET.Sdk.WebAssembly.Pack
                           TargetFramework = net10.0
                           WebAssemblySdkPackVersion = 10.0.5
                       Microsoft.NET.Sdk.WebAssembly.Pack
                           TargetFramework = net9.0
                           WebAssemblySdkPackVersion = 10.0.5
                       Microsoft.NET.Sdk.WebAssembly.Pack
                           TargetFramework = net8.0
                           WebAssemblySdkPackVersion = 10.0.5
                       Microsoft.NET.Sdk.WebAssembly.Pack
                           TargetFramework = net7.0
                           WebAssemblySdkPackVersion = 10.0.5
                       Microsoft.NET.Sdk.WebAssembly.Pack
                           TargetFramework = net6.0
                           WebAssemblySdkPackVersion = 10.0.5
                   PackageConflictOverrides
                       NETStandard.Library
                           OverriddenPackages = 
                           Microsoft.Win32.Primitives|4.3.0;
                           System.AppContext|4.3.0;
                           System.Collections|4.3.0;
                           System.Collections.Concurrent|4.3.0;
                           System.Collections.Immutable|1.4.0;
                           System.Collections.NonGeneric|4.3.0;
                           System.Collections.Specialized|4.3.0;
                           System.ComponentModel|4.3.0;
                           System.ComponentModel.EventBasedAsync|4.3.0;
                           System.ComponentModel.Primitives|4.3.0;
                           System.ComponentModel.TypeConverter|4.3.0;
                           System.Console|4.3.0;
                           System.Data.Common|4.3.0;
                           System.Diagnostics.Contracts|4.3.0;
                           System.Diagnostics.Debug|4.3.0;
                           System.Diagnostics.FileVersionInfo|4.3.0;
                           System.Diagnostics.Process|4.3.0;
                           System.Diagnostics.StackTrace|4.3.0;
                           System.Diagnostics.TextWriterTraceListener|4.3.0;
                           System.Diagnostics.Tools|4.3.0;
                           System.Diagnostics.TraceSource|4.3.0;
                           System.Diagnostics.Tracing|4.3.0;
                           System.Dynamic.Runtime|4.3.0;
                           System.Globalization|4.3.0;
                           System.Globalization.Calendars|4.3.0;
                           System.Globalization.Extensions|4.3.0;
                           System.IO|4.3.0;
                           System.IO.Compression|4.3.0;
                           System.IO.Compression.ZipFile|4.3.0;
                           System.IO.FileSystem|4.3.0;
                           System.IO.FileSystem.DriveInfo|4.3.0;
                           System.IO.FileSystem.Primitives|4.3.0;
                           System.IO.FileSystem.Watcher|4.3.0;
                           System.IO.IsolatedStorage|4.3.0;
                           System.IO.MemoryMappedFiles|4.3.0;
                           System.IO.Pipes|4.3.0;
                           System.IO.UnmanagedMemoryStream|4.3.0;
                           System.Linq|4.3.0;
                           System.Linq.Expressions|4.3.0;
                           System.Linq.Queryable|4.3.0;
                           System.Net.Http|4.3.0;
                           System.Net.NameResolution|4.3.0;
                           System.Net.Primitives|4.3.0;
                           System.Net.Requests|4.3.0;
                           System.Net.Security|4.3.0;
                           System.Net.Sockets|4.3.0;
                           System.Net.WebHeaderCollection|4.3.0;
                           System.ObjectModel|4.3.0;
                           System.Private.DataContractSerialization|4.3.0;
                           System.Reflection|4.3.0;
                           System.Reflection.Emit|4.3.0;
                           System.Reflection.Emit.ILGeneration|4.3.0;
                           System.Reflection.Emit.Lightweight|4.3.0;
                           System.Reflection.Extensions|4.3.0;
                           System.Reflection.Primitives|4.3.0;
                           System.Reflection.TypeExtensions|4.3.0;
                           System.Resources.ResourceManager|4.3.0;
                           System.Runtime|4.3.0;
                           System.Runtime.Extensions|4.3.0;
                           System.Runtime.Handles|4.3.0;
                           System.Runtime.InteropServices|4.3.0;
                           System.Runtime.InteropServices.RuntimeInformation|4.3.0;
                           System.Runtime.Loader|4.3.0;
                           System.Runtime.Numerics|4.3.0;
                           System.Runtime.Serialization.Formatters|4.3.0;
                           System.Runtime.Serialization.Json|4.3.0;
                           System.Runtime.Serialization.Primitives|4.3.0;
                           System.Security.AccessControl|4.4.0;
                           System.Security.Claims|4.3.0;
                           System.Security.Cryptography.Algorithms|4.3.0;
                           System.Security.Cryptography.Csp|4.3.0;
                           System.Security.Cryptography.Encoding|4.3.0;
                           System.Security.Cryptography.Primitives|4.3.0;
                           System.Security.Cryptography.X509Certificates|4.3.0;
                           System.Security.Cryptography.Xml|4.4.0;
                           System.Security.Principal|4.3.0;
                           System.Security.Principal.Windows|4.4.0;
                           System.Text.Encoding|4.3.0;
                           System.Text.Encoding.Extensions|4.3.0;
                           System.Text.RegularExpressions|4.3.0;
                           System.Threading|4.3.0;
                           System.Threading.Overlapped|4.3.0;
                           System.Threading.Tasks|4.3.0;
                           System.Threading.Tasks.Extensions|4.3.0;
                           System.Threading.Tasks.Parallel|4.3.0;
                           System.Threading.Thread|4.3.0;
                           System.Threading.ThreadPool|4.3.0;
                           System.Threading.Timer|4.3.0;
                           System.ValueTuple|4.3.0;
                           System.Xml.ReaderWriter|4.3.0;
                           System.Xml.XDocument|4.3.0;
                           System.Xml.XmlDocument|4.3.0;
                           System.Xml.XmlSerializer|4.3.0;
                           System.Xml.XPath|4.3.0;
                           System.Xml.XPath.XDocument|4.3.0;
                         
                   PotentialEditorConfigFiles
                       F:\.editorconfig
                       F:\C#\.editorconfig
                       F:\C#\WinFormsApp1.WpfRefactor\.editorconfig
                       F:\C#\WinFormsApp1.WpfRefactor\WinFormsApp1.Application\.editorconfig
                       F:\C#\WinFormsApp1.WpfRefactor\WinFormsApp1.Application\Abstractions\.editorconfig
                   PreprocessorValue
                       assemblyname
                           Value = WinFormsApp1.Application
                       filename
                           Value = WinFormsApp1.Application.csproj
                       fullpath
                           Value = F:\C#\WinFormsApp1.WpfRefactor\WinFormsApp1.Application
                       outputfilename
                           Value = WinFormsApp1.Application.dll
                       rootnamespace
                           Value = WinFormsApp1.Application
                   ProjectCapability
                       AllTargetOutputGroups
                       AssemblyReferences
                       COMReferences
                       CSharp
                       DeclaredSourceItems
                       GenerateDocumentationFile
                       LanguageService
                       Managed
                       NativeAOT
                       NetSdkOCIImageBuild
                       OutputGroups
                       Pack
                       ProjectReferences
                       ReferencesFolder
                       RelativePathDerivedDefaultNamespace
                       SharedProjectReferences
                       SingleFileGenerators
                       SupportsComputeRunCommand
                       SupportsHotReload
                       UserSourceItems
                       VisualStudioWellKnownOutputGroups
                   ProjectReference
                       ..\WinFormsApp1.Domain\WinFormsApp1.Domain.csproj
                           ReferenceSourceTarget = ProjectReference
                           SkipGetTargetFrameworkProperties = true
                           OutputItemType = 
                           Targets = 
                   PropertyPageSchema
                       C:\Program Files\dotnet\sdk\10.0.201\\assemblyreference.xaml
                           Context = ;BrowseObject
                       C:\Program Files\dotnet\sdk\10.0.201\\COMReference.xaml
                           Context = ;BrowseObject
                       C:\Program Files\dotnet\sdk\10.0.201\\Content.xaml
                           Context = File;BrowseObject
                       C:\Program Files\dotnet\sdk\10.0.201\\CSharp.BrowseObject.xaml
                           Context = BrowseObject
                       C:\Program Files\dotnet\sdk\10.0.201\\CSharp.ProjectItemsSchema.xaml
                       C:\Program Files\dotnet\sdk\10.0.201\\CSharp.xaml
                           Context = File
                       C:\Program Files\dotnet\sdk\10.0.201\\Debugger_General.xaml
                           Context = Project
                       C:\Program Files\dotnet\sdk\10.0.201\\EmbeddedResource.xaml
                           Context = File;BrowseObject
                       C:\Program Files\dotnet\sdk\10.0.201\\Folder.xaml
                           Context = File;BrowseObject
                       C:\Program Files\dotnet\sdk\10.0.201\\General_File.xaml
                           Context = File
                       C:\Program Files\dotnet\sdk\10.0.201\\General.BrowseObject.xaml
                           Context = BrowseObject
                       C:\Program Files\dotnet\sdk\10.0.201\\General.xaml
                           Context = Project
                       C:\Program Files\dotnet\sdk\10.0.201\\None.xaml
                           Context = File;BrowseObject
                       C:\Program Files\dotnet\sdk\10.0.201\\ProjectItemsSchema.xaml
                       C:\Program Files\dotnet\sdk\10.0.201\\ProjectReference.xaml
                           Context = ;BrowseObject
                       C:\Program Files\dotnet\sdk\10.0.201\\ResolvedAssemblyReference.xaml
                           Context = ProjectSubscriptionService;BrowseObject
                       C:\Program Files\dotnet\sdk\10.0.201\\ResolvedCOMReference.xaml
                           Context = ProjectSubscriptionService;BrowseObject
                       C:\Program Files\dotnet\sdk\10.0.201\\ResolvedProjectReference.xaml
                           Context = ProjectSubscriptionService;BrowseObject
                       C:\Program Files\dotnet\sdk\10.0.201\\SCC.xaml
                           Context = Invisible
                       C:\Program Files\dotnet\sdk\10.0.201\\SpecialFolder.xaml
                           Context = File;ProjectSubscriptionService
                   RegFreeComManifest
                       obj\Debug\net10.0\WinFormsApp1.Application.X.manifest
                   RuntimeHostConfigurationOption
                       System.Runtime.Serialization.EnableUnsafeBinaryFormatterSerialization
                           Value = false
                           Trim = true
                   SdkSupportedTargetPlatformIdentifier
                       windows
                           DisplayName = Windows
                   SourceLinkAzureReposGitHost
                       dev.azure.com
                       visualstudio.com
                       vsts.me
                   SourceLinkBitbucketGitHost
                       bitbucket.org
                           EnterpriseEdition = false
                   SourceLinkGitHubHost
                       github.com
                           ContentUrl = https://raw.githubusercontent.com
                   SourceLinkGitLabHost
                       gitlab.com
                   SourceRoot
                       C:\Users\jim liu\.nuget\packages\
                       d:\Program Files\Microsoft Visual Studio\Shared\NuGetPackages\
                   SupportedNETCoreAppTargetFramework
                       .NETCoreApp,Version=v1.0
                           DisplayName = .NET Core 1.0
                           Alias = netcoreapp1.0
                       .NETCoreApp,Version=v1.1
                           DisplayName = .NET Core 1.1
                           Alias = netcoreapp1.1
                       .NETCoreApp,Version=v10.0
                           DisplayName = .NET 10.0
                           Alias = net10.0
                       .NETCoreApp,Version=v2.0
                           DisplayName = .NET Core 2.0
                           Alias = netcoreapp2.0
                       .NETCoreApp,Version=v2.1
                           DisplayName = .NET Core 2.1
                           Alias = netcoreapp2.1
                       .NETCoreApp,Version=v2.2
                           DisplayName = .NET Core 2.2
                           Alias = netcoreapp2.2
                       .NETCoreApp,Version=v3.0
                           DisplayName = .NET Core 3.0
                           Alias = netcoreapp3.0
                       .NETCoreApp,Version=v3.1
                           DisplayName = .NET Core 3.1
                           Alias = netcoreapp3.1
                       .NETCoreApp,Version=v5.0
                           DisplayName = .NET 5.0
                           Alias = net5.0
                       .NETCoreApp,Version=v6.0
                           DisplayName = .NET 6.0
                           Alias = net6.0
                       .NETCoreApp,Version=v7.0
                           DisplayName = .NET 7.0
                           Alias = net7.0
                       .NETCoreApp,Version=v8.0
                           DisplayName = .NET 8.0
                           Alias = net8.0
                       .NETCoreApp,Version=v9.0
                           DisplayName = .NET 9.0
                           Alias = net9.0
                   SupportedNETFrameworkTargetFramework
                       .NETFramework,Version=v2.0
                           DisplayName = .NET Framework 2.0
                           Alias = net20
                       .NETFramework,Version=v3.0
                           DisplayName = .NET Framework 3.0
                           Alias = net30
                       .NETFramework,Version=v3.5
                           DisplayName = .NET Framework 3.5
                           Alias = net35
                       .NETFramework,Version=v4.0
                           DisplayName = .NET Framework 4.0
                           Alias = net40
                       .NETFramework,Version=v4.5
                           DisplayName = .NET Framework 4.5
                           Alias = net45
                       .NETFramework,Version=v4.5.1
                           DisplayName = .NET Framework 4.5.1
                           Alias = net451
                       .NETFramework,Version=v4.5.2
                           DisplayName = .NET Framework 4.5.2
                           Alias = net452
                       .NETFramework,Version=v4.6
                           DisplayName = .NET Framework 4.6
                           Alias = net46
                       .NETFramework,Version=v4.6.1
                           DisplayName = .NET Framework 4.6.1
                           Alias = net461
                       .NETFramework,Version=v4.6.2
                           DisplayName = .NET Framework 4.6.2
                           Alias = net462
                       .NETFramework,Version=v4.7
                           DisplayName = .NET Framework 4.7
                           Alias = net47
                       .NETFramework,Version=v4.7.1
                           DisplayName = .NET Framework 4.7.1
                           Alias = net471
                       .NETFramework,Version=v4.7.2
                           DisplayName = .NET Framework 4.7.2
                           Alias = net472
                       .NETFramework,Version=v4.8
                           DisplayName = .NET Framework 4.8
                           Alias = net48
                       .NETFramework,Version=v4.8.1
                           DisplayName = .NET Framework 4.8.1
                           Alias = net481
                   SupportedNETStandardTargetFramework
                       .NETStandard,Version=v1.0
                           DisplayName = .NET Standard 1.0
                           Alias = netstandard1.0
                       .NETStandard,Version=v1.1
                           DisplayName = .NET Standard 1.1
                           Alias = netstandard1.1
                       .NETStandard,Version=v1.2
                           DisplayName = .NET Standard 1.2
                           Alias = netstandard1.2
                       .NETStandard,Version=v1.3
                           DisplayName = .NET Standard 1.3
                           Alias = netstandard1.3
                       .NETStandard,Version=v1.4
                           DisplayName = .NET Standard 1.4
                           Alias = netstandard1.4
                       .NETStandard,Version=v1.5
                           DisplayName = .NET Standard 1.5
                           Alias = netstandard1.5
                       .NETStandard,Version=v1.6
                           DisplayName = .NET Standard 1.6
                           Alias = netstandard1.6
                       .NETStandard,Version=v2.0
                           DisplayName = .NET Standard 2.0
                           Alias = netstandard2.0
                       .NETStandard,Version=v2.1
                           DisplayName = .NET Standard 2.1
                           Alias = netstandard2.1
                   SupportedPlatform
                       Linux
                       macOS
                       Windows
                   SupportedTargetFramework
                       .NETCoreApp,Version=v1.0
                           DisplayName = .NET Core 1.0
                           Alias = netcoreapp1.0
                       .NETCoreApp,Version=v1.1
                           DisplayName = .NET Core 1.1
                           Alias = netcoreapp1.1
                       .NETCoreApp,Version=v10.0
                           DisplayName = .NET 10.0
                           Alias = net10.0
                       .NETCoreApp,Version=v2.0
                           DisplayName = .NET Core 2.0
                           Alias = netcoreapp2.0
                       .NETCoreApp,Version=v2.1
                           DisplayName = .NET Core 2.1
                           Alias = netcoreapp2.1
                       .NETCoreApp,Version=v2.2
                           DisplayName = .NET Core 2.2
                           Alias = netcoreapp2.2
                       .NETCoreApp,Version=v3.0
                           DisplayName = .NET Core 3.0
                           Alias = netcoreapp3.0
                       .NETCoreApp,Version=v3.1
                           DisplayName = .NET Core 3.1
                           Alias = netcoreapp3.1
                       .NETCoreApp,Version=v5.0
                           DisplayName = .NET 5.0
                           Alias = net5.0
                       .NETCoreApp,Version=v6.0
                           DisplayName = .NET 6.0
                           Alias = net6.0
                       .NETCoreApp,Version=v7.0
                           DisplayName = .NET 7.0
                           Alias = net7.0
                       .NETCoreApp,Version=v8.0
                           DisplayName = .NET 8.0
                           Alias = net8.0
                       .NETCoreApp,Version=v9.0
                           DisplayName = .NET 9.0
                           Alias = net9.0
                       .NETFramework,Version=v2.0
                           DisplayName = .NET Framework 2.0
                           Alias = net20
                       .NETFramework,Version=v3.0
                           DisplayName = .NET Framework 3.0
                           Alias = net30
                       .NETFramework,Version=v3.5
                           DisplayName = .NET Framework 3.5
                           Alias = net35
                       .NETFramework,Version=v4.0
                           DisplayName = .NET Framework 4.0
                           Alias = net40
                       .NETFramework,Version=v4.5
                           DisplayName = .NET Framework 4.5
                           Alias = net45
                       .NETFramework,Version=v4.5.1
                           DisplayName = .NET Framework 4.5.1
                           Alias = net451
                       .NETFramework,Version=v4.5.2
                           DisplayName = .NET Framework 4.5.2
                           Alias = net452
                       .NETFramework,Version=v4.6
                           DisplayName = .NET Framework 4.6
                           Alias = net46
                       .NETFramework,Version=v4.6.1
                           DisplayName = .NET Framework 4.6.1
                           Alias = net461
                       .NETFramework,Version=v4.6.2
                           DisplayName = .NET Framework 4.6.2
                           Alias = net462
                       .NETFramework,Version=v4.7
                           DisplayName = .NET Framework 4.7
                           Alias = net47
                       .NETFramework,Version=v4.7.1
                           DisplayName = .NET Framework 4.7.1
                           Alias = net471
                       .NETFramework,Version=v4.7.2
                           DisplayName = .NET Framework 4.7.2
                           Alias = net472
                       .NETFramework,Version=v4.8
                           DisplayName = .NET Framework 4.8
                           Alias = net48
                       .NETFramework,Version=v4.8.1
                           DisplayName = .NET Framework 4.8.1
                           Alias = net481
                       .NETStandard,Version=v1.0
                           DisplayName = .NET Standard 1.0
                           Alias = netstandard1.0
                       .NETStandard,Version=v1.1
                           DisplayName = .NET Standard 1.1
                           Alias = netstandard1.1
                       .NETStandard,Version=v1.2
                           DisplayName = .NET Standard 1.2
                           Alias = netstandard1.2
                       .NETStandard,Version=v1.3
                           DisplayName = .NET Standard 1.3
                           Alias = netstandard1.3
                       .NETStandard,Version=v1.4
                           DisplayName = .NET Standard 1.4
                           Alias = netstandard1.4
                       .NETStandard,Version=v1.5
                           DisplayName = .NET Standard 1.5
                           Alias = netstandard1.5
                       .NETStandard,Version=v1.6
                           DisplayName = .NET Standard 1.6
                           Alias = netstandard1.6
                       .NETStandard,Version=v2.0
                           DisplayName = .NET Standard 2.0
                           Alias = netstandard2.0
                       .NETStandard,Version=v2.1
                           DisplayName = .NET Standard 2.1
                           Alias = netstandard2.1
                   Using
                       System
                       System.Collections.Generic
                       System.IO
                       System.Linq
                       System.Net.Http
                       System.Threading
                       System.Threading.Tasks
                   WindowsSdkSupportedTargetPlatformVersion
                       10.0.17763.0
                           WindowsSdkPackageVersion = 10.0.17763.57
                           MinimumNETVersion = 8.0
                       10.0.17763.0
                           WindowsSdkPackageVersion = 10.0.17763.55
                           MinimumNETVersion = 6.0
                       10.0.17763.0
                           WindowsSdkPackageVersion = 10.0.17763.26
                           MinimumNETVersion = 5.0
                       10.0.17763.1
                           WindowsSdkPackageVersion = 10.0.17763.57
                           MinimumNETVersion = 10.0
                       10.0.18362.0
                           WindowsSdkPackageVersion = 10.0.18362.55
                           MinimumNETVersion = 6.0
                       10.0.18362.0
                           WindowsSdkPackageVersion = 10.0.18362.57
                           MinimumNETVersion = 8.0
                       10.0.18362.0
                           WindowsSdkPackageVersion = 10.0.18362.26
                           MinimumNETVersion = 5.0
                       10.0.18362.1
                           WindowsSdkPackageVersion = 10.0.18362.57
                           MinimumNETVersion = 10.0
                       10.0.19041.0
                           WindowsSdkPackageVersion = 10.0.19041.55
                           MinimumNETVersion = 6.0
                       10.0.19041.0
                           WindowsSdkPackageVersion = 10.0.19041.26
                           MinimumNETVersion = 5.0
                       10.0.19041.0
                           WindowsSdkPackageVersion = 10.0.19041.57
                           MinimumNETVersion = 8.0
                       10.0.19041.1
                           WindowsSdkPackageVersion = 10.0.19041.57
                           MinimumNETVersion = 10.0
                       10.0.20348.0
                           WindowsSdkPackageVersion = 10.0.20348.55
                           MinimumNETVersion = 6.0
                       10.0.20348.0
                           WindowsSdkPackageVersion = 10.0.20348.26
                           MinimumNETVersion = 5.0
                       10.0.20348.0
                           WindowsSdkPackageVersion = 10.0.20348.57
                           MinimumNETVersion = 8.0
                       10.0.20348.1
                           WindowsSdkPackageVersion = 10.0.20348.57
                           MinimumNETVersion = 10.0
                       10.0.22000.0
                           WindowsSdkPackageVersion = 10.0.22000.57
                           MinimumNETVersion = 8.0
                       10.0.22000.0
                           WindowsSdkPackageVersion = 10.0.22000.55
                           MinimumNETVersion = 6.0
                       10.0.22000.0
                           WindowsSdkPackageVersion = 10.0.22000.26
                           MinimumNETVersion = 5.0
                       10.0.22000.1
                           WindowsSdkPackageVersion = 10.0.22000.57
                           MinimumNETVersion = 10.0
                       10.0.22621.0
                           WindowsSdkPackageVersion = 10.0.22621.57
                           MinimumNETVersion = 8.0
                       10.0.22621.0
                           WindowsSdkPackageVersion = 10.0.22621.55
                           MinimumNETVersion = 6.0
                       10.0.22621.1
                           WindowsSdkPackageVersion = 10.0.22621.57
                           MinimumNETVersion = 10.0
                       10.0.26100.0
                           WindowsSdkPackageVersion = 10.0.26100.55
                           MinimumNETVersion = 6.0
                       10.0.26100.0
                           WindowsSdkPackageVersion = 10.0.26100.57
                           MinimumNETVersion = 8.0
                       10.0.26100.1
                           WindowsSdkPackageVersion = 10.0.26100.57
                           MinimumNETVersion = 10.0
                       7.0
                       8.0

13:40:40.744     1>项目“F:\C#\WinFormsApp1.WpfRefactor\WinFormsApp1.Desktop\WinFormsApp1.Desktop.csproj”(1)正在节点 1 上生成“F:\C#\WinFormsApp1.WpfRefactor\WinFormsApp1.Application\WinFormsApp1.Application.csproj”(2) (GetTargetFrameworks 个目标)。
13:40:40.871     2>来自项目“F:\C#\WinFormsApp1.WpfRefactor\WinFormsApp1.Application\WinFormsApp1.Application.csproj”的文件“C:\Program Files\dotnet\sdk\10.0.201\Sdks\Microsoft.NET.Sdk\targets\Microsoft.NET.Sdk.targets”中的目标“_CalculateIsVSTestTestProject: (目标 ID: 56)”(目标“GetTargetFrameworksWithPlatformForSingleTargetFramework”依赖于它):
13:40:40.871     2>设置属性: _IsVSTestTestProject=false
13:40:40.871     2>已完成在项目“WinFormsApp1.Application.csproj”中生成目标“_CalculateIsVSTestTestProject”的操作。: (目标 ID: 56)
13:40:40.871     2>来自项目“F:\C#\WinFormsApp1.WpfRefactor\WinFormsApp1.Application\WinFormsApp1.Application.csproj”的文件“C:\Program Files\dotnet\sdk\10.0.201\Microsoft.Common.CurrentVersion.targets”中的目标“GetTargetFrameworksWithPlatformForSingleTargetFramework: (目标 ID: 57)”(目标“GetTargetFrameworks”依赖于它):
                   添加的项: 
                       _AdditionalTargetFrameworkInfoPropertyWithValue=
                           SelfContained
                                   Value=
                   添加的项: 
                       _AdditionalTargetFrameworkInfoPropertyWithValue=
                           _IsExecutable
                                   Value=
                   添加的项: 
                       _AdditionalTargetFrameworkInfoPropertyWithValue=
                           IsRidAgnostic
                                   Value=true
                   添加的项: 
                       _AdditionalTargetFrameworkInfoPropertyWithValue=
                           ShouldBeValidatedAsExecutableReference
                                   Value=
                   添加的项: 
                       _AdditionalTargetFrameworkInfoPropertyWithValue=
                           _SelfContainedWasSpecified
                                   Value=
                   正在使用程序集“Microsoft.Build.Tasks.Core, Version=15.1.0.0, Culture=neutral, PublicKeyToken=b03f5f7f11d50a3a”中的“CombineTargetFrameworkInfoProperties”任务。
                   任务“CombineTargetFrameworkInfoProperties” (任务 ID: 27)
                     任务参数:RootElementName=net10.0 (任务 ID: 27)
                     任务参数:UseAttributeForTargetFrameworkInfoPropertyNames=True (任务 ID: 27)
                     任务参数:
                         PropertiesAndValues=
                             SelfContained
                                     Value=
                             _IsExecutable
                                     Value=
                             IsRidAgnostic
                                     Value=true
                             ShouldBeValidatedAsExecutableReference
                                     Value=
                             _SelfContainedWasSpecified
                                     Value= (任务 ID: 27)
                     输出属性: _AdditionalTargetFrameworkInfoProperties=<TargetFramework Name="net10.0">
                       <SelfContained></SelfContained>
                       <_IsExecutable></_IsExecutable>
                       <IsRidAgnostic>true</IsRidAgnostic>
                       <ShouldBeValidatedAsExecutableReference></ShouldBeValidatedAsExecutableReference>
                       <_SelfContainedWasSpecified></_SelfContainedWasSpecified>
                     </TargetFramework> (任务 ID: 27)
                   已完成执行任务“CombineTargetFrameworkInfoProperties”的操作。 (任务 ID: 27)
                   添加的项: 
                       _TargetFrameworkInfo=
                           net10.0
                                   AdditionalPropertiesFromProject=<TargetFramework Name="net10.0">
                     <SelfContained></SelfContained>
                     <_IsExecutable></_IsExecutable>
                     <IsRidAgnostic>true</IsRidAgnostic>
                     <ShouldBeValidatedAsExecutableReference></ShouldBeValidatedAsExecutableReference>
                     <_SelfContainedWasSpecified></_SelfContainedWasSpecified>
                   </TargetFramework>
                                   IsRidAgnostic=true
                                   TargetFrameworkMonikers=.NETCoreApp,Version=v10.0
                                   TargetFrameworks=net10.0
                                   TargetPlatformMonikers=None
13:40:40.873     2>已完成在项目“WinFormsApp1.Application.csproj”中生成目标“GetTargetFrameworksWithPlatformForSingleTargetFramework”的操作。: (目标 ID: 57)
13:40:40.873     2>来自项目“F:\C#\WinFormsApp1.WpfRefactor\WinFormsApp1.Application\WinFormsApp1.Application.csproj”的文件“C:\Program Files\dotnet\sdk\10.0.201\Microsoft.Common.CurrentVersion.targets”中的目标“GetTargetFrameworks: (目标 ID: 58)”(入口点):
                   正在使用程序集“Microsoft.Build.Tasks.Core, Version=15.1.0.0, Culture=neutral, PublicKeyToken=b03f5f7f11d50a3a”中的“CombineXmlElements”任务。
                   任务“CombineXmlElements” (任务 ID: 28)
                     任务参数:
                         XmlElements=
                             <TargetFramework Name="net10.0">
                       <SelfContained></SelfContained>
                       <_IsExecutable></_IsExecutable>
                       <IsRidAgnostic>true</IsRidAgnostic>
                       <ShouldBeValidatedAsExecutableReference></ShouldBeValidatedAsExecutableReference>
                       <_SelfContainedWasSpecified></_SelfContainedWasSpecified>
                     </TargetFramework>
                                     AdditionalPropertiesFromProject=<TargetFramework Name="net10.0">
                       <SelfContained></SelfContained>
                       <_IsExecutable></_IsExecutable>
                       <IsRidAgnostic>true</IsRidAgnostic>
                       <ShouldBeValidatedAsExecutableReference></ShouldBeValidatedAsExecutableReference>
                       <_SelfContainedWasSpecified></_SelfContainedWasSpecified>
                     </TargetFramework>
                                     IsRidAgnostic=true
                                     TargetFrameworkMonikers=.NETCoreApp,Version=v10.0
                                     TargetFrameworks=net10.0
                                     TargetPlatformMonikers=None (任务 ID: 28)
                     任务参数:RootElementName=AdditionalProjectProperties (任务 ID: 28)
                     输出属性: _AdditionalPropertiesFromProject=<AdditionalProjectProperties>
                       <TargetFramework Name="net10.0">
                         <SelfContained></SelfContained>
                         <_IsExecutable></_IsExecutable>
                         <IsRidAgnostic>true</IsRidAgnostic>
                         <ShouldBeValidatedAsExecutableReference></ShouldBeValidatedAsExecutableReference>
                         <_SelfContainedWasSpecified></_SelfContainedWasSpecified>
                       </TargetFramework>
                     </AdditionalProjectProperties> (任务 ID: 28)
                   已完成执行任务“CombineXmlElements”的操作。 (任务 ID: 28)
                   添加的项: 
                       _ThisProjectBuildMetadata=
                           F:\C#\WinFormsApp1.WpfRefactor\WinFormsApp1.Application\WinFormsApp1.Application.csproj
                                   AdditionalPropertiesFromProject=<AdditionalProjectProperties>
                     <TargetFramework Name="net10.0">
                       <SelfContained></SelfContained>
                       <_IsExecutable></_IsExecutable>
                       <IsRidAgnostic>true</IsRidAgnostic>
                       <ShouldBeValidatedAsExecutableReference></ShouldBeValidatedAsExecutableReference>
                       <_SelfContainedWasSpecified></_SelfContainedWasSpecified>
                     </TargetFramework>
                   </AdditionalProjectProperties>
                                   HasSingleTargetFramework=true
                                   IsRidAgnostic=true
                                   Platform=AnyCPU
                                   Platforms=AnyCPU
                                   TargetFrameworkMonikers=.NETCoreApp,Version=v10.0
                                   TargetFrameworks=net10.0
                                   TargetPlatformMonikers=None
13:40:40.874     2>已完成在项目“WinFormsApp1.Application.csproj”中生成目标“GetTargetFrameworks”的操作。: (目标 ID: 58)
13:40:40.876     2>已完成生成项目“F:\C#\WinFormsApp1.WpfRefactor\WinFormsApp1.Application\WinFormsApp1.Application.csproj”(GetTargetFrameworks 个目标)的操作。
13:40:41.949     0>SDK“Microsoft.NET.Sdk”已由“DefaultSdkResolver”解析程序成功解析为位置“C:\Program Files\dotnet\sdk\10.0.201\Sdks\Microsoft.NET.Sdk\Sdk”和版本“”。
                   C:\Program Files\dotnet\sdk\10.0.201\Sdks\Microsoft.NET.Sdk\Sdk\Sdk.props(49,11): message : 值为“C:\Program Files\dotnet\sdk\10.0.201\”的属性“MSBuildExtensionsPath”从环境中展开。
                   C:\Program Files\dotnet\sdk\10.0.201\Current\Microsoft.Common.props(60,5): message : 在 C:\Program Files\dotnet\sdk\10.0.201\Current\Microsoft.Common.props (60,5) 处重新分配属性: $(MSBuildProjectExtensionsPath)=“F:\C#\WinFormsApp1.WpfRefactor\WinFormsApp1.Infrastructure\obj\”(先前值:“obj\”)
                   F:\C#\WinFormsApp1.WpfRefactor\WinFormsApp1.Infrastructure\obj\WinFormsApp1.Infrastructure.csproj.nuget.g.props(7,5): message : 值为“C:\Users\jim liu”的属性“USERPROFILE”从环境中展开。
                   C:\Program Files\dotnet\sdk\10.0.201\Current\Microsoft.Common.props(84,119): message : 值为“C:\Users\jim liu\AppData\Local\Microsoft\MSBuild”的属性“MSBuildUserExtensionsPath”从环境中展开。
                   C:\Program Files\dotnet\sdk\10.0.201\Sdks\Microsoft.NET.Sdk\targets\Microsoft.NET.Sdk.props(90,5): message : 在 C:\Program Files\dotnet\sdk\10.0.201\Sdks\Microsoft.NET.Sdk\targets\Microsoft.NET.Sdk.props (90,5) 处重新分配属性: $(AssemblySearchPaths)=“{CandidateAssemblyFiles};{HintPathFromItem}”(先前值:“{CandidateAssemblyFiles}”)
                   C:\Program Files\dotnet\sdk\10.0.201\Sdks\Microsoft.NET.Sdk\targets\Microsoft.NET.Sdk.props(91,5): message : 在 C:\Program Files\dotnet\sdk\10.0.201\Sdks\Microsoft.NET.Sdk\targets\Microsoft.NET.Sdk.props (91,5) 处重新分配属性: $(AssemblySearchPaths)=“{CandidateAssemblyFiles};{HintPathFromItem};{TargetFrameworkDirectory}”(先前值:“{CandidateAssemblyFiles};{HintPathFromItem}”)
                   C:\Program Files\dotnet\sdk\10.0.201\Sdks\Microsoft.NET.Sdk\targets\Microsoft.NET.Sdk.props(92,5): message : 在 C:\Program Files\dotnet\sdk\10.0.201\Sdks\Microsoft.NET.Sdk\targets\Microsoft.NET.Sdk.props (92,5) 处重新分配属性: $(AssemblySearchPaths)=“{CandidateAssemblyFiles};{HintPathFromItem};{TargetFrameworkDirectory};{RawFileName}”(先前值:“{CandidateAssemblyFiles};{HintPathFromItem};{TargetFrameworkDirectory}”)
                   C:\Program Files\dotnet\sdk\10.0.201\Sdks\Microsoft.NET.Sdk\targets\Microsoft.NET.Sdk.ImportPublishProfile.targets(28,5): message : 在 C:\Program Files\dotnet\sdk\10.0.201\Sdks\Microsoft.NET.Sdk\targets\Microsoft.NET.Sdk.ImportPublishProfile.targets (28,5) 处重新分配属性: $(PublishProfileImported)=“false”(先前值:“true”)
                   C:\Program Files\dotnet\sdk\10.0.201\Sdks\Microsoft.NET.Sdk\targets\Microsoft.NET.TargetFrameworkInference.targets(81,5): message : 在 C:\Program Files\dotnet\sdk\10.0.201\Sdks\Microsoft.NET.Sdk\targets\Microsoft.NET.TargetFrameworkInference.targets (81,5) 处重新分配属性: $(TargetPlatformVersion)=“”(先前值:“0.0”)
                   C:\Program Files\dotnet\sdk\10.0.201\Sdks\Microsoft.NET.Sdk\targets\Microsoft.NET.DefaultOutputPaths.targets(127,5): message : 在 C:\Program Files\dotnet\sdk\10.0.201\Sdks\Microsoft.NET.Sdk\targets\Microsoft.NET.DefaultOutputPaths.targets (127,5) 处重新分配属性: $(DefaultItemExcludes)=“;bin\Debug\/**;obj\Debug\/**”(先前值:“;bin\Debug\/**”)
                   C:\Program Files\dotnet\sdk\10.0.201\Sdks\Microsoft.NET.Sdk\targets\Microsoft.NET.DefaultOutputPaths.targets(142,5): message : 在 C:\Program Files\dotnet\sdk\10.0.201\Sdks\Microsoft.NET.Sdk\targets\Microsoft.NET.DefaultOutputPaths.targets (142,5) 处重新分配属性: $(OutputPath)=“bin\Debug\net10.0\”(先前值:“bin\Debug\”)
                   C:\Program Files\dotnet\sdk\10.0.201\Sdks\Microsoft.NET.Sdk\targets\Microsoft.NET.DefaultOutputPaths.targets(147,5): message : 在 C:\Program Files\dotnet\sdk\10.0.201\Sdks\Microsoft.NET.Sdk\targets\Microsoft.NET.DefaultOutputPaths.targets (147,5) 处重新分配属性: $(IntermediateOutputPath)=“obj\Debug\net10.0\”(先前值:“obj\Debug\”)
                   C:\Program Files\dotnet\sdk\10.0.201\Sdks\Microsoft.NET.Sdk\targets\Microsoft.NET.Sdk.BeforeCommon.targets(379,5): message : 在 C:\Program Files\dotnet\sdk\10.0.201\Sdks\Microsoft.NET.Sdk\targets\Microsoft.NET.Sdk.BeforeCommon.targets (379,5) 处重新分配属性: $(RoslynTargetsPath)=“C:\Program Files\dotnet\sdk\10.0.201\Sdks\Microsoft.NET.Sdk\targets\..\..\..\Roslyn”(先前值:“C:\Program Files\dotnet\sdk\10.0.201\Roslyn”)
                   C:\Program Files\dotnet\sdk\10.0.201\Roslyn\Microsoft.Managed.Core.targets(6,5): message : 在 C:\Program Files\dotnet\sdk\10.0.201\Roslyn\Microsoft.Managed.Core.targets (6,5) 处重新分配属性: $(_BuildTasksDirectory)=“C:\Program Files\dotnet\sdk\10.0.201\Sdks\Microsoft.NET.Sdk\targets\..\..\..\Roslyn\”(先前值:“C:\Program Files\dotnet\sdk\10.0.201\Roslyn\”)
                   C:\Program Files\dotnet\sdk\10.0.201\Roslyn\Microsoft.CSharp.Core.targets(205,5): message : 在 C:\Program Files\dotnet\sdk\10.0.201\Roslyn\Microsoft.CSharp.Core.targets (205,5) 处重新分配属性: $(CommandLineArgsForDesignTimeEvaluation)=“-langversion:14.0 -define:TRACE”(先前值:“-langversion:14.0”)
                   C:\Program Files\dotnet\sdk\10.0.201\Microsoft.Common.CurrentVersion.targets(34,26): message : 值为“18.0”的属性“VisualStudioVersion”从环境中展开。
                   C:\Program Files\dotnet\sdk\10.0.201\Microsoft.Common.CurrentVersion.targets(175,5): message : 在 C:\Program Files\dotnet\sdk\10.0.201\Microsoft.Common.CurrentVersion.targets (175,5) 处重新分配属性: $(_DebugSymbolsProduced)=“true”(先前值:“false”)
                   C:\Program Files\dotnet\sdk\10.0.201\Microsoft.Common.CurrentVersion.targets(185,5): message : 在 C:\Program Files\dotnet\sdk\10.0.201\Microsoft.Common.CurrentVersion.targets (185,5) 处重新分配属性: $(_DocumentationFileProduced)=“false”(先前值:“true”)
                   C:\Program Files\dotnet\sdk\10.0.201\Microsoft.Common.CurrentVersion.targets(348,16): message : 值为“D:\Program Files\Microsoft Visual Studio\2026\Community\Common7\IDE\”的属性“DevEnvDir”从环境中展开。
                   C:\Program Files\dotnet\sdk\10.0.201\Microsoft.Common.CurrentVersion.targets(392,5): message : 在 C:\Program Files\dotnet\sdk\10.0.201\Microsoft.Common.CurrentVersion.targets (392,5) 处重新分配属性: $(MSBuildCopyMarkerName)=“WinForms.28FA5EE1”(先前值:“WinFormsApp1.Infrastructure.csproj”)
                   C:\Program Files\dotnet\sdk\10.0.201\Microsoft.Common.CurrentVersion.targets(393,5): message : 在 C:\Program Files\dotnet\sdk\10.0.201\Microsoft.Common.CurrentVersion.targets (393,5) 处重新分配属性: $(MSBuildCopyMarkerName)=“WinForms.28FA5EE1.Up2Date”(先前值:“WinForms.28FA5EE1”)
                   C:\Program Files\dotnet\sdk\10.0.201\Microsoft.Common.CurrentVersion.targets(541,5): message : 在 C:\Program Files\dotnet\sdk\10.0.201\Microsoft.Common.CurrentVersion.targets (541,5) 处重新分配属性: $(ProcessorArchitecture)=“msil”(先前值:“”)
                   C:\Program Files\dotnet\sdk\10.0.201\Microsoft.Common.CurrentVersion.targets(580,5): message : 在 C:\Program Files\dotnet\sdk\10.0.201\Microsoft.Common.CurrentVersion.targets (580,5) 处重新分配属性: $(DelaySign)=“”(先前值:“false”)
                   C:\Program Files\dotnet\sdk\10.0.201\Microsoft.Common.CurrentVersion.targets(1228,19): message : 值为“C:\Windows\Microsoft.NET\Framework\”的属性“FrameworkDir”从环境中展开。
                   C:\Program Files\dotnet\sdk\10.0.201\Microsoft.Common.CurrentVersion.targets(2620,5): message : 值为“C:\Users\jim liu\AppData\Local”的属性“LOCALAPPDATA”从环境中展开。
                   C:\Program Files\dotnet\sdk\10.0.201\Microsoft.Common.CurrentVersion.targets(3948,5): message : 在 C:\Program Files\dotnet\sdk\10.0.201\Microsoft.Common.CurrentVersion.targets (3948,5) 处重新分配属性: $(_SGenGenerateSerializationAssembliesConfig)=“Auto”(先前值:“”)
                   C:\Program Files\dotnet\sdk\10.0.201\Microsoft.Common.CurrentVersion.targets(3949,5): message : 在 C:\Program Files\dotnet\sdk\10.0.201\Microsoft.Common.CurrentVersion.targets (3949,5) 处重新分配属性: $(_SGenGenerateSerializationAssembliesConfig)=“Off”(先前值:“Auto”)
                   C:\Program Files\dotnet\sdk\10.0.201\Microsoft.Common.CurrentVersion.targets(5160,5): message : 在 C:\Program Files\dotnet\sdk\10.0.201\Microsoft.Common.CurrentVersion.targets (5160,5) 处重新分配属性: $(_TargetsThatPrepareProjectReferences)=“
                   C:\Program Files\dotnet\sdk\10.0.201\Microsoft.Common.CurrentVersion.targets(5160,5): message :       AssignProjectConfiguration;
                   C:\Program Files\dotnet\sdk\10.0.201\Microsoft.Common.CurrentVersion.targets(5160,5): message :       _SplitProjectReferencesByFileExistence
                   C:\Program Files\dotnet\sdk\10.0.201\Microsoft.Common.CurrentVersion.targets(5160,5): message :     ”(先前值:“_SplitProjectReferencesByFileExistence”)
                   C:\Program Files\dotnet\sdk\10.0.201\Microsoft.Common.CurrentVersion.targets(6973,5): message : 值为“C:\Program Files\dotnet\sdk\10.0.201”的属性“MSBuildExtensionsPath32”从环境中展开。
                   “NuGetInteractive”属性是全局属性，不能修改。
                   C:\Program Files\dotnet\sdk\10.0.201\Sdks\Microsoft.NET.Sdk\targets\Microsoft.PackageDependencyResolution.targets(29,5): message : 在 C:\Program Files\dotnet\sdk\10.0.201\Sdks\Microsoft.NET.Sdk\targets\Microsoft.PackageDependencyResolution.targets (29,5) 处重新分配属性: $(ProjectAssetsCacheFile)=“F:\C#\WinFormsApp1.WpfRefactor\WinFormsApp1.Infrastructure\obj\Debug\net10.0\WinFormsApp1.Infrastructure.assets.cache”(先前值:“obj\Debug\net10.0\WinFormsApp1.Infrastructure.assets.cache”)
                   C:\Program Files\dotnet\sdk\10.0.201\Sdks\Microsoft.NET.Sdk\targets\Microsoft.PackageDependencyResolution.targets(80,5): message : 在 C:\Program Files\dotnet\sdk\10.0.201\Sdks\Microsoft.NET.Sdk\targets\Microsoft.PackageDependencyResolution.targets (80,5) 处重新分配属性: $(ResolveAssemblyReferencesDependsOn)=“
                   C:\Program Files\dotnet\sdk\10.0.201\Sdks\Microsoft.NET.Sdk\targets\Microsoft.PackageDependencyResolution.targets(80,5): message :       
                   C:\Program Files\dotnet\sdk\10.0.201\Sdks\Microsoft.NET.Sdk\targets\Microsoft.PackageDependencyResolution.targets(80,5): message :       ResolveProjectReferences;
                   C:\Program Files\dotnet\sdk\10.0.201\Sdks\Microsoft.NET.Sdk\targets\Microsoft.PackageDependencyResolution.targets(80,5): message :       FindInvalidProjectReferences;
                   C:\Program Files\dotnet\sdk\10.0.201\Sdks\Microsoft.NET.Sdk\targets\Microsoft.PackageDependencyResolution.targets(80,5): message :       GetFrameworkPaths;
                   C:\Program Files\dotnet\sdk\10.0.201\Sdks\Microsoft.NET.Sdk\targets\Microsoft.PackageDependencyResolution.targets(80,5): message :       GetReferenceAssemblyPaths;
                   C:\Program Files\dotnet\sdk\10.0.201\Sdks\Microsoft.NET.Sdk\targets\Microsoft.PackageDependencyResolution.targets(80,5): message :       PrepareForBuild;
                   C:\Program Files\dotnet\sdk\10.0.201\Sdks\Microsoft.NET.Sdk\targets\Microsoft.PackageDependencyResolution.targets(80,5): message :       ResolveSDKReferences;
                   C:\Program Files\dotnet\sdk\10.0.201\Sdks\Microsoft.NET.Sdk\targets\Microsoft.PackageDependencyResolution.targets(80,5): message :       ExpandSDKReferences;
                   C:\Program Files\dotnet\sdk\10.0.201\Sdks\Microsoft.NET.Sdk\targets\Microsoft.PackageDependencyResolution.targets(80,5): message :     ;
                   C:\Program Files\dotnet\sdk\10.0.201\Sdks\Microsoft.NET.Sdk\targets\Microsoft.PackageDependencyResolution.targets(80,5): message :       ResolvePackageDependenciesForBuild;
                   C:\Program Files\dotnet\sdk\10.0.201\Sdks\Microsoft.NET.Sdk\targets\Microsoft.PackageDependencyResolution.targets(80,5): message :       _HandlePackageFileConflicts;
                   C:\Program Files\dotnet\sdk\10.0.201\Sdks\Microsoft.NET.Sdk\targets\Microsoft.PackageDependencyResolution.targets(80,5): message :     ”(先前值:“
                   C:\Program Files\dotnet\sdk\10.0.201\Sdks\Microsoft.NET.Sdk\targets\Microsoft.PackageDependencyResolution.targets(80,5): message :       ResolveProjectReferences;
                   C:\Program Files\dotnet\sdk\10.0.201\Sdks\Microsoft.NET.Sdk\targets\Microsoft.PackageDependencyResolution.targets(80,5): message :       FindInvalidProjectReferences;
                   C:\Program Files\dotnet\sdk\10.0.201\Sdks\Microsoft.NET.Sdk\targets\Microsoft.PackageDependencyResolution.targets(80,5): message :       GetFrameworkPaths;
                   C:\Program Files\dotnet\sdk\10.0.201\Sdks\Microsoft.NET.Sdk\targets\Microsoft.PackageDependencyResolution.targets(80,5): message :       GetReferenceAssemblyPaths;
                   C:\Program Files\dotnet\sdk\10.0.201\Sdks\Microsoft.NET.Sdk\targets\Microsoft.PackageDependencyResolution.targets(80,5): message :       PrepareForBuild;
                   C:\Program Files\dotnet\sdk\10.0.201\Sdks\Microsoft.NET.Sdk\targets\Microsoft.PackageDependencyResolution.targets(80,5): message :       ResolveSDKReferences;
                   C:\Program Files\dotnet\sdk\10.0.201\Sdks\Microsoft.NET.Sdk\targets\Microsoft.PackageDependencyResolution.targets(80,5): message :       ExpandSDKReferences;
                   C:\Program Files\dotnet\sdk\10.0.201\Sdks\Microsoft.NET.Sdk\targets\Microsoft.PackageDependencyResolution.targets(80,5): message :     ”)
                   C:\Program Files\dotnet\sdk\10.0.201\Sdks\Microsoft.NET.Sdk\targets\Microsoft.PackageDependencyResolution.targets(86,5): message : 在 C:\Program Files\dotnet\sdk\10.0.201\Sdks\Microsoft.NET.Sdk\targets\Microsoft.PackageDependencyResolution.targets (86,5) 处重新分配属性: $(PrepareResourcesDependsOn)=“
                   C:\Program Files\dotnet\sdk\10.0.201\Sdks\Microsoft.NET.Sdk\targets\Microsoft.PackageDependencyResolution.targets(86,5): message :       ResolvePackageDependenciesForBuild;
                   C:\Program Files\dotnet\sdk\10.0.201\Sdks\Microsoft.NET.Sdk\targets\Microsoft.PackageDependencyResolution.targets(86,5): message :       _HandlePackageFileConflicts;
                   C:\Program Files\dotnet\sdk\10.0.201\Sdks\Microsoft.NET.Sdk\targets\Microsoft.PackageDependencyResolution.targets(86,5): message :       
                   C:\Program Files\dotnet\sdk\10.0.201\Sdks\Microsoft.NET.Sdk\targets\Microsoft.PackageDependencyResolution.targets(86,5): message :       ;
                   C:\Program Files\dotnet\sdk\10.0.201\Sdks\Microsoft.NET.Sdk\targets\Microsoft.PackageDependencyResolution.targets(86,5): message :       PrepareResourceNames;
                   C:\Program Files\dotnet\sdk\10.0.201\Sdks\Microsoft.NET.Sdk\targets\Microsoft.PackageDependencyResolution.targets(86,5): message :       ResGen;
                   C:\Program Files\dotnet\sdk\10.0.201\Sdks\Microsoft.NET.Sdk\targets\Microsoft.PackageDependencyResolution.targets(86,5): message :       CompileLicxFiles
                   C:\Program Files\dotnet\sdk\10.0.201\Sdks\Microsoft.NET.Sdk\targets\Microsoft.PackageDependencyResolution.targets(86,5): message :     
                   C:\Program Files\dotnet\sdk\10.0.201\Sdks\Microsoft.NET.Sdk\targets\Microsoft.PackageDependencyResolution.targets(86,5): message :     ”(先前值:“
                   C:\Program Files\dotnet\sdk\10.0.201\Sdks\Microsoft.NET.Sdk\targets\Microsoft.PackageDependencyResolution.targets(86,5): message :       ;
                   C:\Program Files\dotnet\sdk\10.0.201\Sdks\Microsoft.NET.Sdk\targets\Microsoft.PackageDependencyResolution.targets(86,5): message :       PrepareResourceNames;
                   C:\Program Files\dotnet\sdk\10.0.201\Sdks\Microsoft.NET.Sdk\targets\Microsoft.PackageDependencyResolution.targets(86,5): message :       ResGen;
                   C:\Program Files\dotnet\sdk\10.0.201\Sdks\Microsoft.NET.Sdk\targets\Microsoft.PackageDependencyResolution.targets(86,5): message :       CompileLicxFiles
                   C:\Program Files\dotnet\sdk\10.0.201\Sdks\Microsoft.NET.Sdk\targets\Microsoft.PackageDependencyResolution.targets(86,5): message :     ”)
                   C:\Program Files\dotnet\sdk\10.0.201\Sdks\Microsoft.NET.Sdk\targets\Microsoft.NET.Sdk.DefaultItems.targets(35,5): message : 在 C:\Program Files\dotnet\sdk\10.0.201\Sdks\Microsoft.NET.Sdk\targets\Microsoft.NET.Sdk.DefaultItems.targets (35,5) 处重新分配属性: $(DefaultItemExcludes)=“;bin\Debug\/**;obj\Debug\/**;bin\/**”(先前值:“;bin\Debug\/**;obj\Debug\/**”)
                   C:\Program Files\dotnet\sdk\10.0.201\Sdks\Microsoft.NET.Sdk\targets\Microsoft.NET.Sdk.DefaultItems.targets(37,5): message : 在 C:\Program Files\dotnet\sdk\10.0.201\Sdks\Microsoft.NET.Sdk\targets\Microsoft.NET.Sdk.DefaultItems.targets (37,5) 处重新分配属性: $(DefaultItemExcludes)=“;bin\Debug\/**;obj\Debug\/**;bin\/**;obj\/**”(先前值:“;bin\Debug\/**;obj\Debug\/**;bin\/**”)
                   C:\Program Files\dotnet\sdk\10.0.201\Sdks\Microsoft.NET.Sdk\targets\Microsoft.NET.Sdk.DefaultItems.targets(41,5): message : 在 C:\Program Files\dotnet\sdk\10.0.201\Sdks\Microsoft.NET.Sdk\targets\Microsoft.NET.Sdk.DefaultItems.targets (41,5) 处重新分配属性: $(DefaultItemExcludes)=“;bin\Debug\/**;obj\Debug\/**;bin\/**;obj\/**;bin\Debug\net10.0\publish\/**”(先前值:“;bin\Debug\/**;obj\Debug\/**;bin\/**;obj\/**”)
                   C:\Program Files\dotnet\sdk\10.0.201\Sdks\Microsoft.NET.Sdk\targets\Microsoft.NET.Sdk.DefaultItems.targets(44,5): message : 在 C:\Program Files\dotnet\sdk\10.0.201\Sdks\Microsoft.NET.Sdk\targets\Microsoft.NET.Sdk.DefaultItems.targets (44,5) 处重新分配属性: $(DefaultItemExcludes)=“;bin\Debug\/**;obj\Debug\/**;bin\/**;obj\/**;bin\Debug\net10.0\publish\/**;**/*.user”(先前值:“;bin\Debug\/**;obj\Debug\/**;bin\/**;obj\/**;bin\Debug\net10.0\publish\/**”)
                   C:\Program Files\dotnet\sdk\10.0.201\Sdks\Microsoft.NET.Sdk\targets\Microsoft.NET.Sdk.DefaultItems.targets(45,5): message : 在 C:\Program Files\dotnet\sdk\10.0.201\Sdks\Microsoft.NET.Sdk\targets\Microsoft.NET.Sdk.DefaultItems.targets (45,5) 处重新分配属性: $(DefaultItemExcludes)=“;bin\Debug\/**;obj\Debug\/**;bin\/**;obj\/**;bin\Debug\net10.0\publish\/**;**/*.user;**/*.*proj”(先前值:“;bin\Debug\/**;obj\Debug\/**;bin\/**;obj\/**;bin\Debug\net10.0\publish\/**;**/*.user”)
                   C:\Program Files\dotnet\sdk\10.0.201\Sdks\Microsoft.NET.Sdk\targets\Microsoft.NET.Sdk.DefaultItems.targets(46,5): message : 在 C:\Program Files\dotnet\sdk\10.0.201\Sdks\Microsoft.NET.Sdk\targets\Microsoft.NET.Sdk.DefaultItems.targets (46,5) 处重新分配属性: $(DefaultItemExcludes)=“;bin\Debug\/**;obj\Debug\/**;bin\/**;obj\/**;bin\Debug\net10.0\publish\/**;**/*.user;**/*.*proj;**/*.sln”(先前值:“;bin\Debug\/**;obj\Debug\/**;bin\/**;obj\/**;bin\Debug\net10.0\publish\/**;**/*.user;**/*.*proj”)
                   C:\Program Files\dotnet\sdk\10.0.201\Sdks\Microsoft.NET.Sdk\targets\Microsoft.NET.Sdk.DefaultItems.targets(47,5): message : 在 C:\Program Files\dotnet\sdk\10.0.201\Sdks\Microsoft.NET.Sdk\targets\Microsoft.NET.Sdk.DefaultItems.targets (47,5) 处重新分配属性: $(DefaultItemExcludes)=“;bin\Debug\/**;obj\Debug\/**;bin\/**;obj\/**;bin\Debug\net10.0\publish\/**;**/*.user;**/*.*proj;**/*.sln;**/*.slnx”(先前值:“;bin\Debug\/**;obj\Debug\/**;bin\/**;obj\/**;bin\Debug\net10.0\publish\/**;**/*.user;**/*.*proj;**/*.sln”)
                   C:\Program Files\dotnet\sdk\10.0.201\Sdks\Microsoft.NET.Sdk\targets\Microsoft.NET.Sdk.DefaultItems.targets(48,5): message : 在 C:\Program Files\dotnet\sdk\10.0.201\Sdks\Microsoft.NET.Sdk\targets\Microsoft.NET.Sdk.DefaultItems.targets (48,5) 处重新分配属性: $(DefaultItemExcludes)=“;bin\Debug\/**;obj\Debug\/**;bin\/**;obj\/**;bin\Debug\net10.0\publish\/**;**/*.user;**/*.*proj;**/*.sln;**/*.slnx;**/*.vssscc”(先前值:“;bin\Debug\/**;obj\Debug\/**;bin\/**;obj\/**;bin\Debug\net10.0\publish\/**;**/*.user;**/*.*proj;**/*.sln;**/*.slnx”)
                   C:\Program Files\dotnet\sdk\10.0.201\Sdks\Microsoft.NET.Sdk\targets\Microsoft.NET.Sdk.DefaultItems.targets(49,5): message : 在 C:\Program Files\dotnet\sdk\10.0.201\Sdks\Microsoft.NET.Sdk\targets\Microsoft.NET.Sdk.DefaultItems.targets (49,5) 处重新分配属性: $(DefaultItemExcludes)=“;bin\Debug\/**;obj\Debug\/**;bin\/**;obj\/**;bin\Debug\net10.0\publish\/**;**/*.user;**/*.*proj;**/*.sln;**/*.slnx;**/*.vssscc;**/.DS_Store”(先前值:“;bin\Debug\/**;obj\Debug\/**;bin\/**;obj\/**;bin\Debug\net10.0\publish\/**;**/*.user;**/*.*proj;**/*.sln;**/*.slnx;**/*.vssscc”)
                   C:\Program Files\dotnet\sdk\10.0.201\Sdks\Microsoft.NET.Sdk\targets\Microsoft.NET.Sdk.FrameworkReferenceResolution.targets(14,5): message : 在 C:\Program Files\dotnet\sdk\10.0.201\Sdks\Microsoft.NET.Sdk\targets\Microsoft.NET.Sdk.FrameworkReferenceResolution.targets (14,5) 处重新分配属性: $(ResolveAssemblyReferencesDependsOn)=“
                   C:\Program Files\dotnet\sdk\10.0.201\Sdks\Microsoft.NET.Sdk\targets\Microsoft.NET.Sdk.FrameworkReferenceResolution.targets(14,5): message :       
                   C:\Program Files\dotnet\sdk\10.0.201\Sdks\Microsoft.NET.Sdk\targets\Microsoft.NET.Sdk.FrameworkReferenceResolution.targets(14,5): message :       
                   C:\Program Files\dotnet\sdk\10.0.201\Sdks\Microsoft.NET.Sdk\targets\Microsoft.NET.Sdk.FrameworkReferenceResolution.targets(14,5): message :       ResolveProjectReferences;
                   C:\Program Files\dotnet\sdk\10.0.201\Sdks\Microsoft.NET.Sdk\targets\Microsoft.NET.Sdk.FrameworkReferenceResolution.targets(14,5): message :       FindInvalidProjectReferences;
                   C:\Program Files\dotnet\sdk\10.0.201\Sdks\Microsoft.NET.Sdk\targets\Microsoft.NET.Sdk.FrameworkReferenceResolution.targets(14,5): message :       GetFrameworkPaths;
                   C:\Program Files\dotnet\sdk\10.0.201\Sdks\Microsoft.NET.Sdk\targets\Microsoft.NET.Sdk.FrameworkReferenceResolution.targets(14,5): message :       GetReferenceAssemblyPaths;
                   C:\Program Files\dotnet\sdk\10.0.201\Sdks\Microsoft.NET.Sdk\targets\Microsoft.NET.Sdk.FrameworkReferenceResolution.targets(14,5): message :       PrepareForBuild;
                   C:\Program Files\dotnet\sdk\10.0.201\Sdks\Microsoft.NET.Sdk\targets\Microsoft.NET.Sdk.FrameworkReferenceResolution.targets(14,5): message :       ResolveSDKReferences;
                   C:\Program Files\dotnet\sdk\10.0.201\Sdks\Microsoft.NET.Sdk\targets\Microsoft.NET.Sdk.FrameworkReferenceResolution.targets(14,5): message :       ExpandSDKReferences;
                   C:\Program Files\dotnet\sdk\10.0.201\Sdks\Microsoft.NET.Sdk\targets\Microsoft.NET.Sdk.FrameworkReferenceResolution.targets(14,5): message :     ;
                   C:\Program Files\dotnet\sdk\10.0.201\Sdks\Microsoft.NET.Sdk\targets\Microsoft.NET.Sdk.FrameworkReferenceResolution.targets(14,5): message :       ResolvePackageDependenciesForBuild;
                   C:\Program Files\dotnet\sdk\10.0.201\Sdks\Microsoft.NET.Sdk\targets\Microsoft.NET.Sdk.FrameworkReferenceResolution.targets(14,5): message :       _HandlePackageFileConflicts;
                   C:\Program Files\dotnet\sdk\10.0.201\Sdks\Microsoft.NET.Sdk\targets\Microsoft.NET.Sdk.FrameworkReferenceResolution.targets(14,5): message :     ;
                   C:\Program Files\dotnet\sdk\10.0.201\Sdks\Microsoft.NET.Sdk\targets\Microsoft.NET.Sdk.FrameworkReferenceResolution.targets(14,5): message :       ResolveTargetingPackAssets;
                   C:\Program Files\dotnet\sdk\10.0.201\Sdks\Microsoft.NET.Sdk\targets\Microsoft.NET.Sdk.FrameworkReferenceResolution.targets(14,5): message :     ”(先前值:“
                   C:\Program Files\dotnet\sdk\10.0.201\Sdks\Microsoft.NET.Sdk\targets\Microsoft.NET.Sdk.FrameworkReferenceResolution.targets(14,5): message :       
                   C:\Program Files\dotnet\sdk\10.0.201\Sdks\Microsoft.NET.Sdk\targets\Microsoft.NET.Sdk.FrameworkReferenceResolution.targets(14,5): message :       ResolveProjectReferences;
                   C:\Program Files\dotnet\sdk\10.0.201\Sdks\Microsoft.NET.Sdk\targets\Microsoft.NET.Sdk.FrameworkReferenceResolution.targets(14,5): message :       FindInvalidProjectReferences;
                   C:\Program Files\dotnet\sdk\10.0.201\Sdks\Microsoft.NET.Sdk\targets\Microsoft.NET.Sdk.FrameworkReferenceResolution.targets(14,5): message :       GetFrameworkPaths;
                   C:\Program Files\dotnet\sdk\10.0.201\Sdks\Microsoft.NET.Sdk\targets\Microsoft.NET.Sdk.FrameworkReferenceResolution.targets(14,5): message :       GetReferenceAssemblyPaths;
                   C:\Program Files\dotnet\sdk\10.0.201\Sdks\Microsoft.NET.Sdk\targets\Microsoft.NET.Sdk.FrameworkReferenceResolution.targets(14,5): message :       PrepareForBuild;
                   C:\Program Files\dotnet\sdk\10.0.201\Sdks\Microsoft.NET.Sdk\targets\Microsoft.NET.Sdk.FrameworkReferenceResolution.targets(14,5): message :       ResolveSDKReferences;
                   C:\Program Files\dotnet\sdk\10.0.201\Sdks\Microsoft.NET.Sdk\targets\Microsoft.NET.Sdk.FrameworkReferenceResolution.targets(14,5): message :       ExpandSDKReferences;
                   C:\Program Files\dotnet\sdk\10.0.201\Sdks\Microsoft.NET.Sdk\targets\Microsoft.NET.Sdk.FrameworkReferenceResolution.targets(14,5): message :     ;
                   C:\Program Files\dotnet\sdk\10.0.201\Sdks\Microsoft.NET.Sdk\targets\Microsoft.NET.Sdk.FrameworkReferenceResolution.targets(14,5): message :       ResolvePackageDependenciesForBuild;
                   C:\Program Files\dotnet\sdk\10.0.201\Sdks\Microsoft.NET.Sdk\targets\Microsoft.NET.Sdk.FrameworkReferenceResolution.targets(14,5): message :       _HandlePackageFileConflicts;
                   C:\Program Files\dotnet\sdk\10.0.201\Sdks\Microsoft.NET.Sdk\targets\Microsoft.NET.Sdk.FrameworkReferenceResolution.targets(14,5): message :     ”)
                   C:\Program Files\dotnet\sdk\10.0.201\Sdks\Microsoft.NET.Sdk\targets\Microsoft.NET.Sdk.targets(44,5): message : 在 C:\Program Files\dotnet\sdk\10.0.201\Sdks\Microsoft.NET.Sdk\targets\Microsoft.NET.Sdk.targets (44,5) 处重新分配属性: $(_GenerateRuntimeConfigurationPropertyInputsCache)=“F:\C#\WinFormsApp1.WpfRefactor\WinFormsApp1.Infrastructure\obj\Debug\net10.0\WinFormsApp1.Infrastructure.genruntimeconfig.cache”(先前值:“obj\Debug\net10.0\WinFormsApp1.Infrastructure.genruntimeconfig.cache”)
                   C:\Program Files\dotnet\sdk\10.0.201\Sdks\Microsoft.NET.Sdk\targets\Microsoft.NET.Sdk.targets(46,5): message : 在 C:\Program Files\dotnet\sdk\10.0.201\Sdks\Microsoft.NET.Sdk\targets\Microsoft.NET.Sdk.targets (46,5) 处重新分配属性: $(_GeneratePublishDependencyFilePropertyInputsCache)=“F:\C#\WinFormsApp1.WpfRefactor\WinFormsApp1.Infrastructure\obj\Debug\net10.0\WinFormsApp1.Infrastructure.genpublishdeps.cache”(先前值:“obj\Debug\net10.0\WinFormsApp1.Infrastructure.genpublishdeps.cache”)
                   C:\Program Files\dotnet\sdk\10.0.201\Sdks\Microsoft.NET.Sdk\targets\Microsoft.NET.Sdk.targets(48,5): message : 在 C:\Program Files\dotnet\sdk\10.0.201\Sdks\Microsoft.NET.Sdk\targets\Microsoft.NET.Sdk.targets (48,5) 处重新分配属性: $(_GenerateSingleFileBundlePropertyInputsCache)=“F:\C#\WinFormsApp1.WpfRefactor\WinFormsApp1.Infrastructure\obj\Debug\net10.0\WinFormsApp1.Infrastructure.genbundle.cache”(先前值:“obj\Debug\net10.0\WinFormsApp1.Infrastructure.genbundle.cache”)
                   C:\Program Files\dotnet\sdk\10.0.201\Sdks\Microsoft.NET.Sdk\targets\Microsoft.NET.Sdk.targets(81,5): message : 在 C:\Program Files\dotnet\sdk\10.0.201\Sdks\Microsoft.NET.Sdk\targets\Microsoft.NET.Sdk.targets (81,5) 处重新分配属性: $(GenerateRuntimeConfigDevFile)=“false”(先前值:“true”)
                   C:\Program Files\dotnet\sdk\10.0.201\Sdks\Microsoft.NET.Sdk\targets\Microsoft.NET.Sdk.targets(98,5): message : 在 C:\Program Files\dotnet\sdk\10.0.201\Sdks\Microsoft.NET.Sdk\targets\Microsoft.NET.Sdk.targets (98,5) 处重新分配属性: $(_DefaultUserProfileRuntimeStorePath)=“C:\Users\jim liu”(先前值:“”)
                   C:\Program Files\dotnet\sdk\10.0.201\Sdks\Microsoft.NET.Sdk\targets\Microsoft.NET.Sdk.targets(99,5): message : 在 C:\Program Files\dotnet\sdk\10.0.201\Sdks\Microsoft.NET.Sdk\targets\Microsoft.NET.Sdk.targets (99,5) 处重新分配属性: $(_DefaultUserProfileRuntimeStorePath)=“C:\Users\jim liu\.dotnet\store”(先前值:“C:\Users\jim liu”)
                   C:\Program Files\dotnet\sdk\10.0.201\Sdks\Microsoft.NET.Sdk\targets\Microsoft.NET.Sdk.targets(144,5): message : 在 C:\Program Files\dotnet\sdk\10.0.201\Sdks\Microsoft.NET.Sdk\targets\Microsoft.NET.Sdk.targets (144,5) 处重新分配属性: $(AvailablePlatforms)=“Any CPU,x86,x64,ARM32”(先前值:“Any CPU,x86,x64”)
                   C:\Program Files\dotnet\sdk\10.0.201\Sdks\Microsoft.NET.Sdk\targets\Microsoft.NET.Sdk.targets(148,5): message : 在 C:\Program Files\dotnet\sdk\10.0.201\Sdks\Microsoft.NET.Sdk\targets\Microsoft.NET.Sdk.targets (148,5) 处重新分配属性: $(AvailablePlatforms)=“Any CPU,x86,x64,ARM32,ARM64”(先前值:“Any CPU,x86,x64,ARM32”)
                   C:\Program Files\dotnet\sdk\10.0.201\Sdks\Microsoft.NET.Sdk\targets\Microsoft.NET.Sdk.targets(204,5): message : 在 C:\Program Files\dotnet\sdk\10.0.201\Sdks\Microsoft.NET.Sdk\targets\Microsoft.NET.Sdk.targets (204,5) 处重新分配属性: $(CoreBuildDependsOn)=“
                   C:\Program Files\dotnet\sdk\10.0.201\Sdks\Microsoft.NET.Sdk\targets\Microsoft.NET.Sdk.targets(204,5): message :       _CheckForBuildWithNoBuild;
                   C:\Program Files\dotnet\sdk\10.0.201\Sdks\Microsoft.NET.Sdk\targets\Microsoft.NET.Sdk.targets(204,5): message :       
                   C:\Program Files\dotnet\sdk\10.0.201\Sdks\Microsoft.NET.Sdk\targets\Microsoft.NET.Sdk.targets(204,5): message :       BuildOnlySettings;
                   C:\Program Files\dotnet\sdk\10.0.201\Sdks\Microsoft.NET.Sdk\targets\Microsoft.NET.Sdk.targets(204,5): message :       PrepareForBuild;
                   C:\Program Files\dotnet\sdk\10.0.201\Sdks\Microsoft.NET.Sdk\targets\Microsoft.NET.Sdk.targets(204,5): message :       PreBuildEvent;
                   C:\Program Files\dotnet\sdk\10.0.201\Sdks\Microsoft.NET.Sdk\targets\Microsoft.NET.Sdk.targets(204,5): message :       ResolveReferences;
                   C:\Program Files\dotnet\sdk\10.0.201\Sdks\Microsoft.NET.Sdk\targets\Microsoft.NET.Sdk.targets(204,5): message :       PrepareResources;
                   C:\Program Files\dotnet\sdk\10.0.201\Sdks\Microsoft.NET.Sdk\targets\Microsoft.NET.Sdk.targets(204,5): message :       ResolveKeySource;
                   C:\Program Files\dotnet\sdk\10.0.201\Sdks\Microsoft.NET.Sdk\targets\Microsoft.NET.Sdk.targets(204,5): message :       Compile;
                   C:\Program Files\dotnet\sdk\10.0.201\Sdks\Microsoft.NET.Sdk\targets\Microsoft.NET.Sdk.targets(204,5): message :       ExportWindowsMDFile;
                   C:\Program Files\dotnet\sdk\10.0.201\Sdks\Microsoft.NET.Sdk\targets\Microsoft.NET.Sdk.targets(204,5): message :       UnmanagedUnregistration;
                   C:\Program Files\dotnet\sdk\10.0.201\Sdks\Microsoft.NET.Sdk\targets\Microsoft.NET.Sdk.targets(204,5): message :       GenerateSerializationAssemblies;
                   C:\Program Files\dotnet\sdk\10.0.201\Sdks\Microsoft.NET.Sdk\targets\Microsoft.NET.Sdk.targets(204,5): message :       CreateSatelliteAssemblies;
                   C:\Program Files\dotnet\sdk\10.0.201\Sdks\Microsoft.NET.Sdk\targets\Microsoft.NET.Sdk.targets(204,5): message :       GenerateManifests;
                   C:\Program Files\dotnet\sdk\10.0.201\Sdks\Microsoft.NET.Sdk\targets\Microsoft.NET.Sdk.targets(204,5): message :       GetTargetPath;
                   C:\Program Files\dotnet\sdk\10.0.201\Sdks\Microsoft.NET.Sdk\targets\Microsoft.NET.Sdk.targets(204,5): message :       PrepareForRun;
                   C:\Program Files\dotnet\sdk\10.0.201\Sdks\Microsoft.NET.Sdk\targets\Microsoft.NET.Sdk.targets(204,5): message :       UnmanagedRegistration;
                   C:\Program Files\dotnet\sdk\10.0.201\Sdks\Microsoft.NET.Sdk\targets\Microsoft.NET.Sdk.targets(204,5): message :       IncrementalClean;
                   C:\Program Files\dotnet\sdk\10.0.201\Sdks\Microsoft.NET.Sdk\targets\Microsoft.NET.Sdk.targets(204,5): message :       PostBuildEvent
                   C:\Program Files\dotnet\sdk\10.0.201\Sdks\Microsoft.NET.Sdk\targets\Microsoft.NET.Sdk.targets(204,5): message :     ;
                   C:\Program Files\dotnet\sdk\10.0.201\Sdks\Microsoft.NET.Sdk\targets\Microsoft.NET.Sdk.targets(204,5): message :       GenerateBuildDependencyFile;
                   C:\Program Files\dotnet\sdk\10.0.201\Sdks\Microsoft.NET.Sdk\targets\Microsoft.NET.Sdk.targets(204,5): message :       GenerateBuildRuntimeConfigurationFiles
                   C:\Program Files\dotnet\sdk\10.0.201\Sdks\Microsoft.NET.Sdk\targets\Microsoft.NET.Sdk.targets(204,5): message :     ”(先前值:“
                   C:\Program Files\dotnet\sdk\10.0.201\Sdks\Microsoft.NET.Sdk\targets\Microsoft.NET.Sdk.targets(204,5): message :       BuildOnlySettings;
                   C:\Program Files\dotnet\sdk\10.0.201\Sdks\Microsoft.NET.Sdk\targets\Microsoft.NET.Sdk.targets(204,5): message :       PrepareForBuild;
                   C:\Program Files\dotnet\sdk\10.0.201\Sdks\Microsoft.NET.Sdk\targets\Microsoft.NET.Sdk.targets(204,5): message :       PreBuildEvent;
                   C:\Program Files\dotnet\sdk\10.0.201\Sdks\Microsoft.NET.Sdk\targets\Microsoft.NET.Sdk.targets(204,5): message :       ResolveReferences;
                   C:\Program Files\dotnet\sdk\10.0.201\Sdks\Microsoft.NET.Sdk\targets\Microsoft.NET.Sdk.targets(204,5): message :       PrepareResources;
                   C:\Program Files\dotnet\sdk\10.0.201\Sdks\Microsoft.NET.Sdk\targets\Microsoft.NET.Sdk.targets(204,5): message :       ResolveKeySource;
                   C:\Program Files\dotnet\sdk\10.0.201\Sdks\Microsoft.NET.Sdk\targets\Microsoft.NET.Sdk.targets(204,5): message :       Compile;
                   C:\Program Files\dotnet\sdk\10.0.201\Sdks\Microsoft.NET.Sdk\targets\Microsoft.NET.Sdk.targets(204,5): message :       ExportWindowsMDFile;
                   C:\Program Files\dotnet\sdk\10.0.201\Sdks\Microsoft.NET.Sdk\targets\Microsoft.NET.Sdk.targets(204,5): message :       UnmanagedUnregistration;
                   C:\Program Files\dotnet\sdk\10.0.201\Sdks\Microsoft.NET.Sdk\targets\Microsoft.NET.Sdk.targets(204,5): message :       GenerateSerializationAssemblies;
                   C:\Program Files\dotnet\sdk\10.0.201\Sdks\Microsoft.NET.Sdk\targets\Microsoft.NET.Sdk.targets(204,5): message :       CreateSatelliteAssemblies;
                   C:\Program Files\dotnet\sdk\10.0.201\Sdks\Microsoft.NET.Sdk\targets\Microsoft.NET.Sdk.targets(204,5): message :       GenerateManifests;
                   C:\Program Files\dotnet\sdk\10.0.201\Sdks\Microsoft.NET.Sdk\targets\Microsoft.NET.Sdk.targets(204,5): message :       GetTargetPath;
                   C:\Program Files\dotnet\sdk\10.0.201\Sdks\Microsoft.NET.Sdk\targets\Microsoft.NET.Sdk.targets(204,5): message :       PrepareForRun;
                   C:\Program Files\dotnet\sdk\10.0.201\Sdks\Microsoft.NET.Sdk\targets\Microsoft.NET.Sdk.targets(204,5): message :       UnmanagedRegistration;
                   C:\Program Files\dotnet\sdk\10.0.201\Sdks\Microsoft.NET.Sdk\targets\Microsoft.NET.Sdk.targets(204,5): message :       IncrementalClean;
                   C:\Program Files\dotnet\sdk\10.0.201\Sdks\Microsoft.NET.Sdk\targets\Microsoft.NET.Sdk.targets(204,5): message :       PostBuildEvent
                   C:\Program Files\dotnet\sdk\10.0.201\Sdks\Microsoft.NET.Sdk\targets\Microsoft.NET.Sdk.targets(204,5): message :     ”)
                   C:\Program Files\dotnet\sdk\10.0.201\Sdks\Microsoft.NET.Sdk\targets\Microsoft.NET.Sdk.targets(213,5): message : 在 C:\Program Files\dotnet\sdk\10.0.201\Sdks\Microsoft.NET.Sdk\targets\Microsoft.NET.Sdk.targets (213,5) 处重新分配属性: $(CoreCleanDependsOn)=“
                   C:\Program Files\dotnet\sdk\10.0.201\Sdks\Microsoft.NET.Sdk\targets\Microsoft.NET.Sdk.targets(213,5): message :       _SdkBeforeClean;
                   C:\Program Files\dotnet\sdk\10.0.201\Sdks\Microsoft.NET.Sdk\targets\Microsoft.NET.Sdk.targets(213,5): message :       
                   C:\Program Files\dotnet\sdk\10.0.201\Sdks\Microsoft.NET.Sdk\targets\Microsoft.NET.Sdk.targets(213,5): message :     ”(先前值:“”)
                   C:\Program Files\dotnet\sdk\10.0.201\Sdks\Microsoft.NET.Sdk\targets\Microsoft.NET.Sdk.targets(220,5): message : 在 C:\Program Files\dotnet\sdk\10.0.201\Sdks\Microsoft.NET.Sdk\targets\Microsoft.NET.Sdk.targets (220,5) 处重新分配属性: $(RebuildDependsOn)=“
                   C:\Program Files\dotnet\sdk\10.0.201\Sdks\Microsoft.NET.Sdk\targets\Microsoft.NET.Sdk.targets(220,5): message :       _SdkBeforeRebuild;
                   C:\Program Files\dotnet\sdk\10.0.201\Sdks\Microsoft.NET.Sdk\targets\Microsoft.NET.Sdk.targets(220,5): message :       
                   C:\Program Files\dotnet\sdk\10.0.201\Sdks\Microsoft.NET.Sdk\targets\Microsoft.NET.Sdk.targets(220,5): message :       BeforeRebuild;
                   C:\Program Files\dotnet\sdk\10.0.201\Sdks\Microsoft.NET.Sdk\targets\Microsoft.NET.Sdk.targets(220,5): message :       Clean;
                   C:\Program Files\dotnet\sdk\10.0.201\Sdks\Microsoft.NET.Sdk\targets\Microsoft.NET.Sdk.targets(220,5): message :       Build;
                   C:\Program Files\dotnet\sdk\10.0.201\Sdks\Microsoft.NET.Sdk\targets\Microsoft.NET.Sdk.targets(220,5): message :       AfterRebuild;
                   C:\Program Files\dotnet\sdk\10.0.201\Sdks\Microsoft.NET.Sdk\targets\Microsoft.NET.Sdk.targets(220,5): message :     
                   C:\Program Files\dotnet\sdk\10.0.201\Sdks\Microsoft.NET.Sdk\targets\Microsoft.NET.Sdk.targets(220,5): message :     ”(先前值:“
                   C:\Program Files\dotnet\sdk\10.0.201\Sdks\Microsoft.NET.Sdk\targets\Microsoft.NET.Sdk.targets(220,5): message :       BeforeRebuild;
                   C:\Program Files\dotnet\sdk\10.0.201\Sdks\Microsoft.NET.Sdk\targets\Microsoft.NET.Sdk.targets(220,5): message :       Clean;
                   C:\Program Files\dotnet\sdk\10.0.201\Sdks\Microsoft.NET.Sdk\targets\Microsoft.NET.Sdk.targets(220,5): message :       Build;
                   C:\Program Files\dotnet\sdk\10.0.201\Sdks\Microsoft.NET.Sdk\targets\Microsoft.NET.Sdk.targets(220,5): message :       AfterRebuild;
                   C:\Program Files\dotnet\sdk\10.0.201\Sdks\Microsoft.NET.Sdk\targets\Microsoft.NET.Sdk.targets(220,5): message :     ”)
                   C:\Program Files\dotnet\sdk\10.0.201\Sdks\Microsoft.NET.Sdk\targets\Microsoft.NET.Sdk.targets(799,5): message : 在 C:\Program Files\dotnet\sdk\10.0.201\Sdks\Microsoft.NET.Sdk\targets\Microsoft.NET.Sdk.targets (799,5) 处重新分配属性: $(CompileDependsOn)=“
                   C:\Program Files\dotnet\sdk\10.0.201\Sdks\Microsoft.NET.Sdk\targets\Microsoft.NET.Sdk.targets(799,5): message :       
                   C:\Program Files\dotnet\sdk\10.0.201\Sdks\Microsoft.NET.Sdk\targets\Microsoft.NET.Sdk.targets(799,5): message :       ResolveReferences;
                   C:\Program Files\dotnet\sdk\10.0.201\Sdks\Microsoft.NET.Sdk\targets\Microsoft.NET.Sdk.targets(799,5): message :       ResolveKeySource;
                   C:\Program Files\dotnet\sdk\10.0.201\Sdks\Microsoft.NET.Sdk\targets\Microsoft.NET.Sdk.targets(799,5): message :       SetWin32ManifestProperties;
                   C:\Program Files\dotnet\sdk\10.0.201\Sdks\Microsoft.NET.Sdk\targets\Microsoft.NET.Sdk.targets(799,5): message :       _SetPreferNativeArm64Win32ManifestProperties;
                   C:\Program Files\dotnet\sdk\10.0.201\Sdks\Microsoft.NET.Sdk\targets\Microsoft.NET.Sdk.targets(799,5): message :       FindReferenceAssembliesForReferences;
                   C:\Program Files\dotnet\sdk\10.0.201\Sdks\Microsoft.NET.Sdk\targets\Microsoft.NET.Sdk.targets(799,5): message :       _GenerateCompileInputs;
                   C:\Program Files\dotnet\sdk\10.0.201\Sdks\Microsoft.NET.Sdk\targets\Microsoft.NET.Sdk.targets(799,5): message :       BeforeCompile;
                   C:\Program Files\dotnet\sdk\10.0.201\Sdks\Microsoft.NET.Sdk\targets\Microsoft.NET.Sdk.targets(799,5): message :       _TimeStampBeforeCompile;
                   C:\Program Files\dotnet\sdk\10.0.201\Sdks\Microsoft.NET.Sdk\targets\Microsoft.NET.Sdk.targets(799,5): message :       _GenerateCompileDependencyCache;
                   C:\Program Files\dotnet\sdk\10.0.201\Sdks\Microsoft.NET.Sdk\targets\Microsoft.NET.Sdk.targets(799,5): message :       CoreCompile;
                   C:\Program Files\dotnet\sdk\10.0.201\Sdks\Microsoft.NET.Sdk\targets\Microsoft.NET.Sdk.targets(799,5): message :       _TimeStampAfterCompile;
                   C:\Program Files\dotnet\sdk\10.0.201\Sdks\Microsoft.NET.Sdk\targets\Microsoft.NET.Sdk.targets(799,5): message :       AfterCompile;
                   C:\Program Files\dotnet\sdk\10.0.201\Sdks\Microsoft.NET.Sdk\targets\Microsoft.NET.Sdk.targets(799,5): message :     ;
                   C:\Program Files\dotnet\sdk\10.0.201\Sdks\Microsoft.NET.Sdk\targets\Microsoft.NET.Sdk.targets(799,5): message :       _CreateAppHost;
                   C:\Program Files\dotnet\sdk\10.0.201\Sdks\Microsoft.NET.Sdk\targets\Microsoft.NET.Sdk.targets(799,5): message :       _CreateComHost;
                   C:\Program Files\dotnet\sdk\10.0.201\Sdks\Microsoft.NET.Sdk\targets\Microsoft.NET.Sdk.targets(799,5): message :       _GetIjwHostPaths;
                   C:\Program Files\dotnet\sdk\10.0.201\Sdks\Microsoft.NET.Sdk\targets\Microsoft.NET.Sdk.targets(799,5): message :     ”(先前值:“
                   C:\Program Files\dotnet\sdk\10.0.201\Sdks\Microsoft.NET.Sdk\targets\Microsoft.NET.Sdk.targets(799,5): message :       ResolveReferences;
                   C:\Program Files\dotnet\sdk\10.0.201\Sdks\Microsoft.NET.Sdk\targets\Microsoft.NET.Sdk.targets(799,5): message :       ResolveKeySource;
                   C:\Program Files\dotnet\sdk\10.0.201\Sdks\Microsoft.NET.Sdk\targets\Microsoft.NET.Sdk.targets(799,5): message :       SetWin32ManifestProperties;
                   C:\Program Files\dotnet\sdk\10.0.201\Sdks\Microsoft.NET.Sdk\targets\Microsoft.NET.Sdk.targets(799,5): message :       _SetPreferNativeArm64Win32ManifestProperties;
                   C:\Program Files\dotnet\sdk\10.0.201\Sdks\Microsoft.NET.Sdk\targets\Microsoft.NET.Sdk.targets(799,5): message :       FindReferenceAssembliesForReferences;
                   C:\Program Files\dotnet\sdk\10.0.201\Sdks\Microsoft.NET.Sdk\targets\Microsoft.NET.Sdk.targets(799,5): message :       _GenerateCompileInputs;
                   C:\Program Files\dotnet\sdk\10.0.201\Sdks\Microsoft.NET.Sdk\targets\Microsoft.NET.Sdk.targets(799,5): message :       BeforeCompile;
                   C:\Program Files\dotnet\sdk\10.0.201\Sdks\Microsoft.NET.Sdk\targets\Microsoft.NET.Sdk.targets(799,5): message :       _TimeStampBeforeCompile;
                   C:\Program Files\dotnet\sdk\10.0.201\Sdks\Microsoft.NET.Sdk\targets\Microsoft.NET.Sdk.targets(799,5): message :       _GenerateCompileDependencyCache;
                   C:\Program Files\dotnet\sdk\10.0.201\Sdks\Microsoft.NET.Sdk\targets\Microsoft.NET.Sdk.targets(799,5): message :       CoreCompile;
                   C:\Program Files\dotnet\sdk\10.0.201\Sdks\Microsoft.NET.Sdk\targets\Microsoft.NET.Sdk.targets(799,5): message :       _TimeStampAfterCompile;
                   C:\Program Files\dotnet\sdk\10.0.201\Sdks\Microsoft.NET.Sdk\targets\Microsoft.NET.Sdk.targets(799,5): message :       AfterCompile;
                   C:\Program Files\dotnet\sdk\10.0.201\Sdks\Microsoft.NET.Sdk\targets\Microsoft.NET.Sdk.targets(799,5): message :     ”)
                   C:\Program Files\dotnet\sdk\10.0.201\Sdks\Microsoft.NET.Sdk\targets\Microsoft.NET.Sdk.targets(1131,5): message : 在 C:\Program Files\dotnet\sdk\10.0.201\Sdks\Microsoft.NET.Sdk\targets\Microsoft.NET.Sdk.targets (1131,5) 处重新分配属性: $(CreateSatelliteAssembliesDependsOn)=“
                   C:\Program Files\dotnet\sdk\10.0.201\Sdks\Microsoft.NET.Sdk\targets\Microsoft.NET.Sdk.targets(1131,5): message :       
                   C:\Program Files\dotnet\sdk\10.0.201\Sdks\Microsoft.NET.Sdk\targets\Microsoft.NET.Sdk.targets(1131,5): message :       ;
                   C:\Program Files\dotnet\sdk\10.0.201\Sdks\Microsoft.NET.Sdk\targets\Microsoft.NET.Sdk.targets(1131,5): message :       _GenerateSatelliteAssemblyInputs;
                   C:\Program Files\dotnet\sdk\10.0.201\Sdks\Microsoft.NET.Sdk\targets\Microsoft.NET.Sdk.targets(1131,5): message :       ComputeIntermediateSatelliteAssemblies;
                   C:\Program Files\dotnet\sdk\10.0.201\Sdks\Microsoft.NET.Sdk\targets\Microsoft.NET.Sdk.targets(1131,5): message :       GenerateSatelliteAssemblies
                   C:\Program Files\dotnet\sdk\10.0.201\Sdks\Microsoft.NET.Sdk\targets\Microsoft.NET.Sdk.targets(1131,5): message :     ;
                   C:\Program Files\dotnet\sdk\10.0.201\Sdks\Microsoft.NET.Sdk\targets\Microsoft.NET.Sdk.targets(1131,5): message :       CoreGenerateSatelliteAssemblies
                   C:\Program Files\dotnet\sdk\10.0.201\Sdks\Microsoft.NET.Sdk\targets\Microsoft.NET.Sdk.targets(1131,5): message :     ”(先前值:“
                   C:\Program Files\dotnet\sdk\10.0.201\Sdks\Microsoft.NET.Sdk\targets\Microsoft.NET.Sdk.targets(1131,5): message :       ;
                   C:\Program Files\dotnet\sdk\10.0.201\Sdks\Microsoft.NET.Sdk\targets\Microsoft.NET.Sdk.targets(1131,5): message :       _GenerateSatelliteAssemblyInputs;
                   C:\Program Files\dotnet\sdk\10.0.201\Sdks\Microsoft.NET.Sdk\targets\Microsoft.NET.Sdk.targets(1131,5): message :       ComputeIntermediateSatelliteAssemblies;
                   C:\Program Files\dotnet\sdk\10.0.201\Sdks\Microsoft.NET.Sdk\targets\Microsoft.NET.Sdk.targets(1131,5): message :       GenerateSatelliteAssemblies
                   C:\Program Files\dotnet\sdk\10.0.201\Sdks\Microsoft.NET.Sdk\targets\Microsoft.NET.Sdk.targets(1131,5): message :     ”)
                   C:\Program Files\dotnet\sdk\10.0.201\Sdks\Microsoft.SourceLink.GitLab\build\Microsoft.SourceLink.GitLab.targets(12,5): message : 在 C:\Program Files\dotnet\sdk\10.0.201\Sdks\Microsoft.SourceLink.GitLab\build\Microsoft.SourceLink.GitLab.targets (12,5) 处重新分配属性: $(SourceLinkUrlInitializerTargets)=“;_InitializeGitHubSourceLinkUrl;_InitializeGitLabSourceLinkUrl”(先前值:“;_InitializeGitHubSourceLinkUrl”)
                   C:\Program Files\dotnet\sdk\10.0.201\Sdks\Microsoft.SourceLink.GitLab\build\Microsoft.SourceLink.GitLab.targets(13,5): message : 在 C:\Program Files\dotnet\sdk\10.0.201\Sdks\Microsoft.SourceLink.GitLab\build\Microsoft.SourceLink.GitLab.targets (13,5) 处重新分配属性: $(SourceControlManagerUrlTranslationTargets)=“;TranslateGitHubUrlsInSourceControlInformation;TranslateGitLabUrlsInSourceControlInformation”(先前值:“;TranslateGitHubUrlsInSourceControlInformation”)
                   C:\Program Files\dotnet\sdk\10.0.201\Sdks\Microsoft.SourceLink.AzureRepos.Git\build\Microsoft.SourceLink.AzureRepos.Git.targets(12,5): message : 在 C:\Program Files\dotnet\sdk\10.0.201\Sdks\Microsoft.SourceLink.AzureRepos.Git\build\Microsoft.SourceLink.AzureRepos.Git.targets (12,5) 处重新分配属性: $(SourceLinkUrlInitializerTargets)=“;_InitializeGitHubSourceLinkUrl;_InitializeGitLabSourceLinkUrl;_InitializeAzureReposGitSourceLinkUrl”(先前值:“;_InitializeGitHubSourceLinkUrl;_InitializeGitLabSourceLinkUrl”)
                   C:\Program Files\dotnet\sdk\10.0.201\Sdks\Microsoft.SourceLink.AzureRepos.Git\build\Microsoft.SourceLink.AzureRepos.Git.targets(13,5): message : 在 C:\Program Files\dotnet\sdk\10.0.201\Sdks\Microsoft.SourceLink.AzureRepos.Git\build\Microsoft.SourceLink.AzureRepos.Git.targets (13,5) 处重新分配属性: $(SourceControlManagerUrlTranslationTargets)=“;TranslateGitHubUrlsInSourceControlInformation;TranslateGitLabUrlsInSourceControlInformation;TranslateAzureReposGitUrlsInSourceControlInformation”(先前值:“;TranslateGitHubUrlsInSourceControlInformation;TranslateGitLabUrlsInSourceControlInformation”)
                   C:\Program Files\dotnet\sdk\10.0.201\Sdks\Microsoft.SourceLink.Bitbucket.Git\build\Microsoft.SourceLink.Bitbucket.Git.targets(12,5): message : 在 C:\Program Files\dotnet\sdk\10.0.201\Sdks\Microsoft.SourceLink.Bitbucket.Git\build\Microsoft.SourceLink.Bitbucket.Git.targets (12,5) 处重新分配属性: $(SourceLinkUrlInitializerTargets)=“;_InitializeGitHubSourceLinkUrl;_InitializeGitLabSourceLinkUrl;_InitializeAzureReposGitSourceLinkUrl;_InitializeBitbucketGitSourceLinkUrl”(先前值:“;_InitializeGitHubSourceLinkUrl;_InitializeGitLabSourceLinkUrl;_InitializeAzureReposGitSourceLinkUrl”)
                   C:\Program Files\dotnet\sdk\10.0.201\Sdks\Microsoft.SourceLink.Bitbucket.Git\build\Microsoft.SourceLink.Bitbucket.Git.targets(13,5): message : 在 C:\Program Files\dotnet\sdk\10.0.201\Sdks\Microsoft.SourceLink.Bitbucket.Git\build\Microsoft.SourceLink.Bitbucket.Git.targets (13,5) 处重新分配属性: $(SourceControlManagerUrlTranslationTargets)=“;TranslateGitHubUrlsInSourceControlInformation;TranslateGitLabUrlsInSourceControlInformation;TranslateAzureReposGitUrlsInSourceControlInformation;TranslateBitbucketGitUrlsInSourceControlInformation”(先前值:“;TranslateGitHubUrlsInSourceControlInformation;TranslateGitLabUrlsInSourceControlInformation;TranslateAzureReposGitUrlsInSourceControlInformation”)
                   C:\Program Files\dotnet\sdk\10.0.201\Sdks\Microsoft.NET.Sdk\targets\Microsoft.NET.DesignerSupport.targets(21,5): message : 在 C:\Program Files\dotnet\sdk\10.0.201\Sdks\Microsoft.NET.Sdk\targets\Microsoft.NET.DesignerSupport.targets (21,5) 处重新分配属性: $(DesignerRuntimeImplementationProjectOutputGroupDependsOn)=“
                   C:\Program Files\dotnet\sdk\10.0.201\Sdks\Microsoft.NET.Sdk\targets\Microsoft.NET.DesignerSupport.targets(21,5): message :       
                   C:\Program Files\dotnet\sdk\10.0.201\Sdks\Microsoft.NET.Sdk\targets\Microsoft.NET.DesignerSupport.targets(21,5): message :       ;
                   C:\Program Files\dotnet\sdk\10.0.201\Sdks\Microsoft.NET.Sdk\targets\Microsoft.NET.DesignerSupport.targets(21,5): message :       
                   C:\Program Files\dotnet\sdk\10.0.201\Sdks\Microsoft.NET.Sdk\targets\Microsoft.NET.DesignerSupport.targets(21,5): message :       ;
                   C:\Program Files\dotnet\sdk\10.0.201\Sdks\Microsoft.NET.Sdk\targets\Microsoft.NET.DesignerSupport.targets(21,5): message :       BuildOnlySettings;
                   C:\Program Files\dotnet\sdk\10.0.201\Sdks\Microsoft.NET.Sdk\targets\Microsoft.NET.DesignerSupport.targets(21,5): message :       PrepareForBuild;
                   C:\Program Files\dotnet\sdk\10.0.201\Sdks\Microsoft.NET.Sdk\targets\Microsoft.NET.DesignerSupport.targets(21,5): message :       AssignTargetPaths;
                   C:\Program Files\dotnet\sdk\10.0.201\Sdks\Microsoft.NET.Sdk\targets\Microsoft.NET.DesignerSupport.targets(21,5): message :       ResolveReferences
                   C:\Program Files\dotnet\sdk\10.0.201\Sdks\Microsoft.NET.Sdk\targets\Microsoft.NET.DesignerSupport.targets(21,5): message :     
                   C:\Program Files\dotnet\sdk\10.0.201\Sdks\Microsoft.NET.Sdk\targets\Microsoft.NET.DesignerSupport.targets(21,5): message :     ;
                   C:\Program Files\dotnet\sdk\10.0.201\Sdks\Microsoft.NET.Sdk\targets\Microsoft.NET.DesignerSupport.targets(21,5): message :       _GenerateDesignerDepsFile;
                   C:\Program Files\dotnet\sdk\10.0.201\Sdks\Microsoft.NET.Sdk\targets\Microsoft.NET.DesignerSupport.targets(21,5): message :       _GenerateDesignerRuntimeConfigFile;
                   C:\Program Files\dotnet\sdk\10.0.201\Sdks\Microsoft.NET.Sdk\targets\Microsoft.NET.DesignerSupport.targets(21,5): message :       GetCopyToOutputDirectoryItems;
                   C:\Program Files\dotnet\sdk\10.0.201\Sdks\Microsoft.NET.Sdk\targets\Microsoft.NET.DesignerSupport.targets(21,5): message :       _GatherDesignerShadowCopyFiles;
                   C:\Program Files\dotnet\sdk\10.0.201\Sdks\Microsoft.NET.Sdk\targets\Microsoft.NET.DesignerSupport.targets(21,5): message :     ”(先前值:“
                   C:\Program Files\dotnet\sdk\10.0.201\Sdks\Microsoft.NET.Sdk\targets\Microsoft.NET.DesignerSupport.targets(21,5): message :       ;
                   C:\Program Files\dotnet\sdk\10.0.201\Sdks\Microsoft.NET.Sdk\targets\Microsoft.NET.DesignerSupport.targets(21,5): message :       
                   C:\Program Files\dotnet\sdk\10.0.201\Sdks\Microsoft.NET.Sdk\targets\Microsoft.NET.DesignerSupport.targets(21,5): message :       ;
                   C:\Program Files\dotnet\sdk\10.0.201\Sdks\Microsoft.NET.Sdk\targets\Microsoft.NET.DesignerSupport.targets(21,5): message :       BuildOnlySettings;
                   C:\Program Files\dotnet\sdk\10.0.201\Sdks\Microsoft.NET.Sdk\targets\Microsoft.NET.DesignerSupport.targets(21,5): message :       PrepareForBuild;
                   C:\Program Files\dotnet\sdk\10.0.201\Sdks\Microsoft.NET.Sdk\targets\Microsoft.NET.DesignerSupport.targets(21,5): message :       AssignTargetPaths;
                   C:\Program Files\dotnet\sdk\10.0.201\Sdks\Microsoft.NET.Sdk\targets\Microsoft.NET.DesignerSupport.targets(21,5): message :       ResolveReferences
                   C:\Program Files\dotnet\sdk\10.0.201\Sdks\Microsoft.NET.Sdk\targets\Microsoft.NET.DesignerSupport.targets(21,5): message :     
                   C:\Program Files\dotnet\sdk\10.0.201\Sdks\Microsoft.NET.Sdk\targets\Microsoft.NET.DesignerSupport.targets(21,5): message :     ”)
                   C:\Program Files\dotnet\sdk\10.0.201\Sdks\Microsoft.NET.Sdk\targets\Microsoft.NET.Sdk.CSharp.targets(31,5): message : 在 C:\Program Files\dotnet\sdk\10.0.201\Sdks\Microsoft.NET.Sdk\targets\Microsoft.NET.Sdk.CSharp.targets (31,5) 处重新分配属性: $(DefineConstants)=“TRACE;DEBUG”(先前值:“TRACE”)
                   C:\Program Files\dotnet\sdk\10.0.201\Sdks\Microsoft.NET.Sdk\targets\Microsoft.NET.Sdk.CSharp.targets(45,5): message : 在 C:\Program Files\dotnet\sdk\10.0.201\Sdks\Microsoft.NET.Sdk\targets\Microsoft.NET.Sdk.CSharp.targets (45,5) 处重新分配属性: $(WarningsAsErrors)=“;NU1605;SYSLIB0011”(先前值:“;NU1605”)
                   C:\Program Files\dotnet\sdk\10.0.201\NuGet.Build.Tasks.Pack.targets(34,5): message : 在 C:\Program Files\dotnet\sdk\10.0.201\NuGet.Build.Tasks.Pack.targets (34,5) 处重新分配属性: $(PackageDescription)=“Package Description”(先前值:“”)
                   C:\Program Files\dotnet\sdk\10.0.201\NuGet.Build.Tasks.Pack.targets(59,5): message : 在 C:\Program Files\dotnet\sdk\10.0.201\NuGet.Build.Tasks.Pack.targets (59,5) 处重新分配属性: $(GenerateNuspecDependsOn)=“Build;_LoadPackInputItems; _GetTargetFrameworksOutput; _WalkEachTargetPerFramework; _GetPackageFiles; ”(先前值:“_LoadPackInputItems; _GetTargetFrameworksOutput; _WalkEachTargetPerFramework; _GetPackageFiles; ”)
                   C:\Program Files\dotnet\sdk\10.0.201\Sdks\Microsoft.NET.Sdk\Sdk\Sdk.targets(59,5): message : 在 C:\Program Files\dotnet\sdk\10.0.201\Sdks\Microsoft.NET.Sdk\Sdk\Sdk.targets (59,5) 处重新分配属性: $(_IsNotSetContainersTargetsDir)=“true”(先前值:“false”)
                   C:\Program Files\dotnet\sdk\10.0.201\Containers\build\Microsoft.NET.Build.Containers.targets(5,5): message : 在 C:\Program Files\dotnet\sdk\10.0.201\Containers\build\Microsoft.NET.Build.Containers.targets (5,5) 处重新分配属性: $(_IsSDKContainerAllowedVersion)=“true”(先前值:“false”)
                   C:\Program Files\dotnet\sdk\10.0.201\Containers\build\Microsoft.NET.Build.Containers.targets(15,5): message : 在 C:\Program Files\dotnet\sdk\10.0.201\Containers\build\Microsoft.NET.Build.Containers.targets (15,5) 处重新分配属性: $(_ContainerIsTargetingNet8TFM)=“true”(先前值:“false”)
                   正在使用项目“C:\Program Files\dotnet\sdk\10.0.201\Sdks\Microsoft.NET.Sdk\targets\Microsoft.NET.Sdk.FrameworkReferenceResolution.targets”中的目标“ResolveFrameworkReferences”重写项目“C:\Program Files\dotnet\sdk\10.0.201\Microsoft.Common.CurrentVersion.targets”中的目标“ResolveFrameworkReferences”。
                   正在使用项目“C:\Program Files\dotnet\sdk\10.0.201\Sdks\Microsoft.NET.Sdk\targets\Microsoft.NET.Sdk.targets”中的目标“GenerateSupportedTargetFrameworkAlias”重写项目“C:\Program Files\dotnet\sdk\10.0.201\Microsoft.Common.CurrentVersion.targets”中的目标“GenerateSupportedTargetFrameworkAlias”。
                   正在使用项目“C:\Program Files\dotnet\sdk\10.0.201\Sdks\Microsoft.NET.Sdk\targets\Microsoft.NET.DisableStandardFrameworkResolution.targets”中的目标“GetReferenceAssemblyPaths”重写项目“C:\Program Files\dotnet\sdk\10.0.201\Microsoft.Common.CurrentVersion.targets”中的目标“GetReferenceAssemblyPaths”。
                   正在使用项目“C:\Program Files\dotnet\sdk\10.0.201\Sdks\Microsoft.NET.Sdk\targets\Microsoft.NET.DisableStandardFrameworkResolution.targets”中的目标“GetFrameworkPaths”重写项目“C:\Program Files\dotnet\sdk\10.0.201\Microsoft.Common.CurrentVersion.targets”中的目标“GetFrameworkPaths”。
                   正在使用项目“C:\Program Files\dotnet\sdk\10.0.201\Sdks\Microsoft.NET.Sdk\targets\Microsoft.NET.DesignerSupport.targets”中的目标“DesignerRuntimeImplementationProjectOutputGroup”重写项目“C:\Program Files\dotnet\sdk\10.0.201\Microsoft.Common.CurrentVersion.targets”中的目标“DesignerRuntimeImplementationProjectOutputGroup”。
                   正在使用项目“C:\Program Files\dotnet\sdk\10.0.201\Sdks\Microsoft.NET.Sdk\targets\Microsoft.NET.Publish.targets”中的目标“Publish”重写项目“C:\Program Files\dotnet\sdk\10.0.201\Microsoft.Common.CurrentVersion.targets”中的目标“Publish”。
                   正在使用项目“C:\Program Files\dotnet\sdk\10.0.201\Sdks\Microsoft.NET.Sdk\targets\Microsoft.NET.Publish.targets”中的目标“ResolveReadyToRunCompilers”重写项目“C:\Program Files\dotnet\sdk\10.0.201\Sdks\Microsoft.NET.Sdk\targets\Microsoft.NET.CrossGen.targets”中的目标“ResolveReadyToRunCompilers”。
                   正在使用项目“C:\Program Files\dotnet\sdk\10.0.201\Sdks\Microsoft.NET.Sdk\targets\Microsoft.NET.Publish.targets”中的目标“GetCopyToPublishDirectoryItems”重写项目“C:\Program Files\dotnet\sdk\10.0.201\Microsoft.Common.CurrentVersion.targets”中的目标“GetCopyToPublishDirectoryItems”。
                   正在使用项目“C:\Program Files\dotnet\sdk\10.0.201\Sdks\Microsoft.NET.Sdk\targets\Microsoft.NET.Sdk.targets”中的目标“Run”重写项目“C:\Program Files\dotnet\sdk\10.0.201\Microsoft.Common.CurrentVersion.targets”中的目标“Run”。
13:40:41.973     0>初始属性:
                   __WindowsAppSdkDefaultImageIncludes = **/*.png;**/*.bmp;**/*.jpg;**/*.dds;**/*.tif;**/*.tga;**/*.gif
                   _AfterSdkPublishDependsOn = Publish
                   _ApiCompatValidatePackageSemaphoreFile = obj\Debug\net10.0\Microsoft.NET.ApiCompat.ValidatePackage.semaphore
                   _BeforePublishNoBuildTargets = 
                         BuildOnlySettings;
                         _PreventProjectReferencesFromBuilding;
                         ResolveReferences;
                         PrepareResourceNames;
                         ComputeIntermediateSatelliteAssemblies;
                         ComputeEmbeddedApphostPaths;
                       
                   _BinaryFormatterObsoleteAsError = true
                   _BuildTasksAssemblyName = Microsoft.Build.Tasks.CodeAnalysis
                   _BuildTasksDirectory = C:\Program Files\dotnet\sdk\10.0.201\Sdks\Microsoft.NET.Sdk\targets\..\..\..\Roslyn\
                   _ContainerIsSelfContained = false
                   _ContainerIsTargetingNet8TFM = true
                   _ContainersTargetsDir = C:\Program Files\dotnet\sdk\10.0.201\Sdks\Microsoft.NET.Sdk\Sdk\..\..\..\Containers\build\
                   _CorePublishTargets = 
                         PrepareForPublish;
                         ComputeAndCopyFilesToPublishDirectory;
                         ;
                         PublishItemsOutputGroup;
                       
                   _DebugSymbolsProduced = true
                   _DefaultArtifactsPathPropsImported = true
                   _DefaultUserProfileRuntimeStorePath = C:\Users\jim liu\.dotnet\store
                   _DeploymentApplicationManifestIdentity = Native.WinFormsApp1.Infrastructure
                   _DeploymentBuiltUpdateInterval = 0
                   _DeploymentBuiltUpdateIntervalUnits = Days
                   _DeploymentDeployManifestIdentity = WinFormsApp1.Infrastructure.application
                   _DeploymentFileMappingExtension = 
                   _DeploymentLauncherBased = true
                   _DeploymentTargetApplicationManifestFileName = Native.WinFormsApp1.Infrastructure.manifest
                   _DeploymentUrl = 
                   _DesignerDepsFileName = WinFormsApp1.Infrastructure.designer.deps.json
                   _DesignerDepsFilePath = obj\Debug\net10.0\WinFormsApp1.Infrastructure.designer.deps.json
                   _DesignerRuntimeConfigFileName = WinFormsApp1.Infrastructure.designer.runtimeconfig.json
                   _DesignerRuntimeConfigFilePath = obj\Debug\net10.0\WinFormsApp1.Infrastructure.designer.runtimeconfig.json
                   _DirectoryBuildPropsBasePath = F:\C#\WinFormsApp1.WpfRefactor
                   _DirectoryBuildPropsFile = Directory.Build.props
                   _DirectoryBuildTargetsBasePath = 
                   _DirectoryBuildTargetsFile = Directory.Build.targets
                   _DirectoryPackagesPropsBasePath = 
                   _DirectoryPackagesPropsFile = Directory.Packages.props
                   _DocumentationFileProduced = false
                   _DotNetAppHostExecutableName = apphost
                   _DotNetAppHostExecutableNameWithoutExtension = apphost
                   _DotNetComHostLibraryName = comhost
                   _DotNetComHostLibraryNameWithoutExtension = comhost
                   _DotNetHostExecutableName = dotnet
                   _DotNetHostFxrLibraryName = libhostfxr.so
                   _DotNetHostPolicyLibraryName = libhostpolicy.so
                   _DotNetIjwHostLibraryName = Ijwhost
                   _DotNetIjwHostLibraryNameWithoutExtension = Ijwhost
                   _DotNetSingleFileHostExecutableNameWithoutExtension = singlefilehost
                   _EnableDefaultWindowsPlatform = false
                   _FirstTargetFrameworkToSupportAot = net7.0
                   _FirstTargetFrameworkToSupportSingleFile = net6.0
                   _FirstTargetFrameworkToSupportTrimming = net6.0
                   _FirstTargetFrameworkVersionToSupportAotAnalyzer = 7.0
                   _FirstTargetFrameworkVersionToSupportSingleFileAnalyzer = 6.0
                   _FirstTargetFrameworkVersionToSupportTrimAnalyzer = 6.0
                   _GenerateBindingRedirectsIntermediateAppConfig = obj\Debug\net10.0\WinFormsApp1.Infrastructure.dll.config
                   _GeneratePublishDependencyFilePropertyInputsCache = F:\C#\WinFormsApp1.WpfRefactor\WinFormsApp1.Infrastructure\obj\Debug\net10.0\WinFormsApp1.Infrastructure.genpublishdeps.cache
                   _GenerateRestoreGraphProjectEntryInputProperties = ExcludeRestorePackageImports=true
                   _GenerateRuntimeConfigurationPropertyInputsCache = F:\C#\WinFormsApp1.WpfRefactor\WinFormsApp1.Infrastructure\obj\Debug\net10.0\WinFormsApp1.Infrastructure.genruntimeconfig.cache
                   _GenerateSingleFileBundlePropertyInputsCache = F:\C#\WinFormsApp1.WpfRefactor\WinFormsApp1.Infrastructure\obj\Debug\net10.0\WinFormsApp1.Infrastructure.genbundle.cache
                   _GenerateSourceLinkFileBeforeTargets = CoreCompile
                   _GenerateSourceLinkFileDependsOnTargets = 
                   _GenerateSupportedRuntimeIntermediateAppConfig = obj\Debug\net10.0\WinFormsApp1.Infrastructure.dll.withSupportedRuntime.config
                   _GetChildProjectCopyToOutputDirectoryItems = true
                   _GetChildProjectCopyToPublishDirectoryItems = true
                   _InitialBaseIntermediateOutputPath = obj\
                   _InitialMSBuildProjectExtensionsPath = F:\C#\WinFormsApp1.WpfRefactor\WinFormsApp1.Infrastructure\obj\
                   _IsDisjointMSBuildVersion = False
                   _IsNETCoreOrNETStandard = true
                   _IsNotSetContainersTargetsDir = true
                   _IsSDKContainerAllowedVersion = true
                   _LatestAnalysisLevel = 10.0
                   _MaxAvailableLangVersion = 14.0
                   _MaxSupportedLangVersion = 14.0
                   _MicrosoftSourceLinkCommonAssemblyFile = C:\Program Files\dotnet\sdk\10.0.201\Sdks\Microsoft.SourceLink.Common\build\..\tools\net\Microsoft.SourceLink.Common.dll
                   _MinimumNonEolSupportedNetCoreTargetFramework = net8.0
                   _MSBuildVersionMajorMinor = 18.3
                   _NativeLibraryExtension = .so
                   _NativeLibraryPrefix = lib
                   _NETAnalyzersSDKAssemblyVersion = 10.0.201
                   _NETCoreSdkIsPreview = false
                   _NetFrameworkHostedCompilersVersion = 5.3.0-2.26153.122
                   _NoneAnalysisLevel = 4.0
                   _NugetFallbackFolder = C:\Program Files\dotnet\sdk\10.0.201\Sdks\Microsoft.NET.Sdk\targets\..\..\..\..\NuGetFallbackFolder
                   _NugetTargetMonikerAndRID = .NETCoreApp,Version=v10.0
                   _OriginalConfiguration = Debug
                   _OriginalPlatform = AnyCPU
                   _PlatformWithoutConfigurationInference = AnyCPU
                   _PreviewAnalysisLevel = 11.0
                   _ProjectDefaultTargets = Build
                   _PublishNoBuildAlternativeDependsOn = 
                         BuildOnlySettings;
                         _PreventProjectReferencesFromBuilding;
                         ResolveReferences;
                         PrepareResourceNames;
                         ComputeIntermediateSatelliteAssemblies;
                         ComputeEmbeddedApphostPaths;
                       ;
                         PrepareForPublish;
                         ComputeAndCopyFilesToPublishDirectory;
                         ;
                         PublishItemsOutputGroup;
                       
                   _PublishProfileDesignerFolder = Properties
                   _PublishProfileRootFolder = F:\C#\WinFormsApp1.WpfRefactor\WinFormsApp1.Infrastructure\Properties\PublishProfiles\
                   _RecursiveTargetForContentCopying = GetCopyToOutputDirectoryItems
                   _ResolveReferenceDependencies = false
                   _SGenDllCreated = false
                   _SGenDllName = WinFormsApp1.Infrastructure.XmlSerializers.dll
                   _SGenGenerateSerializationAssembliesConfig = Off
                   _SourceLinkAzureReposGitAssemblyFile = C:\Program Files\dotnet\sdk\10.0.201\Sdks\Microsoft.SourceLink.AzureRepos.Git\build\..\tools\net\Microsoft.SourceLink.AzureRepos.Git.dll
                   _SourceLinkBitbucketAssemblyFile = C:\Program Files\dotnet\sdk\10.0.201\Sdks\Microsoft.SourceLink.Bitbucket.Git\build\..\tools\net\Microsoft.SourceLink.Bitbucket.Git.dll
                   _SourceLinkGitHubAssemblyFile = C:\Program Files\dotnet\sdk\10.0.201\Sdks\Microsoft.SourceLink.GitHub\build\..\tools\net\Microsoft.SourceLink.GitHub.dll
                   _SourceLinkGitLabAssemblyFile = C:\Program Files\dotnet\sdk\10.0.201\Sdks\Microsoft.SourceLink.GitLab\build\..\tools\net\Microsoft.SourceLink.GitLab.dll
                   _SourceLinkPropsImported = true
                   _SourceLinkSdkSubDir = build
                   _SupportedArchitectures = amd64 arm64
                   _SupportedPlatformList = @(SupportedPlatform, ',')
                   _TargetFrameworkDirectories = 
                   _TargetFrameworkVersionValue = 0.0
                   _TargetFrameworkVersionWithoutV = 10.0
                   _TargetLatestRuntimePatchIsDefault = true
                   _TargetPlatformVersionUsesCsWinRT3 = false
                   _TargetsThatPrepareProjectReferences = 
                         AssignProjectConfiguration;
                         _SplitProjectReferencesByFileExistence
                       
                   _UseAttributeForTargetFrameworkInfoPropertyNames = true
                   _UsingDefaultForHasRuntimeOutput = true
                   _UsingDefaultPlatformTarget = true
                   _WindowsDesktopSdkTargetFrameworkVersionFloor = 3.0
                   _WorkloadLibraryPacksFolder = C:\Program Files\dotnet\library-packs
                   AddAdditionalExplicitAssemblyReferences = false
                   AllowedOutputExtensionsInPackageBuildOutputFolder = .dll; .exe; .winmd; .json; .pri; .xml ;
                   AllowedOutputExtensionsInSymbolsPackageBuildOutputFolder = .pdb; .mdb; .dll; .exe; .winmd; .json; .pri; .xml ;; 
                   AllowedReferenceAssemblyFileExtensions = 
                         .winmd;
                         .dll;
                         .exe
                       
                   AllowedReferenceRelatedFileExtensions = 
                         .pdb;
                         .xml;
                         .pri;
                         .dll.config;
                         .exe.config
                       
                   AllowUnsafeBlocks = false
                   AlwaysIncludeCoreFrameworkInRuntimeConfig = true
                   AlwaysUseNumericalSuffixInItemNames = true
                   AnalysisLevel = latest
                   AppDesignerFolder = Properties
                   AppendPlatformToOutputPath = false
                   AppendRuntimeIdentifierToOutputPath = true
                   AppendTargetFrameworkToOutputPath = true
                   AssemblyFoldersConfigFile = C:\Program Files\dotnet\sdk\10.0.201\AssemblyFolders.config
                   AssemblyFoldersSuffix = AssemblyFoldersEx
                   AssemblyName = WinFormsApp1.Infrastructure
                   AssemblySearchPaths = {CandidateAssemblyFiles};{HintPathFromItem};{TargetFrameworkDirectory};{RawFileName}
                   AssemblyTitle = WinFormsApp1.Infrastructure
                   AssetTargetFallback = ;net461;net462;net47;net471;net472;net48;net481
                   AssignTargetPathsDependsOn = 
                   Authors = WinFormsApp1.Infrastructure
                   AutomaticallyUseReferenceAssemblyPackages = true
                   AutoUnifyAssemblyReferences = true
                   AvailablePlatforms = Any CPU,x86,x64,ARM32,ARM64
                   BaseIntermediateOutputPath = obj\
                   BaseOutputPath = bin\
                   BaseOutputPathWasSpecified = true
                   BuildCompileAction = Build
                   BuildDependsOn = 
                         BeforeBuild;
                         CoreBuild;
                         AfterBuild
                       
                   BuildGenerateSourcesAction = Build
                   BuildingProject = false
                   BuildInParallel = true
                   BuildLinkAction = Build
                   BuildOutputTargetFolder = lib
                   BuildProjectReferences = true
                   BuiltProjectOutputGroupDependenciesDependsOn = 
                         ;
                         
                         ;
                         BuildOnlySettings;
                         PrepareForBuild;
                         AssignTargetPaths;
                         ResolveReferences
                       
                       
                   BuiltProjectOutputGroupDependsOn = PrepareForBuild
                   BundledMSBuildVersion = 18.3.0
                   BundledNETCoreAppPackageVersion = 10.0.5
                   BundledNETCoreAppTargetFrameworkVersion = 10.0
                   BundledNETCorePlatformsPackageVersion = 10.0.5-servicing.26153.111
                   BundledNETStandardPackageVersion = 2.1.0
                   BundledNETStandardTargetFrameworkVersion = 2.1
                   BundledRuntimeIdentifierGraphFile = C:\Program Files\dotnet\sdk\10.0.201\RuntimeIdentifierGraph.json
                   CheckEolWorkloads = true
                   CheckForOverflowUnderflow = false
                   CleanDependsOn = 
                         BeforeClean;
                         UnmanagedUnregistration;
                         CoreClean;
                         CleanReferencedProjects;
                         CleanPublishFolder;
                         AfterClean
                       
                   CleanFile = WinFormsApp1.Infrastructure.csproj.FileListAbsolute.txt
                   ClickOncePublishDir = bin\Debug\net10.0\publish\
                   CodeAnalysisRuleIds = CA1000;CA1001;CA1002;CA1003;CA1005;CA1008;CA1010;CA1012;CA1014;CA1016;CA1017;CA1018;CA1019;CA1021;CA1024;CA1027;CA1028;CA1030;CA1031;CA1032;CA1033;CA1034;CA1036;CA1040;CA1041;CA1043;CA1044;CA1045;CA1046;CA1047;CA1050;CA1051;CA1052;CA1054;CA1055;CA1056;CA1058;CA1060;CA1061;CA1062;CA1063;CA1064;CA1065;CA1066;CA1067;CA1068;CA1069;CA1070;CA1200;CA1303;CA1304;CA1305;CA1307;CA1308;CA1309;CA1310;CA1311;CA1401;CA1416;CA1417;CA1418;CA1419;CA1420;CA1421;CA1422;CA1501;CA1502;CA1505;CA1506;CA1507;CA1508;CA1509;CA1510;CA1511;CA1512;CA1513;CA1514;CA1515;CA1516;CA1700;CA1707;CA1708;CA1710;CA1711;CA1712;CA1713;CA1715;CA1716;CA1720;CA1721;CA1724;CA1725;CA1727;CA1802;CA1805;CA1806;CA1810;CA1812;CA1813;CA1814;CA1815;CA1816;CA1819;CA1820;CA1821;CA1822;CA1823;CA1824;CA1825;CA1826;CA1827;CA1828;CA1829;CA1830;CA1831;CA1832;CA1833;CA1834;CA1835;CA1836;CA1837;CA1838;CA1839;CA1840;CA1841;CA1842;CA1843;CA1844;CA1845;CA1846;CA1847;CA1848;CA1849;CA1850;CA1851;CA1852;CA1853;CA1854;CA1855;CA1856;CA1857;CA1858;CA1859;CA1860;CA1861;CA1862;CA1863;CA1864;CA1865;CA1866;CA1867;CA1868;CA1869;CA1870;CA1871;CA1872;CA1873;CA1874;CA1875;CA2000;CA2002;CA2007;CA2008;CA2009;CA2011;CA2012;CA2013;CA2014;CA2015;CA2016;CA2017;CA2018;CA2019;CA2020;CA2021;CA2022;CA2023;CA2024;CA2025;CA2100;CA2101;CA2119;CA2153;CA2200;CA2201;CA2207;CA2208;CA2211;CA2213;CA2214;CA2215;CA2216;CA2217;CA2218;CA2219;CA2224;CA2225;CA2226;CA2227;CA2231;CA2234;CA2235;CA2237;CA2241;CA2242;CA2243;CA2244;CA2245;CA2246;CA2247;CA2248;CA2249;CA2250;CA2251;CA2252;CA2253;CA2254;CA2255;CA2256;CA2257;CA2258;CA2259;CA2260;CA2261;CA2262;CA2263;CA2264;CA2265;CA2300;CA2301;CA2302;CA2305;CA2310;CA2311;CA2312;CA2315;CA2321;CA2322;CA2326;CA2327;CA2328;CA2329;CA2330;CA2350;CA2351;CA2352;CA2353;CA2354;CA2355;CA2356;CA2361;CA2362;CA3001;CA3002;CA3003;CA3004;CA3005;CA3006;CA3007;CA3008;CA3009;CA3010;CA3011;CA3012;CA3061;CA3075;CA3076;CA3077;CA3147;CA5350;CA5351;CA5358;CA5359;CA5360;CA5361;CA5362;CA5363;CA5364;CA5365;CA5366;CA5367;CA5368;CA5369;CA5370;CA5371;CA5372;CA5373;CA5374;CA5375;CA5376;CA5377;CA5378;CA5379;CA5380;CA5381;CA5382;CA5383;CA5384;CA5385;CA5386;CA5387;CA5388;CA5389;CA5390;CA5391;CA5392;CA5393;CA5394;CA5395;CA5396;CA5397;CA5398;CA5399;CA5400;CA5401;CA5402;CA5403;CA5404;CA5405
                   CodeAnalysisTargets = C:\Program Files\dotnet\sdk\10.0.201\Microsoft\VisualStudio\v18.0\CodeAnalysis\Microsoft.CodeAnalysis.targets
                   CommandLineArgsForDesignTimeEvaluation = -langversion:14.0 -define:TRACE
                   CommonOutputGroupsDependsOn = 
                         ;
                         BuildOnlySettings;
                         PrepareForBuild;
                         AssignTargetPaths;
                         ResolveReferences
                       
                   CommonTargetsPath = C:\Program Files\dotnet\sdk\10.0.201\Microsoft.Common.CurrentVersion.targets
                   CommonXamlResourcesDirectory = C:\Program Files\dotnet\sdk\10.0.201\\
                   Company = WinFormsApp1.Infrastructure
                   CompileDependsOn = 
                         
                         ResolveReferences;
                         ResolveKeySource;
                         SetWin32ManifestProperties;
                         _SetPreferNativeArm64Win32ManifestProperties;
                         FindReferenceAssembliesForReferences;
                         _GenerateCompileInputs;
                         BeforeCompile;
                         _TimeStampBeforeCompile;
                         _GenerateCompileDependencyCache;
                         CoreCompile;
                         _TimeStampAfterCompile;
                         AfterCompile;
                       ;
                         _CreateAppHost;
                         _CreateComHost;
                         _GetIjwHostPaths;
                       
                   CompileLicxFilesDependsOn = 
                   CompilerApiVersion = roslyn5.3
                   CompilerGeneratedFilesOutputPath = 
                   COMPLUS_FusionEnableForcedFullClosureWalk = 1
                   COMPlus_ThreadPool_UsePortableThreadPool = 0
                   ComputeIntermediateSatelliteAssembliesDependsOn = 
                         CreateManifestResourceNames
                       
                   ComputeNETCoreBuildOutputFiles = true
                   ComReferenceExecuteAsTool = false
                   ComReferenceNoClassMembers = false
                   Configuration = Debug
                   ConfigurationName = Debug
                   Configurations = Debug;Release
                   ConsiderPlatformAsProcessorArchitecture = true
                   ContainerCustomTasksAssembly = C:\Program Files\dotnet\sdk\10.0.201\Containers\build\..\tasks\net10.0\Microsoft.NET.Build.Containers.dll
                   ContainerCustomTasksFolder = C:\Program Files\dotnet\sdk\10.0.201\Containers\build\..\tasks\net10.0\
                   ContainerizeFolder = C:\Program Files\dotnet\sdk\10.0.201\Containers\build\..\containerize\
                   ContainerizeFolderName = containerize
                   ContainerTaskFolderName = tasks
                   ContainerTaskFramework = net10.0
                   ContentFilesProjectOutputGroupDependsOn = PrepareForBuild;AssignTargetPaths
                   ContentPreprocessorOutputDirectory = obj\Debug\net10.0\NuGet\
                   ContentTargetFolders = content;contentFiles
                   ContinueOnError = false
                   CopyBuildOutputToPublishDirectory = true
                   CopyConflictingTransitiveContent = false
                   CopyLocalLockFileAssemblies = false
                   CopyOutputSymbolsToPublishDirectory = true
                   CoreBuildDependsOn = 
                         _CheckForBuildWithNoBuild;
                         
                         BuildOnlySettings;
                         PrepareForBuild;
                         PreBuildEvent;
                         ResolveReferences;
                         PrepareResources;
                         ResolveKeySource;
                         Compile;
                         ExportWindowsMDFile;
                         UnmanagedUnregistration;
                         GenerateSerializationAssemblies;
                         CreateSatelliteAssemblies;
                         GenerateManifests;
                         GetTargetPath;
                         PrepareForRun;
                         UnmanagedRegistration;
                         IncrementalClean;
                         PostBuildEvent
                       ;
                         GenerateBuildDependencyFile;
                         GenerateBuildRuntimeConfigurationFiles
                       
                   CoreCleanDependsOn = 
                         _SdkBeforeClean;
                         
                       
                   CoreCompileDependsOn = ;_ComputeNonExistentFileProperty;ResolveCodeAnalysisRuleSet
                   CoreResGenDependsOn = FindReferenceAssembliesForReferences
                   CreateCustomManifestResourceNamesDependsOn = 
                   CreateHardLinksForCopyAdditionalFilesIfPossible = false
                   CreateManifestResourceNamesDependsOn = 
                   CreateSatelliteAssembliesDependsOn = 
                         
                         ;
                         _GenerateSatelliteAssemblyInputs;
                         ComputeIntermediateSatelliteAssemblies;
                         GenerateSatelliteAssemblies
                       ;
                         CoreGenerateSatelliteAssemblies
                       
                   CreateSymbolicLinksForCopyAdditionalFilesIfPossible = false
                   CSharpCoreTargetsPath = C:\Program Files\dotnet\sdk\10.0.201\Sdks\Microsoft.NET.Sdk\targets\..\..\..\Roslyn\Microsoft.CSharp.Core.targets
                   CSharpDesignTimeTargetsPath = C:\Program Files\dotnet\sdk\10.0.201\\Microsoft\VisualStudio\Managed\Microsoft.CSharp.DesignTime.targets
                   CSharpTargetsPath = C:\Program Files\dotnet\sdk\10.0.201\Microsoft.CSharp.CurrentVersion.targets
                   CustomAfterDirectoryBuildProps = ;C:\Program Files\dotnet\sdk\10.0.201\Sdks\Microsoft.NET.Sdk\Sdk\UseArtifactsOutputPath.props
                   CustomAfterMicrosoftCommonProps = C:\Program Files\dotnet\sdk\10.0.201\\vCurrent\Custom.After.Microsoft.Common.props
                   CustomAfterMicrosoftCommonTargets = C:\Program Files\dotnet\sdk\10.0.201\\vCurrent\Custom.After.Microsoft.Common.targets
                   CustomAfterMicrosoftCSharpTargets = C:\Program Files\dotnet\sdk\10.0.201\\vCurrent\Custom.After.Microsoft.CSharp.targets
                   CustomBeforeMicrosoftCommonProps = C:\Program Files\dotnet\sdk\10.0.201\\vCurrent\Custom.Before.Microsoft.Common.props
                   CustomBeforeMicrosoftCommonTargets = C:\Program Files\dotnet\sdk\10.0.201\\vCurrent\Custom.Before.Microsoft.Common.targets
                   CustomBeforeMicrosoftCSharpTargets = C:\Program Files\dotnet\sdk\10.0.201\\vCurrent\Custom.Before.Microsoft.CSharp.targets
                   DebugSymbols = true
                   DebugSymbolsProjectOutputGroupDependenciesDependsOn = 
                         ;
                         
                         ;
                         BuildOnlySettings;
                         PrepareForBuild;
                         AssignTargetPaths;
                         ResolveReferences
                       
                       
                   DebugSymbolsProjectOutputGroupDependsOn = 
                   DebugType = portable
                   DefaultAllowedOutputExtensionsInPackageBuildOutputFolder = .dll; .exe; .winmd; .json; .pri; .xml
                   DefaultCopyToPublishDirectoryMetadata = true
                   DefaultExcludesInProjectFolder = ;;**/.*/**
                   DefaultImplicitPackages = Microsoft.NETCore.App;NETStandard.Library
                   DefaultItemExcludes = ;bin\Debug\/**;obj\Debug\/**;bin\/**;obj\/**;bin\Debug\net10.0\publish\/**;**/*.user;**/*.*proj;**/*.sln;**/*.slnx;**/*.vssscc;**/.DS_Store
                   DefaultLanguageSourceExtension = .cs
                   DefaultProjectTypeGuid = {FAE04EC0-301F-11D3-BF4B-00C04F79EFBC}
                   DefineCommonCapabilities = true
                   DefineCommonItemSchemas = true
                   DefineCommonReferenceSchemas = true
                   DefineConstants = TRACE;DEBUG
                   DelaySign = 
                   DeploymentComputeClickOnceManifestInfoDependsOn = 
                         CleanPublishFolder;
                         GetCopyToOutputDirectoryItems;
                         _DeploymentGenerateTrustInfo;
                         
                       
                   DesignerRuntimeImplementationProjectOutputGroupDependsOn = 
                         
                         ;
                         
                         ;
                         BuildOnlySettings;
                         PrepareForBuild;
                         AssignTargetPaths;
                         ResolveReferences
                       
                       ;
                         _GenerateDesignerDepsFile;
                         _GenerateDesignerRuntimeConfigFile;
                         GetCopyToOutputDirectoryItems;
                         _GatherDesignerShadowCopyFiles;
                       
                   DesignTimeAssemblySearchPaths = {CandidateAssemblyFiles};{HintPathFromItem};{TargetFrameworkDirectory};{RawFileName}
                   DesignTimeAutoUnify = true
                   DesignTimeResolveAssemblyReferencesDependsOn = 
                         GetFrameworkPaths;
                         GetReferenceAssemblyPaths;
                         ResolveReferences
                       
                   Deterministic = true
                   DirectoryBuildPropsPath = F:\C#\WinFormsApp1.WpfRefactor\Directory.Build.props
                   DisableHandlePackageFileConflicts = true
                   DisableLogTaskParameter_ConvertToAbsolutePath_Path = true
                   DisableLogTaskParameter_FindUnderPath_OutOfPath = true
                   DisableLogTaskParameter_RemoveDuplicates_Inputs = true
                   DisableLogTaskParameterItemMetadata_ConvertToAbsolutePath_AbsolutePaths = true
                   DisableLogTaskParameterItemMetadata_Copy_CopiedFiles = true
                   DisableLogTaskParameterItemMetadata_Copy_DestinationFiles = true
                   DisableLogTaskParameterItemMetadata_Copy_SourceFiles = true
                   DisableLogTaskParameterItemMetadata_FindUnderPath_Files = true
                   DisableLogTaskParameterItemMetadata_FindUnderPath_InPath = true
                   DisableLogTaskParameterItemMetadata_GenerateResource_FilesWritten = true
                   DisableLogTaskParameterItemMetadata_Hash_ItemsToHash = true
                   DisableLogTaskParameterItemMetadata_RemoveDuplicates_Filtered = true
                   DisableLogTaskParameterItemMetadata_WriteLinesToFile_Lines = true
                   DisableStandardFrameworkResolution = true
                   DocumentationFile = 
                   DocumentationProjectOutputGroupDependenciesDependsOn = 
                         ;
                         
                         ;
                         BuildOnlySettings;
                         PrepareForBuild;
                         AssignTargetPaths;
                         ResolveReferences
                       
                       
                   DocumentationProjectOutputGroupDependsOn = 
                   DOTNET_CLI_HOME = F:\C#\WinFormsApp1.WpfRefactor\.dotnet
                   DOTNET_CLI_TELEMETRY_OPTOUT = 1
                   DOTNET_CLI_UI_LANGUAGE = zh-CN
                   DOTNET_gcConcurrent = 0
                   DOTNET_GCHeapCount = 2
                   DOTNET_GCNoAffinitize = 1
                   DOTNET_HOST_PATH = C:\Program Files\dotnet\dotnet.exe
                   DOTNET_MULTILEVEL_LOOKUP = 0
                   DOTNET_TC_CallCountThreshold = 1000
                   DOTNET_ThreadPool_UnfairSemaphoreSpinLimit = 0
                   DotNetApiCompatTaskAssembly = C:\Program Files\dotnet\sdk\10.0.201\Sdks\Microsoft.NET.Sdk\targets\..\tools\net10.0\Microsoft.DotNet.ApiCompat.Task.dll
                   DotnetCliToolTargetFramework = netcoreapp2.2
                   EffectiveAnalysisLevel = 10.0
                   EffectiveCodeAnalysisTreatWarningsAsErrors = 
                   EffectiveTargetPlatformVersion = 
                   EmbeddedResourceUseDependentUponConvention = true
                   EmbeddedWin32Manifest = 
                   EmbedUntrackedSources = true
                   EmitAssetsLogMessages = true
                   EmitCompilerGeneratedFiles = false
                   EmitLegacyAssetsFileItems = false
                   EnableAppxPackageTargetsForUwpClassLibraries = true
                   EnableDefaultCompileItems = true
                   EnableDefaultEmbeddedResourceItems = true
                   EnableDefaultItems = true
                   EnableDefaultNoneItems = true
                   EnableFrameworkPathOverride = false
                   EnableNETAnalyzers = true
                   EnableSourceControlManagerQueries = true
                   EnableSourceLink = true
                   EnableUnsafeBinaryFormatterSerialization = false
                   EnableWebSdkImplicitPackageVersions = false
                   EnforceCodeStyleInBuild = false
                   ErrorReport = prompt
                   ExpandSDKAllowedReferenceExtensions = 
                         .winmd;
                         .dll
                       
                   ExpandSDKReferencesDependsOn = 
                         ResolveSDKReferences
                       
                   FileAlignment = 512
                   FindInvalidProjectReferencesDependsOn = 
                         GetReferenceTargetPlatformMonikers
                       
                   Framework20Dir = @(_TargetFramework20DirectoryItem)
                   Framework30Dir = @(_TargetFramework30DirectoryItem)
                   Framework35Dir = @(_TargetFramework35DirectoryItem)
                   Framework40Dir = @(_TargetFramework40DirectoryItem)
                   FrameworkPathOverride = 
                   FrameworkRegistryBase = Software\Microsoft\.NETCoreApp
                   FrameworkSDKDir = @(_TargetFrameworkSDKDirectoryItem)
                   FullReferenceAssemblyNames = Full
                   GenerateAssemblyCompanyAttribute = true
                   GenerateAssemblyConfigurationAttribute = true
                   GenerateAssemblyCopyrightAttribute = true
                   GenerateAssemblyDescriptionAttribute = true
                   GenerateAssemblyFileVersionAttribute = true
                   GenerateAssemblyInfo = true
                   GenerateAssemblyInformationalVersionAttribute = true
                   GenerateAssemblyMetadataAttributes = true
                   GenerateAssemblyProductAttribute = true
                   GenerateAssemblyTitleAttribute = true
                   GenerateAssemblyTrademarkAttribute = true
                   GenerateAssemblyVersionAttribute = true
                   GeneratedAssemblyInfoFile = obj\Debug\net10.0\WinFormsApp1.Infrastructure.AssemblyInfo.cs
                   GenerateDependencyFile = true
                   GeneratedGlobalUsingsFile = obj\Debug\net10.0\WinFormsApp1.Infrastructure.GlobalUsings.g.cs
                   GenerateDisableRuntimeMarshallingAttribute = true
                   GenerateDocumentationFile = false
                   GenerateFullPaths = true
                   GenerateInternalsVisibleToAttributes = true
                   GenerateManifestsDependsOn = 
                         SetWin32ManifestProperties;
                         GenerateApplicationManifest;
                         GenerateDeploymentManifest
                       
                   GenerateNeutralResourcesLanguageAttribute = true
                   GenerateNuspecDependsOn = Build;_LoadPackInputItems; _GetTargetFrameworksOutput; _WalkEachTargetPerFramework; _GetPackageFiles; 
                   GeneratePackageOnBuild = false
                   GenerateRepositoryUrlAttribute = true
                   GenerateRequiresPreviewFeaturesAttribute = true
                   GenerateResourceMSBuildArchitecture = CurrentArchitecture
                   GenerateResourceMSBuildRuntime = CurrentRuntime
                   GenerateResourceUsePreserializedResources = true
                   GenerateRuntimeConfigDevFile = false
                   GenerateSatelliteAssembliesForCore = true
                   GenerateSupportedOSPlatformAttribute = true
                   GenerateTargetFrameworkAttribute = true
                   GenerateTargetPlatformAttribute = true
                   GetCopyToOutputDirectoryItemsDependsOn = 
                         AssignTargetPaths;
                         
                         AssignProjectConfiguration;
                         _SplitProjectReferencesByFileExistence
                       ;
                         _GetProjectReferenceTargetFrameworkProperties;
                         _PopulateCommonStateForGetCopyToOutputDirectoryItems
                       
                   GetFrameworkPathsDependsOn = 
                   GetReferenceNearestTargetFrameworkTaskSupportsTargetPlatformParameter = true
                   GetTargetPathWithTargetPlatformMonikerDependsOn = 
                   HasRuntimeOutput = 
                   HideWarningsAndErrors = false
                   HighEntropyVA = true
                   ImplicitConfigurationDefine = DEBUG
                   ImplicitUsings = enable
                   ImportByWildcardAfterMicrosoftCommonProps = true
                   ImportByWildcardAfterMicrosoftCommonTargets = true
                   ImportByWildcardAfterMicrosoftCSharpTargets = true
                   ImportByWildcardBeforeMicrosoftCommonProps = true
                   ImportByWildcardBeforeMicrosoftCommonTargets = true
                   ImportByWildcardBeforeMicrosoftCSharpTargets = true
                   ImportDirectoryBuildProps = true
                   ImportDirectoryBuildTargets = true
                   ImportDirectoryPackagesProps = true
                   ImportFrameworkWinFXTargets = false
                   ImportNuGetBuildTasksPackTargetsFromSdk = true
                   ImportProjectExtensionProps = true
                   ImportProjectExtensionTargets = true
                   ImportUserLocationsByWildcardAfterMicrosoftCommonProps = true
                   ImportUserLocationsByWildcardAfterMicrosoftCommonTargets = true
                   ImportUserLocationsByWildcardAfterMicrosoftCSharpTargets = true
                   ImportUserLocationsByWildcardBeforeMicrosoftCommonProps = true
                   ImportUserLocationsByWildcardBeforeMicrosoftCommonTargets = true
                   ImportUserLocationsByWildcardBeforeMicrosoftCSharpTargets = true
                   IncludeBuildOutput = true
                   IncludeContentInPack = true
                   IncludeFileVersionsInDependencyFile = true
                   IncludeMainProjectInDepsFile = true
                   IncludeProjectsNotInAssetsFileInDepsFile = true
                   IncludeSourceRevisionInInformationalVersion = true
                   IncludeSymbolsInSingleFile = false
                   InnerBuildProperty = TargetFramework
                   InnerBuildPropertyValues = TargetFrameworks
                   InterceptorsPreviewNamespaces = ;Microsoft.Extensions.Validation.Generated
                   IntermediateOutputPath = obj\Debug\net10.0\
                   IsNetCoreAppTargetingLatestTFM = true
                   IsPackable = true
                   IsPublishable = true
                   IsRestoreTargetsFileLoaded = true
                   IsRidAgnostic = true
                   Language = C#
                   LanguageTargets = C:\Program Files\dotnet\sdk\10.0.201\Microsoft.CSharp.targets
                   LangVersion = 14.0
                   MarkPackageReferencesAsExternallyResolved = true
                   MaxSupportedLangVersion = 14.0
                   MaxTargetPath = 100
                   MicrosoftBuildTasksGitAssemblyFile = C:\Program Files\dotnet\sdk\10.0.201\Sdks\Microsoft.Build.Tasks.Git\build\..\tools\net\Microsoft.Build.Tasks.Git.dll
                   MicrosoftCommonPropsHasBeenImported = true
                   MicrosoftNETBuildExtensionsTargets = C:\Program Files\dotnet\sdk\10.0.201\\Microsoft\Microsoft.NET.Build.Extensions\Microsoft.NET.Build.Extensions.targets
                   MicrosoftNETBuildExtensionsTasksAssembly = C:\Program Files\dotnet\sdk\10.0.201\Microsoft\Microsoft.NET.Build.Extensions\\tools\net10.0\Microsoft.NET.Build.Extensions.Tasks.dll
                   MicrosoftNETBuildTasksAssembly = C:\Program Files\dotnet\sdk\10.0.201\Sdks\Microsoft.NET.Sdk\targets\..\tools\net10.0\Microsoft.NET.Build.Tasks.dll
                   MicrosoftNETBuildTasksDirectory = C:\Program Files\dotnet\sdk\10.0.201\Sdks\Microsoft.NET.Sdk\targets\..\tools\net10.0\
                   MicrosoftNETBuildTasksDirectoryRoot = C:\Program Files\dotnet\sdk\10.0.201\Sdks\Microsoft.NET.Sdk\targets\..\tools\
                   MicrosoftNETBuildTasksTFM = net10.0
                   MicrosoftNETFrameworkReferenceAssembliesLatestPackageVersion = 1.0.3
                   MicrosoftNETWindowsWorkloadInstalled = true
                   MinimumMSBuildVersion = 18.0.0
                   MinimumVisualStudioVersionForUnsupportedTargetFrameworkVersion = 17.16
                   MsAppxPackageTargets = C:\Program Files\dotnet\sdk\10.0.201\Microsoft\VisualStudio\v18.0\AppxPackage\Microsoft.AppXPackage.Targets
                   MSBuildAllProjects = F:\C#\WinFormsApp1.WpfRefactor\WinFormsApp1.Infrastructure\WinFormsApp1.Infrastructure.csproj;;C:\Program Files\dotnet\sdk\10.0.201\Current\Microsoft.Common.targets\ImportAfter\Microsoft.TestPlatform.ImportAfter.targets
                   MSBuildAssemblyVersion = 18.0
                   MSBuildBinPath = C:\Program Files\dotnet\sdk\10.0.201
                   MSBuildCopyContentTransitively = true
                   MSBuildCopyMarkerName = WinForms.28FA5EE1.Up2Date
                   MSBuildDisableFeaturesFromVersion = 999.999
                   MSBuildEnableWorkloadResolver = false
                   MSBuildExtensionsPath = C:\Program Files\dotnet\sdk\10.0.201\
                   MSBuildExtensionsPath32 = C:\Program Files\dotnet\sdk\10.0.201
                   MSBuildExtensionsPath64 = C:\Program Files\dotnet\sdk\10.0.201
                   MSBUILDFAILONDRIVEENUMERATINGWILDCARD = 1
                   MSBuildFileVersion = 18.3.0.15422
                   MSBuildLoadMicrosoftTargetsReadOnly = true
                   MSBuildNodeCount = 16
                   MSBuildProgramFiles32 = C:\Program Files (x86)
                   MSBuildProjectDefaultTargets = Build
                   MSBuildProjectDirectory = F:\C#\WinFormsApp1.WpfRefactor\WinFormsApp1.Infrastructure
                   MSBuildProjectDirectoryNoRoot = C#\WinFormsApp1.WpfRefactor\WinFormsApp1.Infrastructure
                   MSBuildProjectExtension = .csproj
                   MSBuildProjectExtensionsPath = F:\C#\WinFormsApp1.WpfRefactor\WinFormsApp1.Infrastructure\obj\
                   MSBuildProjectFile = WinFormsApp1.Infrastructure.csproj
                   MSBuildProjectFullPath = F:\C#\WinFormsApp1.WpfRefactor\WinFormsApp1.Infrastructure\WinFormsApp1.Infrastructure.csproj
                   MSBuildProjectName = WinFormsApp1.Infrastructure
                   MSBuildRuntimeType = Core
                   MSBuildSDKsPath = C:\Program Files\dotnet\sdk\10.0.201\Sdks
                   MSBuildSemanticVersion = 18.3.0-release-26153-122+4d3023de6
                   MSBuildStartupDirectory = F:\C#\WinFormsApp1.WpfRefactor
                   MSBuildToolsPath = C:\Program Files\dotnet\sdk\10.0.201
                   MSBuildToolsVersion = Current
                   MSBuildUserExtensionsPath = C:\Users\jim liu\AppData\Local\Microsoft\MSBuild
                   MSBUILDUSESERVER = 0
                   MSBuildUseVisualStudioDirectoryLayout = False
                   MSBuildVersion = 18.3.0
                   MSBuildWarningsAsErrors = ;NU1605
                   MSBuildWarningsAsMessages = ;1701;1702
                   MSBuildWarningsNotAsErrors = 
                   MsTestToolsTargets = C:\Program Files\dotnet\sdk\10.0.201\Microsoft\VisualStudio\v18.0\TeamTest\Microsoft.TeamTest.targets
                   NETCoreAppMaximumVersion = 10.0
                   NetCoreRoot = C:\Program Files\dotnet\
                   NETCoreSdkBundledCliToolsProps = C:\Program Files\dotnet\sdk\10.0.201\Sdks\Microsoft.NET.Sdk\targets\..\..\..\Microsoft.NETCoreSdk.BundledCliTools.props
                   NETCoreSdkBundledMSBuildInformationProps = C:\Program Files\dotnet\sdk\10.0.201\Sdks\Microsoft.NET.Sdk\targets\..\..\..\Microsoft.NETCoreSdk.BundledMSBuildInformation.props
                   NETCoreSdkBundledVersionsProps = C:\Program Files\dotnet\sdk\10.0.201\Sdks\Microsoft.NET.Sdk\targets\..\..\..\Microsoft.NETCoreSdk.BundledVersions.props
                   NETCoreSdkPortableRuntimeIdentifier = win-x64
                   NETCoreSdkRuntimeIdentifier = win-x64
                   NETCoreSdkVersion = 10.0.201
                   NetCoreTargetingPackRoot = C:\Program Files\dotnet\packs
                   NoCompilerStandardLib = true
                   NoStdLib = true
                   NoWarn = 1701;1702
                   NuGetAudit = true
                   NuGetAuditLevel = low
                   NuGetAuditMode = all
                   NuGetBuildTasksPackTargets = C:\Program Files\dotnet\sdk\10.0.201\Sdks\Microsoft.NET.Sdk\Sdk\..\..\..\NuGet.Build.Tasks.Pack.targets
                   NuGetInteractive = false
                   NuGetPackageFolders = C:\Users\jim liu\.nuget\packages\;d:\Program Files\Microsoft Visual Studio\Shared\NuGetPackages
                   NuGetPackageRoot = C:\Users\jim liu\.nuget\packages\
                   NuGetPackTaskAssemblyFile = NuGet.Build.Tasks.Pack.dll
                   NuGetProjectStyle = PackageReference
                   NuGetPropsFile = C:\Program Files\dotnet\sdk\10.0.201\NuGet.props
                   NuGetRestoreTargets = C:\Program Files\dotnet\sdk\10.0.201\NuGet.targets
                   NuGetTargetMoniker = .NETCoreApp,Version=v10.0
                   NuGetToolVersion = 7.0.0
                   Nullable = enable
                   NuspecOutputPath = obj\Debug\
                   Optimize = false
                   OutDir = bin\Debug\net10.0\
                   OutputPath = bin\Debug\net10.0\
                   OutputType = Library
                   OverwriteReadOnlyFiles = false
                   PackageDescription = Package Description
                   PackageDownloadSupported = true
                   PackageId = WinFormsApp1.Infrastructure
                   PackageOutputPath = bin\Debug\
                   PackageRequireLicenseAcceptance = false
                   PackageVersion = 1.0.0
                   PackDependsOn = ; _GetRestoreProjectStyle; _IntermediatePack; GenerateNuspec; 
                   PackRelease = true
                   Platform = AnyCPU
                   PlatformName = AnyCPU
                   Platforms = AnyCPU
                   PostBuildEventDependsOn = 
                   PreBuildEventDependsOn = 
                   Prefer32Bit = false
                   PreferNativeArm64 = false
                   PrepareForBuildDependsOn = ;GetFrameworkPaths;GetReferenceAssemblyPaths;AssignLinkMetadata
                   PrepareForRunDependsOn = 
                         CopyFilesToOutputDirectory
                       
                   PrepareProjectReferencesDependsOn = 
                         AssignProjectConfiguration;
                         _SplitProjectReferencesByFileExistence;
                         _GetProjectReferenceTargetFrameworkProperties;
                         _GetProjectReferencePlatformProperties
                       
                   PrepareResourceNamesDependsOn = 
                         AssignTargetPaths;
                         SplitResourcesByCulture;
                         CreateManifestResourceNames;
                         CreateCustomManifestResourceNames
                       
                   PrepareResourcesDependsOn = 
                         ResolvePackageDependenciesForBuild;
                         _HandlePackageFileConflicts;
                         
                         ;
                         PrepareResourceNames;
                         ResGen;
                         CompileLicxFiles
                       
                       
                   PreserveCompilationReferences = 
                   ProcessorArchitecture = msil
                   ProcessorArchitectureAsPlatform = AnyCPU
                   ProduceReferenceAssembly = true
                   Product = WinFormsApp1.Infrastructure
                   ProjectAssetsCacheFile = F:\C#\WinFormsApp1.WpfRefactor\WinFormsApp1.Infrastructure\obj\Debug\net10.0\WinFormsApp1.Infrastructure.assets.cache
                   ProjectAssetsFile = F:\C#\WinFormsApp1.WpfRefactor\WinFormsApp1.Infrastructure\obj\project.assets.json
                   ProjectDepsFileName = WinFormsApp1.Infrastructure.deps.json
                   ProjectDepsFilePath = F:\C#\WinFormsApp1.WpfRefactor\WinFormsApp1.Infrastructure\bin\Debug\net10.0\WinFormsApp1.Infrastructure.deps.json
                   ProjectDesignTimeAssemblyResolutionSearchPaths = 
                         {CandidateAssemblyFiles};
                         ;
                         {HintPathFromItem};
                         {TargetFrameworkDirectory};
                         {Registry:Software\Microsoft\.NETCoreApp,v10.0,AssemblyFoldersEx};
                         {RawFileName};
                         F:\C#\WinFormsApp1.WpfRefactor\WinFormsApp1.Infrastructure\bin\Debug\net10.0\
                       
                   ProjectDir = F:\C#\WinFormsApp1.WpfRefactor\WinFormsApp1.Infrastructure\
                   ProjectExt = .csproj
                   ProjectFileName = WinFormsApp1.Infrastructure.csproj
                   ProjectFlavor = Client
                   ProjectName = WinFormsApp1.Infrastructure
                   ProjectPath = F:\C#\WinFormsApp1.WpfRefactor\WinFormsApp1.Infrastructure\WinFormsApp1.Infrastructure.csproj
                   ProjectRuntimeConfigFileName = WinFormsApp1.Infrastructure.runtimeconfig.json
                   ProjectRuntimeConfigFilePath = F:\C#\WinFormsApp1.WpfRefactor\WinFormsApp1.Infrastructure\bin\Debug\net10.0\WinFormsApp1.Infrastructure.runtimeconfig.json
                   PrunePackageDataRoot = C:\Program Files\dotnet\sdk\10.0.201\PrunePackageData
                   PublishableProject = 
                   PublishBuildDependsOn = 
                         BuildOnlySettings;
                         PrepareForBuild;
                         ResolveReferences;
                         PrepareResources;
                         ResolveKeySource;
                         GenerateSerializationAssemblies;
                         CreateSatelliteAssemblies;
                       
                   PublishContainerDependsOn = 
                         _ContainerVerifySDKVersion;
                         ComputeContainerConfig;
                         _CheckContainersPackage;
                       
                   PublishDependsOn = 
                         _DeploymentUnpublishable
                       
                   PublishDir = bin\Debug\net10.0\publish\
                   PublishDirName = publish
                   PublishDocumentationFile = true
                   PublishDocumentationFiles = true
                   PublishItemsOutputGroupDependsOn = 
                         ;
                         ResolveReferences;
                         ComputeResolvedFilesToPublishList;
                         _ComputeFilesToBundle;
                       
                   PublishOnlyDependsOn = 
                         SetGenerateManifests;
                         PublishBuild;
                         BeforePublish;
                         GenerateManifests;
                         CopyFilesToOutputDirectory;
                         _CopyFilesToPublishFolder;
                         _DeploymentGenerateBootstrapper;
                         ResolveKeySource;
                         _DeploymentSignClickOnceDeployment;
                         AfterPublish
                       
                   PublishProfileImported = false
                   PublishReadyToRunComposite = false
                   PublishReadyToRunPerfmapFormatVersion = 1
                   PublishReadyToRunUseCrossgen2 = true
                   PublishReadyToRunUseRuntimePackOptimizationData = true
                   PublishReferencesDocumentationFiles = true
                   PublishRelease = true
                   RebuildDependsOn = 
                         _SdkBeforeRebuild;
                         
                         BeforeRebuild;
                         Clean;
                         Build;
                         AfterRebuild;
                       
                       
                   RefAssembliesFolderName = refs
                   ReferenceCopyLocalPathsOutputGroupDependsOn = 
                         ;
                         
                         ;
                         BuildOnlySettings;
                         PrepareForBuild;
                         AssignTargetPaths;
                         ResolveReferences
                       
                       
                   ReportingServicesTargets = C:\Program Files\dotnet\sdk\10.0.201\\Microsoft\VisualStudio\v18.0\ReportingServices\Microsoft.ReportingServices.targets
                   ResGenDependsOn = ResolveAssemblyReferences;SplitResourcesByCulture;BeforeResGen;CoreResGen;AfterResGen
                   ResGenExecuteAsTool = false
                   ResolveAssemblyReferenceOutputUnresolvedAssemblyConflicts = true
                   ResolveAssemblyReferencesDependsOn = 
                         
                         
                         ResolveProjectReferences;
                         FindInvalidProjectReferences;
                         GetFrameworkPaths;
                         GetReferenceAssemblyPaths;
                         PrepareForBuild;
                         ResolveSDKReferences;
                         ExpandSDKReferences;
                       ;
                         ResolvePackageDependenciesForBuild;
                         _HandlePackageFileConflicts;
                       ;
                         ResolveTargetingPackAssets;
                       
                   ResolveNuGetPackages = false
                   ResolvePackageDependenciesForBuildDependsOn = 
                         ResolveLockFileReferences;
                         ResolveLockFileAnalyzers;
                         ResolveLockFileCopyLocalFiles;
                         ResolveRuntimePackAssets;
                         RunProduceContentAssets;
                         IncludeTransitiveProjectReferences
                       
                   ResolveReferencesDependsOn = 
                         BeforeResolveReferences;
                         AssignProjectConfiguration;
                         ResolveProjectReferences;
                         FindInvalidProjectReferences;
                         ResolveNativeReferences;
                         ResolveAssemblyReferences;
                         GenerateBindingRedirects;
                         GenerateBindingRedirectsUpdateAppConfig;
                         ResolveComReferences;
                         AfterResolveReferences
                       
                   ResolveSDKReferencesDependsOn = 
                         GetInstalledSDKLocations
                       
                   RespectAlreadyAssignedItemCulture = true
                   RestoreAdditionalProjectSources = ;C:\Program Files\dotnet\library-packs
                   RestoreBuildInParallel = true
                   RestoreContinueOnError = WarnAndContinue
                   RestoreEnablePackagePruning = true
                   RestoreOutputPath = F:\C#\WinFormsApp1.WpfRefactor\WinFormsApp1.Infrastructure\obj\
                   RestorePackagePruningDefault = true
                   RestoreProjectStyle = PackageReference
                   RestoreRecursive = true
                   RestoreSuccess = True
                   RestoreTaskAssemblyFile = NuGet.Build.Tasks.dll
                   RestoreTool = NuGet
                   RestoreUseSkipNonexistentTargets = true
                   RootNamespace = WinFormsApp1.Infrastructure
                   RoslynAssembliesPath = C:\Program Files\dotnet\sdk\10.0.201\Sdks\Microsoft.NET.Sdk\targets\..\..\..\Roslyn\bincore
                   RoslynCompilerType = Core
                   RoslynCoreAssembliesPath = C:\Program Files\dotnet\sdk\10.0.201\Sdks\Microsoft.NET.Sdk\targets\..\..\..\Roslyn\bincore
                   RoslynTargetsPath = C:\Program Files\dotnet\sdk\10.0.201\Sdks\Microsoft.NET.Sdk\targets\..\..\..\Roslyn
                   RoslynTasksAssembly = C:\Program Files\dotnet\sdk\10.0.201\Sdks\Microsoft.NET.Sdk\targets\..\..\..\Roslyn\Microsoft.Build.Tasks.CodeAnalysis.dll
                   RunDependsOn = 
                   RunPackageValidationDependsOn = CollectApiCompatInputs;_GetReferencePathFromInnerProjects;
                   RuntimeIdentifierGraphPath = C:\Program Files\dotnet\sdk\10.0.201/PortableRuntimeIdentifierGraph.json
                   RunWorkingDirectory = 
                   SatelliteDllsProjectOutputGroupDependenciesDependsOn = 
                         ;
                         
                         ;
                         BuildOnlySettings;
                         PrepareForBuild;
                         AssignTargetPaths;
                         ResolveReferences
                       
                       
                   SatelliteDllsProjectOutputGroupDependsOn = ;PrepareForBuild;PrepareResourceNames
                   SdkAnalysisLevel = 10.0.200
                   SDKContainerSupportEnabled = true
                   SDKRedistOutputGroupDependsOn = ResolveSDKReferences;ExpandSDKReferences
                   SDKReferenceDirectoryRoot = C:\Users\jim liu\AppData\Local\Microsoft SDKs;C:\Program Files (x86)\Microsoft SDKs
                   SDKReferenceRegistryRoot = Software\Microsoft\Microsoft SDKs
                   SGenFilesOutputGroupDependenciesDependsOn = 
                         ;
                         
                         ;
                         BuildOnlySettings;
                         PrepareForBuild;
                         AssignTargetPaths;
                         ResolveReferences
                       
                       
                   SGenFilesOutputGroupDependsOn = 
                   SGenShouldGenerateSerializer = true
                   SGenUseKeep = false
                   SGenUseProxyTypes = true
                   ShouldMarkCertainSDKReferencesAsRuntimeOnly = true
                   SignAssembly = false
                   SkipCopyUnchangedFiles = true
                   SkipImportNuGetBuildTargets = true
                   SkipImportNuGetProps = true
                   SolutionDir = *Undefined*
                   SolutionExt = *Undefined*
                   SolutionFileName = *Undefined*
                   SolutionName = *Undefined*
                   SolutionPath = *Undefined*
                   SourceControlInformationFeatureSupported = true
                   SourceControlManagerUrlTranslationTargets = ;TranslateGitHubUrlsInSourceControlInformation;TranslateGitLabUrlsInSourceControlInformation;TranslateAzureReposGitUrlsInSourceControlInformation;TranslateBitbucketGitUrlsInSourceControlInformation
                   SourceFilesProjectOutputGroupDependsOn = PrepareForBuild;AssignTargetPaths
                   SourceLinkUrlInitializerTargets = ;_InitializeGitHubSourceLinkUrl;_InitializeGitLabSourceLinkUrl;_InitializeAzureReposGitSourceLinkUrl;_InitializeBitbucketGitSourceLinkUrl
                   SourceRootMappedPathsFeatureSupported = true
                   SupportedOSPlatformVersion = 
                   SupportsRoslynComponentVersioning = true
                   SuppressDependenciesWhenPacking = false
                   SymbolPackageFormat = symbols.nupkg
                   TargetCulture = *
                   TargetDeployManifestFileName = WinFormsApp1.Infrastructure.application
                   TargetDir = F:\C#\WinFormsApp1.WpfRefactor\WinFormsApp1.Infrastructure\bin\Debug\net10.0\
                   TargetedFrameworkDir = @(_TargetedFrameworkDirectoryItem)
                   TargetedSDKArchitecture = msil
                   TargetedSDKConfiguration = Debug
                   TargetExt = .dll
                   TargetFileName = WinFormsApp1.Infrastructure.dll
                   TargetFramework = net10.0
                   TargetFrameworkDirectory = 
                   TargetFrameworkIdentifier = .NETCoreApp
                   TargetFrameworkMoniker = .NETCoreApp,Version=v10.0
                   TargetFrameworkMonikerAssemblyAttributesPath = obj\Debug\net10.0\.NETCoreApp,Version=v10.0.AssemblyAttributes.cs
                   TargetFrameworkMonikerDisplayName = .NET 10.0
                   TargetFrameworkSDKToolsDirectory = 
                   TargetFrameworkVersion = v10.0
                   TargetLatestRuntimePatch = false
                   TargetName = WinFormsApp1.Infrastructure
                   TargetPath = F:\C#\WinFormsApp1.WpfRefactor\WinFormsApp1.Infrastructure\bin\Debug\net10.0\WinFormsApp1.Infrastructure.dll
                   TargetPlatformDisplayName =  
                   TargetPlatformIdentifier = 
                   TargetPlatformRegistryBase = Software\Microsoft\Microsoft SDKs\
                   TargetPlatformSdkPath = 
                   TargetPlatformVersion = 
                   TargetRefPath = F:\C#\WinFormsApp1.WpfRefactor\WinFormsApp1.Infrastructure\obj\Debug\net10.0\ref\WinFormsApp1.Infrastructure.dll
                   TargetRuntime = Managed
                   TargetsForTfmSpecificContentInPackage = ;_PackProjectToolValidation
                   ToolDepsJsonGeneratorProject = C:\Program Files\dotnet\sdk\10.0.201\Sdks\Microsoft.NET.Sdk\targets\GenerateDeps\GenerateDeps.proj
                   TreatWarningsAsErrors = false
                   TrimDepsJsonLibrariesWithoutAssets = true
                   UnmanagedRegistrationDependsOn = 
                   UnmanagedUnregistrationDependsOn = 
                   UnsupportedTargetFrameworkVersion = 11.0
                   UseCommonOutputDirectory = false
                   UseDefaultPlatformLookupTables = true
                   UseHostCompilerIfAvailable = true
                   UseMSBuildTestInfrastructure = false
                   UseOSWinMdReferences = false
                   UseRidGraph = false
                   UserProfileRuntimeStorePath = C:\Users\jim liu\.dotnet\store
                   UserRuntimeConfig = F:\C#\WinFormsApp1.WpfRefactor\WinFormsApp1.Infrastructure/runtimeconfig.template.json
                   UseSourcePath = true
                   UsingMicrosoftNETSdk = true
                   UsingNETSdkDefaults = true
                   Utf8Output = true
                   ValidateRuntimeIdentifierCompatibility = false
                   VerifyMatchingImplicitPackageVersion = true
                   Version = 1.0.0
                   VersionPrefix = 1.0.0
                   VisualBasicCoreTargetsPath = C:\Program Files\dotnet\sdk\10.0.201\Sdks\Microsoft.NET.Sdk\targets\..\..\..\Roslyn\Microsoft.VisualBasic.Core.targets
                   VSTestConsolePath = C:\Program Files\dotnet\sdk\10.0.201\vstest.console.dll
                   VSTestNoBuild = False
                   VSTestTargets = C:\Program Files\dotnet\sdk\10.0.201\\Microsoft.TestPlatform.targets
                   VSTestTaskAssemblyFile = Microsoft.TestPlatform.Build.dll
                   VsTestUseMSBuildOutput = False
                   WarningLevel = 10
                   WarningsAsErrors = ;NU1605;SYSLIB0011
                   WarnOnPackingNonPackableProject = false
                   WebReference_EnableLegacyEventingModel = false
                   WebReference_EnableProperties = true
                   WebReference_EnableSQLTypes = true
                   WMSJSProject = WJProject
                   WMSJSProjectDirectory = JavaScript
                   YieldDuringToolExecution = true

13:40:41.973     0>初始项:
                   _AdditionalTargetFrameworkInfoPropertyWithValue
                       _IsExecutable
                           Value = 
                       _SelfContainedWasSpecified
                           Value = 
                       IsRidAgnostic
                           Value = true
                       SelfContained
                           Value = 
                       ShouldBeValidatedAsExecutableReference
                           Value = 
                   _AllDirectoriesAbove
                       F:\
                       F:\C#
                       F:\C#\WinFormsApp1.WpfRefactor
                       F:\C#\WinFormsApp1.WpfRefactor\WinFormsApp1.Infrastructure
                       F:\C#\WinFormsApp1.WpfRefactor\WinFormsApp1.Infrastructure\Persistence
                       F:\C#\WinFormsApp1.WpfRefactor\WinFormsApp1.Infrastructure\Services
                   _ApplicationManifestFinal
                       bin\Debug\net10.0\Native.WinFormsApp1.Infrastructure.manifest
                           TargetPath = Native.WinFormsApp1.Infrastructure.manifest
                   _DebugSymbolsIntermediatePath
                       obj\Debug\net10.0\WinFormsApp1.Infrastructure.pdb
                   _DebugSymbolsOutputPath
                       bin\Debug\net10.0\WinFormsApp1.Infrastructure.pdb
                   _DeploymentManifestEntryPoint
                       obj\Debug\net10.0\WinFormsApp1.Infrastructure.dll
                           TargetPath = WinFormsApp1.Infrastructure.dll
                   _EolNetCoreTargetFrameworkVersions
                       1.0
                       1.1
                       2.0
                       2.1
                       2.2
                       3.0
                       3.1
                       5.0
                       6.0
                       7.0
                   _ExcludedKnownRuntimeIdentiferPlatforms
                       rhel.6
                       rhel.6
                       rhel.6
                       rhel.6
                       rhel.6
                       rhel.6
                       rhel.6
                       rhel.6
                       rhel.6
                       rhel.6
                       rhel.6
                       rhel.6
                       rhel.6
                       rhel.6
                       rhel.6
                       rhel.6
                       rhel.6
                       tizen.4.0.0
                       tizen.4.0.0
                       tizen.4.0.0
                       tizen.4.0.0
                       tizen.4.0.0
                       tizen.4.0.0
                       tizen.4.0.0
                       tizen.4.0.0
                       tizen.4.0.0
                       tizen.4.0.0
                       tizen.4.0.0
                       tizen.4.0.0
                       tizen.4.0.0
                       tizen.4.0.0
                       tizen.4.0.0
                       tizen.4.0.0
                       tizen.4.0.0
                       tizen.4.0.0
                       tizen.4.0.0
                       tizen.4.0.0
                       tizen.4.0.0
                       tizen.4.0.0
                       tizen.4.0.0
                       tizen.4.0.0
                       tizen.4.0.0
                       tizen.4.0.0
                       tizen.4.0.0
                       tizen.4.0.0
                       tizen.4.0.0
                       tizen.4.0.0
                       tizen.4.0.0
                       tizen.4.0.0
                       tizen.4.0.0
                       tizen.4.0.0
                       tizen.4.0.0
                       tizen.4.0.0
                       tizen.4.0.0
                       tizen.4.0.0
                       tizen.4.0.0
                       tizen.5.0.0
                       tizen.5.0.0
                       tizen.5.0.0
                       tizen.5.0.0
                       tizen.5.0.0
                       tizen.5.0.0
                       tizen.5.0.0
                       tizen.5.0.0
                       tizen.5.0.0
                       tizen.5.0.0
                       tizen.5.0.0
                       tizen.5.0.0
                       tizen.5.0.0
                       tizen.5.0.0
                       tizen.5.0.0
                       tizen.5.0.0
                       tizen.5.0.0
                       tizen.5.0.0
                       tizen.5.0.0
                       tizen.5.0.0
                       tizen.5.0.0
                       tizen.5.0.0
                       tizen.5.0.0
                       tizen.5.0.0
                       tizen.5.0.0
                       tizen.5.0.0
                       tizen.5.0.0
                       tizen.5.0.0
                       tizen.5.0.0
                       tizen.5.0.0
                       tizen.5.0.0
                       tizen.5.0.0
                       tizen.5.0.0
                       tizen.5.0.0
                       tizen.5.0.0
                       tizen.5.0.0
                       tizen.5.0.0
                       tizen.5.0.0
                       tizen.5.0.0
                   _KnownRuntimeIdentiferPlatforms
                       any
                       any
                       any
                       any
                       any
                       any
                       any
                       any
                       any
                       any
                       any
                       any
                       any
                       any
                       any
                       any
                       any
                       any
                       any
                       any
                       any
                       any
                       any
                       any
                       any
                       any
                       any
                       any
                       any
                       any
                       any
                       any
                       any
                       any
                       any
                       any
                       any
                       any
                       aot
                       aot
                       aot
                       aot
                       aot
                       aot
                       aot
                       aot
                       aot
                       aot
                       aot
                       aot
                       aot
                       aot
                       aot
                       aot
                       aot
                       aot
                       aot
                       aot
                       aot
                       aot
                       aot
                       aot
                       aot
                       aot
                       aot
                       aot
                       aot
                       aot
                       aot
                       aot
                       aot
                       aot
                       aot
                       aot
                       aot
                       aot
                       freebsd
                       freebsd
                       freebsd
                       freebsd
                       freebsd
                       freebsd
                       freebsd
                       freebsd
                       freebsd
                       freebsd
                       freebsd
                       freebsd
                       freebsd
                       freebsd
                       freebsd
                       freebsd
                       freebsd
                       freebsd
                       freebsd
                       freebsd
                       freebsd
                       freebsd
                       freebsd
                       freebsd
                       freebsd
                       freebsd
                       freebsd
                       freebsd
                       freebsd
                       freebsd
                       freebsd
                       freebsd
                       freebsd
                       freebsd
                       freebsd
                       freebsd
                       freebsd
                       freebsd
                       illumos
                       illumos
                       illumos
                       illumos
                       illumos
                       illumos
                       illumos
                       illumos
                       illumos
                       illumos
                       illumos
                       illumos
                       illumos
                       illumos
                       illumos
                       illumos
                       illumos
                       illumos
                       illumos
                       illumos
                       illumos
                       illumos
                       illumos
                       illumos
                       illumos
                       illumos
                       illumos
                       illumos
                       illumos
                       illumos
                       illumos
                       illumos
                       illumos
                       illumos
                       illumos
                       illumos
                       illumos
                       illumos
                       solaris
                       solaris
                       solaris
                       solaris
                       solaris
                       solaris
                       solaris
                       solaris
                       solaris
                       solaris
                       solaris
                       solaris
                       solaris
                       solaris
                       solaris
                       solaris
                       solaris
                       solaris
                       solaris
                       solaris
                       solaris
                       solaris
                       solaris
                       solaris
                       solaris
                       solaris
                       solaris
                       solaris
                       solaris
                       solaris
                       solaris
                       solaris
                       solaris
                       solaris
                       solaris
                       solaris
                       solaris
                       solaris
                       unix
                       unix
                       unix
                       unix
                       unix
                       unix
                       unix
                       unix
                       unix
                       unix
                       unix
                       unix
                       unix
                       unix
                       unix
                       unix
                       unix
                       unix
                       unix
                       unix
                       unix
                       unix
                       unix
                       unix
                       unix
                       unix
                       unix
                       unix
                       unix
                       unix
                       unix
                       unix
                       unix
                       unix
                       unix
                       unix
                       unix
                       unix
                   _OutputPathItem
                       bin\Debug\net10.0\
                   _ResolveComReferenceCache
                       obj\Debug\net10.0\WinFormsApp1.Infrastructure.csproj.ResolveComReference.cache
                   _TargetFrameworkInfo
                       net10.0
                           TargetPlatformMonikers = None
                           AdditionalPropertiesFromProject = <TargetFramework Name="net10.0">
                     <SelfContained></SelfContained>
                     <_IsExecutable></_IsExecutable>
                     <IsRidAgnostic>true</IsRidAgnostic>
                     <ShouldBeValidatedAsExecutableReference></ShouldBeValidatedAsExecutableReference>
                     <_SelfContainedWasSpecified></_SelfContainedWasSpecified>
                   </TargetFramework>
                           TargetFrameworkMonikers = .NETCoreApp,Version=v10.0
                           TargetFrameworks = net10.0
                           IsRidAgnostic = true
                   _ThisProjectBuildMetadata
                       F:\C#\WinFormsApp1.WpfRefactor\WinFormsApp1.Infrastructure\WinFormsApp1.Infrastructure.csproj
                           HasSingleTargetFramework = true
                           TargetPlatformMonikers = None
                           Platform = AnyCPU
                           AdditionalPropertiesFromProject = <AdditionalProjectProperties>
                     <TargetFramework Name="net10.0">
                       <SelfContained></SelfContained>
                       <_IsExecutable></_IsExecutable>
                       <IsRidAgnostic>true</IsRidAgnostic>
                       <ShouldBeValidatedAsExecutableReference></ShouldBeValidatedAsExecutableReference>
                       <_SelfContainedWasSpecified></_SelfContainedWasSpecified>
                     </TargetFramework>
                   </AdditionalProjectProperties>
                           TargetFrameworkMonikers = .NETCoreApp,Version=v10.0
                           TargetFrameworks = net10.0
                           IsRidAgnostic = true
                           Platforms = AnyCPU
                   _UnmanagedRegistrationCache
                       obj\WinFormsApp1.Infrastructure.csproj.UnmanagedRegistration.cache
                   AdditionalTargetFrameworkInfoProperty
                       _IsExecutable
                       _SelfContainedWasSpecified
                       IsRidAgnostic
                       SelfContained
                       ShouldBeValidatedAsExecutableReference
                   Analyzer
                       C:\Program Files\dotnet\sdk\10.0.201\Sdks\Microsoft.NET.Sdk\targets\..\analyzers\Microsoft.CodeAnalysis.CSharp.NetAnalyzers.dll
                           IsImplicitlyDefined = true
                       C:\Program Files\dotnet\sdk\10.0.201\Sdks\Microsoft.NET.Sdk\targets\..\analyzers\Microsoft.CodeAnalysis.NetAnalyzers.dll
                           IsImplicitlyDefined = true
                   AppConfigFileDestination
                       bin\Debug\net10.0\WinFormsApp1.Infrastructure.dll.config
                   ApplicationManifest
                       obj\Debug\net10.0\Native.WinFormsApp1.Infrastructure.manifest
                           TargetPath = Native.WinFormsApp1.Infrastructure.manifest
                   BuiltProjectOutputGroupKeyOutput
                       F:\C#\WinFormsApp1.WpfRefactor\WinFormsApp1.Infrastructure\obj\Debug\net10.0\WinFormsApp1.Infrastructure.dll
                           IsKeyOutput = true
                           FinalOutputPath = F:\C#\WinFormsApp1.WpfRefactor\WinFormsApp1.Infrastructure\bin\Debug\net10.0\WinFormsApp1.Infrastructure.dll
                           TargetPath = WinFormsApp1.Infrastructure.dll
                   ClsidMap
                       obj\Debug\net10.0\WinFormsApp1.Infrastructure.clsidmap
                   Compile
                       Persistence\FileWhitelistStore.cs
                       Persistence\SqliteDailyProcessActivityStore.cs
                       Persistence\SqliteMonitoringDatabase.cs
                       Persistence\SqliteWhitelistStore.cs
                       Services\ApplicationIdentityResolver.cs
                       Services\LiveMonitoringDashboardService.cs
                       Services\NullProcessNetworkUsageSource.cs
                       Services\ProcessMonitoringFilter.cs
                       Services\ProcessSnapshotProvider.cs
                       Services\TraceEventProcessNetworkUsageSource.cs
                   CompilerVisibleProperty
                       _SupportedPlatformList
                       EnableComHosting
                       EnableGeneratedComInterfaceComImportInterop
                       EnforceExtendedAnalyzerRules
                       InvariantGlobalization
                       PlatformNeutralAssembly
                       ProjectDir
                       ProjectTypeGuids
                       RootNamespace
                       TargetFramework
                       TargetFrameworkIdentifier
                       TargetFrameworkVersion
                       TargetPlatformMinVersion
                       UsingMicrosoftNETSdkWeb
                   CopyUpToDateMarker
                       F:\C#\WinFormsApp1.WpfRefactor\WinFormsApp1.Infrastructure\obj\Debug\net10.0\WinForms.28FA5EE1.Up2Date
                   CreateDirectory
                       F:\C#\WinFormsApp1.WpfRefactor\WinFormsApp1.Infrastructure\obj\Debug\net10.0\refint\
                       obj\Debug\net10.0\ref
                   DebugSymbolsProjectOutputGroupOutput
                       F:\C#\WinFormsApp1.WpfRefactor\WinFormsApp1.Infrastructure\obj\Debug\net10.0\WinFormsApp1.Infrastructure.pdb
                           FinalOutputPath = F:\C#\WinFormsApp1.WpfRefactor\WinFormsApp1.Infrastructure\bin\Debug\net10.0\WinFormsApp1.Infrastructure.pdb
                           TargetPath = WinFormsApp1.Infrastructure.pdb
                   DeployManifest
                       obj\Debug\net10.0\WinFormsApp1.Infrastructure.application
                           TargetPath = WinFormsApp1.Infrastructure.application
                   EmbedInBinlog
                       F:\C#\WinFormsApp1.WpfRefactor\WinFormsApp1.Infrastructure\obj\project.assets.json
                   FrameworkReference
                       Microsoft.NETCore.App
                           IsImplicitlyDefined = true
                           PrivateAssets = All
                           Pack = false
                   GenerateRuntimeConfigurationFilesInputs
                       F:\C#\WinFormsApp1.WpfRefactor\WinFormsApp1.Infrastructure\obj\Debug\net10.0\WinFormsApp1.Infrastructure.assets.cache
                       F:\C#\WinFormsApp1.WpfRefactor\WinFormsApp1.Infrastructure\obj\project.assets.json
                   GlobalAnalyzerConfigFiles
                       F:\.globalconfig
                       F:\C#\.globalconfig
                       F:\C#\WinFormsApp1.WpfRefactor\.globalconfig
                       F:\C#\WinFormsApp1.WpfRefactor\WinFormsApp1.Infrastructure\.globalconfig
                       F:\C#\WinFormsApp1.WpfRefactor\WinFormsApp1.Infrastructure\Persistence\.globalconfig
                       F:\C#\WinFormsApp1.WpfRefactor\WinFormsApp1.Infrastructure\Services\.globalconfig
                   ImplicitPackageReferenceVersion
                       Microsoft.AspNetCore.All
                           LatestVersion = 2.1.30
                           DefaultVersion = 2.1.1
                           TargetFrameworkVersion = 2.1
                       Microsoft.AspNetCore.All
                           LatestVersion = 2.2.8
                           DefaultVersion = 2.2.0
                           TargetFrameworkVersion = 2.2
                       Microsoft.AspNetCore.App
                           LatestVersion = 2.1.30
                           DefaultVersion = 2.1.1
                           TargetFrameworkVersion = 2.1
                       Microsoft.AspNetCore.App
                           LatestVersion = 2.2.8
                           DefaultVersion = 2.2.0
                           TargetFrameworkVersion = 2.2
                       Microsoft.NETCore.App
                           LatestVersion = 1.0.16
                           DefaultVersion = 1.0.5
                           TargetFrameworkVersion = 1.0
                       Microsoft.NETCore.App
                           LatestVersion = 1.1.13
                           DefaultVersion = 1.1.2
                           TargetFrameworkVersion = 1.1
                       Microsoft.NETCore.App
                           LatestVersion = 2.0.9
                           DefaultVersion = 2.0.0
                           TargetFrameworkVersion = 2.0
                       Microsoft.NETCore.App
                           LatestVersion = 2.1.30
                           DefaultVersion = 2.1.0
                           TargetFrameworkVersion = 2.1
                       Microsoft.NETCore.App
                           LatestVersion = 2.2.8
                           DefaultVersion = 2.2.0
                           TargetFrameworkVersion = 2.2
                   IntermediateAssembly
                       obj\Debug\net10.0\WinFormsApp1.Infrastructure.dll
                   IntermediateRefAssembly
                       obj\Debug\net10.0\refint\WinFormsApp1.Infrastructure.dll
                   KnownAppHostPack
                       Microsoft.NETCore.App
                           ExcludedRuntimeIdentifiers = android
                           AppHostRuntimeIdentifiers = linux-arm;linux-arm64;linux-musl-arm64;linux-musl-x64;linux-x64;osx-x64;tizen.4.0.0-armel;tizen.5.0.0-armel;win-arm64;win-x64;win-x86;linux-musl-arm;osx-arm64;linux-s390x;linux-loongarch64;linux-bionic-arm;linux-bionic-arm64;linux-bionic-x64;linux-bionic-x86;linux-ppc64le;freebsd-x64;freebsd-arm64;linux-riscv64;linux-musl-riscv64;linux-musl-loongarch64
                           TargetFramework = net10.0
                           AppHostPackNamePattern = Microsoft.NETCore.App.Host.**RID**
                           AppHostPackVersion = 10.0.5
                       Microsoft.NETCore.App
                           ExcludedRuntimeIdentifiers = android
                           AppHostRuntimeIdentifiers = linux-arm;linux-arm64;linux-musl-arm64;linux-musl-x64;linux-x64;osx-x64;tizen.4.0.0-armel;tizen.5.0.0-armel;win-arm64;win-x64;win-x86;linux-musl-arm;osx-arm64;linux-s390x;linux-loongarch64;linux-bionic-arm;linux-bionic-arm64;linux-bionic-x64;linux-bionic-x86;linux-ppc64le;freebsd-x64;freebsd-arm64;linux-riscv64;linux-musl-riscv64;linux-musl-loongarch64
                           TargetFramework = net9.0
                           AppHostPackNamePattern = Microsoft.NETCore.App.Host.**RID**
                           AppHostPackVersion = 9.0.14
                       Microsoft.NETCore.App
                           ExcludedRuntimeIdentifiers = android
                           AppHostRuntimeIdentifiers = linux-arm;linux-arm64;linux-musl-arm64;linux-musl-x64;linux-x64;osx-x64;tizen.4.0.0-armel;tizen.5.0.0-armel;win-arm64;win-x64;win-x86;linux-musl-arm;osx-arm64;linux-s390x;linux-loongarch64;linux-bionic-arm;linux-bionic-arm64;linux-bionic-x64;linux-bionic-x86;linux-ppc64le;freebsd-x64;freebsd-arm64
                           TargetFramework = net8.0
                           AppHostPackNamePattern = Microsoft.NETCore.App.Host.**RID**
                           AppHostPackVersion = 8.0.25
                       Microsoft.NETCore.App
                           ExcludedRuntimeIdentifiers = android
                           AppHostRuntimeIdentifiers = linux-arm;linux-arm64;linux-musl-arm64;linux-musl-x64;linux-x64;osx-x64;tizen.4.0.0-armel;tizen.5.0.0-armel;win-arm;win-arm64;win-x64;win-x86;linux-musl-arm;osx-arm64;linux-s390x;linux-loongarch64;linux-bionic-arm;linux-bionic-arm64;linux-bionic-x64;linux-bionic-x86;linux-ppc64le
                           TargetFramework = net7.0
                           AppHostPackNamePattern = Microsoft.NETCore.App.Host.**RID**
                           AppHostPackVersion = 7.0.20
                       Microsoft.NETCore.App
                           ExcludedRuntimeIdentifiers = android
                           AppHostRuntimeIdentifiers = linux-arm;linux-arm64;linux-musl-arm64;linux-musl-x64;linux-x64;osx-x64;tizen.4.0.0-armel;tizen.5.0.0-armel;win-arm;win-arm64;win-x64;win-x86;linux-musl-arm;osx-arm64;linux-s390x;linux-loongarch64
                           TargetFramework = net6.0
                           AppHostPackNamePattern = Microsoft.NETCore.App.Host.**RID**
                           AppHostPackVersion = 6.0.36
                       Microsoft.NETCore.App
                           AppHostRuntimeIdentifiers = linux-arm;linux-arm64;linux-musl-arm64;linux-musl-x64;linux-x64;osx-x64;tizen.4.0.0-armel;tizen.5.0.0-armel;win-arm;win-arm64;win-x64;win-x86;linux-musl-arm
                           TargetFramework = net5.0
                           AppHostPackNamePattern = Microsoft.NETCore.App.Host.**RID**
                           AppHostPackVersion = 5.0.17
                       Microsoft.NETCore.App
                           AppHostRuntimeIdentifiers = linux-arm;linux-arm64;linux-musl-arm64;linux-musl-x64;linux-x64;osx-x64;tizen.4.0.0-armel;tizen.5.0.0-armel;win-arm;win-arm64;win-x64;win-x86
                           TargetFramework = netcoreapp3.1
                           AppHostPackNamePattern = Microsoft.NETCore.App.Host.**RID**
                           AppHostPackVersion = 3.1.32
                       Microsoft.NETCore.App
                           AppHostRuntimeIdentifiers = linux-arm;linux-arm64;linux-musl-arm64;linux-musl-x64;linux-x64;osx-x64;tizen.4.0.0-armel;tizen.5.0.0-armel;win-arm;win-arm64;win-x64;win-x86
                           TargetFramework = netcoreapp3.0
                           AppHostPackNamePattern = Microsoft.NETCore.App.Host.**RID**
                           AppHostPackVersion = 3.0.3
                   KnownAspNetCorePack
                       Microsoft.AspNetCore.App.Internal.Assets
                           TargetFramework = net10.0
                           AspNetCorePackVersion = 10.0.5
                   KnownCrossgen2Pack
                       Microsoft.NETCore.App.Crossgen2
                           Crossgen2RuntimeIdentifiers = linux-musl-x64;linux-x64;win-x64;linux-arm;linux-arm64;linux-musl-arm;linux-musl-arm64;osx-arm64;osx-x64;win-arm64;win-x86;freebsd-x64;freebsd-arm64;linux-riscv64;linux-musl-riscv64;linux-loongarch64;linux-musl-loongarch64
                           TargetFramework = net10.0
                           Crossgen2PackNamePattern = Microsoft.NETCore.App.Crossgen2.**RID**
                           Crossgen2PackVersion = 10.0.5
                           Crossgen2PortableRuntimeIdentifiers = linux-musl-x64;linux-x64;win-x64;linux-arm;linux-arm64;linux-musl-arm;linux-musl-arm64;osx-arm64;osx-x64;win-arm64;win-x86;freebsd-x64;freebsd-arm64;linux-riscv64;linux-musl-riscv64;linux-loongarch64;linux-musl-loongarch64
                       Microsoft.NETCore.App.Crossgen2
                           Crossgen2RuntimeIdentifiers = linux-musl-x64;linux-x64;win-x64;linux-arm;linux-arm64;linux-musl-arm;linux-musl-arm64;osx-arm64;osx-x64;win-arm64;win-x86;freebsd-x64;freebsd-arm64;linux-riscv64;linux-musl-riscv64;linux-loongarch64;linux-musl-loongarch64
                           TargetFramework = net9.0
                           Crossgen2PackNamePattern = Microsoft.NETCore.App.Crossgen2.**RID**
                           Crossgen2PackVersion = 9.0.14
                       Microsoft.NETCore.App.Crossgen2
                           Crossgen2RuntimeIdentifiers = linux-musl-x64;linux-x64;win-x64;linux-arm;linux-arm64;linux-musl-arm;linux-musl-arm64;osx-arm64;osx-x64;win-arm64;win-x86;freebsd-x64;freebsd-arm64
                           TargetFramework = net8.0
                           Crossgen2PackNamePattern = Microsoft.NETCore.App.Crossgen2.**RID**
                           Crossgen2PackVersion = 8.0.25
                       Microsoft.NETCore.App.Crossgen2
                           Crossgen2RuntimeIdentifiers = linux-musl-x64;linux-x64;win-x64;linux-arm;linux-arm64;linux-musl-arm;linux-musl-arm64;osx-arm64;osx-x64;win-arm;win-arm64;win-x86
                           TargetFramework = net7.0
                           Crossgen2PackNamePattern = Microsoft.NETCore.App.Crossgen2.**RID**
                           Crossgen2PackVersion = 7.0.20
                       Microsoft.NETCore.App.Crossgen2
                           Crossgen2RuntimeIdentifiers = linux-musl-x64;linux-x64;win-x64;linux-arm;linux-arm64;linux-musl-arm;linux-musl-arm64;osx-arm64;osx-x64;win-arm;win-arm64;win-x86
                           TargetFramework = net6.0
                           Crossgen2PackNamePattern = Microsoft.NETCore.App.Crossgen2.**RID**
                           Crossgen2PackVersion = 6.0.36
                       Microsoft.NETCore.App.Crossgen2
                           Crossgen2RuntimeIdentifiers = linux-musl-x64;linux-x64;win-x64
                           TargetFramework = net5.0
                           Crossgen2PackNamePattern = Microsoft.NETCore.App.Crossgen2.**RID**
                           Crossgen2PackVersion = 5.0.17
                   KnownFrameworkReference
                       Microsoft.AspNetCore.App
                           TargetFramework = netcoreapp3.1
                           DefaultRuntimeFrameworkVersion = 3.1.0
                           TargetingPackName = Microsoft.AspNetCore.App.Ref
                           LatestRuntimeFrameworkVersion = 3.1.32
                           RuntimePackRuntimeIdentifiers = win-x64;win-x86;win-arm;osx-x64;linux-musl-x64;linux-musl-arm64;linux-x64;linux-arm;linux-arm64
                           RuntimePackNamePatterns = Microsoft.AspNetCore.App.Runtime.**RID**
                           TargetingPackVersion = 3.1.10
                           RuntimeFrameworkName = Microsoft.AspNetCore.App
                       Microsoft.AspNetCore.App
                           TargetFramework = net10.0
                           DefaultRuntimeFrameworkVersion = 10.0.0
                           TargetingPackName = Microsoft.AspNetCore.App.Ref
                           LatestRuntimeFrameworkVersion = 10.0.5
                           RuntimePackExcludedRuntimeIdentifiers = android;linux-bionic
                           RuntimePackRuntimeIdentifiers = win-x64;win-x86;osx-x64;linux-musl-x64;linux-musl-arm64;linux-x64;linux-arm;linux-arm64;linux-musl-arm;win-arm64;osx-arm64;linux-s390x;linux-loongarch64;linux-ppc64le;freebsd-x64;freebsd-arm64;linux-riscv64;linux-musl-riscv64;linux-loongarch64;linux-musl-loongarch64
                           RuntimePackNamePatterns = Microsoft.AspNetCore.App.Runtime.**RID**
                           TargetingPackVersion = 10.0.5
                           RuntimeFrameworkName = Microsoft.AspNetCore.App
                       Microsoft.AspNetCore.App
                           TargetFramework = net5.0
                           DefaultRuntimeFrameworkVersion = 5.0.0
                           TargetingPackName = Microsoft.AspNetCore.App.Ref
                           LatestRuntimeFrameworkVersion = 5.0.17
                           RuntimePackRuntimeIdentifiers = win-x64;win-x86;win-arm;osx-x64;linux-musl-x64;linux-musl-arm64;linux-x64;linux-arm;linux-arm64;linux-musl-arm;win-arm64
                           RuntimePackNamePatterns = Microsoft.AspNetCore.App.Runtime.**RID**
                           TargetingPackVersion = 5.0.0
                           RuntimeFrameworkName = Microsoft.AspNetCore.App
                       Microsoft.AspNetCore.App
                           TargetFramework = net6.0
                           DefaultRuntimeFrameworkVersion = 6.0.0
                           TargetingPackName = Microsoft.AspNetCore.App.Ref
                           LatestRuntimeFrameworkVersion = 6.0.36
                           RuntimePackRuntimeIdentifiers = win-x64;win-x86;win-arm;osx-x64;linux-musl-x64;linux-musl-arm64;linux-x64;linux-arm;linux-arm64;linux-musl-arm;win-arm64;osx-arm64;linux-s390x;linux-loongarch64
                           RuntimePackNamePatterns = Microsoft.AspNetCore.App.Runtime.**RID**
                           TargetingPackVersion = 6.0.36
                           RuntimeFrameworkName = Microsoft.AspNetCore.App
                       Microsoft.AspNetCore.App
                           TargetFramework = netcoreapp3.0
                           DefaultRuntimeFrameworkVersion = 3.0.0
                           TargetingPackName = Microsoft.AspNetCore.App.Ref
                           LatestRuntimeFrameworkVersion = 3.0.3
                           RuntimePackRuntimeIdentifiers = win-x64;win-x86;win-arm;osx-x64;linux-musl-x64;linux-musl-arm64;linux-x64;linux-arm;linux-arm64
                           RuntimePackNamePatterns = Microsoft.AspNetCore.App.Runtime.**RID**
                           TargetingPackVersion = 3.0.1
                           RuntimeFrameworkName = Microsoft.AspNetCore.App
                       Microsoft.AspNetCore.App
                           TargetFramework = net9.0
                           DefaultRuntimeFrameworkVersion = 9.0.0
                           TargetingPackName = Microsoft.AspNetCore.App.Ref
                           LatestRuntimeFrameworkVersion = 9.0.14
                           RuntimePackExcludedRuntimeIdentifiers = android;linux-bionic
                           RuntimePackRuntimeIdentifiers = win-x64;win-x86;osx-x64;linux-musl-x64;linux-musl-arm64;linux-x64;linux-arm;linux-arm64;linux-musl-arm;win-arm64;osx-arm64;linux-s390x;linux-loongarch64;linux-ppc64le;freebsd-x64;freebsd-arm64;linux-riscv64;linux-musl-riscv64;linux-loongarch64;linux-musl-loongarch64
                           RuntimePackNamePatterns = Microsoft.AspNetCore.App.Runtime.**RID**
                           TargetingPackVersion = 9.0.14
                           RuntimeFrameworkName = Microsoft.AspNetCore.App
                       Microsoft.AspNetCore.App
                           TargetFramework = net7.0
                           DefaultRuntimeFrameworkVersion = 7.0.0
                           TargetingPackName = Microsoft.AspNetCore.App.Ref
                           LatestRuntimeFrameworkVersion = 7.0.20
                           RuntimePackExcludedRuntimeIdentifiers = android
                           RuntimePackRuntimeIdentifiers = win-x64;win-x86;win-arm;osx-x64;linux-musl-x64;linux-musl-arm64;linux-x64;linux-arm;linux-arm64;linux-musl-arm;win-arm64;osx-arm64;linux-s390x;linux-loongarch64;linux-ppc64le
                           RuntimePackNamePatterns = Microsoft.AspNetCore.App.Runtime.**RID**
                           TargetingPackVersion = 7.0.20
                           RuntimeFrameworkName = Microsoft.AspNetCore.App
                       Microsoft.AspNetCore.App
                           TargetFramework = net8.0
                           DefaultRuntimeFrameworkVersion = 8.0.0
                           TargetingPackName = Microsoft.AspNetCore.App.Ref
                           LatestRuntimeFrameworkVersion = 8.0.25
                           RuntimePackExcludedRuntimeIdentifiers = android;linux-bionic
                           RuntimePackRuntimeIdentifiers = win-x64;win-x86;osx-x64;linux-musl-x64;linux-musl-arm64;linux-x64;linux-arm;linux-arm64;linux-musl-arm;win-arm64;osx-arm64;linux-s390x;linux-loongarch64;linux-ppc64le;freebsd-x64;freebsd-arm64
                           RuntimePackNamePatterns = Microsoft.AspNetCore.App.Runtime.**RID**
                           TargetingPackVersion = 8.0.25
                           RuntimeFrameworkName = Microsoft.AspNetCore.App
                       Microsoft.NETCore.App
                           TargetFramework = net10.0
                           DefaultRuntimeFrameworkVersion = 10.0.0
                           TargetingPackName = Microsoft.NETCore.App.Ref
                           LatestRuntimeFrameworkVersion = 10.0.5
                           RuntimePackRuntimeIdentifiers = linux-arm;linux-arm64;linux-musl-arm64;linux-musl-x64;linux-x64;osx-x64;tizen.4.0.0-armel;tizen.5.0.0-armel;win-arm64;win-x64;win-x86;linux-musl-arm;osx-arm64;linux-s390x;linux-loongarch64;linux-bionic-arm;linux-bionic-arm64;linux-bionic-x64;linux-bionic-x86;linux-ppc64le;freebsd-x64;freebsd-arm64;linux-riscv64;linux-musl-riscv64;linux-musl-loongarch64;android-arm64;android-x64
                           RuntimePackNamePatterns = Microsoft.NETCore.App.Runtime.**RID**
                           TargetingPackVersion = 10.0.5
                           RuntimeFrameworkName = Microsoft.NETCore.App
                       Microsoft.NETCore.App
                           TargetFramework = netcoreapp3.0
                           DefaultRuntimeFrameworkVersion = 3.0.0
                           TargetingPackName = Microsoft.NETCore.App.Ref
                           LatestRuntimeFrameworkVersion = 3.0.3
                           RuntimePackRuntimeIdentifiers = linux-arm;linux-arm64;linux-musl-arm64;linux-musl-x64;linux-x64;osx-x64;tizen.4.0.0-armel;tizen.5.0.0-armel;win-arm;win-arm64;win-x64;win-x86
                           RuntimePackNamePatterns = Microsoft.NETCore.App.Runtime.**RID**
                           TargetingPackVersion = 3.0.0
                           IsTrimmable = true
                           RuntimeFrameworkName = Microsoft.NETCore.App
                       Microsoft.NETCore.App
                           TargetFramework = netcoreapp3.1
                           DefaultRuntimeFrameworkVersion = 3.1.0
                           TargetingPackName = Microsoft.NETCore.App.Ref
                           LatestRuntimeFrameworkVersion = 3.1.32
                           RuntimePackRuntimeIdentifiers = linux-arm;linux-arm64;linux-musl-arm64;linux-musl-x64;linux-x64;osx-x64;tizen.4.0.0-armel;tizen.5.0.0-armel;win-arm;win-arm64;win-x64;win-x86
                           RuntimePackNamePatterns = Microsoft.NETCore.App.Runtime.**RID**
                           TargetingPackVersion = 3.1.0
                           IsTrimmable = true
                           RuntimeFrameworkName = Microsoft.NETCore.App
                       Microsoft.NETCore.App
                           TargetFramework = net5.0
                           DefaultRuntimeFrameworkVersion = 5.0.0
                           TargetingPackName = Microsoft.NETCore.App.Ref
                           LatestRuntimeFrameworkVersion = 5.0.17
                           RuntimePackRuntimeIdentifiers = linux-arm;linux-arm64;linux-musl-arm64;linux-musl-x64;linux-x64;osx-x64;tizen.4.0.0-armel;tizen.5.0.0-armel;win-arm;win-arm64;win-x64;win-x86;linux-musl-arm;browser-wasm
                           RuntimePackNamePatterns = Microsoft.NETCore.App.Runtime.**RID**
                           TargetingPackVersion = 5.0.0
                           IsTrimmable = true
                           RuntimeFrameworkName = Microsoft.NETCore.App
                       Microsoft.NETCore.App
                           TargetFramework = net7.0
                           DefaultRuntimeFrameworkVersion = 7.0.0
                           TargetingPackName = Microsoft.NETCore.App.Ref
                           LatestRuntimeFrameworkVersion = 7.0.20
                           RuntimePackRuntimeIdentifiers = linux-arm;linux-arm64;linux-musl-arm64;linux-musl-x64;linux-x64;osx-x64;tizen.4.0.0-armel;tizen.5.0.0-armel;win-arm;win-arm64;win-x64;win-x86;linux-musl-arm;osx-arm64;linux-s390x;linux-loongarch64;linux-bionic-arm;linux-bionic-arm64;linux-bionic-x64;linux-bionic-x86;linux-ppc64le
                           RuntimePackNamePatterns = Microsoft.NETCore.App.Runtime.**RID**
                           TargetingPackVersion = 7.0.20
                           RuntimeFrameworkName = Microsoft.NETCore.App
                       Microsoft.NETCore.App
                           TargetFramework = net6.0
                           DefaultRuntimeFrameworkVersion = 6.0.0
                           TargetingPackName = Microsoft.NETCore.App.Ref
                           LatestRuntimeFrameworkVersion = 6.0.36
                           RuntimePackRuntimeIdentifiers = linux-arm;linux-arm64;linux-musl-arm64;linux-musl-x64;linux-x64;osx-x64;tizen.4.0.0-armel;tizen.5.0.0-armel;win-arm;win-arm64;win-x64;win-x86;linux-musl-arm;osx-arm64;linux-s390x;linux-loongarch64
                           RuntimePackNamePatterns = Microsoft.NETCore.App.Runtime.**RID**
                           TargetingPackVersion = 6.0.36
                           RuntimeFrameworkName = Microsoft.NETCore.App
                       Microsoft.NETCore.App
                           TargetFramework = net8.0
                           DefaultRuntimeFrameworkVersion = 8.0.0
                           TargetingPackName = Microsoft.NETCore.App.Ref
                           LatestRuntimeFrameworkVersion = 8.0.25
                           RuntimePackRuntimeIdentifiers = linux-arm;linux-arm64;linux-musl-arm64;linux-musl-x64;linux-x64;osx-x64;tizen.4.0.0-armel;tizen.5.0.0-armel;win-arm64;win-x64;win-x86;linux-musl-arm;osx-arm64;linux-s390x;linux-loongarch64;linux-bionic-arm;linux-bionic-arm64;linux-bionic-x64;linux-bionic-x86;linux-ppc64le;freebsd-x64;freebsd-arm64
                           RuntimePackNamePatterns = Microsoft.NETCore.App.Runtime.**RID**
                           TargetingPackVersion = 8.0.25
                           RuntimeFrameworkName = Microsoft.NETCore.App
                       Microsoft.NETCore.App
                           TargetFramework = net9.0
                           DefaultRuntimeFrameworkVersion = 9.0.0
                           TargetingPackName = Microsoft.NETCore.App.Ref
                           LatestRuntimeFrameworkVersion = 9.0.14
                           RuntimePackRuntimeIdentifiers = linux-arm;linux-arm64;linux-musl-arm64;linux-musl-x64;linux-x64;osx-x64;tizen.4.0.0-armel;tizen.5.0.0-armel;win-arm64;win-x64;win-x86;linux-musl-arm;osx-arm64;linux-s390x;linux-loongarch64;linux-bionic-arm;linux-bionic-arm64;linux-bionic-x64;linux-bionic-x86;linux-ppc64le;freebsd-x64;freebsd-arm64;linux-riscv64;linux-musl-riscv64;linux-musl-loongarch64
                           RuntimePackNamePatterns = Microsoft.NETCore.App.Runtime.**RID**
                           TargetingPackVersion = 9.0.14
                           RuntimeFrameworkName = Microsoft.NETCore.App
                       Microsoft.WindowsDesktop.App
                           TargetFramework = net8.0
                           DefaultRuntimeFrameworkVersion = 8.0.0
                           TargetingPackName = Microsoft.WindowsDesktop.App.Ref
                           IsWindowsOnly = true
                           LatestRuntimeFrameworkVersion = 8.0.25
                           RuntimePackRuntimeIdentifiers = win-x64;win-x86;win-arm64
                           RuntimePackNamePatterns = Microsoft.WindowsDesktop.App.Runtime.**RID**
                           TargetingPackVersion = 8.0.25
                           RuntimeFrameworkName = Microsoft.WindowsDesktop.App
                       Microsoft.WindowsDesktop.App
                           TargetFramework = net7.0
                           DefaultRuntimeFrameworkVersion = 7.0.0
                           TargetingPackName = Microsoft.WindowsDesktop.App.Ref
                           IsWindowsOnly = true
                           LatestRuntimeFrameworkVersion = 7.0.20
                           RuntimePackRuntimeIdentifiers = win-x64;win-x86;win-arm64
                           RuntimePackNamePatterns = Microsoft.WindowsDesktop.App.Runtime.**RID**
                           TargetingPackVersion = 7.0.20
                           RuntimeFrameworkName = Microsoft.WindowsDesktop.App
                       Microsoft.WindowsDesktop.App
                           TargetFramework = netcoreapp3.1
                           DefaultRuntimeFrameworkVersion = 3.1.0
                           TargetingPackName = Microsoft.WindowsDesktop.App.Ref
                           IsWindowsOnly = true
                           LatestRuntimeFrameworkVersion = 3.1.32
                           RuntimePackRuntimeIdentifiers = win-x64;win-x86
                           RuntimePackNamePatterns = Microsoft.WindowsDesktop.App.Runtime.**RID**
                           TargetingPackVersion = 3.1.0
                           RuntimeFrameworkName = Microsoft.WindowsDesktop.App
                       Microsoft.WindowsDesktop.App
                           TargetFramework = net6.0
                           DefaultRuntimeFrameworkVersion = 6.0.0
                           TargetingPackName = Microsoft.WindowsDesktop.App.Ref
                           IsWindowsOnly = true
                           LatestRuntimeFrameworkVersion = 6.0.36
                           RuntimePackRuntimeIdentifiers = win-x64;win-x86;win-arm64
                           RuntimePackNamePatterns = Microsoft.WindowsDesktop.App.Runtime.**RID**
                           TargetingPackVersion = 6.0.36
                           RuntimeFrameworkName = Microsoft.WindowsDesktop.App
                       Microsoft.WindowsDesktop.App
                           TargetFramework = net10.0
                           DefaultRuntimeFrameworkVersion = 10.0.0
                           TargetingPackName = Microsoft.WindowsDesktop.App.Ref
                           IsWindowsOnly = true
                           LatestRuntimeFrameworkVersion = 10.0.5
                           RuntimePackRuntimeIdentifiers = win-x64;win-x86;win-arm64
                           RuntimePackNamePatterns = Microsoft.WindowsDesktop.App.Runtime.**RID**
                           TargetingPackVersion = 10.0.5
                           RuntimeFrameworkName = Microsoft.WindowsDesktop.App
                       Microsoft.WindowsDesktop.App
                           TargetFramework = netcoreapp3.0
                           DefaultRuntimeFrameworkVersion = 3.0.0
                           TargetingPackName = Microsoft.WindowsDesktop.App.Ref
                           IsWindowsOnly = true
                           LatestRuntimeFrameworkVersion = 3.0.3
                           RuntimePackRuntimeIdentifiers = win-x64;win-x86
                           RuntimePackNamePatterns = Microsoft.WindowsDesktop.App.Runtime.**RID**
                           TargetingPackVersion = 3.0.0
                           RuntimeFrameworkName = Microsoft.WindowsDesktop.App
                       Microsoft.WindowsDesktop.App
                           TargetFramework = net9.0
                           DefaultRuntimeFrameworkVersion = 9.0.0
                           TargetingPackName = Microsoft.WindowsDesktop.App.Ref
                           IsWindowsOnly = true
                           LatestRuntimeFrameworkVersion = 9.0.14
                           RuntimePackRuntimeIdentifiers = win-x64;win-x86;win-arm64
                           RuntimePackNamePatterns = Microsoft.WindowsDesktop.App.Runtime.**RID**
                           TargetingPackVersion = 9.0.14
                           RuntimeFrameworkName = Microsoft.WindowsDesktop.App
                       Microsoft.WindowsDesktop.App
                           TargetFramework = net5.0
                           DefaultRuntimeFrameworkVersion = 5.0.0
                           TargetingPackName = Microsoft.WindowsDesktop.App.Ref
                           IsWindowsOnly = true
                           LatestRuntimeFrameworkVersion = 5.0.17
                           RuntimePackRuntimeIdentifiers = win-x64;win-x86;win-arm64
                           RuntimePackNamePatterns = Microsoft.WindowsDesktop.App.Runtime.**RID**
                           TargetingPackVersion = 5.0.0
                           RuntimeFrameworkName = Microsoft.WindowsDesktop.App
                       Microsoft.WindowsDesktop.App.WindowsForms
                           TargetFramework = net6.0
                           DefaultRuntimeFrameworkVersion = 6.0.0
                           TargetingPackName = Microsoft.WindowsDesktop.App.Ref
                           IsWindowsOnly = true
                           LatestRuntimeFrameworkVersion = 6.0.36
                           RuntimePackRuntimeIdentifiers = win-x64;win-x86;win-arm64
                           RuntimePackNamePatterns = Microsoft.WindowsDesktop.App.Runtime.**RID**
                           TargetingPackVersion = 6.0.36
                           Profile = WindowsForms
                           RuntimeFrameworkName = Microsoft.WindowsDesktop.App
                       Microsoft.WindowsDesktop.App.WindowsForms
                           TargetFramework = net10.0
                           DefaultRuntimeFrameworkVersion = 10.0.0
                           TargetingPackName = Microsoft.WindowsDesktop.App.Ref
                           IsWindowsOnly = true
                           LatestRuntimeFrameworkVersion = 10.0.5
                           RuntimePackRuntimeIdentifiers = win-x64;win-x86;win-arm64
                           RuntimePackNamePatterns = Microsoft.WindowsDesktop.App.Runtime.**RID**
                           TargetingPackVersion = 10.0.5
                           Profile = WindowsForms
                           RuntimeFrameworkName = Microsoft.WindowsDesktop.App
                       Microsoft.WindowsDesktop.App.WindowsForms
                           TargetFramework = net5.0
                           DefaultRuntimeFrameworkVersion = 5.0.0
                           TargetingPackName = Microsoft.WindowsDesktop.App.Ref
                           IsWindowsOnly = true
                           LatestRuntimeFrameworkVersion = 5.0.17
                           RuntimePackRuntimeIdentifiers = win-x64;win-x86;win-arm64
                           RuntimePackNamePatterns = Microsoft.WindowsDesktop.App.Runtime.**RID**
                           TargetingPackVersion = 5.0.0
                           Profile = WindowsForms
                           RuntimeFrameworkName = Microsoft.WindowsDesktop.App
                       Microsoft.WindowsDesktop.App.WindowsForms
                           TargetFramework = netcoreapp3.1
                           DefaultRuntimeFrameworkVersion = 3.1.0
                           TargetingPackName = Microsoft.WindowsDesktop.App.Ref
                           IsWindowsOnly = true
                           LatestRuntimeFrameworkVersion = 3.1.32
                           RuntimePackRuntimeIdentifiers = win-x64;win-x86
                           RuntimePackNamePatterns = Microsoft.WindowsDesktop.App.Runtime.**RID**
                           TargetingPackVersion = 3.1.0
                           Profile = WindowsForms
                           RuntimeFrameworkName = Microsoft.WindowsDesktop.App
                       Microsoft.WindowsDesktop.App.WindowsForms
                           TargetFramework = net9.0
                           DefaultRuntimeFrameworkVersion = 9.0.0
                           TargetingPackName = Microsoft.WindowsDesktop.App.Ref
                           IsWindowsOnly = true
                           LatestRuntimeFrameworkVersion = 9.0.14
                           RuntimePackRuntimeIdentifiers = win-x64;win-x86;win-arm64
                           RuntimePackNamePatterns = Microsoft.WindowsDesktop.App.Runtime.**RID**
                           TargetingPackVersion = 9.0.14
                           Profile = WindowsForms
                           RuntimeFrameworkName = Microsoft.WindowsDesktop.App
                       Microsoft.WindowsDesktop.App.WindowsForms
                           TargetFramework = net7.0
                           DefaultRuntimeFrameworkVersion = 7.0.0
                           TargetingPackName = Microsoft.WindowsDesktop.App.Ref
                           IsWindowsOnly = true
                           LatestRuntimeFrameworkVersion = 7.0.20
                           RuntimePackRuntimeIdentifiers = win-x64;win-x86;win-arm64
                           RuntimePackNamePatterns = Microsoft.WindowsDesktop.App.Runtime.**RID**
                           TargetingPackVersion = 7.0.20
                           Profile = WindowsForms
                           RuntimeFrameworkName = Microsoft.WindowsDesktop.App
                       Microsoft.WindowsDesktop.App.WindowsForms
                           TargetFramework = netcoreapp3.0
                           DefaultRuntimeFrameworkVersion = 3.0.0
                           TargetingPackName = Microsoft.WindowsDesktop.App.Ref
                           IsWindowsOnly = true
                           LatestRuntimeFrameworkVersion = 3.0.3
                           RuntimePackRuntimeIdentifiers = win-x64;win-x86
                           RuntimePackNamePatterns = Microsoft.WindowsDesktop.App.Runtime.**RID**
                           TargetingPackVersion = 3.0.0
                           Profile = WindowsForms
                           RuntimeFrameworkName = Microsoft.WindowsDesktop.App
                       Microsoft.WindowsDesktop.App.WindowsForms
                           TargetFramework = net8.0
                           DefaultRuntimeFrameworkVersion = 8.0.0
                           TargetingPackName = Microsoft.WindowsDesktop.App.Ref
                           IsWindowsOnly = true
                           LatestRuntimeFrameworkVersion = 8.0.25
                           RuntimePackRuntimeIdentifiers = win-x64;win-x86;win-arm64
                           RuntimePackNamePatterns = Microsoft.WindowsDesktop.App.Runtime.**RID**
                           TargetingPackVersion = 8.0.25
                           Profile = WindowsForms
                           RuntimeFrameworkName = Microsoft.WindowsDesktop.App
                       Microsoft.WindowsDesktop.App.WPF
                           TargetFramework = netcoreapp3.0
                           DefaultRuntimeFrameworkVersion = 3.0.0
                           TargetingPackName = Microsoft.WindowsDesktop.App.Ref
                           IsWindowsOnly = true
                           LatestRuntimeFrameworkVersion = 3.0.3
                           RuntimePackRuntimeIdentifiers = win-x64;win-x86
                           RuntimePackNamePatterns = Microsoft.WindowsDesktop.App.Runtime.**RID**
                           TargetingPackVersion = 3.0.0
                           Profile = WPF
                           RuntimeFrameworkName = Microsoft.WindowsDesktop.App
                       Microsoft.WindowsDesktop.App.WPF
                           TargetFramework = net8.0
                           DefaultRuntimeFrameworkVersion = 8.0.0
                           TargetingPackName = Microsoft.WindowsDesktop.App.Ref
                           IsWindowsOnly = true
                           LatestRuntimeFrameworkVersion = 8.0.25
                           RuntimePackRuntimeIdentifiers = win-x64;win-x86;win-arm64
                           RuntimePackNamePatterns = Microsoft.WindowsDesktop.App.Runtime.**RID**
                           TargetingPackVersion = 8.0.25
                           Profile = WPF
                           RuntimeFrameworkName = Microsoft.WindowsDesktop.App
                       Microsoft.WindowsDesktop.App.WPF
                           TargetFramework = net5.0
                           DefaultRuntimeFrameworkVersion = 5.0.0
                           TargetingPackName = Microsoft.WindowsDesktop.App.Ref
                           IsWindowsOnly = true
                           LatestRuntimeFrameworkVersion = 5.0.17
                           RuntimePackRuntimeIdentifiers = win-x64;win-x86;win-arm64
                           RuntimePackNamePatterns = Microsoft.WindowsDesktop.App.Runtime.**RID**
                           TargetingPackVersion = 5.0.0
                           Profile = WPF
                           RuntimeFrameworkName = Microsoft.WindowsDesktop.App
                       Microsoft.WindowsDesktop.App.WPF
                           TargetFramework = netcoreapp3.1
                           DefaultRuntimeFrameworkVersion = 3.1.0
                           TargetingPackName = Microsoft.WindowsDesktop.App.Ref
                           IsWindowsOnly = true
                           LatestRuntimeFrameworkVersion = 3.1.32
                           RuntimePackRuntimeIdentifiers = win-x64;win-x86
                           RuntimePackNamePatterns = Microsoft.WindowsDesktop.App.Runtime.**RID**
                           TargetingPackVersion = 3.1.0
                           Profile = WPF
                           RuntimeFrameworkName = Microsoft.WindowsDesktop.App
                       Microsoft.WindowsDesktop.App.WPF
                           TargetFramework = net9.0
                           DefaultRuntimeFrameworkVersion = 9.0.0
                           TargetingPackName = Microsoft.WindowsDesktop.App.Ref
                           IsWindowsOnly = true
                           LatestRuntimeFrameworkVersion = 9.0.14
                           RuntimePackRuntimeIdentifiers = win-x64;win-x86;win-arm64
                           RuntimePackNamePatterns = Microsoft.WindowsDesktop.App.Runtime.**RID**
                           TargetingPackVersion = 9.0.14
                           Profile = WPF
                           RuntimeFrameworkName = Microsoft.WindowsDesktop.App
                       Microsoft.WindowsDesktop.App.WPF
                           TargetFramework = net6.0
                           DefaultRuntimeFrameworkVersion = 6.0.0
                           TargetingPackName = Microsoft.WindowsDesktop.App.Ref
                           IsWindowsOnly = true
                           LatestRuntimeFrameworkVersion = 6.0.36
                           RuntimePackRuntimeIdentifiers = win-x64;win-x86;win-arm64
                           RuntimePackNamePatterns = Microsoft.WindowsDesktop.App.Runtime.**RID**
                           TargetingPackVersion = 6.0.36
                           Profile = WPF
                           RuntimeFrameworkName = Microsoft.WindowsDesktop.App
                       Microsoft.WindowsDesktop.App.WPF
                           TargetFramework = net7.0
                           DefaultRuntimeFrameworkVersion = 7.0.0
                           TargetingPackName = Microsoft.WindowsDesktop.App.Ref
                           IsWindowsOnly = true
                           LatestRuntimeFrameworkVersion = 7.0.20
                           RuntimePackRuntimeIdentifiers = win-x64;win-x86;win-arm64
                           RuntimePackNamePatterns = Microsoft.WindowsDesktop.App.Runtime.**RID**
                           TargetingPackVersion = 7.0.20
                           Profile = WPF
                           RuntimeFrameworkName = Microsoft.WindowsDesktop.App
                       Microsoft.WindowsDesktop.App.WPF
                           TargetFramework = net10.0
                           DefaultRuntimeFrameworkVersion = 10.0.0
                           TargetingPackName = Microsoft.WindowsDesktop.App.Ref
                           IsWindowsOnly = true
                           LatestRuntimeFrameworkVersion = 10.0.5
                           RuntimePackRuntimeIdentifiers = win-x64;win-x86;win-arm64
                           RuntimePackNamePatterns = Microsoft.WindowsDesktop.App.Runtime.**RID**
                           TargetingPackVersion = 10.0.5
                           Profile = WPF
                           RuntimeFrameworkName = Microsoft.WindowsDesktop.App
                       NETStandard.Library
                           TargetFramework = netstandard2.1
                           TargetingPackName = NETStandard.Library.Ref
                           TargetingPackVersion = 2.1.0
                   KnownILCompilerPack
                       Microsoft.DotNet.ILCompiler
                           ILCompilerPackNamePattern = runtime.**RID**.Microsoft.DotNet.ILCompiler
                           ILCompilerRuntimePackNamePattern = Microsoft.NETCore.App.Runtime.NativeAOT.**RID**
                           TargetFramework = net10.0
                           ILCompilerPackVersion = 10.0.5
                           ILCompilerRuntimeIdentifiers = linux-arm64;linux-musl-arm64;linux-musl-x64;linux-x64;win-arm64;win-x64;osx-x64;osx-arm64;freebsd-x64;freebsd-arm64;linux-arm;linux-musl-arm;linux-loongarch64;linux-musl-loongarch64;win-x86;linux-riscv64;linux-musl-riscv64
                           ILCompilerPortableRuntimeIdentifiers = linux-arm64;linux-musl-arm64;linux-musl-x64;linux-x64;win-arm64;win-x64;osx-x64;osx-arm64;freebsd-x64;freebsd-arm64;linux-arm;linux-musl-arm;linux-loongarch64;linux-musl-loongarch64;win-x86;linux-riscv64;linux-musl-riscv64
                       Microsoft.DotNet.ILCompiler
                           ILCompilerPackNamePattern = runtime.**RID**.Microsoft.DotNet.ILCompiler
                           TargetFramework = net9.0
                           ILCompilerPackVersion = 9.0.14
                           ILCompilerRuntimeIdentifiers = linux-arm64;linux-musl-arm64;linux-musl-x64;linux-x64;win-arm64;win-x64;osx-x64;osx-arm64;freebsd-x64;freebsd-arm64;linux-arm;linux-musl-arm;linux-loongarch64;linux-musl-loongarch64;win-x86
                       Microsoft.DotNet.ILCompiler
                           ILCompilerPackNamePattern = runtime.**RID**.Microsoft.DotNet.ILCompiler
                           TargetFramework = net8.0
                           ILCompilerPackVersion = 8.0.25
                           ILCompilerRuntimeIdentifiers = linux-arm64;linux-musl-arm64;linux-musl-x64;linux-x64;win-arm64;win-x64;osx-x64;osx-arm64;freebsd-x64;freebsd-arm64
                       Microsoft.DotNet.ILCompiler
                           ILCompilerPackNamePattern = runtime.**RID**.Microsoft.DotNet.ILCompiler
                           TargetFramework = net7.0
                           ILCompilerPackVersion = 7.0.20
                           ILCompilerRuntimeIdentifiers = linux-arm64;linux-musl-arm64;linux-musl-x64;linux-x64;win-arm64;win-x64
                   KnownILLinkPack
                       Microsoft.NET.ILLink.Tasks
                           TargetFramework = net10.0
                           ILLinkPackVersion = 10.0.5
                       Microsoft.NET.ILLink.Tasks
                           TargetFramework = net9.0
                           ILLinkPackVersion = 9.0.14
                       Microsoft.NET.ILLink.Tasks
                           TargetFramework = net8.0
                           ILLinkPackVersion = 8.0.25
                       Microsoft.NET.ILLink.Tasks
                           TargetFramework = net7.0
                           ILLinkPackVersion = 7.0.100-1.23211.1
                       Microsoft.NET.ILLink.Tasks
                           TargetFramework = net6.0
                           ILLinkPackVersion = 7.0.100-1.23211.1
                       Microsoft.NET.ILLink.Tasks
                           TargetFramework = net5.0
                           ILLinkPackVersion = 7.0.100-1.23211.1
                       Microsoft.NET.ILLink.Tasks
                           TargetFramework = netcoreapp3.1
                           ILLinkPackVersion = 7.0.100-1.23211.1
                       Microsoft.NET.ILLink.Tasks
                           TargetFramework = netcoreapp3.0
                           ILLinkPackVersion = 7.0.100-1.23211.1
                   KnownRuntimePack
                       Microsoft.NETCore.App
                           TargetFramework = net10.0
                           LatestRuntimeFrameworkVersion = 10.0.5
                           RuntimePackRuntimeIdentifiers = ios-arm64;iossimulator-arm64;iossimulator-x64;tvos-arm64;tvossimulator-arm64;tvossimulator-x64;maccatalyst-arm64;maccatalyst-x64;linux-bionic-arm64;linux-bionic-x64;osx-arm64;osx-x64;freebsd-arm64;freebsd-x64;linux-x64;linux-arm;linux-arm64;linux-loongarch64;linux-bionic-arm;linux-musl-x64;linux-musl-arm;linux-musl-arm64;linux-musl-loongarch64;win-x64;win-x86;win-arm64;browser-wasm;wasi-wasm;linux-riscv64;linux-musl-riscv64;android-arm64;android-x64
                           RuntimePackNamePatterns = Microsoft.NETCore.App.Runtime.NativeAOT.**RID**
                           RuntimePackLabels = NativeAOT
                           RuntimeFrameworkName = Microsoft.NETCore.App
                       Microsoft.NETCore.App
                           TargetFramework = net10.0
                           LatestRuntimeFrameworkVersion = 10.0.5
                           RuntimePackRuntimeIdentifiers = linux-arm;linux-arm64;linux-musl-arm64;linux-musl-x64;linux-x64;osx-x64;win-arm64;win-x64;win-x86;linux-musl-arm;osx-arm64;linux-s390x;linux-loongarch64;browser-wasm;ios-arm64;ios-arm;iossimulator-arm64;iossimulator-x64;iossimulator-x86;tvos-arm64;tvossimulator-arm64;tvossimulator-x64;maccatalyst-x64;maccatalyst-arm64;android-arm64;android-arm;android-x64;android-x86;freebsd-x64;freebsd-arm64;wasi-wasm;linux-riscv64;linux-musl-riscv64;linux-loongarch64;linux-musl-loongarch64
                           RuntimePackNamePatterns = Microsoft.NETCore.App.Runtime.Mono.**RID**
                           RuntimePackLabels = Mono
                           RuntimeFrameworkName = Microsoft.NETCore.App
                       Microsoft.NETCore.App
                           TargetFramework = net9.0
                           LatestRuntimeFrameworkVersion = 9.0.14
                           RuntimePackRuntimeIdentifiers = ios-arm64;iossimulator-arm64;iossimulator-x64;tvos-arm64;tvossimulator-arm64;tvossimulator-x64;maccatalyst-arm64;maccatalyst-x64;linux-bionic-arm64;linux-bionic-x64;osx-arm64;osx-x64;freebsd-arm64;freebsd-x64;linux-x64;linux-arm;linux-arm64;linux-loongarch64;linux-bionic-arm;linux-musl-x64;linux-musl-arm;linux-musl-arm64;linux-musl-loongarch64;win-x64;win-x86;win-arm64;browser-wasm;wasi-wasm
                           RuntimePackNamePatterns = Microsoft.NETCore.App.Runtime.NativeAOT.**RID**
                           RuntimePackLabels = NativeAOT
                           RuntimeFrameworkName = Microsoft.NETCore.App
                       Microsoft.NETCore.App
                           TargetFramework = net9.0
                           LatestRuntimeFrameworkVersion = 9.0.14
                           RuntimePackRuntimeIdentifiers = linux-arm;linux-arm64;linux-musl-arm64;linux-musl-x64;linux-x64;osx-x64;win-arm64;win-x64;win-x86;linux-musl-arm;osx-arm64;linux-s390x;linux-loongarch64;browser-wasm;ios-arm64;ios-arm;iossimulator-arm64;iossimulator-x64;iossimulator-x86;tvos-arm64;tvossimulator-arm64;tvossimulator-x64;maccatalyst-x64;maccatalyst-arm64;android-arm64;android-arm;android-x64;android-x86;freebsd-x64;freebsd-arm64;wasi-wasm;linux-riscv64;linux-musl-riscv64;linux-loongarch64;linux-musl-loongarch64
                           RuntimePackNamePatterns = Microsoft.NETCore.App.Runtime.Mono.**RID**
                           RuntimePackLabels = Mono
                           RuntimeFrameworkName = Microsoft.NETCore.App
                       Microsoft.NETCore.App
                           TargetFramework = net8.0
                           LatestRuntimeFrameworkVersion = 8.0.25
                           RuntimePackRuntimeIdentifiers = ios-arm64;iossimulator-arm64;iossimulator-x64;tvos-arm64;tvossimulator-arm64;tvossimulator-x64;maccatalyst-arm64;maccatalyst-x64;linux-bionic-arm64;linux-bionic-x64;osx-arm64;osx-x64;freebsd-arm64;freebsd-x64
                           RuntimePackNamePatterns = Microsoft.NETCore.App.Runtime.NativeAOT.**RID**
                           RuntimePackLabels = NativeAOT
                           RuntimeFrameworkName = Microsoft.NETCore.App
                       Microsoft.NETCore.App
                           TargetFramework = net8.0
                           LatestRuntimeFrameworkVersion = 8.0.25
                           RuntimePackRuntimeIdentifiers = linux-arm;linux-arm64;linux-musl-arm64;linux-musl-x64;linux-x64;osx-x64;win-arm64;win-x64;win-x86;linux-musl-arm;osx-arm64;linux-s390x;linux-loongarch64;browser-wasm;ios-arm64;ios-arm;iossimulator-arm64;iossimulator-x64;iossimulator-x86;tvos-arm64;tvossimulator-arm64;tvossimulator-x64;maccatalyst-x64;maccatalyst-arm64;android-arm64;android-arm;android-x64;android-x86;freebsd-x64;freebsd-arm64;wasi-wasm
                           RuntimePackNamePatterns = Microsoft.NETCore.App.Runtime.Mono.**RID**
                           RuntimePackLabels = Mono
                           RuntimeFrameworkName = Microsoft.NETCore.App
                       Microsoft.NETCore.App
                           TargetFramework = net7.0
                           LatestRuntimeFrameworkVersion = 7.0.20
                           RuntimePackRuntimeIdentifiers = linux-arm;linux-arm64;linux-musl-arm64;linux-musl-x64;linux-x64;osx-x64;win-arm;win-arm64;win-x64;win-x86;linux-musl-arm;osx-arm64;linux-s390x;linux-loongarch64;browser-wasm;ios-arm64;ios-arm;iossimulator-arm64;iossimulator-x64;iossimulator-x86;tvos-arm64;tvossimulator-arm64;tvossimulator-x64;maccatalyst-x64;maccatalyst-arm64;android-arm64;android-arm;android-x64;android-x86
                           RuntimePackNamePatterns = Microsoft.NETCore.App.Runtime.Mono.**RID**
                           RuntimePackLabels = Mono
                           RuntimeFrameworkName = Microsoft.NETCore.App
                       Microsoft.NETCore.App
                           TargetFramework = net6.0
                           LatestRuntimeFrameworkVersion = 6.0.36
                           RuntimePackRuntimeIdentifiers = linux-arm;linux-arm64;linux-musl-arm64;linux-musl-x64;linux-x64;osx-x64;win-arm;win-arm64;win-x64;win-x86;linux-musl-arm;osx-arm64;linux-s390x;linux-loongarch64;browser-wasm;ios-arm64;ios-arm;iossimulator-arm64;iossimulator-x64;iossimulator-x86;tvos-arm64;tvossimulator-arm64;tvossimulator-x64;maccatalyst-x64;maccatalyst-arm64;android-arm64;android-arm;android-x64;android-x86
                           RuntimePackNamePatterns = Microsoft.NETCore.App.Runtime.Mono.**RID**
                           RuntimePackLabels = Mono
                           RuntimeFrameworkName = Microsoft.NETCore.App
                   KnownWebAssemblySdkPack
                       Microsoft.NET.Sdk.WebAssembly.Pack
                           TargetFramework = net10.0
                           WebAssemblySdkPackVersion = 10.0.5
                       Microsoft.NET.Sdk.WebAssembly.Pack
                           TargetFramework = net9.0
                           WebAssemblySdkPackVersion = 10.0.5
                       Microsoft.NET.Sdk.WebAssembly.Pack
                           TargetFramework = net8.0
                           WebAssemblySdkPackVersion = 10.0.5
                       Microsoft.NET.Sdk.WebAssembly.Pack
                           TargetFramework = net7.0
                           WebAssemblySdkPackVersion = 10.0.5
                       Microsoft.NET.Sdk.WebAssembly.Pack
                           TargetFramework = net6.0
                           WebAssemblySdkPackVersion = 10.0.5
                   None
                       C:\Users\jim liu\.nuget\packages\microsoft.diagnostics.tracing.traceevent\3.1.30\buildTransitive\..\build\native\amd64\KernelTraceControl.dll
                           CopyToOutputDirectory = PreserveNewest
                           Link = amd64\KernelTraceControl.dll
                           Visible = False
                       C:\Users\jim liu\.nuget\packages\microsoft.diagnostics.tracing.traceevent\3.1.30\buildTransitive\..\build\native\amd64\msdia140.dll
                           CopyToOutputDirectory = PreserveNewest
                           Link = amd64\msdia140.dll
                           Visible = False
                       C:\Users\jim liu\.nuget\packages\microsoft.diagnostics.tracing.traceevent\3.1.30\buildTransitive\..\build\native\arm64\KernelTraceControl.dll
                           CopyToOutputDirectory = PreserveNewest
                           Link = arm64\KernelTraceControl.dll
                           Visible = False
                       C:\Users\jim liu\.nuget\packages\microsoft.diagnostics.tracing.traceevent\3.1.30\buildTransitive\..\build\native\arm64\msdia140.dll
                           CopyToOutputDirectory = PreserveNewest
                           Link = arm64\msdia140.dll
                           Visible = False
                       C:\Users\jim liu\.nuget\packages\microsoft.diagnostics.tracing.traceevent\3.1.30\buildTransitive\..\build\native\x86\KernelTraceControl.dll
                           CopyToOutputDirectory = PreserveNewest
                           Link = x86\KernelTraceControl.dll
                           Visible = False
                       C:\Users\jim liu\.nuget\packages\microsoft.diagnostics.tracing.traceevent\3.1.30\buildTransitive\..\build\native\x86\KernelTraceControl.Win61.dll
                           CopyToOutputDirectory = PreserveNewest
                           Link = x86\KernelTraceControl.Win61.dll
                           Visible = False
                       C:\Users\jim liu\.nuget\packages\microsoft.diagnostics.tracing.traceevent\3.1.30\buildTransitive\..\build\native\x86\msdia140.dll
                           CopyToOutputDirectory = PreserveNewest
                           Link = x86\msdia140.dll
                           Visible = False
                       C:\Users\jim liu\.nuget\packages\microsoft.diagnostics.tracing.traceevent\3.1.30\buildTransitive\..\lib\netstandard2.0\Dia2Lib.dll
                           CopyToOutputDirectory = PreserveNewest
                           Link = Dia2Lib.dll
                           Visible = False
                       C:\Users\jim liu\.nuget\packages\microsoft.diagnostics.tracing.traceevent\3.1.30\buildTransitive\..\lib\netstandard2.0\TraceReloggerLib.dll
                           CopyToOutputDirectory = PreserveNewest
                           Link = TraceReloggerLib.dll
                           Visible = False
                   PackageConflictOverrides
                       NETStandard.Library
                           OverriddenPackages = 
                           Microsoft.Win32.Primitives|4.3.0;
                           System.AppContext|4.3.0;
                           System.Collections|4.3.0;
                           System.Collections.Concurrent|4.3.0;
                           System.Collections.Immutable|1.4.0;
                           System.Collections.NonGeneric|4.3.0;
                           System.Collections.Specialized|4.3.0;
                           System.ComponentModel|4.3.0;
                           System.ComponentModel.EventBasedAsync|4.3.0;
                           System.ComponentModel.Primitives|4.3.0;
                           System.ComponentModel.TypeConverter|4.3.0;
                           System.Console|4.3.0;
                           System.Data.Common|4.3.0;
                           System.Diagnostics.Contracts|4.3.0;
                           System.Diagnostics.Debug|4.3.0;
                           System.Diagnostics.FileVersionInfo|4.3.0;
                           System.Diagnostics.Process|4.3.0;
                           System.Diagnostics.StackTrace|4.3.0;
                           System.Diagnostics.TextWriterTraceListener|4.3.0;
                           System.Diagnostics.Tools|4.3.0;
                           System.Diagnostics.TraceSource|4.3.0;
                           System.Diagnostics.Tracing|4.3.0;
                           System.Dynamic.Runtime|4.3.0;
                           System.Globalization|4.3.0;
                           System.Globalization.Calendars|4.3.0;
                           System.Globalization.Extensions|4.3.0;
                           System.IO|4.3.0;
                           System.IO.Compression|4.3.0;
                           System.IO.Compression.ZipFile|4.3.0;
                           System.IO.FileSystem|4.3.0;
                           System.IO.FileSystem.DriveInfo|4.3.0;
                           System.IO.FileSystem.Primitives|4.3.0;
                           System.IO.FileSystem.Watcher|4.3.0;
                           System.IO.IsolatedStorage|4.3.0;
                           System.IO.MemoryMappedFiles|4.3.0;
                           System.IO.Pipes|4.3.0;
                           System.IO.UnmanagedMemoryStream|4.3.0;
                           System.Linq|4.3.0;
                           System.Linq.Expressions|4.3.0;
                           System.Linq.Queryable|4.3.0;
                           System.Net.Http|4.3.0;
                           System.Net.NameResolution|4.3.0;
                           System.Net.Primitives|4.3.0;
                           System.Net.Requests|4.3.0;
                           System.Net.Security|4.3.0;
                           System.Net.Sockets|4.3.0;
                           System.Net.WebHeaderCollection|4.3.0;
                           System.ObjectModel|4.3.0;
                           System.Private.DataContractSerialization|4.3.0;
                           System.Reflection|4.3.0;
                           System.Reflection.Emit|4.3.0;
                           System.Reflection.Emit.ILGeneration|4.3.0;
                           System.Reflection.Emit.Lightweight|4.3.0;
                           System.Reflection.Extensions|4.3.0;
                           System.Reflection.Primitives|4.3.0;
                           System.Reflection.TypeExtensions|4.3.0;
                           System.Resources.ResourceManager|4.3.0;
                           System.Runtime|4.3.0;
                           System.Runtime.Extensions|4.3.0;
                           System.Runtime.Handles|4.3.0;
                           System.Runtime.InteropServices|4.3.0;
                           System.Runtime.InteropServices.RuntimeInformation|4.3.0;
                           System.Runtime.Loader|4.3.0;
                           System.Runtime.Numerics|4.3.0;
                           System.Runtime.Serialization.Formatters|4.3.0;
                           System.Runtime.Serialization.Json|4.3.0;
                           System.Runtime.Serialization.Primitives|4.3.0;
                           System.Security.AccessControl|4.4.0;
                           System.Security.Claims|4.3.0;
                           System.Security.Cryptography.Algorithms|4.3.0;
                           System.Security.Cryptography.Csp|4.3.0;
                           System.Security.Cryptography.Encoding|4.3.0;
                           System.Security.Cryptography.Primitives|4.3.0;
                           System.Security.Cryptography.X509Certificates|4.3.0;
                           System.Security.Cryptography.Xml|4.4.0;
                           System.Security.Principal|4.3.0;
                           System.Security.Principal.Windows|4.4.0;
                           System.Text.Encoding|4.3.0;
                           System.Text.Encoding.Extensions|4.3.0;
                           System.Text.RegularExpressions|4.3.0;
                           System.Threading|4.3.0;
                           System.Threading.Overlapped|4.3.0;
                           System.Threading.Tasks|4.3.0;
                           System.Threading.Tasks.Extensions|4.3.0;
                           System.Threading.Tasks.Parallel|4.3.0;
                           System.Threading.Thread|4.3.0;
                           System.Threading.ThreadPool|4.3.0;
                           System.Threading.Timer|4.3.0;
                           System.ValueTuple|4.3.0;
                           System.Xml.ReaderWriter|4.3.0;
                           System.Xml.XDocument|4.3.0;
                           System.Xml.XmlDocument|4.3.0;
                           System.Xml.XmlSerializer|4.3.0;
                           System.Xml.XPath|4.3.0;
                           System.Xml.XPath.XDocument|4.3.0;
                         
                   PackageReference
                       Microsoft.Data.Sqlite
                           Version = 10.0.5
                       Microsoft.Diagnostics.Tracing.TraceEvent
                           Version = 3.1.30
                   PotentialEditorConfigFiles
                       F:\.editorconfig
                       F:\C#\.editorconfig
                       F:\C#\WinFormsApp1.WpfRefactor\.editorconfig
                       F:\C#\WinFormsApp1.WpfRefactor\WinFormsApp1.Infrastructure\.editorconfig
                       F:\C#\WinFormsApp1.WpfRefactor\WinFormsApp1.Infrastructure\Persistence\.editorconfig
                       F:\C#\WinFormsApp1.WpfRefactor\WinFormsApp1.Infrastructure\Services\.editorconfig
                   PreprocessorValue
                       assemblyname
                           Value = WinFormsApp1.Infrastructure
                       filename
                           Value = WinFormsApp1.Infrastructure.csproj
                       fullpath
                           Value = F:\C#\WinFormsApp1.WpfRefactor\WinFormsApp1.Infrastructure
                       outputfilename
                           Value = WinFormsApp1.Infrastructure.dll
                       rootnamespace
                           Value = WinFormsApp1.Infrastructure
                   ProjectCapability
                       AllTargetOutputGroups
                       AssemblyReferences
                       COMReferences
                       CSharp
                       DeclaredSourceItems
                       GenerateDocumentationFile
                       LanguageService
                       Managed
                       NativeAOT
                       NetSdkOCIImageBuild
                       OutputGroups
                       Pack
                       ProjectReferences
                       ReferencesFolder
                       RelativePathDerivedDefaultNamespace
                       SharedProjectReferences
                       SingleFileGenerators
                       SupportsComputeRunCommand
                       SupportsHotReload
                       UserSourceItems
                       VisualStudioWellKnownOutputGroups
                   ProjectReference
                       ..\WinFormsApp1.Application\WinFormsApp1.Application.csproj
                           ReferenceSourceTarget = ProjectReference
                           OutputItemType = 
                           Targets = 
                       ..\WinFormsApp1.Domain\WinFormsApp1.Domain.csproj
                           ReferenceSourceTarget = ProjectReference
                           OutputItemType = 
                           Targets = 
                   PropertyPageSchema
                       C:\Program Files\dotnet\sdk\10.0.201\\assemblyreference.xaml
                           Context = ;BrowseObject
                       C:\Program Files\dotnet\sdk\10.0.201\\COMReference.xaml
                           Context = ;BrowseObject
                       C:\Program Files\dotnet\sdk\10.0.201\\Content.xaml
                           Context = File;BrowseObject
                       C:\Program Files\dotnet\sdk\10.0.201\\CSharp.BrowseObject.xaml
                           Context = BrowseObject
                       C:\Program Files\dotnet\sdk\10.0.201\\CSharp.ProjectItemsSchema.xaml
                       C:\Program Files\dotnet\sdk\10.0.201\\CSharp.xaml
                           Context = File
                       C:\Program Files\dotnet\sdk\10.0.201\\Debugger_General.xaml
                           Context = Project
                       C:\Program Files\dotnet\sdk\10.0.201\\EmbeddedResource.xaml
                           Context = File;BrowseObject
                       C:\Program Files\dotnet\sdk\10.0.201\\Folder.xaml
                           Context = File;BrowseObject
                       C:\Program Files\dotnet\sdk\10.0.201\\General_File.xaml
                           Context = File
                       C:\Program Files\dotnet\sdk\10.0.201\\General.BrowseObject.xaml
                           Context = BrowseObject
                       C:\Program Files\dotnet\sdk\10.0.201\\General.xaml
                           Context = Project
                       C:\Program Files\dotnet\sdk\10.0.201\\None.xaml
                           Context = File;BrowseObject
                       C:\Program Files\dotnet\sdk\10.0.201\\ProjectItemsSchema.xaml
                       C:\Program Files\dotnet\sdk\10.0.201\\ProjectReference.xaml
                           Context = ;BrowseObject
                       C:\Program Files\dotnet\sdk\10.0.201\\ResolvedAssemblyReference.xaml
                           Context = ProjectSubscriptionService;BrowseObject
                       C:\Program Files\dotnet\sdk\10.0.201\\ResolvedCOMReference.xaml
                           Context = ProjectSubscriptionService;BrowseObject
                       C:\Program Files\dotnet\sdk\10.0.201\\ResolvedProjectReference.xaml
                           Context = ProjectSubscriptionService;BrowseObject
                       C:\Program Files\dotnet\sdk\10.0.201\\SCC.xaml
                           Context = Invisible
                       C:\Program Files\dotnet\sdk\10.0.201\\SpecialFolder.xaml
                           Context = File;ProjectSubscriptionService
                   RegFreeComManifest
                       obj\Debug\net10.0\WinFormsApp1.Infrastructure.X.manifest
                   RuntimeHostConfigurationOption
                       System.Runtime.Serialization.EnableUnsafeBinaryFormatterSerialization
                           Value = false
                           Trim = true
                   SdkSupportedTargetPlatformIdentifier
                       windows
                           DisplayName = Windows
                   SourceLinkAzureReposGitHost
                       dev.azure.com
                       visualstudio.com
                       vsts.me
                   SourceLinkBitbucketGitHost
                       bitbucket.org
                           EnterpriseEdition = false
                   SourceLinkGitHubHost
                       github.com
                           ContentUrl = https://raw.githubusercontent.com
                   SourceLinkGitLabHost
                       gitlab.com
                   SourceRoot
                       C:\Users\jim liu\.nuget\packages\
                       d:\Program Files\Microsoft Visual Studio\Shared\NuGetPackages\
                   SupportedNETCoreAppTargetFramework
                       .NETCoreApp,Version=v1.0
                           DisplayName = .NET Core 1.0
                           Alias = netcoreapp1.0
                       .NETCoreApp,Version=v1.1
                           DisplayName = .NET Core 1.1
                           Alias = netcoreapp1.1
                       .NETCoreApp,Version=v10.0
                           DisplayName = .NET 10.0
                           Alias = net10.0
                       .NETCoreApp,Version=v2.0
                           DisplayName = .NET Core 2.0
                           Alias = netcoreapp2.0
                       .NETCoreApp,Version=v2.1
                           DisplayName = .NET Core 2.1
                           Alias = netcoreapp2.1
                       .NETCoreApp,Version=v2.2
                           DisplayName = .NET Core 2.2
                           Alias = netcoreapp2.2
                       .NETCoreApp,Version=v3.0
                           DisplayName = .NET Core 3.0
                           Alias = netcoreapp3.0
                       .NETCoreApp,Version=v3.1
                           DisplayName = .NET Core 3.1
                           Alias = netcoreapp3.1
                       .NETCoreApp,Version=v5.0
                           DisplayName = .NET 5.0
                           Alias = net5.0
                       .NETCoreApp,Version=v6.0
                           DisplayName = .NET 6.0
                           Alias = net6.0
                       .NETCoreApp,Version=v7.0
                           DisplayName = .NET 7.0
                           Alias = net7.0
                       .NETCoreApp,Version=v8.0
                           DisplayName = .NET 8.0
                           Alias = net8.0
                       .NETCoreApp,Version=v9.0
                           DisplayName = .NET 9.0
                           Alias = net9.0
                   SupportedNETFrameworkTargetFramework
                       .NETFramework,Version=v2.0
                           DisplayName = .NET Framework 2.0
                           Alias = net20
                       .NETFramework,Version=v3.0
                           DisplayName = .NET Framework 3.0
                           Alias = net30
                       .NETFramework,Version=v3.5
                           DisplayName = .NET Framework 3.5
                           Alias = net35
                       .NETFramework,Version=v4.0
                           DisplayName = .NET Framework 4.0
                           Alias = net40
                       .NETFramework,Version=v4.5
                           DisplayName = .NET Framework 4.5
                           Alias = net45
                       .NETFramework,Version=v4.5.1
                           DisplayName = .NET Framework 4.5.1
                           Alias = net451
                       .NETFramework,Version=v4.5.2
                           DisplayName = .NET Framework 4.5.2
                           Alias = net452
                       .NETFramework,Version=v4.6
                           DisplayName = .NET Framework 4.6
                           Alias = net46
                       .NETFramework,Version=v4.6.1
                           DisplayName = .NET Framework 4.6.1
                           Alias = net461
                       .NETFramework,Version=v4.6.2
                           DisplayName = .NET Framework 4.6.2
                           Alias = net462
                       .NETFramework,Version=v4.7
                           DisplayName = .NET Framework 4.7
                           Alias = net47
                       .NETFramework,Version=v4.7.1
                           DisplayName = .NET Framework 4.7.1
                           Alias = net471
                       .NETFramework,Version=v4.7.2
                           DisplayName = .NET Framework 4.7.2
                           Alias = net472
                       .NETFramework,Version=v4.8
                           DisplayName = .NET Framework 4.8
                           Alias = net48
                       .NETFramework,Version=v4.8.1
                           DisplayName = .NET Framework 4.8.1
                           Alias = net481
                   SupportedNETStandardTargetFramework
                       .NETStandard,Version=v1.0
                           DisplayName = .NET Standard 1.0
                           Alias = netstandard1.0
                       .NETStandard,Version=v1.1
                           DisplayName = .NET Standard 1.1
                           Alias = netstandard1.1
                       .NETStandard,Version=v1.2
                           DisplayName = .NET Standard 1.2
                           Alias = netstandard1.2
                       .NETStandard,Version=v1.3
                           DisplayName = .NET Standard 1.3
                           Alias = netstandard1.3
                       .NETStandard,Version=v1.4
                           DisplayName = .NET Standard 1.4
                           Alias = netstandard1.4
                       .NETStandard,Version=v1.5
                           DisplayName = .NET Standard 1.5
                           Alias = netstandard1.5
                       .NETStandard,Version=v1.6
                           DisplayName = .NET Standard 1.6
                           Alias = netstandard1.6
                       .NETStandard,Version=v2.0
                           DisplayName = .NET Standard 2.0
                           Alias = netstandard2.0
                       .NETStandard,Version=v2.1
                           DisplayName = .NET Standard 2.1
                           Alias = netstandard2.1
                   SupportedPlatform
                       Linux
                       macOS
                       Windows
                   SupportedTargetFramework
                       .NETCoreApp,Version=v1.0
                           DisplayName = .NET Core 1.0
                           Alias = netcoreapp1.0
                       .NETCoreApp,Version=v1.1
                           DisplayName = .NET Core 1.1
                           Alias = netcoreapp1.1
                       .NETCoreApp,Version=v10.0
                           DisplayName = .NET 10.0
                           Alias = net10.0
                       .NETCoreApp,Version=v2.0
                           DisplayName = .NET Core 2.0
                           Alias = netcoreapp2.0
                       .NETCoreApp,Version=v2.1
                           DisplayName = .NET Core 2.1
                           Alias = netcoreapp2.1
                       .NETCoreApp,Version=v2.2
                           DisplayName = .NET Core 2.2
                           Alias = netcoreapp2.2
                       .NETCoreApp,Version=v3.0
                           DisplayName = .NET Core 3.0
                           Alias = netcoreapp3.0
                       .NETCoreApp,Version=v3.1
                           DisplayName = .NET Core 3.1
                           Alias = netcoreapp3.1
                       .NETCoreApp,Version=v5.0
                           DisplayName = .NET 5.0
                           Alias = net5.0
                       .NETCoreApp,Version=v6.0
                           DisplayName = .NET 6.0
                           Alias = net6.0
                       .NETCoreApp,Version=v7.0
                           DisplayName = .NET 7.0
                           Alias = net7.0
                       .NETCoreApp,Version=v8.0
                           DisplayName = .NET 8.0
                           Alias = net8.0
                       .NETCoreApp,Version=v9.0
                           DisplayName = .NET 9.0
                           Alias = net9.0
                       .NETFramework,Version=v2.0
                           DisplayName = .NET Framework 2.0
                           Alias = net20
                       .NETFramework,Version=v3.0
                           DisplayName = .NET Framework 3.0
                           Alias = net30
                       .NETFramework,Version=v3.5
                           DisplayName = .NET Framework 3.5
                           Alias = net35
                       .NETFramework,Version=v4.0
                           DisplayName = .NET Framework 4.0
                           Alias = net40
                       .NETFramework,Version=v4.5
                           DisplayName = .NET Framework 4.5
                           Alias = net45
                       .NETFramework,Version=v4.5.1
                           DisplayName = .NET Framework 4.5.1
                           Alias = net451
                       .NETFramework,Version=v4.5.2
                           DisplayName = .NET Framework 4.5.2
                           Alias = net452
                       .NETFramework,Version=v4.6
                           DisplayName = .NET Framework 4.6
                           Alias = net46
                       .NETFramework,Version=v4.6.1
                           DisplayName = .NET Framework 4.6.1
                           Alias = net461
                       .NETFramework,Version=v4.6.2
                           DisplayName = .NET Framework 4.6.2
                           Alias = net462
                       .NETFramework,Version=v4.7
                           DisplayName = .NET Framework 4.7
                           Alias = net47
                       .NETFramework,Version=v4.7.1
                           DisplayName = .NET Framework 4.7.1
                           Alias = net471
                       .NETFramework,Version=v4.7.2
                           DisplayName = .NET Framework 4.7.2
                           Alias = net472
                       .NETFramework,Version=v4.8
                           DisplayName = .NET Framework 4.8
                           Alias = net48
                       .NETFramework,Version=v4.8.1
                           DisplayName = .NET Framework 4.8.1
                           Alias = net481
                       .NETStandard,Version=v1.0
                           DisplayName = .NET Standard 1.0
                           Alias = netstandard1.0
                       .NETStandard,Version=v1.1
                           DisplayName = .NET Standard 1.1
                           Alias = netstandard1.1
                       .NETStandard,Version=v1.2
                           DisplayName = .NET Standard 1.2
                           Alias = netstandard1.2
                       .NETStandard,Version=v1.3
                           DisplayName = .NET Standard 1.3
                           Alias = netstandard1.3
                       .NETStandard,Version=v1.4
                           DisplayName = .NET Standard 1.4
                           Alias = netstandard1.4
                       .NETStandard,Version=v1.5
                           DisplayName = .NET Standard 1.5
                           Alias = netstandard1.5
                       .NETStandard,Version=v1.6
                           DisplayName = .NET Standard 1.6
                           Alias = netstandard1.6
                       .NETStandard,Version=v2.0
                           DisplayName = .NET Standard 2.0
                           Alias = netstandard2.0
                       .NETStandard,Version=v2.1
                           DisplayName = .NET Standard 2.1
                           Alias = netstandard2.1
                   Using
                       System
                       System.Collections.Generic
                       System.IO
                       System.Linq
                       System.Net.Http
                       System.Threading
                       System.Threading.Tasks
                   WindowsSdkSupportedTargetPlatformVersion
                       10.0.17763.0
                           WindowsSdkPackageVersion = 10.0.17763.57
                           MinimumNETVersion = 8.0
                       10.0.17763.0
                           WindowsSdkPackageVersion = 10.0.17763.55
                           MinimumNETVersion = 6.0
                       10.0.17763.0
                           WindowsSdkPackageVersion = 10.0.17763.26
                           MinimumNETVersion = 5.0
                       10.0.17763.1
                           WindowsSdkPackageVersion = 10.0.17763.57
                           MinimumNETVersion = 10.0
                       10.0.18362.0
                           WindowsSdkPackageVersion = 10.0.18362.55
                           MinimumNETVersion = 6.0
                       10.0.18362.0
                           WindowsSdkPackageVersion = 10.0.18362.57
                           MinimumNETVersion = 8.0
                       10.0.18362.0
                           WindowsSdkPackageVersion = 10.0.18362.26
                           MinimumNETVersion = 5.0
                       10.0.18362.1
                           WindowsSdkPackageVersion = 10.0.18362.57
                           MinimumNETVersion = 10.0
                       10.0.19041.0
                           WindowsSdkPackageVersion = 10.0.19041.55
                           MinimumNETVersion = 6.0
                       10.0.19041.0
                           WindowsSdkPackageVersion = 10.0.19041.26
                           MinimumNETVersion = 5.0
                       10.0.19041.0
                           WindowsSdkPackageVersion = 10.0.19041.57
                           MinimumNETVersion = 8.0
                       10.0.19041.1
                           WindowsSdkPackageVersion = 10.0.19041.57
                           MinimumNETVersion = 10.0
                       10.0.20348.0
                           WindowsSdkPackageVersion = 10.0.20348.55
                           MinimumNETVersion = 6.0
                       10.0.20348.0
                           WindowsSdkPackageVersion = 10.0.20348.26
                           MinimumNETVersion = 5.0
                       10.0.20348.0
                           WindowsSdkPackageVersion = 10.0.20348.57
                           MinimumNETVersion = 8.0
                       10.0.20348.1
                           WindowsSdkPackageVersion = 10.0.20348.57
                           MinimumNETVersion = 10.0
                       10.0.22000.0
                           WindowsSdkPackageVersion = 10.0.22000.57
                           MinimumNETVersion = 8.0
                       10.0.22000.0
                           WindowsSdkPackageVersion = 10.0.22000.55
                           MinimumNETVersion = 6.0
                       10.0.22000.0
                           WindowsSdkPackageVersion = 10.0.22000.26
                           MinimumNETVersion = 5.0
                       10.0.22000.1
                           WindowsSdkPackageVersion = 10.0.22000.57
                           MinimumNETVersion = 10.0
                       10.0.22621.0
                           WindowsSdkPackageVersion = 10.0.22621.57
                           MinimumNETVersion = 8.0
                       10.0.22621.0
                           WindowsSdkPackageVersion = 10.0.22621.55
                           MinimumNETVersion = 6.0
                       10.0.22621.1
                           WindowsSdkPackageVersion = 10.0.22621.57
                           MinimumNETVersion = 10.0
                       10.0.26100.0
                           WindowsSdkPackageVersion = 10.0.26100.55
                           MinimumNETVersion = 6.0
                       10.0.26100.0
                           WindowsSdkPackageVersion = 10.0.26100.57
                           MinimumNETVersion = 8.0
                       10.0.26100.1
                           WindowsSdkPackageVersion = 10.0.26100.57
                           MinimumNETVersion = 10.0
                       7.0
                       8.0

13:40:40.744     1>项目“F:\C#\WinFormsApp1.WpfRefactor\WinFormsApp1.Desktop\WinFormsApp1.Desktop.csproj”(1)正在节点 1 上生成“F:\C#\WinFormsApp1.WpfRefactor\WinFormsApp1.Infrastructure\WinFormsApp1.Infrastructure.csproj”(3) (GetTargetFrameworks 个目标)。
13:40:41.974     3>来自项目“F:\C#\WinFormsApp1.WpfRefactor\WinFormsApp1.Infrastructure\WinFormsApp1.Infrastructure.csproj”的文件“C:\Program Files\dotnet\sdk\10.0.201\Sdks\Microsoft.NET.Sdk\targets\Microsoft.NET.Sdk.targets”中的目标“_CalculateIsVSTestTestProject: (目标 ID: 59)”(目标“GetTargetFrameworksWithPlatformForSingleTargetFramework”依赖于它):
13:40:41.974     3>设置属性: _IsVSTestTestProject=false
13:40:41.974     3>已完成在项目“WinFormsApp1.Infrastructure.csproj”中生成目标“_CalculateIsVSTestTestProject”的操作。: (目标 ID: 59)
13:40:41.974     3>来自项目“F:\C#\WinFormsApp1.WpfRefactor\WinFormsApp1.Infrastructure\WinFormsApp1.Infrastructure.csproj”的文件“C:\Program Files\dotnet\sdk\10.0.201\Microsoft.Common.CurrentVersion.targets”中的目标“GetTargetFrameworksWithPlatformForSingleTargetFramework: (目标 ID: 60)”(目标“GetTargetFrameworks”依赖于它):
                   添加的项: 
                       _AdditionalTargetFrameworkInfoPropertyWithValue=
                           SelfContained
                                   Value=
                   添加的项: 
                       _AdditionalTargetFrameworkInfoPropertyWithValue=
                           _IsExecutable
                                   Value=
                   添加的项: 
                       _AdditionalTargetFrameworkInfoPropertyWithValue=
                           IsRidAgnostic
                                   Value=true
                   添加的项: 
                       _AdditionalTargetFrameworkInfoPropertyWithValue=
                           ShouldBeValidatedAsExecutableReference
                                   Value=
                   添加的项: 
                       _AdditionalTargetFrameworkInfoPropertyWithValue=
                           _SelfContainedWasSpecified
                                   Value=
                   任务“CombineTargetFrameworkInfoProperties” (任务 ID: 29)
                     任务参数:RootElementName=net10.0 (任务 ID: 29)
                     任务参数:UseAttributeForTargetFrameworkInfoPropertyNames=True (任务 ID: 29)
                     任务参数:
                         PropertiesAndValues=
                             SelfContained
                                     Value=
                             _IsExecutable
                                     Value=
                             IsRidAgnostic
                                     Value=true
                             ShouldBeValidatedAsExecutableReference
                                     Value=
                             _SelfContainedWasSpecified
                                     Value= (任务 ID: 29)
                     输出属性: _AdditionalTargetFrameworkInfoProperties=<TargetFramework Name="net10.0">
                       <SelfContained></SelfContained>
                       <_IsExecutable></_IsExecutable>
                       <IsRidAgnostic>true</IsRidAgnostic>
                       <ShouldBeValidatedAsExecutableReference></ShouldBeValidatedAsExecutableReference>
                       <_SelfContainedWasSpecified></_SelfContainedWasSpecified>
                     </TargetFramework> (任务 ID: 29)
                   已完成执行任务“CombineTargetFrameworkInfoProperties”的操作。 (任务 ID: 29)
                   添加的项: 
                       _TargetFrameworkInfo=
                           net10.0
                                   AdditionalPropertiesFromProject=<TargetFramework Name="net10.0">
                     <SelfContained></SelfContained>
                     <_IsExecutable></_IsExecutable>
                     <IsRidAgnostic>true</IsRidAgnostic>
                     <ShouldBeValidatedAsExecutableReference></ShouldBeValidatedAsExecutableReference>
                     <_SelfContainedWasSpecified></_SelfContainedWasSpecified>
                   </TargetFramework>
                                   IsRidAgnostic=true
                                   TargetFrameworkMonikers=.NETCoreApp,Version=v10.0
                                   TargetFrameworks=net10.0
                                   TargetPlatformMonikers=None
13:40:41.975     3>已完成在项目“WinFormsApp1.Infrastructure.csproj”中生成目标“GetTargetFrameworksWithPlatformForSingleTargetFramework”的操作。: (目标 ID: 60)
13:40:41.975     3>来自项目“F:\C#\WinFormsApp1.WpfRefactor\WinFormsApp1.Infrastructure\WinFormsApp1.Infrastructure.csproj”的文件“C:\Program Files\dotnet\sdk\10.0.201\Microsoft.Common.CurrentVersion.targets”中的目标“GetTargetFrameworks: (目标 ID: 61)”(入口点):
                   任务“CombineXmlElements” (任务 ID: 30)
                     任务参数:
                         XmlElements=
                             <TargetFramework Name="net10.0">
                       <SelfContained></SelfContained>
                       <_IsExecutable></_IsExecutable>
                       <IsRidAgnostic>true</IsRidAgnostic>
                       <ShouldBeValidatedAsExecutableReference></ShouldBeValidatedAsExecutableReference>
                       <_SelfContainedWasSpecified></_SelfContainedWasSpecified>
                     </TargetFramework>
                                     AdditionalPropertiesFromProject=<TargetFramework Name="net10.0">
                       <SelfContained></SelfContained>
                       <_IsExecutable></_IsExecutable>
                       <IsRidAgnostic>true</IsRidAgnostic>
                       <ShouldBeValidatedAsExecutableReference></ShouldBeValidatedAsExecutableReference>
                       <_SelfContainedWasSpecified></_SelfContainedWasSpecified>
                     </TargetFramework>
                                     IsRidAgnostic=true
                                     TargetFrameworkMonikers=.NETCoreApp,Version=v10.0
                                     TargetFrameworks=net10.0
                                     TargetPlatformMonikers=None (任务 ID: 30)
                     任务参数:RootElementName=AdditionalProjectProperties (任务 ID: 30)
                     输出属性: _AdditionalPropertiesFromProject=<AdditionalProjectProperties>
                       <TargetFramework Name="net10.0">
                         <SelfContained></SelfContained>
                         <_IsExecutable></_IsExecutable>
                         <IsRidAgnostic>true</IsRidAgnostic>
                         <ShouldBeValidatedAsExecutableReference></ShouldBeValidatedAsExecutableReference>
                         <_SelfContainedWasSpecified></_SelfContainedWasSpecified>
                       </TargetFramework>
                     </AdditionalProjectProperties> (任务 ID: 30)
                   已完成执行任务“CombineXmlElements”的操作。 (任务 ID: 30)
                   添加的项: 
                       _ThisProjectBuildMetadata=
                           F:\C#\WinFormsApp1.WpfRefactor\WinFormsApp1.Infrastructure\WinFormsApp1.Infrastructure.csproj
                                   AdditionalPropertiesFromProject=<AdditionalProjectProperties>
                     <TargetFramework Name="net10.0">
                       <SelfContained></SelfContained>
                       <_IsExecutable></_IsExecutable>
                       <IsRidAgnostic>true</IsRidAgnostic>
                       <ShouldBeValidatedAsExecutableReference></ShouldBeValidatedAsExecutableReference>
                       <_SelfContainedWasSpecified></_SelfContainedWasSpecified>
                     </TargetFramework>
                   </AdditionalProjectProperties>
                                   HasSingleTargetFramework=true
                                   IsRidAgnostic=true
                                   Platform=AnyCPU
                                   Platforms=AnyCPU
                                   TargetFrameworkMonikers=.NETCoreApp,Version=v10.0
                                   TargetFrameworks=net10.0
                                   TargetPlatformMonikers=None
13:40:41.976     3>已完成在项目“WinFormsApp1.Infrastructure.csproj”中生成目标“GetTargetFrameworks”的操作。: (目标 ID: 61)
13:40:41.976     3>已完成生成项目“F:\C#\WinFormsApp1.WpfRefactor\WinFormsApp1.Infrastructure\WinFormsApp1.Infrastructure.csproj”(GetTargetFrameworks 个目标)的操作。
13:40:43.082     1>已完成执行任务“MSBuild”的操作 - 失败。 (任务 ID: 26)
13:40:43.082     1>已完成在项目“WinFormsApp1.Desktop.csproj”中生成目标“_GetProjectReferenceTargetFrameworkProperties”的操作 - 失败。: (目标 ID: 55)
13:40:43.084     1>已完成生成项目“F:\C#\WinFormsApp1.WpfRefactor\WinFormsApp1.Desktop\WinFormsApp1.Desktop.csproj”(默认目标)的操作 - 失败。

项目评估性能摘要:
       16 毫秒 F:\C#\WinFormsApp1.WpfRefactor\WinFormsApp1.Application\WinFormsApp1.Application.csproj   1 次调用
       25 毫秒 F:\C#\WinFormsApp1.WpfRefactor\WinFormsApp1.Infrastructure\WinFormsApp1.Infrastructure.csproj   1 次调用
      203 毫秒 F:\C#\WinFormsApp1.WpfRefactor\WinFormsApp1.Desktop\WinFormsApp1.Desktop.csproj   1 次调用

项目性能摘要:
        2 毫秒 F:\C#\WinFormsApp1.WpfRefactor\WinFormsApp1.Infrastructure\WinFormsApp1.Infrastructure.csproj   1 次调用
                  2 毫秒 GetTargetFrameworks                        1 次调用
        5 毫秒 F:\C#\WinFormsApp1.WpfRefactor\WinFormsApp1.Application\WinFormsApp1.Application.csproj   1 次调用
                  5 毫秒 GetTargetFrameworks                        1 次调用
     2340 毫秒 F:\C#\WinFormsApp1.WpfRefactor\WinFormsApp1.Desktop\WinFormsApp1.Desktop.csproj   1 次调用

目标性能摘要:
        0 毫秒 GetReferenceAssemblyPaths                  1 次调用
        0 毫秒 ResolvePackageDependenciesForBuild         1 次调用
        0 毫秒 GetFrameworkPaths                          1 次调用
        0 毫秒 ValidateCommandLineProperties              1 次调用
        0 毫秒 BeforeBuild                                1 次调用
        0 毫秒 BeforeResolveReferences                    1 次调用
        0 毫秒 _AddOutputPathToGlobalPropertiesToRemove   1 次调用
        0 毫秒 _CheckForUnsupportedHostingUsage           1 次调用
        0 毫秒 IncludeTransitiveProjectReferences         1 次调用
        0 毫秒 BuildOnlySettings                          1 次调用
        0 毫秒 ResolveLockFileAnalyzers                   1 次调用
        0 毫秒 _WindowsDesktopFrameworkRequiresUseWpfOrUseWindowsForms   1 次调用
        0 毫秒 EnableIntermediateOutputPathMismatchWarning   1 次调用
        0 毫秒 _CheckAndUnsetUnsupportedPrefer32Bit       1 次调用
        0 毫秒 _DefaultMicrosoftNETPlatformLibrary        1 次调用
        0 毫秒 _CheckForInvalidWindowsDesktopTargetingConfiguration   1 次调用
        0 毫秒 _CheckForUnsupportedArtifactsPath          1 次调用
        0 毫秒 _CheckForObsoleteDotNetCliToolReferences   1 次调用
        0 毫秒 _CheckForLanguageAndFeatureCombinationSupport   1 次调用
        0 毫秒 _CheckForUnsupportedCppNETCoreVersion      1 次调用
        0 毫秒 _ComputePackageReferencePublish            1 次调用
        0 毫秒 _CheckRIDAsserts                           1 次调用
        0 毫秒 _CheckForSupportedOSPlatformVersionHigherThanTargetPlatformVersion   1 次调用
        0 毫秒 AddImplicitDefineConstants                 1 次调用
        0 毫秒 _CheckForUnsupportedNETCoreVersion         1 次调用
        0 毫秒 GenerateTargetPlatformDefineConstants      1 次调用
        0 毫秒 _CheckForUnsupportedAppHostUsage           1 次调用
        0 毫秒 IgnoreJavaScriptOutputAssembly             1 次调用
        0 毫秒 _CalculateIsVSTestTestProject              2 次调用
        0 毫秒 _CheckForUnsupportedTargetPlatformIdentifier   1 次调用
        0 毫秒 _SplitProjectReferencesByFileExistence     1 次调用
        0 毫秒 ResolveLockFileCopyLocalFiles              1 次调用
        0 毫秒 GenerateTargetFrameworkDefineConstants     1 次调用
        0 毫秒 CheckForDuplicatePageItems                 1 次调用
        0 毫秒 _CheckForInvalidTargetPlatformVersion      1 次调用
        0 毫秒 GeneratePlatformCompatibleDefineConstants   1 次调用
        0 毫秒 ApplyImplicitVersions                      1 次调用
        1 毫秒 ResolveLockFileReferences                  1 次调用
        1 毫秒 CheckForImplicitPackageReferenceOverrides   1 次调用
        1 毫秒 GenerateNETCompatibleDefineConstants       1 次调用
        1 毫秒 _GetRestoreProjectStyle                    1 次调用
        1 毫秒 AssignProjectConfiguration                 1 次调用
        1 毫秒 UpdateAspNetToFrameworkReference           1 次调用
        1 毫秒 GetTargetFrameworks                        2 次调用
        2 毫秒 CheckForDuplicateItems                     1 次调用
        2 毫秒 PrepareForBuild                            1 次调用
        2 毫秒 ResolvePackageAssets                       1 次调用
        2 毫秒 _CheckForInvalidConfigurationAndPlatform   1 次调用
        3 毫秒 _ComputeToolPackInputsToProcessFrameworkReferences   1 次调用
        3 毫秒 _NormalizeTargetPlatformVersion            1 次调用
        3 毫秒 AddWindowsSdkKnownFrameworkReferences      1 次调用
        4 毫秒 GetTargetFrameworksWithPlatformForSingleTargetFramework   2 次调用
        6 毫秒 CollectPackageReferences                   1 次调用
        8 毫秒 GenerateGlobalUsings                       1 次调用
       13 毫秒 _CollectTargetFrameworkForTelemetry        1 次调用
       42 毫秒 ProcessFrameworkReferences                 1 次调用
     2237 毫秒 _GetProjectReferenceTargetFrameworkProperties   1 次调用

任务性能摘要:
        0 毫秒 CheckForDuplicateFrameworkReferences       1 次调用
        0 毫秒 FindAppConfigFile                          1 次调用
        0 毫秒 ApplyImplicitVersions                      1 次调用
        0 毫秒 JoinItems                                  1 次调用
        0 毫秒 CheckForImplicitPackageReferenceOverrides   1 次调用
        1 毫秒 AssignProjectConfiguration                 1 次调用
        1 毫秒 Message                                    2 次调用
        1 毫秒 CheckForDuplicateNuGetItemsTask            1 次调用
        1 毫秒 CombineXmlElements                         2 次调用
        1 毫秒 GetRestoreProjectStyleTask                 1 次调用
        1 毫秒 CheckIfPackageReferenceShouldBeFrameworkReference   2 次调用
        1 毫秒 MakeDir                                    1 次调用
        2 毫秒 ResolvePackageAssets                       1 次调用
        2 毫秒 CheckForDuplicateItems                     4 次调用
        2 毫秒 WriteLinesToFile                           1 次调用
        3 毫秒 CombineTargetFrameworkInfoProperties       2 次调用
        3 毫秒 AllowEmptyTelemetry                        1 次调用
        3 毫秒 CreateWindowsSdkKnownFrameworkReferences   1 次调用
        5 毫秒 GenerateGlobalUsings                       1 次调用
        7 毫秒 ResolveAppHosts                            1 次调用
       33 毫秒 ProcessFrameworkReferences                 1 次调用
     2235 毫秒 MSBuild                                    1 次调用

生成失败。
    0 个警告
    0 个错误

已用时间 00:00:02.58
